Archive member included to satisfy reference by file (symbol)

/home/lheywang/intelFPGA_lite/18.1/nios2eds/bin/gnu/H-x86_64-pc-linux-gnu/bin/../lib/gcc/nios2-elf/5.3.0/../../../../../H-x86_64-pc-linux-gnu/nios2-elf/lib/libm.a(lib_a-s_floor.o)
                              obj/default/hello_world.o (floor)
/home/lheywang/intelFPGA_lite/18.1/nios2eds/bin/gnu/H-x86_64-pc-linux-gnu/bin/../lib/gcc/nios2-elf/5.3.0/libgcc.a(addsf3.o)
                              obj/default/hello_world.o (__addsf3)
/home/lheywang/intelFPGA_lite/18.1/nios2eds/bin/gnu/H-x86_64-pc-linux-gnu/bin/../lib/gcc/nios2-elf/5.3.0/libgcc.a(divsf3.o)
                              obj/default/hello_world.o (__divsf3)
/home/lheywang/intelFPGA_lite/18.1/nios2eds/bin/gnu/H-x86_64-pc-linux-gnu/bin/../lib/gcc/nios2-elf/5.3.0/libgcc.a(mulsf3.o)
                              obj/default/hello_world.o (__mulsf3)
/home/lheywang/intelFPGA_lite/18.1/nios2eds/bin/gnu/H-x86_64-pc-linux-gnu/bin/../lib/gcc/nios2-elf/5.3.0/libgcc.a(subsf3.o)
                              obj/default/hello_world.o (__subsf3)
/home/lheywang/intelFPGA_lite/18.1/nios2eds/bin/gnu/H-x86_64-pc-linux-gnu/bin/../lib/gcc/nios2-elf/5.3.0/libgcc.a(fixsfsi.o)
                              obj/default/hello_world.o (__fixsfsi)
/home/lheywang/intelFPGA_lite/18.1/nios2eds/bin/gnu/H-x86_64-pc-linux-gnu/bin/../lib/gcc/nios2-elf/5.3.0/libgcc.a(floatsisf.o)
                              obj/default/hello_world.o (__floatsisf)
/home/lheywang/intelFPGA_lite/18.1/nios2eds/bin/gnu/H-x86_64-pc-linux-gnu/bin/../lib/gcc/nios2-elf/5.3.0/libgcc.a(adddf3.o)
                              /home/lheywang/intelFPGA_lite/18.1/nios2eds/bin/gnu/H-x86_64-pc-linux-gnu/bin/../lib/gcc/nios2-elf/5.3.0/../../../../../H-x86_64-pc-linux-gnu/nios2-elf/lib/libm.a(lib_a-s_floor.o) (__adddf3)
/home/lheywang/intelFPGA_lite/18.1/nios2eds/bin/gnu/H-x86_64-pc-linux-gnu/bin/../lib/gcc/nios2-elf/5.3.0/libgcc.a(gedf2.o)
                              /home/lheywang/intelFPGA_lite/18.1/nios2eds/bin/gnu/H-x86_64-pc-linux-gnu/bin/../lib/gcc/nios2-elf/5.3.0/../../../../../H-x86_64-pc-linux-gnu/nios2-elf/lib/libm.a(lib_a-s_floor.o) (__gtdf2)
/home/lheywang/intelFPGA_lite/18.1/nios2eds/bin/gnu/H-x86_64-pc-linux-gnu/bin/../lib/gcc/nios2-elf/5.3.0/libgcc.a(fixdfsi.o)
                              obj/default/hello_world.o (__fixdfsi)
/home/lheywang/intelFPGA_lite/18.1/nios2eds/bin/gnu/H-x86_64-pc-linux-gnu/bin/../lib/gcc/nios2-elf/5.3.0/libgcc.a(extendsfdf2.o)
                              obj/default/hello_world.o (__extendsfdf2)
/home/lheywang/intelFPGA_lite/18.1/nios2eds/bin/gnu/H-x86_64-pc-linux-gnu/bin/../lib/gcc/nios2-elf/5.3.0/libgcc.a(_clzsi2.o)
                              /home/lheywang/intelFPGA_lite/18.1/nios2eds/bin/gnu/H-x86_64-pc-linux-gnu/bin/../lib/gcc/nios2-elf/5.3.0/libgcc.a(addsf3.o) (__clzsi2)
/home/lheywang/intelFPGA_lite/18.1/nios2eds/bin/gnu/H-x86_64-pc-linux-gnu/bin/../lib/gcc/nios2-elf/5.3.0/libgcc.a(_clz.o)
                              /home/lheywang/intelFPGA_lite/18.1/nios2eds/bin/gnu/H-x86_64-pc-linux-gnu/bin/../lib/gcc/nios2-elf/5.3.0/libgcc.a(_clzsi2.o) (__clz_tab)
/home/lheywang/intelFPGA_lite/18.1/nios2eds/bin/gnu/H-x86_64-pc-linux-gnu/bin/../lib/gcc/nios2-elf/5.3.0/../../../../../H-x86_64-pc-linux-gnu/nios2-elf/lib/libsmallc.a(lib_a-printf.o)
                              obj/default/hello_world.o (printf)
/home/lheywang/intelFPGA_lite/18.1/nios2eds/bin/gnu/H-x86_64-pc-linux-gnu/bin/../lib/gcc/nios2-elf/5.3.0/../../../../../H-x86_64-pc-linux-gnu/nios2-elf/lib/libsmallc.a(lib_a-puts.o)
                              obj/default/hello_world.o (puts)
/home/lheywang/intelFPGA_lite/18.1/nios2eds/bin/gnu/H-x86_64-pc-linux-gnu/bin/../lib/gcc/nios2-elf/5.3.0/../../../../../H-x86_64-pc-linux-gnu/nios2-elf/lib/libsmallc.a(lib_a-sprintf.o)
                              obj/default/hello_world.o (sprintf)
/home/lheywang/intelFPGA_lite/18.1/nios2eds/bin/gnu/H-x86_64-pc-linux-gnu/bin/../lib/gcc/nios2-elf/5.3.0/../../../../../H-x86_64-pc-linux-gnu/nios2-elf/lib/libsmallc.a(lib_a-strlen.o)
                              /home/lheywang/intelFPGA_lite/18.1/nios2eds/bin/gnu/H-x86_64-pc-linux-gnu/bin/../lib/gcc/nios2-elf/5.3.0/../../../../../H-x86_64-pc-linux-gnu/nios2-elf/lib/libsmallc.a(lib_a-puts.o) (strlen)
/home/lheywang/intelFPGA_lite/18.1/nios2eds/bin/gnu/H-x86_64-pc-linux-gnu/bin/../lib/gcc/nios2-elf/5.3.0/../../../../../H-x86_64-pc-linux-gnu/nios2-elf/lib/libsmallc.a(lib_a-svfprintf.o)
                              /home/lheywang/intelFPGA_lite/18.1/nios2eds/bin/gnu/H-x86_64-pc-linux-gnu/bin/../lib/gcc/nios2-elf/5.3.0/../../../../../H-x86_64-pc-linux-gnu/nios2-elf/lib/libsmallc.a(lib_a-sprintf.o) (___svfprintf_internal_r)
/home/lheywang/intelFPGA_lite/18.1/nios2eds/bin/gnu/H-x86_64-pc-linux-gnu/bin/../lib/gcc/nios2-elf/5.3.0/../../../../../H-x86_64-pc-linux-gnu/nios2-elf/lib/libsmallc.a(lib_a-vfprintf.o)
[...]
Memory Configuration

Name             Origin             Length             Attributes
reset            0x0000000000020000 0x0000000000000020
MEMOIRE_ONCHIP   0x0000000000020020 0x000000000001dfe0
*default*        0x0000000000000000 0xffffffffffffffff

Linker script and memory map

LOAD ../tutorial_soft_bsp//obj/HAL/src/crt0.o
LOAD obj/default/hello_world.o
LOAD obj/default/hex/hex.o
LOAD /home/lheywang/intelFPGA_lite/18.1/nios2eds/bin/gnu/H-x86_64-pc-linux-gnu/bin/../lib/gcc/nios2-elf/5.3.0/../../../../../H-x86_64-pc-linux-gnu/nios2-elf/lib/libstdc++.a
LOAD /home/lheywang/intelFPGA_lite/18.1/nios2eds/bin/gnu/H-x86_64-pc-linux-gnu/bin/../lib/gcc/nios2-elf/5.3.0/../../../../../H-x86_64-pc-linux-gnu/nios2-elf/lib/libm.a
LOAD /home/lheywang/intelFPGA_lite/18.1/nios2eds/bin/gnu/H-x86_64-pc-linux-gnu/bin/../lib/gcc/nios2-elf/5.3.0/libgcc.a
START GROUP
LOAD /home/lheywang/intelFPGA_lite/18.1/nios2eds/bin/gnu/H-x86_64-pc-linux-gnu/bin/../lib/gcc/nios2-elf/5.3.0/../../../../../H-x86_64-pc-linux-gnu/nios2-elf/lib/libsmallc.a
LOAD /home/lheywang/intelFPGA_lite/18.1/nios2eds/bin/gnu/H-x86_64-pc-linux-gnu/bin/../lib/gcc/nios2-elf/5.3.0/libgcc.a
LOAD ../tutorial_soft_bsp//libhal_bsp.a
LOAD /home/lheywang/intelFPGA_lite/18.1/nios2eds/bin/gnu/H-x86_64-pc-linux-gnu/bin/../lib/gcc/nios2-elf/5.3.0/../../../../../H-x86_64-pc-linux-gnu/nios2-elf/lib/libm.a
END GROUP
LOAD /home/lheywang/intelFPGA_lite/18.1/nios2eds/bin/gnu/H-x86_64-pc-linux-gnu/bin/../lib/gcc/nios2-elf/5.3.0/libgcc.a
                0x0000000000020000                __alt_mem_MEMOIRE_ONCHIP = 0x20000

.entry          0x0000000000020000       0x20
 *(.entry)
 .entry         0x0000000000020000       0x20 ../tutorial_soft_bsp//obj/HAL/src/crt0.o
                0x0000000000020000                __reset

.exceptions     0x0000000000020020      0x224
                0x0000000000020020                PROVIDE (__ram_exceptions_start, ABSOLUTE (.))
                0x0000000000020020                . = ALIGN (0x20)
 *(.irq)
 *(.exceptions.entry.label)
 .exceptions.entry.label
                0x0000000000020020        0x0 ../tutorial_soft_bsp//libhal_bsp.a(alt_irq_entry.o)
                0x0000000000020020                alt_irq_entry
 .exceptions.entry.label
                0x0000000000020020        0x0 ../tutorial_soft_bsp//libhal_bsp.a(alt_exception_entry.o)
                0x0000000000020020                alt_exception
 *(.exceptions.entry.user)
 *(.exceptions.entry.ecc_fatal)
 *(.exceptions.entry)
 .exceptions.entry
                0x0000000000020020       0x54 ../tutorial_soft_bsp//libhal_bsp.a(alt_exception_entry.o)
 *(.exceptions.irqtest.user)
 *(.exceptions.irqtest)
 .exceptions.irqtest
                0x0000000000020074       0x10 ../tutorial_soft_bsp//libhal_bsp.a(alt_irq_entry.o)
 *(.exceptions.irqhandler.user)
 *(.exceptions.irqhandler)
 .exceptions.irqhandler
                0x0000000000020084        0x4 ../tutorial_soft_bsp//libhal_bsp.a(alt_irq_entry.o)
 *(.exceptions.irqreturn.user)
 *(.exceptions.irqreturn)
 .exceptions.irqreturn
                0x0000000000020088        0x4 ../tutorial_soft_bsp//libhal_bsp.a(alt_irq_entry.o)
 *(.exceptions.notirq.label)
 .exceptions.notirq.label
                0x000000000002008c        0x0 ../tutorial_soft_bsp//libhal_bsp.a(alt_irq_entry.o)
 *(.exceptions.notirq.user)
 *(.exceptions.notirq)
 .exceptions.notirq
                0x000000000002008c        0x8 ../tutorial_soft_bsp//libhal_bsp.a(alt_exception_entry.o)
 *(.exceptions.soft.user)
 *(.exceptions.soft)
 *(.exceptions.unknown.user)
 *(.exceptions.unknown)
 .exceptions.unknown
                0x0000000000020094       0x14 ../tutorial_soft_bsp//libhal_bsp.a(alt_exception_entry.o)
 *(.exceptions.exit.label)
 .exceptions.exit.label
                0x00000000000200a8        0x0 ../tutorial_soft_bsp//libhal_bsp.a(alt_irq_entry.o)
 .exceptions.exit.label
                0x00000000000200a8        0x0 ../tutorial_soft_bsp//libhal_bsp.a(alt_exception_entry.o)
 *(.exceptions.exit.user)
 *(.exceptions.exit)
 .exceptions.exit
                0x00000000000200a8       0x54 ../tutorial_soft_bsp//libhal_bsp.a(alt_exception_entry.o)
 *(.exceptions)
 .exceptions    0x00000000000200fc       0xd4 ../tutorial_soft_bsp//libhal_bsp.a(alt_irq_handler.o)
                0x00000000000200fc                alt_irq_handler
 .exceptions    0x00000000000201d0       0x74 ../tutorial_soft_bsp//libhal_bsp.a(alt_instruction_exception_entry.o)
                0x00000000000201d0                alt_instruction_exception_entry
                0x0000000000020244                PROVIDE (__ram_exceptions_end, ABSOLUTE (.))
                0x0000000000020020                PROVIDE (__flash_exceptions_start, LOADADDR (.exceptions))

.text           0x0000000000020244     0x53b4
                [!provide]                        PROVIDE (stext, ABSOLUTE (.))
 *(.interp)
 *(.hash)
 *(.dynsym)
 *(.dynstr)
 *(.gnu.version)
 *(.gnu.version_d)
 *(.gnu.version_r)
 *(.rel.init)
 *(.rela.init)
 *(.rel.text .rel.text.* .rel.gnu.linkonce.t.*)
 *(.rela.text .rela.text.* .rela.gnu.linkonce.t.*)
 *(.rel.fini)
 *(.rela.fini)
 *(.rel.rodata .rel.rodata.* .rel.gnu.linkonce.r.*)
 *(.rela.rodata .rela.rodata.* .rela.gnu.linkonce.r.*)
 *(.rel.data .rel.data.* .rel.gnu.linkonce.d.*)
 *(.rela.data .rela.data.* .rela.gnu.linkonce.d.*)
 *(.rel.tdata .rel.tdata.* .rel.gnu.linkonce.td.*)
 *(.rela.tdata .rela.tdata.* .rela.gnu.linkonce.td.*)
 *(.rel.tbss .rel.tbss.* .rel.gnu.linkonce.tb.*)
 *(.rela.tbss .rela.tbss.* .rela.gnu.linkonce.tb.*)
 *(.rel.ctors)
 *(.rela.ctors)
 *(.rel.dtors)
 *(.rela.dtors)
 *(.rel.got)
 *(.rela.got)
 *(.rel.sdata .rel.sdata.* .rel.gnu.linkonce.s.*)
 *(.rela.sdata .rela.sdata.* .rela.gnu.linkonce.s.*)
 *(.rel.sbss .rel.sbss.* .rel.gnu.linkonce.sb.*)
 *(.rela.sbss .rela.sbss.* .rela.gnu.linkonce.sb.*)
 *(.rel.sdata2 .rel.sdata2.* .rel.gnu.linkonce.s2.*)
 *(.rela.sdata2 .rela.sdata2.* .rela.gnu.linkonce.s2.*)
 *(.rel.sbss2 .rel.sbss2.* .rel.gnu.linkonce.sb2.*)
 *(.rela.sbss2 .rela.sbss2.* .rela.gnu.linkonce.sb2.*)
 *(.rel.bss .rel.bss.* .rel.gnu.linkonce.b.*)
 *(.rela.bss .rela.bss.* .rela.gnu.linkonce.b.*)
 *(.rel.plt)
 *(.rela.plt)
 *(.rel.dyn)
 *(.init)
 *(.plt)
 *(.text .stub .text.* .gnu.linkonce.t.*)
 .text          0x0000000000020244       0x3c ../tutorial_soft_bsp//obj/HAL/src/crt0.o
                0x0000000000020244                _start
 .text          0x0000000000020280      0x618 obj/default/hello_world.o
                0x00000000000202b4                main
 .text          0x0000000000020898      0x480 obj/default/hex/hex.o
                0x0000000000020898                char27seg
                0x0000000000020b08                hex_display
 .text          0x0000000000020d18        0x0 /home/lheywang/intelFPGA_lite/18.1/nios2eds/bin/gnu/H-x86_64-pc-linux-gnu/bin/../lib/gcc/nios2-elf/5.3.0/../../../../../H-x86_64-pc-linux-gnu/nios2-elf/lib/libm.a(lib_a-s_floor.o)
 .text.floor    0x0000000000020d18      0x1ec /home/lheywang/intelFPGA_lite/18.1/nios2eds/bin/gnu/H-x86_64-pc-linux-gnu/bin/../lib/gcc/nios2-elf/5.3.0/../../../../../H-x86_64-pc-linux-gnu/nios2-elf/lib/libm.a(lib_a-s_floor.o)
                0x0000000000020d18                floor
 .text          0x0000000000020f04      0x4c8 /home/lheywang/intelFPGA_lite/18.1/nios2eds/bin/gnu/H-x86_64-pc-linux-gnu/bin/../lib/gcc/nios2-elf/5.3.0/libgcc.a(addsf3.o)
                0x0000000000020f04                __addsf3
 .text          0x00000000000213cc      0x440 /home/lheywang/intelFPGA_lite/18.1/nios2eds/bin/gnu/H-x86_64-pc-linux-gnu/bin/../lib/gcc/nios2-elf/5.3.0/libgcc.a(divsf3.o)
                0x00000000000213cc                __divsf3
 .text          0x000000000002180c      0x3fc /home/lheywang/intelFPGA_lite/18.1/nios2eds/bin/gnu/H-x86_64-pc-linux-gnu/bin/../lib/gcc/nios2-elf/5.3.0/libgcc.a(mulsf3.o)
                0x000000000002180c                __mulsf3
 .text          0x0000000000021c08      0x4e4 /home/lheywang/intelFPGA_lite/18.1/nios2eds/bin/gnu/H-x86_64-pc-linux-gnu/bin/../lib/gcc/nios2-elf/5.3.0/libgcc.a(subsf3.o)
                0x0000000000021c08                __subsf3
 .text          0x00000000000220ec       0x70 /home/lheywang/intelFPGA_lite/18.1/nios2eds/bin/gnu/H-x86_64-pc-linux-gnu/bin/../lib/gcc/nios2-elf/5.3.0/libgcc.a(fixsfsi.o)
                0x00000000000220ec                __fixsfsi
 .text          0x000000000002215c      0x124 /home/lheywang/intelFPGA_lite/18.1/nios2eds/bin/gnu/H-x86_64-pc-linux-gnu/bin/../lib/gcc/nios2-elf/5.3.0/libgcc.a(floatsisf.o)
                0x000000000002215c                __floatsisf
 .text          0x0000000000022280      0x8ac /home/lheywang/intelFPGA_lite/18.1/nios2eds/bin/gnu/H-x86_64-pc-linux-gnu/bin/../lib/gcc/nios2-elf/5.3.0/libgcc.a(adddf3.o)
                0x0000000000022280                __adddf3
 .text          0x0000000000022b2c       0xdc /home/lheywang/intelFPGA_lite/18.1/nios2eds/bin/gnu/H-x86_64-pc-linux-gnu/bin/../lib/gcc/nios2-elf/5.3.0/libgcc.a(gedf2.o)
                0x0000000000022b2c                __gtdf2
                0x0000000000022b2c                __gedf2
 .text          0x0000000000022c08       0x80 /home/lheywang/intelFPGA_lite/18.1/nios2eds/bin/gnu/H-x86_64-pc-linux-gnu/bin/../lib/gcc/nios2-elf/5.3.0/libgcc.a(fixdfsi.o)
                0x0000000000022c08                __fixdfsi
 .text          0x0000000000022c88      0x110 /home/lheywang/intelFPGA_lite/18.1/nios2eds/bin/gnu/H-x86_64-pc-linux-gnu/bin/../lib/gcc/nios2-elf/5.3.0/libgcc.a(extendsfdf2.o)
                0x0000000000022c88                __extendsfdf2
 .text          0x0000000000022d98       0x64 /home/lheywang/intelFPGA_lite/18.1/nios2eds/bin/gnu/H-x86_64-pc-linux-gnu/bin/../lib/gcc/nios2-elf/5.3.0/libgcc.a(_clzsi2.o)
                0x0000000000022d98                __clzsi2
 .text          0x0000000000022dfc        0x0 /home/lheywang/intelFPGA_lite/18.1/nios2eds/bin/gnu/H-x86_64-pc-linux-gnu/bin/../lib/gcc/nios2-elf/5.3.0/libgcc.a(_clz.o)
 .text          0x0000000000022dfc        0x0 /home/lheywang/intelFPGA_lite/18.1/nios2eds/bin/gnu/H-x86_64-pc-linux-gnu/bin/../lib/gcc/nios2-elf/5.3.0/../../../../../H-x86_64-pc-linux-gnu/nios2-elf/lib/libsmallc.a(lib_a-printf.o)
 .text._printf_r
                0x0000000000022dfc       0x3c /home/lheywang/intelFPGA_lite/18.1/nios2eds/bin/gnu/H-x86_64-pc-linux-gnu/bin/../lib/gcc/nios2-elf/5.3.0/../../../../../H-x86_64-pc-linux-gnu/nios2-elf/lib/libsmallc.a(lib_a-printf.o)
                0x0000000000022dfc                _printf_r
 .text.printf   0x0000000000022e38       0x4c /home/lheywang/intelFPGA_lite/18.1/nios2eds/bin/gnu/H-x86_64-pc-linux-gnu/bin/../lib/gcc/nios2-elf/5.3.0/../../../../../H-x86_64-pc-linux-gnu/nios2-elf/lib/libsmallc.a(lib_a-printf.o)
                0x0000000000022e38                printf
 .text          0x0000000000022e84        0x0 /home/lheywang/intelFPGA_lite/18.1/nios2eds/bin/gnu/H-x86_64-pc-linux-gnu/bin/../lib/gcc/nios2-elf/5.3.0/../../../../../H-x86_64-pc-linux-gnu/nios2-elf/lib/libsmallc.a(lib_a-puts.o)
 .text._puts_r  0x0000000000022e84       0x80 /home/lheywang/intelFPGA_lite/18.1/nios2eds/bin/gnu/H-x86_64-pc-linux-gnu/bin/../lib/gcc/nios2-elf/5.3.0/../../../../../H-x86_64-pc-linux-gnu/nios2-elf/lib/libsmallc.a(lib_a-puts.o)
                0x0000000000022e84                _puts_r
 .text.puts     0x0000000000022f04       0x14 /home/lheywang/intelFPGA_lite/18.1/nios2eds/bin/gnu/H-x86_64-pc-linux-gnu/bin/../lib/gcc/nios2-elf/5.3.0/../../../../../H-x86_64-pc-linux-gnu/nios2-elf/lib/libsmallc.a(lib_a-puts.o)
                0x0000000000022f04                puts
 .text          0x0000000000022f18        0x0 /home/lheywang/intelFPGA_lite/18.1/nios2eds/bin/gnu/H-x86_64-pc-linux-gnu/bin/../lib/gcc/nios2-elf/5.3.0/../../../../../H-x86_64-pc-linux-gnu/nios2-elf/lib/libsmallc.a(lib_a-sprintf.o)
 .text._sprintf_r
                0x0000000000022f18       0x64 /home/lheywang/intelFPGA_lite/18.1/nios2eds/bin/gnu/H-x86_64-pc-linux-gnu/bin/../lib/gcc/nios2-elf/5.3.0/../../../../../H-x86_64-pc-linux-gnu/nios2-elf/lib/libsmallc.a(lib_a-sprintf.o)
                0x0000000000022f18                _sprintf_r
 .text.sprintf  0x0000000000022f7c       0x78 /home/lheywang/intelFPGA_lite/18.1/nios2eds/bin/gnu/H-x86_64-pc-linux-gnu/bin/../lib/gcc/nios2-elf/5.3.0/../../../../../H-x86_64-pc-linux-gnu/nios2-elf/lib/libsmallc.a(lib_a-sprintf.o)
                0x0000000000022f7c                sprintf
 .text          0x0000000000022ff4        0x0 /home/lheywang/intelFPGA_lite/18.1/nios2eds/bin/gnu/H-x86_64-pc-linux-gnu/bin/../lib/gcc/nios2-elf/5.3.0/../../../../../H-x86_64-pc-linux-gnu/nios2-elf/lib/libsmallc.a(lib_a-strlen.o)
 .text.strlen   0x0000000000022ff4       0x1c /home/lheywang/intelFPGA_lite/18.1/nios2eds/bin/gnu/H-x86_64-pc-linux-gnu/bin/../lib/gcc/nios2-elf/5.3.0/../../../../../H-x86_64-pc-linux-gnu/nios2-elf/lib/libsmallc.a(lib_a-strlen.o)
                0x0000000000022ff4                strlen
 .text          0x0000000000023010        0x0 /home/lheywang/intelFPGA_lite/18.1/nios2eds/bin/gnu/H-x86_64-pc-linux-gnu/bin/../lib/gcc/nios2-elf/5.3.0/../../../../../H-x86_64-pc-linux-gnu/nios2-elf/lib/libsmallc.a(lib_a-svfprintf.o)
 .text.print_repeat
                0x0000000000023010       0x6c /home/lheywang/intelFPGA_lite/18.1/nios2eds/bin/gnu/H-x86_64-pc-linux-gnu/bin/../lib/gcc/nios2-elf/5.3.0/../../../../../H-x86_64-pc-linux-gnu/nios2-elf/lib/libsmallc.a(lib_a-svfprintf.o)
 .text.___svfprintf_internal_r
                0x000000000002307c      0x524 /home/lheywang/intelFPGA_lite/18.1/nios2eds/bin/gnu/H-x86_64-pc-linux-gnu/bin/../lib/gcc/nios2-elf/5.3.0/../../../../../H-x86_64-pc-linux-gnu/nios2-elf/lib/libsmallc.a(lib_a-svfprintf.o)
                0x000000000002307c                ___svfprintf_internal_r
 .text.__vfprintf_internal_unused
                0x00000000000235a0       0x1c /home/lheywang/intelFPGA_lite/18.1/nios2eds/bin/gnu/H-x86_64-pc-linux-gnu/bin/../lib/gcc/nios2-elf/5.3.0/../../../../../H-x86_64-pc-linux-gnu/nios2-elf/lib/libsmallc.a(lib_a-svfprintf.o)
                0x00000000000235a0                __vfprintf_internal_unused
 .text          0x00000000000235bc        0x0 /home/lheywang/intelFPGA_lite/18.1/nios2eds/bin/gnu/H-x86_64-pc-linux-gnu/bin/../lib/gcc/nios2-elf/5.3.0/../../../../../H-x86_64-pc-linux-gnu/nios2-elf/lib/libsmallc.a(lib_a-vfprintf.o)
 .text.print_repeat
                0x00000000000235bc       0x6c /home/lheywang/intelFPGA_lite/18.1/nios2eds/bin/gnu/H-x86_64-pc-linux-gnu/bin/../lib/gcc/nios2-elf/5.3.0/../../../../../H-x86_64-pc-linux-gnu/nios2-elf/lib/libsmallc.a(lib_a-vfprintf.o)
 .text.___vfprintf_internal_r
                0x0000000000023628      0x524 /home/lheywang/intelFPGA_lite/18.1/nios2eds/bin/gnu/H-x86_64-pc-linux-gnu/bin/../lib/gcc/nios2-elf/5.3.0/../../../../../H-x86_64-pc-linux-gnu/nios2-elf/lib/libsmallc.a(lib_a-vfprintf.o)
                0x0000000000023628                ___vfprintf_internal_r
 .text.__vfprintf_internal
                0x0000000000023b4c       0x1c /home/lheywang/intelFPGA_lite/18.1/nios2eds/bin/gnu/H-x86_64-pc-linux-gnu/bin/../lib/gcc/nios2-elf/5.3.0/../../../../../H-x86_64-pc-linux-gnu/nios2-elf/lib/libsmallc.a(lib_a-vfprintf.o)
                0x0000000000023b4c                __vfprintf_internal
 .text          0x0000000000023b68        0x0 /home/lheywang/intelFPGA_lite/18.1/nios2eds/bin/gnu/H-x86_64-pc-linux-gnu/bin/../lib/gcc/nios2-elf/5.3.0/../../../../../H-x86_64-pc-linux-gnu/nios2-elf/lib/libsmallc.a(lib_a-fvwrite_small_dev.o)
 .text.__sfvwrite_small_dev
                0x0000000000023b68       0xb8 /home/lheywang/intelFPGA_lite/18.1/nios2eds/bin/gnu/H-x86_64-pc-linux-gnu/bin/../lib/gcc/nios2-elf/5.3.0/../../../../../H-x86_64-pc-linux-gnu/nios2-elf/lib/libsmallc.a(lib_a-fvwrite_small_dev.o)
                0x0000000000023b68                __sfvwrite_small_dev
 .text          0x0000000000023c20        0x0 /home/lheywang/intelFPGA_lite/18.1/nios2eds/bin/gnu/H-x86_64-pc-linux-gnu/bin/../lib/gcc/nios2-elf/5.3.0/../../../../../H-x86_64-pc-linux-gnu/nios2-elf/lib/libsmallc.a(lib_a-fvwrite_small_str.o)
 .text.__sfvwrite_small_str
                0x0000000000023c20       0xa8 /home/lheywang/intelFPGA_lite/18.1/nios2eds/bin/gnu/H-x86_64-pc-linux-gnu/bin/../lib/gcc/nios2-elf/5.3.0/../../../../../H-x86_64-pc-linux-gnu/nios2-elf/lib/libsmallc.a(lib_a-fvwrite_small_str.o)
                0x0000000000023c20                __sfvwrite_small_str
 .text          0x0000000000023cc8        0x0 /home/lheywang/intelFPGA_lite/18.1/nios2eds/bin/gnu/H-x86_64-pc-linux-gnu/bin/../lib/gcc/nios2-elf/5.3.0/../../../../../H-x86_64-pc-linux-gnu/nios2-elf/lib/libsmallc.a(lib_a-impure.o)
 .text          0x0000000000023cc8        0x0 /home/lheywang/intelFPGA_lite/18.1/nios2eds/bin/gnu/H-x86_64-pc-linux-gnu/bin/../lib/gcc/nios2-elf/5.3.0/../../../../../H-x86_64-pc-linux-gnu/nios2-elf/lib/libsmallc.a(lib_a-memmove.o)
 .text.memmove  0x0000000000023cc8       0x60 /home/lheywang/intelFPGA_lite/18.1/nios2eds/bin/gnu/H-x86_64-pc-linux-gnu/bin/../lib/gcc/nios2-elf/5.3.0/../../../../../H-x86_64-pc-linux-gnu/nios2-elf/lib/libsmallc.a(lib_a-memmove.o)
                0x0000000000023cc8                memmove
 .text          0x0000000000023d28        0x0 /home/lheywang/intelFPGA_lite/18.1/nios2eds/bin/gnu/H-x86_64-pc-linux-gnu/bin/../lib/gcc/nios2-elf/5.3.0/../../../../../H-x86_64-pc-linux-gnu/nios2-elf/lib/libsmallc.a(lib_a-writer.o)
 .text._write_r
                0x0000000000023d28       0x58 /home/lheywang/intelFPGA_lite/18.1/nios2eds/bin/gnu/H-x86_64-pc-linux-gnu/bin/../lib/gcc/nios2-elf/5.3.0/../../../../../H-x86_64-pc-linux-gnu/nios2-elf/lib/libsmallc.a(lib_a-writer.o)
                0x0000000000023d28                _write_r
 .text          0x0000000000023d80        0x0 /home/lheywang/intelFPGA_lite/18.1/nios2eds/bin/gnu/H-x86_64-pc-linux-gnu/bin/../lib/gcc/nios2-elf/5.3.0/../../../../../H-x86_64-pc-linux-gnu/nios2-elf/lib/libsmallc.a(lib_a-int_errno.o)
 .text          0x0000000000023d80      0x1b4 /home/lheywang/intelFPGA_lite/18.1/nios2eds/bin/gnu/H-x86_64-pc-linux-gnu/bin/../lib/gcc/nios2-elf/5.3.0/libgcc.a(lib2-divmod.o)
                0x0000000000023d80                __divsi3
                0x0000000000023e04                __modsi3
                0x0000000000023e78                __udivsi3
                0x0000000000023edc                __umodsi3
 .text          0x0000000000023f34       0xec ../tutorial_soft_bsp//libhal_bsp.a(alt_load.o)
                0x0000000000023f9c                alt_load
 .text          0x0000000000024020       0x6c ../tutorial_soft_bsp//libhal_bsp.a(alt_main.o)
                0x0000000000024020                alt_main
 .text          0x000000000002408c      0x134 ../tutorial_soft_bsp//libhal_bsp.a(alt_write.o)
                0x00000000000240c8                write
 .text          0x00000000000241c0       0xbc ../tutorial_soft_bsp//libhal_bsp.a(alt_sys_init.o)
                0x00000000000241f4                alt_irq_init
                0x000000000002422c                alt_sys_init
 .text          0x000000000002427c       0xc0 ../tutorial_soft_bsp//libhal_bsp.a(altera_avalon_jtag_uart_fd.o)
                0x000000000002427c                altera_avalon_jtag_uart_read_fd
                0x00000000000242dc                altera_avalon_jtag_uart_write_fd
 .text          0x000000000002433c       0xec ../tutorial_soft_bsp//libhal_bsp.a(altera_avalon_jtag_uart_read.o)
                0x000000000002433c                altera_avalon_jtag_uart_read
 .text          0x0000000000024428       0x94 ../tutorial_soft_bsp//libhal_bsp.a(altera_avalon_jtag_uart_write.o)
                0x0000000000024428                altera_avalon_jtag_uart_write
 .text          0x00000000000244bc       0xf4 ../tutorial_soft_bsp//libhal_bsp.a(altera_avalon_timer_sc.o)
                0x0000000000024534                alt_avalon_timer_sc_init
 .text          0x00000000000245b0      0x10c ../tutorial_soft_bsp//libhal_bsp.a(alt_close.o)
                0x00000000000245ec                close
 .text          0x00000000000246bc       0x20 ../tutorial_soft_bsp//libhal_bsp.a(alt_dcache_flush_all.o)
                0x00000000000246bc                alt_dcache_flush_all
 .text          0x00000000000246dc       0x2c ../tutorial_soft_bsp//libhal_bsp.a(alt_dev.o)
 .text          0x0000000000024708       0xe0 ../tutorial_soft_bsp//libhal_bsp.a(alt_dev_llist_insert.o)
                0x0000000000024744                alt_dev_llist_insert
 .text          0x00000000000247e8        0x0 ../tutorial_soft_bsp//libhal_bsp.a(alt_errno.o)
 .text          0x00000000000247e8       0x34 ../tutorial_soft_bsp//libhal_bsp.a(alt_icache_flush_all.o)
                0x00000000000247e8                alt_icache_flush_all
 .text          0x000000000002481c      0x1b0 ../tutorial_soft_bsp//libhal_bsp.a(alt_iic.o)
                0x000000000002481c                alt_ic_isr_register
                0x000000000002486c                alt_ic_irq_enable
                0x00000000000248f4                alt_ic_irq_disable
                0x0000000000024980                alt_ic_irq_enabled
 .text          0x00000000000249cc       0xf0 ../tutorial_soft_bsp//libhal_bsp.a(alt_iic_isr_register.o)
                0x00000000000249cc                alt_iic_isr_register
 .text          0x0000000000024abc      0x140 ../tutorial_soft_bsp//libhal_bsp.a(alt_io_redirect.o)
                0x0000000000024b80                alt_io_redirect
 .text          0x0000000000024bfc        0x0 ../tutorial_soft_bsp//libhal_bsp.a(alt_irq_entry.o)
 .text          0x0000000000024bfc        0x0 ../tutorial_soft_bsp//libhal_bsp.a(alt_irq_handler.o)
 .text          0x0000000000024bfc        0x0 ../tutorial_soft_bsp//libhal_bsp.a(alt_irq_vars.o)
 .text          0x0000000000024bfc      0x254 ../tutorial_soft_bsp//libhal_bsp.a(alt_open.o)
                0x0000000000024cfc                open
 .text          0x0000000000024e50       0x64 ../tutorial_soft_bsp//libhal_bsp.a(alt_release_fd.o)
                0x0000000000024e50                alt_release_fd
 .text          0x0000000000024eb4      0x1a4 ../tutorial_soft_bsp//libhal_bsp.a(alt_tick.o)
                0x0000000000024eb4                alt_alarm_stop
                0x0000000000024f50                alt_tick
 .text          0x0000000000025058       0x24 ../tutorial_soft_bsp//libhal_bsp.a(altera_nios2_gen2_irq.o)
                0x0000000000025058                altera_nios2_gen2_irq_init
 .text          0x000000000002507c        0x0 ../tutorial_soft_bsp//libhal_bsp.a(alt_exception_entry.o)
 .text          0x000000000002507c       0x90 ../tutorial_soft_bsp//libhal_bsp.a(alt_find_dev.o)
                0x000000000002507c                alt_find_dev
 .text          0x000000000002510c      0x108 ../tutorial_soft_bsp//libhal_bsp.a(alt_find_file.o)
                0x000000000002510c                alt_find_file
 .text          0x0000000000025214       0xa4 ../tutorial_soft_bsp//libhal_bsp.a(alt_get_fd.o)
                0x0000000000025214                alt_get_fd
 .text          0x00000000000252b8       0x90 ../tutorial_soft_bsp//libhal_bsp.a(alt_icache_flush.o)
                0x00000000000252b8                alt_icache_flush
 .text          0x0000000000025348       0x9c ../tutorial_soft_bsp//libhal_bsp.a(alt_instruction_exception_entry.o)
                0x0000000000025348                alt_exception_cause_generated_bad_addr
 .text          0x00000000000253e4        0x0 /home/lheywang/intelFPGA_lite/18.1/nios2eds/bin/gnu/H-x86_64-pc-linux-gnu/bin/../lib/gcc/nios2-elf/5.3.0/../../../../../H-x86_64-pc-linux-gnu/nios2-elf/lib/libsmallc.a(lib_a-exit.o)
 .text.exit     0x00000000000253e4       0x20 /home/lheywang/intelFPGA_lite/18.1/nios2eds/bin/gnu/H-x86_64-pc-linux-gnu/bin/../lib/gcc/nios2-elf/5.3.0/../../../../../H-x86_64-pc-linux-gnu/nios2-elf/lib/libsmallc.a(lib_a-exit.o)
                0x00000000000253e4                exit
 .text          0x0000000000025404        0x0 /home/lheywang/intelFPGA_lite/18.1/nios2eds/bin/gnu/H-x86_64-pc-linux-gnu/bin/../lib/gcc/nios2-elf/5.3.0/../../../../../H-x86_64-pc-linux-gnu/nios2-elf/lib/libsmallc.a(lib_a-memcmp.o)
 .text.memcmp   0x0000000000025404       0x30 /home/lheywang/intelFPGA_lite/18.1/nios2eds/bin/gnu/H-x86_64-pc-linux-gnu/bin/../lib/gcc/nios2-elf/5.3.0/../../../../../H-x86_64-pc-linux-gnu/nios2-elf/lib/libsmallc.a(lib_a-memcmp.o)
                0x0000000000025404                memcmp
 .text          0x0000000000025434        0x0 /home/lheywang/intelFPGA_lite/18.1/nios2eds/bin/gnu/H-x86_64-pc-linux-gnu/bin/../lib/gcc/nios2-elf/5.3.0/../../../../../H-x86_64-pc-linux-gnu/nios2-elf/lib/libsmallc.a(lib_a-__call_atexit.o)
 .text.__call_exitprocs
                0x0000000000025434      0x190 /home/lheywang/intelFPGA_lite/18.1/nios2eds/bin/gnu/H-x86_64-pc-linux-gnu/bin/../lib/gcc/nios2-elf/5.3.0/../../../../../H-x86_64-pc-linux-gnu/nios2-elf/lib/libsmallc.a(lib_a-__call_atexit.o)
                0x0000000000025434                __call_exitprocs
 .text          0x00000000000255c4       0x34 ../tutorial_soft_bsp//libhal_bsp.a(alt_exit.o)
                0x00000000000255c4                _exit
 *(.gnu.warning.*)
 *(.fini)
                [!provide]                        PROVIDE (__etext, ABSOLUTE (.))
                [!provide]                        PROVIDE (_etext, ABSOLUTE (.))
                [!provide]                        PROVIDE (etext, ABSOLUTE (.))
 *(.eh_frame_hdr)
                0x00000000000255f8                . = ALIGN (0x4)
                [!provide]                        PROVIDE (__preinit_array_start, ABSOLUTE (.))
 *(.preinit_array)
                [!provide]                        PROVIDE (__preinit_array_end, ABSOLUTE (.))
                [!provide]                        PROVIDE (__init_array_start, ABSOLUTE (.))
 *(.init_array)
                [!provide]                        PROVIDE (__init_array_end, ABSOLUTE (.))
                [!provide]                        PROVIDE (__fini_array_start, ABSOLUTE (.))
 *(.fini_array)
                [!provide]                        PROVIDE (__fini_array_end, ABSOLUTE (.))
 *(.eh_frame)
 *(.gcc_except_table .gcc_except_table.*)
 *(.dynamic)
                [!provide]                        PROVIDE (__CTOR_LIST__, ABSOLUTE (.))
 *(.ctors)
 *(SORT(.ctors.*))
                [!provide]                        PROVIDE (__CTOR_END__, ABSOLUTE (.))
                [!provide]                        PROVIDE (__DTOR_LIST__, ABSOLUTE (.))
 *(.dtors)
 *(SORT(.dtors.*))
                [!provide]                        PROVIDE (__DTOR_END__, ABSOLUTE (.))
 *(.jcr)
                0x00000000000255f8                . = ALIGN (0x4)

.rodata         0x00000000000255f8      0x224
                0x00000000000255f8                PROVIDE (__ram_rodata_start, ABSOLUTE (.))
                0x00000000000255f8                . = ALIGN (0x4)
 *(.rodata .rodata.* .gnu.linkonce.r.*)
 .rodata        0x00000000000255f8       0x91 obj/default/hello_world.o
 *fill*         0x0000000000025689        0x3 
 .rodata        0x000000000002568c       0x58 obj/default/hex/hex.o
 .rodata        0x00000000000256e4      0x100 /home/lheywang/intelFPGA_lite/18.1/nios2eds/bin/gnu/H-x86_64-pc-linux-gnu/bin/../lib/gcc/nios2-elf/5.3.0/libgcc.a(_clz.o)
                0x00000000000256e4                __clz_tab
 .rodata.str1.4
                0x00000000000257e4        0x4 /home/lheywang/intelFPGA_lite/18.1/nios2eds/bin/gnu/H-x86_64-pc-linux-gnu/bin/../lib/gcc/nios2-elf/5.3.0/../../../../../H-x86_64-pc-linux-gnu/nios2-elf/lib/libsmallc.a(lib_a-puts.o)
                                          0x2 (size before relaxing)
 .rodata        0x00000000000257e8       0x11 ../tutorial_soft_bsp//libhal_bsp.a(alt_main.o)
 *fill*         0x00000000000257f9        0x3 
 .rodata        0x00000000000257fc       0x11 ../tutorial_soft_bsp//libhal_bsp.a(alt_sys_init.o)
 *fill*         0x000000000002580d        0x3 
 .rodata        0x0000000000025810        0xa ../tutorial_soft_bsp//libhal_bsp.a(alt_dev.o)
 *(.rodata1)
                0x000000000002581c                . = ALIGN (0x4)
 *fill*         0x000000000002581a        0x2 
                0x000000000002581c                PROVIDE (__ram_rodata_end, ABSOLUTE (.))
                0x00000000000255f8                PROVIDE (__flash_rodata_start, LOADADDR (.rodata))

.rwdata         0x000000000002581c      0x2e0 load address 0x0000000000025afc
                0x000000000002581c                PROVIDE (__ram_rwdata_start, ABSOLUTE (.))
                0x000000000002581c                . = ALIGN (0x4)
 *(.got.plt)
 *(.got)
 *(.data1)
 *(.data .data.* .gnu.linkonce.d.*)
 .data          0x000000000002581c        0x0 ../tutorial_soft_bsp//obj/HAL/src/crt0.o
 .data          0x000000000002581c        0x0 obj/default/hello_world.o
 .data          0x000000000002581c        0x0 obj/default/hex/hex.o
 .data          0x000000000002581c        0x0 /home/lheywang/intelFPGA_lite/18.1/nios2eds/bin/gnu/H-x86_64-pc-linux-gnu/bin/../lib/gcc/nios2-elf/5.3.0/../../../../../H-x86_64-pc-linux-gnu/nios2-elf/lib/libm.a(lib_a-s_floor.o)
 .data          0x000000000002581c        0x0 /home/lheywang/intelFPGA_lite/18.1/nios2eds/bin/gnu/H-x86_64-pc-linux-gnu/bin/../lib/gcc/nios2-elf/5.3.0/libgcc.a(addsf3.o)
 .data          0x000000000002581c        0x0 /home/lheywang/intelFPGA_lite/18.1/nios2eds/bin/gnu/H-x86_64-pc-linux-gnu/bin/../lib/gcc/nios2-elf/5.3.0/libgcc.a(divsf3.o)
 .data          0x000000000002581c        0x0 /home/lheywang/intelFPGA_lite/18.1/nios2eds/bin/gnu/H-x86_64-pc-linux-gnu/bin/../lib/gcc/nios2-elf/5.3.0/libgcc.a(mulsf3.o)
 .data          0x000000000002581c        0x0 /home/lheywang/intelFPGA_lite/18.1/nios2eds/bin/gnu/H-x86_64-pc-linux-gnu/bin/../lib/gcc/nios2-elf/5.3.0/libgcc.a(subsf3.o)
 .data          0x000000000002581c        0x0 /home/lheywang/intelFPGA_lite/18.1/nios2eds/bin/gnu/H-x86_64-pc-linux-gnu/bin/../lib/gcc/nios2-elf/5.3.0/libgcc.a(fixsfsi.o)
 .data          0x000000000002581c        0x0 /home/lheywang/intelFPGA_lite/18.1/nios2eds/bin/gnu/H-x86_64-pc-linux-gnu/bin/../lib/gcc/nios2-elf/5.3.0/libgcc.a(floatsisf.o)
 .data          0x000000000002581c        0x0 /home/lheywang/intelFPGA_lite/18.1/nios2eds/bin/gnu/H-x86_64-pc-linux-gnu/bin/../lib/gcc/nios2-elf/5.3.0/libgcc.a(adddf3.o)
 .data          0x000000000002581c        0x0 /home/lheywang/intelFPGA_lite/18.1/nios2eds/bin/gnu/H-x86_64-pc-linux-gnu/bin/../lib/gcc/nios2-elf/5.3.0/libgcc.a(gedf2.o)
 .data          0x000000000002581c        0x0 /home/lheywang/intelFPGA_lite/18.1/nios2eds/bin/gnu/H-x86_64-pc-linux-gnu/bin/../lib/gcc/nios2-elf/5.3.0/libgcc.a(fixdfsi.o)
 .data          0x000000000002581c        0x0 /home/lheywang/intelFPGA_lite/18.1/nios2eds/bin/gnu/H-x86_64-pc-linux-gnu/bin/../lib/gcc/nios2-elf/5.3.0/libgcc.a(extendsfdf2.o)
 .data          0x000000000002581c        0x0 /home/lheywang/intelFPGA_lite/18.1/nios2eds/bin/gnu/H-x86_64-pc-linux-gnu/bin/../lib/gcc/nios2-elf/5.3.0/libgcc.a(_clzsi2.o)
 .data          0x000000000002581c        0x0 /home/lheywang/intelFPGA_lite/18.1/nios2eds/bin/gnu/H-x86_64-pc-linux-gnu/bin/../lib/gcc/nios2-elf/5.3.0/libgcc.a(_clz.o)
 .data          0x000000000002581c        0x0 /home/lheywang/intelFPGA_lite/18.1/nios2eds/bin/gnu/H-x86_64-pc-linux-gnu/bin/../lib/gcc/nios2-elf/5.3.0/../../../../../H-x86_64-pc-linux-gnu/nios2-elf/lib/libsmallc.a(lib_a-printf.o)
 .data          0x000000000002581c        0x0 /home/lheywang/intelFPGA_lite/18.1/nios2eds/bin/gnu/H-x86_64-pc-linux-gnu/bin/../lib/gcc/nios2-elf/5.3.0/../../../../../H-x86_64-pc-linux-gnu/nios2-elf/lib/libsmallc.a(lib_a-puts.o)
 .data          0x000000000002581c        0x0 /home/lheywang/intelFPGA_lite/18.1/nios2eds/bin/gnu/H-x86_64-pc-linux-gnu/bin/../lib/gcc/nios2-elf/5.3.0/../../../../../H-x86_64-pc-linux-gnu/nios2-elf/lib/libsmallc.a(lib_a-sprintf.o)
 .data          0x000000000002581c        0x0 /home/lheywang/intelFPGA_lite/18.1/nios2eds/bin/gnu/H-x86_64-pc-linux-gnu/bin/../lib/gcc/nios2-elf/5.3.0/../../../../../H-x86_64-pc-linux-gnu/nios2-elf/lib/libsmallc.a(lib_a-strlen.o)
 .data          0x000000000002581c        0x0 /home/lheywang/intelFPGA_lite/18.1/nios2eds/bin/gnu/H-x86_64-pc-linux-gnu/bin/../lib/gcc/nios2-elf/5.3.0/../../../../../H-x86_64-pc-linux-gnu/nios2-elf/lib/libsmallc.a(lib_a-svfprintf.o)
 .data          0x000000000002581c        0x0 /home/lheywang/intelFPGA_lite/18.1/nios2eds/bin/gnu/H-x86_64-pc-linux-gnu/bin/../lib/gcc/nios2-elf/5.3.0/../../../../../H-x86_64-pc-linux-gnu/nios2-elf/lib/libsmallc.a(lib_a-vfprintf.o)
 .data          0x000000000002581c        0x0 /home/lheywang/intelFPGA_lite/18.1/nios2eds/bin/gnu/H-x86_64-pc-linux-gnu/bin/../lib/gcc/nios2-elf/5.3.0/../../../../../H-x86_64-pc-linux-gnu/nios2-elf/lib/libsmallc.a(lib_a-fvwrite_small_dev.o)
 .data          0x000000000002581c        0x0 /home/lheywang/intelFPGA_lite/18.1/nios2eds/bin/gnu/H-x86_64-pc-linux-gnu/bin/../lib/gcc/nios2-elf/5.3.0/../../../../../H-x86_64-pc-linux-gnu/nios2-elf/lib/libsmallc.a(lib_a-fvwrite_small_str.o)
 .data          0x000000000002581c        0x0 /home/lheywang/intelFPGA_lite/18.1/nios2eds/bin/gnu/H-x86_64-pc-linux-gnu/bin/../lib/gcc/nios2-elf/5.3.0/../../../../../H-x86_64-pc-linux-gnu/nios2-elf/lib/libsmallc.a(lib_a-impure.o)
 .data.impure_data
                0x000000000002581c       0xe0 /home/lheywang/intelFPGA_lite/18.1/nios2eds/bin/gnu/H-x86_64-pc-linux-gnu/bin/../lib/gcc/nios2-elf/5.3.0/../../../../../H-x86_64-pc-linux-gnu/nios2-elf/lib/libsmallc.a(lib_a-impure.o)
 .data          0x00000000000258fc        0x0 /home/lheywang/intelFPGA_lite/18.1/nios2eds/bin/gnu/H-x86_64-pc-linux-gnu/bin/../lib/gcc/nios2-elf/5.3.0/../../../../../H-x86_64-pc-linux-gnu/nios2-elf/lib/libsmallc.a(lib_a-memmove.o)
 .data          0x00000000000258fc        0x0 /home/lheywang/intelFPGA_lite/18.1/nios2eds/bin/gnu/H-x86_64-pc-linux-gnu/bin/../lib/gcc/nios2-elf/5.3.0/../../../../../H-x86_64-pc-linux-gnu/nios2-elf/lib/libsmallc.a(lib_a-writer.o)
 .data          0x00000000000258fc        0x0 /home/lheywang/intelFPGA_lite/18.1/nios2eds/bin/gnu/H-x86_64-pc-linux-gnu/bin/../lib/gcc/nios2-elf/5.3.0/../../../../../H-x86_64-pc-linux-gnu/nios2-elf/lib/libsmallc.a(lib_a-int_errno.o)
 .data          0x00000000000258fc        0x0 /home/lheywang/intelFPGA_lite/18.1/nios2eds/bin/gnu/H-x86_64-pc-linux-gnu/bin/../lib/gcc/nios2-elf/5.3.0/libgcc.a(lib2-divmod.o)
 .data          0x00000000000258fc        0x0 ../tutorial_soft_bsp//libhal_bsp.a(alt_load.o)
 .data          0x00000000000258fc        0x0 ../tutorial_soft_bsp//libhal_bsp.a(alt_main.o)
 .data          0x00000000000258fc        0x0 ../tutorial_soft_bsp//libhal_bsp.a(alt_write.o)
 .data          0x00000000000258fc       0x2c ../tutorial_soft_bsp//libhal_bsp.a(alt_sys_init.o)
 .data          0x0000000000025928        0x0 ../tutorial_soft_bsp//libhal_bsp.a(altera_avalon_jtag_uart_fd.o)
 .data          0x0000000000025928        0x0 ../tutorial_soft_bsp//libhal_bsp.a(altera_avalon_jtag_uart_read.o)
 .data          0x0000000000025928        0x0 ../tutorial_soft_bsp//libhal_bsp.a(altera_avalon_jtag_uart_write.o)
 .data          0x0000000000025928        0x0 ../tutorial_soft_bsp//libhal_bsp.a(altera_avalon_timer_sc.o)
 .data          0x0000000000025928        0x0 ../tutorial_soft_bsp//libhal_bsp.a(alt_close.o)
 .data          0x0000000000025928        0x0 ../tutorial_soft_bsp//libhal_bsp.a(alt_dcache_flush_all.o)
 .data          0x0000000000025928      0x1a8 ../tutorial_soft_bsp//libhal_bsp.a(alt_dev.o)
                0x0000000000025928                alt_dev_null
                0x0000000000025950                alt_fd_list
 .data          0x0000000000025ad0        0x0 ../tutorial_soft_bsp//libhal_bsp.a(alt_dev_llist_insert.o)
 .data          0x0000000000025ad0        0x0 ../tutorial_soft_bsp//libhal_bsp.a(alt_errno.o)
 .data          0x0000000000025ad0        0x0 ../tutorial_soft_bsp//libhal_bsp.a(alt_icache_flush_all.o)
 .data          0x0000000000025ad0        0x0 ../tutorial_soft_bsp//libhal_bsp.a(alt_iic.o)
 .data          0x0000000000025ad0        0x0 ../tutorial_soft_bsp//libhal_bsp.a(alt_iic_isr_register.o)
 .data          0x0000000000025ad0        0x0 ../tutorial_soft_bsp//libhal_bsp.a(alt_io_redirect.o)
 .data          0x0000000000025ad0        0x0 ../tutorial_soft_bsp//libhal_bsp.a(alt_irq_entry.o)
 .data          0x0000000000025ad0        0x0 ../tutorial_soft_bsp//libhal_bsp.a(alt_irq_handler.o)
 .data          0x0000000000025ad0        0x0 ../tutorial_soft_bsp//libhal_bsp.a(alt_irq_vars.o)
 .data          0x0000000000025ad0        0x0 ../tutorial_soft_bsp//libhal_bsp.a(alt_open.o)
 .data          0x0000000000025ad0        0x0 ../tutorial_soft_bsp//libhal_bsp.a(alt_release_fd.o)
 .data          0x0000000000025ad0        0x0 ../tutorial_soft_bsp//libhal_bsp.a(alt_tick.o)
 .data          0x0000000000025ad0        0x0 ../tutorial_soft_bsp//libhal_bsp.a(altera_nios2_gen2_irq.o)
 .data          0x0000000000025ad0        0x0 ../tutorial_soft_bsp//libhal_bsp.a(alt_exception_entry.o)
 .data          0x0000000000025ad0        0x0 ../tutorial_soft_bsp//libhal_bsp.a(alt_find_dev.o)
 .data          0x0000000000025ad0        0x0 ../tutorial_soft_bsp//libhal_bsp.a(alt_find_file.o)
 .data          0x0000000000025ad0        0x0 ../tutorial_soft_bsp//libhal_bsp.a(alt_get_fd.o)
 .data          0x0000000000025ad0        0x0 ../tutorial_soft_bsp//libhal_bsp.a(alt_icache_flush.o)
 .data          0x0000000000025ad0        0x0 ../tutorial_soft_bsp//libhal_bsp.a(alt_instruction_exception_entry.o)
 .data          0x0000000000025ad0        0x0 /home/lheywang/intelFPGA_lite/18.1/nios2eds/bin/gnu/H-x86_64-pc-linux-gnu/bin/../lib/gcc/nios2-elf/5.3.0/../../../../../H-x86_64-pc-linux-gnu/nios2-elf/lib/libsmallc.a(lib_a-exit.o)
 .data          0x0000000000025ad0        0x0 /home/lheywang/intelFPGA_lite/18.1/nios2eds/bin/gnu/H-x86_64-pc-linux-gnu/bin/../lib/gcc/nios2-elf/5.3.0/../../../../../H-x86_64-pc-linux-gnu/nios2-elf/lib/libsmallc.a(lib_a-memcmp.o)
 .data          0x0000000000025ad0        0x0 /home/lheywang/intelFPGA_lite/18.1/nios2eds/bin/gnu/H-x86_64-pc-linux-gnu/bin/../lib/gcc/nios2-elf/5.3.0/../../../../../H-x86_64-pc-linux-gnu/nios2-elf/lib/libsmallc.a(lib_a-__call_atexit.o)
 .data          0x0000000000025ad0        0x0 ../tutorial_soft_bsp//libhal_bsp.a(alt_exit.o)
                0x000000000002dad0                _gp = ABSOLUTE ((. + 0x8000))
                [!provide]                        PROVIDE (gp, _gp)
 *(.rwdata .rwdata.*)
 *(.sdata .sdata.* .gnu.linkonce.s.*)
 .sdata._global_impure_ptr
                0x0000000000025ad0        0x4 /home/lheywang/intelFPGA_lite/18.1/nios2eds/bin/gnu/H-x86_64-pc-linux-gnu/bin/../lib/gcc/nios2-elf/5.3.0/../../../../../H-x86_64-pc-linux-gnu/nios2-elf/lib/libsmallc.a(lib_a-impure.o)
                0x0000000000025ad0                _global_impure_ptr
 .sdata._impure_ptr
                0x0000000000025ad4        0x4 /home/lheywang/intelFPGA_lite/18.1/nios2eds/bin/gnu/H-x86_64-pc-linux-gnu/bin/../lib/gcc/nios2-elf/5.3.0/../../../../../H-x86_64-pc-linux-gnu/nios2-elf/lib/libsmallc.a(lib_a-impure.o)
                0x0000000000025ad4                _impure_ptr
 .sdata         0x0000000000025ad8       0x14 ../tutorial_soft_bsp//libhal_bsp.a(alt_dev.o)
                0x0000000000025ad8                alt_fs_list
                0x0000000000025ae0                alt_dev_list
                0x0000000000025ae8                alt_max_fd
 .sdata         0x0000000000025aec        0x4 ../tutorial_soft_bsp//libhal_bsp.a(alt_errno.o)
                0x0000000000025aec                alt_errno
 .sdata         0x0000000000025af0        0x4 ../tutorial_soft_bsp//libhal_bsp.a(alt_irq_vars.o)
                0x0000000000025af0                alt_priority_mask
 .sdata         0x0000000000025af4        0x8 ../tutorial_soft_bsp//libhal_bsp.a(alt_tick.o)
                0x0000000000025af4                alt_alarm_list
 *(.sdata2 .sdata2.* .gnu.linkonce.s2.*)
                0x0000000000025afc                . = ALIGN (0x4)
                0x0000000000025afc                _edata = ABSOLUTE (.)
                [!provide]                        PROVIDE (edata, ABSOLUTE (.))
                0x0000000000025afc                PROVIDE (__ram_rwdata_end, ABSOLUTE (.))
                0x0000000000025afc                PROVIDE (__flash_rwdata_start, LOADADDR (.rwdata))

.bss            0x0000000000025ddc      0x120
                0x0000000000025ddc                __bss_start = ABSOLUTE (.)
                [!provide]                        PROVIDE (__sbss_start, ABSOLUTE (.))
                [!provide]                        PROVIDE (___sbss_start, ABSOLUTE (.))
 *(.dynsbss)
 *(.sbss .sbss.* .gnu.linkonce.sb.*)
 .sbss          0x0000000000025ddc        0x4 /home/lheywang/intelFPGA_lite/18.1/nios2eds/bin/gnu/H-x86_64-pc-linux-gnu/bin/../lib/gcc/nios2-elf/5.3.0/../../../../../H-x86_64-pc-linux-gnu/nios2-elf/lib/libsmallc.a(lib_a-int_errno.o)
                0x0000000000025ddc                errno
 .sbss          0x0000000000025de0        0xc ../tutorial_soft_bsp//libhal_bsp.a(alt_main.o)
                0x0000000000025de0                alt_argc
                0x0000000000025de4                alt_argv
                0x0000000000025de8                alt_envp
 .sbss          0x0000000000025dec        0x4 ../tutorial_soft_bsp//libhal_bsp.a(alt_irq_vars.o)
                0x0000000000025dec                alt_irq_active
 .sbss          0x0000000000025df0        0x8 ../tutorial_soft_bsp//libhal_bsp.a(alt_tick.o)
                0x0000000000025df0                _alt_tick_rate
                0x0000000000025df4                _alt_nticks
 .sbss          0x0000000000025df8        0x4 ../tutorial_soft_bsp//libhal_bsp.a(alt_instruction_exception_entry.o)
                0x0000000000025df8                alt_instruction_exception_handler
 *(.sbss2 .sbss2.* .gnu.linkonce.sb2.*)
 *(.scommon)
                [!provide]                        PROVIDE (__sbss_end, ABSOLUTE (.))
                [!provide]                        PROVIDE (___sbss_end, ABSOLUTE (.))
 *(.dynbss)
 *(.bss .bss.* .gnu.linkonce.b.*)
 .bss           0x0000000000025dfc        0x0 ../tutorial_soft_bsp//obj/HAL/src/crt0.o
 .bss           0x0000000000025dfc        0x0 obj/default/hello_world.o
 .bss           0x0000000000025dfc        0x0 obj/default/hex/hex.o
 .bss           0x0000000000025dfc        0x0 /home/lheywang/intelFPGA_lite/18.1/nios2eds/bin/gnu/H-x86_64-pc-linux-gnu/bin/../lib/gcc/nios2-elf/5.3.0/../../../../../H-x86_64-pc-linux-gnu/nios2-elf/lib/libm.a(lib_a-s_floor.o)
 .bss           0x0000000000025dfc        0x0 /home/lheywang/intelFPGA_lite/18.1/nios2eds/bin/gnu/H-x86_64-pc-linux-gnu/bin/../lib/gcc/nios2-elf/5.3.0/libgcc.a(addsf3.o)
 .bss           0x0000000000025dfc        0x0 /home/lheywang/intelFPGA_lite/18.1/nios2eds/bin/gnu/H-x86_64-pc-linux-gnu/bin/../lib/gcc/nios2-elf/5.3.0/libgcc.a(divsf3.o)
 .bss           0x0000000000025dfc        0x0 /home/lheywang/intelFPGA_lite/18.1/nios2eds/bin/gnu/H-x86_64-pc-linux-gnu/bin/../lib/gcc/nios2-elf/5.3.0/libgcc.a(mulsf3.o)
 .bss           0x0000000000025dfc        0x0 /home/lheywang/intelFPGA_lite/18.1/nios2eds/bin/gnu/H-x86_64-pc-linux-gnu/bin/../lib/gcc/nios2-elf/5.3.0/libgcc.a(subsf3.o)
 .bss           0x0000000000025dfc        0x0 /home/lheywang/intelFPGA_lite/18.1/nios2eds/bin/gnu/H-x86_64-pc-linux-gnu/bin/../lib/gcc/nios2-elf/5.3.0/libgcc.a(fixsfsi.o)
 .bss           0x0000000000025dfc        0x0 /home/lheywang/intelFPGA_lite/18.1/nios2eds/bin/gnu/H-x86_64-pc-linux-gnu/bin/../lib/gcc/nios2-elf/5.3.0/libgcc.a(floatsisf.o)
 .bss           0x0000000000025dfc        0x0 /home/lheywang/intelFPGA_lite/18.1/nios2eds/bin/gnu/H-x86_64-pc-linux-gnu/bin/../lib/gcc/nios2-elf/5.3.0/libgcc.a(adddf3.o)
 .bss           0x0000000000025dfc        0x0 /home/lheywang/intelFPGA_lite/18.1/nios2eds/bin/gnu/H-x86_64-pc-linux-gnu/bin/../lib/gcc/nios2-elf/5.3.0/libgcc.a(gedf2.o)
 .bss           0x0000000000025dfc        0x0 /home/lheywang/intelFPGA_lite/18.1/nios2eds/bin/gnu/H-x86_64-pc-linux-gnu/bin/../lib/gcc/nios2-elf/5.3.0/libgcc.a(fixdfsi.o)
 .bss           0x0000000000025dfc        0x0 /home/lheywang/intelFPGA_lite/18.1/nios2eds/bin/gnu/H-x86_64-pc-linux-gnu/bin/../lib/gcc/nios2-elf/5.3.0/libgcc.a(extendsfdf2.o)
 .bss           0x0000000000025dfc        0x0 /home/lheywang/intelFPGA_lite/18.1/nios2eds/bin/gnu/H-x86_64-pc-linux-gnu/bin/../lib/gcc/nios2-elf/5.3.0/libgcc.a(_clzsi2.o)
 .bss           0x0000000000025dfc        0x0 /home/lheywang/intelFPGA_lite/18.1/nios2eds/bin/gnu/H-x86_64-pc-linux-gnu/bin/../lib/gcc/nios2-elf/5.3.0/libgcc.a(_clz.o)
 .bss           0x0000000000025dfc        0x0 /home/lheywang/intelFPGA_lite/18.1/nios2eds/bin/gnu/H-x86_64-pc-linux-gnu/bin/../lib/gcc/nios2-elf/5.3.0/../../../../../H-x86_64-pc-linux-gnu/nios2-elf/lib/libsmallc.a(lib_a-printf.o)
 .bss           0x0000000000025dfc        0x0 /home/lheywang/intelFPGA_lite/18.1/nios2eds/bin/gnu/H-x86_64-pc-linux-gnu/bin/../lib/gcc/nios2-elf/5.3.0/../../../../../H-x86_64-pc-linux-gnu/nios2-elf/lib/libsmallc.a(lib_a-puts.o)
 .bss           0x0000000000025dfc        0x0 /home/lheywang/intelFPGA_lite/18.1/nios2eds/bin/gnu/H-x86_64-pc-linux-gnu/bin/../lib/gcc/nios2-elf/5.3.0/../../../../../H-x86_64-pc-linux-gnu/nios2-elf/lib/libsmallc.a(lib_a-sprintf.o)
 .bss           0x0000000000025dfc        0x0 /home/lheywang/intelFPGA_lite/18.1/nios2eds/bin/gnu/H-x86_64-pc-linux-gnu/bin/../lib/gcc/nios2-elf/5.3.0/../../../../../H-x86_64-pc-linux-gnu/nios2-elf/lib/libsmallc.a(lib_a-strlen.o)
 .bss           0x0000000000025dfc        0x0 /home/lheywang/intelFPGA_lite/18.1/nios2eds/bin/gnu/H-x86_64-pc-linux-gnu/bin/../lib/gcc/nios2-elf/5.3.0/../../../../../H-x86_64-pc-linux-gnu/nios2-elf/lib/libsmallc.a(lib_a-svfprintf.o)
 .bss           0x0000000000025dfc        0x0 /home/lheywang/intelFPGA_lite/18.1/nios2eds/bin/gnu/H-x86_64-pc-linux-gnu/bin/../lib/gcc/nios2-elf/5.3.0/../../../../../H-x86_64-pc-linux-gnu/nios2-elf/lib/libsmallc.a(lib_a-vfprintf.o)
 .bss           0x0000000000025dfc        0x0 /home/lheywang/intelFPGA_lite/18.1/nios2eds/bin/gnu/H-x86_64-pc-linux-gnu/bin/../lib/gcc/nios2-elf/5.3.0/../../../../../H-x86_64-pc-linux-gnu/nios2-elf/lib/libsmallc.a(lib_a-fvwrite_small_dev.o)
 .bss           0x0000000000025dfc        0x0 /home/lheywang/intelFPGA_lite/18.1/nios2eds/bin/gnu/H-x86_64-pc-linux-gnu/bin/../lib/gcc/nios2-elf/5.3.0/../../../../../H-x86_64-pc-linux-gnu/nios2-elf/lib/libsmallc.a(lib_a-fvwrite_small_str.o)
 .bss           0x0000000000025dfc        0x0 /home/lheywang/intelFPGA_lite/18.1/nios2eds/bin/gnu/H-x86_64-pc-linux-gnu/bin/../lib/gcc/nios2-elf/5.3.0/../../../../../H-x86_64-pc-linux-gnu/nios2-elf/lib/libsmallc.a(lib_a-impure.o)
 .bss           0x0000000000025dfc        0x0 /home/lheywang/intelFPGA_lite/18.1/nios2eds/bin/gnu/H-x86_64-pc-linux-gnu/bin/../lib/gcc/nios2-elf/5.3.0/../../../../../H-x86_64-pc-linux-gnu/nios2-elf/lib/libsmallc.a(lib_a-memmove.o)
 .bss           0x0000000000025dfc        0x0 /home/lheywang/intelFPGA_lite/18.1/nios2eds/bin/gnu/H-x86_64-pc-linux-gnu/bin/../lib/gcc/nios2-elf/5.3.0/../../../../../H-x86_64-pc-linux-gnu/nios2-elf/lib/libsmallc.a(lib_a-writer.o)
 .bss           0x0000000000025dfc        0x0 /home/lheywang/intelFPGA_lite/18.1/nios2eds/bin/gnu/H-x86_64-pc-linux-gnu/bin/../lib/gcc/nios2-elf/5.3.0/../../../../../H-x86_64-pc-linux-gnu/nios2-elf/lib/libsmallc.a(lib_a-int_errno.o)
 .bss           0x0000000000025dfc        0x0 /home/lheywang/intelFPGA_lite/18.1/nios2eds/bin/gnu/H-x86_64-pc-linux-gnu/bin/../lib/gcc/nios2-elf/5.3.0/libgcc.a(lib2-divmod.o)
 .bss           0x0000000000025dfc        0x0 ../tutorial_soft_bsp//libhal_bsp.a(alt_load.o)
 .bss           0x0000000000025dfc        0x0 ../tutorial_soft_bsp//libhal_bsp.a(alt_main.o)
 .bss           0x0000000000025dfc        0x0 ../tutorial_soft_bsp//libhal_bsp.a(alt_write.o)
 .bss           0x0000000000025dfc        0x0 ../tutorial_soft_bsp//libhal_bsp.a(alt_sys_init.o)
 .bss           0x0000000000025dfc        0x0 ../tutorial_soft_bsp//libhal_bsp.a(altera_avalon_jtag_uart_fd.o)
 .bss           0x0000000000025dfc        0x0 ../tutorial_soft_bsp//libhal_bsp.a(altera_avalon_jtag_uart_read.o)
 .bss           0x0000000000025dfc        0x0 ../tutorial_soft_bsp//libhal_bsp.a(altera_avalon_jtag_uart_write.o)
 .bss           0x0000000000025dfc        0x0 ../tutorial_soft_bsp//libhal_bsp.a(altera_avalon_timer_sc.o)
 .bss           0x0000000000025dfc        0x0 ../tutorial_soft_bsp//libhal_bsp.a(alt_close.o)
 .bss           0x0000000000025dfc        0x0 ../tutorial_soft_bsp//libhal_bsp.a(alt_dcache_flush_all.o)
 .bss           0x0000000000025dfc        0x0 ../tutorial_soft_bsp//libhal_bsp.a(alt_dev.o)
 .bss           0x0000000000025dfc        0x0 ../tutorial_soft_bsp//libhal_bsp.a(alt_dev_llist_insert.o)
 .bss           0x0000000000025dfc        0x0 ../tutorial_soft_bsp//libhal_bsp.a(alt_errno.o)
 .bss           0x0000000000025dfc        0x0 ../tutorial_soft_bsp//libhal_bsp.a(alt_icache_flush_all.o)
 .bss           0x0000000000025dfc        0x0 ../tutorial_soft_bsp//libhal_bsp.a(alt_iic.o)
 .bss           0x0000000000025dfc        0x0 ../tutorial_soft_bsp//libhal_bsp.a(alt_iic_isr_register.o)
 .bss           0x0000000000025dfc        0x0 ../tutorial_soft_bsp//libhal_bsp.a(alt_io_redirect.o)
 .bss           0x0000000000025dfc        0x0 ../tutorial_soft_bsp//libhal_bsp.a(alt_irq_entry.o)
 .bss           0x0000000000025dfc        0x0 ../tutorial_soft_bsp//libhal_bsp.a(alt_irq_handler.o)
 .bss           0x0000000000025dfc        0x0 ../tutorial_soft_bsp//libhal_bsp.a(alt_irq_vars.o)
 .bss           0x0000000000025dfc        0x0 ../tutorial_soft_bsp//libhal_bsp.a(alt_open.o)
 .bss           0x0000000000025dfc        0x0 ../tutorial_soft_bsp//libhal_bsp.a(alt_release_fd.o)
 .bss           0x0000000000025dfc        0x0 ../tutorial_soft_bsp//libhal_bsp.a(alt_tick.o)
 .bss           0x0000000000025dfc        0x0 ../tutorial_soft_bsp//libhal_bsp.a(altera_nios2_gen2_irq.o)
 .bss           0x0000000000025dfc        0x0 ../tutorial_soft_bsp//libhal_bsp.a(alt_exception_entry.o)
 .bss           0x0000000000025dfc        0x0 ../tutorial_soft_bsp//libhal_bsp.a(alt_find_dev.o)
 .bss           0x0000000000025dfc        0x0 ../tutorial_soft_bsp//libhal_bsp.a(alt_find_file.o)
 .bss           0x0000000000025dfc        0x0 ../tutorial_soft_bsp//libhal_bsp.a(alt_get_fd.o)
 .bss           0x0000000000025dfc        0x0 ../tutorial_soft_bsp//libhal_bsp.a(alt_icache_flush.o)
 .bss           0x0000000000025dfc        0x0 ../tutorial_soft_bsp//libhal_bsp.a(alt_instruction_exception_entry.o)
 .bss           0x0000000000025dfc        0x0 /home/lheywang/intelFPGA_lite/18.1/nios2eds/bin/gnu/H-x86_64-pc-linux-gnu/bin/../lib/gcc/nios2-elf/5.3.0/../../../../../H-x86_64-pc-linux-gnu/nios2-elf/lib/libsmallc.a(lib_a-exit.o)
 .bss           0x0000000000025dfc        0x0 /home/lheywang/intelFPGA_lite/18.1/nios2eds/bin/gnu/H-x86_64-pc-linux-gnu/bin/../lib/gcc/nios2-elf/5.3.0/../../../../../H-x86_64-pc-linux-gnu/nios2-elf/lib/libsmallc.a(lib_a-memcmp.o)
 .bss           0x0000000000025dfc        0x0 /home/lheywang/intelFPGA_lite/18.1/nios2eds/bin/gnu/H-x86_64-pc-linux-gnu/bin/../lib/gcc/nios2-elf/5.3.0/../../../../../H-x86_64-pc-linux-gnu/nios2-elf/lib/libsmallc.a(lib_a-__call_atexit.o)
 .bss           0x0000000000025dfc        0x0 ../tutorial_soft_bsp//libhal_bsp.a(alt_exit.o)
 *(COMMON)
 COMMON         0x0000000000025dfc      0x100 ../tutorial_soft_bsp//libhal_bsp.a(alt_irq_handler.o)
                0x0000000000025dfc                alt_irq
                0x0000000000025efc                . = ALIGN (0x4)
                0x0000000000025efc                __bss_end = ABSOLUTE (.)

.MEMOIRE_ONCHIP
                0x0000000000025efc        0x0
                [!provide]                        PROVIDE (_alt_partition_MEMOIRE_ONCHIP_start, ABSOLUTE (.))
 *(.MEMOIRE_ONCHIP .MEMOIRE_ONCHIP. MEMOIRE_ONCHIP.*)
                0x0000000000025efc                . = ALIGN (0x4)
                [!provide]                        PROVIDE (_alt_partition_MEMOIRE_ONCHIP_end, ABSOLUTE (.))
                0x0000000000025efc                _end = ABSOLUTE (.)
                0x0000000000025efc                end = ABSOLUTE (.)
                0x0000000000025efc                __alt_stack_base = ABSOLUTE (.)
                [!provide]                        PROVIDE (_alt_partition_MEMOIRE_ONCHIP_load_addr, LOADADDR (.MEMOIRE_ONCHIP))

.stab
 *(.stab)

.stabstr
 *(.stabstr)

.stab.excl
 *(.stab.excl)

.stab.exclstr
 *(.stab.exclstr)

.stab.index
 *(.stab.index)

.stab.indexstr
 *(.stab.indexstr)

.comment        0x0000000000000000       0x23
 *(.comment)
 .comment       0x0000000000000000       0x23 obj/default/hello_world.o
                                         0x24 (size before relaxing)
 .comment       0x0000000000000023       0x24 obj/default/hex/hex.o
 .comment       0x0000000000000023       0x24 /home/lheywang/intelFPGA_lite/18.1/nios2eds/bin/gnu/H-x86_64-pc-linux-gnu/bin/../lib/gcc/nios2-elf/5.3.0/../../../../../H-x86_64-pc-linux-gnu/nios2-elf/lib/libm.a(lib_a-s_floor.o)
 .comment       0x0000000000000023       0x24 /home/lheywang/intelFPGA_lite/18.1/nios2eds/bin/gnu/H-x86_64-pc-linux-gnu/bin/../lib/gcc/nios2-elf/5.3.0/libgcc.a(addsf3.o)
 .comment       0x0000000000000023       0x24 /home/lheywang/intelFPGA_lite/18.1/nios2eds/bin/gnu/H-x86_64-pc-linux-gnu/bin/../lib/gcc/nios2-elf/5.3.0/libgcc.a(divsf3.o)
 .comment       0x0000000000000023       0x24 /home/lheywang/intelFPGA_lite/18.1/nios2eds/bin/gnu/H-x86_64-pc-linux-gnu/bin/../lib/gcc/nios2-elf/5.3.0/libgcc.a(mulsf3.o)
 .comment       0x0000000000000023       0x24 /home/lheywang/intelFPGA_lite/18.1/nios2eds/bin/gnu/H-x86_64-pc-linux-gnu/bin/../lib/gcc/nios2-elf/5.3.0/libgcc.a(subsf3.o)
 .comment       0x0000000000000023       0x24 /home/lheywang/intelFPGA_lite/18.1/nios2eds/bin/gnu/H-x86_64-pc-linux-gnu/bin/../lib/gcc/nios2-elf/5.3.0/libgcc.a(fixsfsi.o)
 .comment       0x0000000000000023       0x24 /home/lheywang/intelFPGA_lite/18.1/nios2eds/bin/gnu/H-x86_64-pc-linux-gnu/bin/../lib/gcc/nios2-elf/5.3.0/libgcc.a(floatsisf.o)
 .comment       0x0000000000000023       0x24 /home/lheywang/intelFPGA_lite/18.1/nios2eds/bin/gnu/H-x86_64-pc-linux-gnu/bin/../lib/gcc/nios2-elf/5.3.0/libgcc.a(adddf3.o)
 .comment       0x0000000000000023       0x24 /home/lheywang/intelFPGA_lite/18.1/nios2eds/bin/gnu/H-x86_64-pc-linux-gnu/bin/../lib/gcc/nios2-elf/5.3.0/libgcc.a(gedf2.o)
 .comment       0x0000000000000023       0x24 /home/lheywang/intelFPGA_lite/18.1/nios2eds/bin/gnu/H-x86_64-pc-linux-gnu/bin/../lib/gcc/nios2-elf/5.3.0/libgcc.a(fixdfsi.o)
 .comment       0x0000000000000023       0x24 /home/lheywang/intelFPGA_lite/18.1/nios2eds/bin/gnu/H-x86_64-pc-linux-gnu/bin/../lib/gcc/nios2-elf/5.3.0/libgcc.a(extendsfdf2.o)
 .comment       0x0000000000000023       0x24 /home/lheywang/intelFPGA_lite/18.1/nios2eds/bin/gnu/H-x86_64-pc-linux-gnu/bin/../lib/gcc/nios2-elf/5.3.0/libgcc.a(_clzsi2.o)
 .comment       0x0000000000000023       0x24 /home/lheywang/intelFPGA_lite/18.1/nios2eds/bin/gnu/H-x86_64-pc-linux-gnu/bin/../lib/gcc/nios2-elf/5.3.0/libgcc.a(_clz.o)
 .comment       0x0000000000000023       0x24 /home/lheywang/intelFPGA_lite/18.1/nios2eds/bin/gnu/H-x86_64-pc-linux-gnu/bin/../lib/gcc/nios2-elf/5.3.0/../../../../../H-x86_64-pc-linux-gnu/nios2-elf/lib/libsmallc.a(lib_a-printf.o)
 .comment       0x0000000000000023       0x24 /home/lheywang/intelFPGA_lite/18.1/nios2eds/bin/gnu/H-x86_64-pc-linux-gnu/bin/../lib/gcc/nios2-elf/5.3.0/../../../../../H-x86_64-pc-linux-gnu/nios2-elf/lib/libsmallc.a(lib_a-puts.o)
 .comment       0x0000000000000023       0x24 /home/lheywang/intelFPGA_lite/18.1/nios2eds/bin/gnu/H-x86_64-pc-linux-gnu/bin/../lib/gcc/nios2-elf/5.3.0/../../../../../H-x86_64-pc-linux-gnu/nios2-elf/lib/libsmallc.a(lib_a-sprintf.o)
 .comment       0x0000000000000023       0x24 /home/lheywang/intelFPGA_lite/18.1/nios2eds/bin/gnu/H-x86_64-pc-linux-gnu/bin/../lib/gcc/nios2-elf/5.3.0/../../../../../H-x86_64-pc-linux-gnu/nios2-elf/lib/libsmallc.a(lib_a-strlen.o)
 .comment       0x0000000000000023       0x24 /home/lheywang/intelFPGA_lite/18.1/nios2eds/bin/gnu/H-x86_64-pc-linux-gnu/bin/../lib/gcc/nios2-elf/5.3.0/../../../../../H-x86_64-pc-linux-gnu/nios2-elf/lib/libsmallc.a(lib_a-svfprintf.o)
 .comment       0x0000000000000023       0x24 /home/lheywang/intelFPGA_lite/18.1/nios2eds/bin/gnu/H-x86_64-pc-linux-gnu/bin/../lib/gcc/nios2-elf/5.3.0/../../../../../H-x86_64-pc-linux-gnu/nios2-elf/lib/libsmallc.a(lib_a-vfprintf.o)
 .comment       0x0000000000000023       0x24 /home/lheywang/intelFPGA_lite/18.1/nios2eds/bin/gnu/H-x86_64-pc-linux-gnu/bin/../lib/gcc/nios2-elf/5.3.0/../../../../../H-x86_64-pc-linux-gnu/nios2-elf/lib/libsmallc.a(lib_a-fvwrite_small_dev.o)
 .comment       0x0000000000000023       0x24 /home/lheywang/intelFPGA_lite/18.1/nios2eds/bin/gnu/H-x86_64-pc-linux-gnu/bin/../lib/gcc/nios2-elf/5.3.0/../../../../../H-x86_64-pc-linux-gnu/nios2-elf/lib/libsmallc.a(lib_a-fvwrite_small_str.o)
 .comment       0x0000000000000023       0x24 /home/lheywang/intelFPGA_lite/18.1/nios2eds/bin/gnu/H-x86_64-pc-linux-gnu/bin/../lib/gcc/nios2-elf/5.3.0/../../../../../H-x86_64-pc-linux-gnu/nios2-elf/lib/libsmallc.a(lib_a-impure.o)
 .comment       0x0000000000000023       0x24 /home/lheywang/intelFPGA_lite/18.1/nios2eds/bin/gnu/H-x86_64-pc-linux-gnu/bin/../lib/gcc/nios2-elf/5.3.0/../../../../../H-x86_64-pc-linux-gnu/nios2-elf/lib/libsmallc.a(lib_a-memmove.o)
 .comment       0x0000000000000023       0x24 /home/lheywang/intelFPGA_lite/18.1/nios2eds/bin/gnu/H-x86_64-pc-linux-gnu/bin/../lib/gcc/nios2-elf/5.3.0/../../../../../H-x86_64-pc-linux-gnu/nios2-elf/lib/libsmallc.a(lib_a-writer.o)
 .comment       0x0000000000000023       0x24 /home/lheywang/intelFPGA_lite/18.1/nios2eds/bin/gnu/H-x86_64-pc-linux-gnu/bin/../lib/gcc/nios2-elf/5.3.0/../../../../../H-x86_64-pc-linux-gnu/nios2-elf/lib/libsmallc.a(lib_a-int_errno.o)
 .comment       0x0000000000000023       0x24 /home/lheywang/intelFPGA_lite/18.1/nios2eds/bin/gnu/H-x86_64-pc-linux-gnu/bin/../lib/gcc/nios2-elf/5.3.0/libgcc.a(lib2-divmod.o)
 .comment       0x0000000000000023       0x24 ../tutorial_soft_bsp//libhal_bsp.a(alt_load.o)
 .comment       0x0000000000000023       0x24 ../tutorial_soft_bsp//libhal_bsp.a(alt_main.o)
 .comment       0x0000000000000023       0x24 ../tutorial_soft_bsp//libhal_bsp.a(alt_write.o)
 .comment       0x0000000000000023       0x24 ../tutorial_soft_bsp//libhal_bsp.a(alt_sys_init.o)
 .comment       0x0000000000000023       0x24 ../tutorial_soft_bsp//libhal_bsp.a(altera_avalon_jtag_uart_fd.o)
 .comment       0x0000000000000023       0x24 ../tutorial_soft_bsp//libhal_bsp.a(altera_avalon_jtag_uart_read.o)
 .comment       0x0000000000000023       0x24 ../tutorial_soft_bsp//libhal_bsp.a(altera_avalon_jtag_uart_write.o)
 .comment       0x0000000000000023       0x24 ../tutorial_soft_bsp//libhal_bsp.a(altera_avalon_timer_sc.o)
 .comment       0x0000000000000023       0x24 ../tutorial_soft_bsp//libhal_bsp.a(alt_close.o)
 .comment       0x0000000000000023       0x24 ../tutorial_soft_bsp//libhal_bsp.a(alt_dcache_flush_all.o)
 .comment       0x0000000000000023       0x24 ../tutorial_soft_bsp//libhal_bsp.a(alt_dev.o)
 .comment       0x0000000000000023       0x24 ../tutorial_soft_bsp//libhal_bsp.a(alt_dev_llist_insert.o)
 .comment       0x0000000000000023       0x24 ../tutorial_soft_bsp//libhal_bsp.a(alt_errno.o)
 .comment       0x0000000000000023       0x24 ../tutorial_soft_bsp//libhal_bsp.a(alt_icache_flush_all.o)
 .comment       0x0000000000000023       0x24 ../tutorial_soft_bsp//libhal_bsp.a(alt_iic.o)
 .comment       0x0000000000000023       0x24 ../tutorial_soft_bsp//libhal_bsp.a(alt_iic_isr_register.o)
 .comment       0x0000000000000023       0x24 ../tutorial_soft_bsp//libhal_bsp.a(alt_io_redirect.o)
 .comment       0x0000000000000023       0x24 ../tutorial_soft_bsp//libhal_bsp.a(alt_irq_handler.o)
 .comment       0x0000000000000023       0x24 ../tutorial_soft_bsp//libhal_bsp.a(alt_irq_vars.o)
 .comment       0x0000000000000023       0x24 ../tutorial_soft_bsp//libhal_bsp.a(alt_open.o)
 .comment       0x0000000000000023       0x24 ../tutorial_soft_bsp//libhal_bsp.a(alt_release_fd.o)
 .comment       0x0000000000000023       0x24 ../tutorial_soft_bsp//libhal_bsp.a(alt_tick.o)
 .comment       0x0000000000000023       0x24 ../tutorial_soft_bsp//libhal_bsp.a(altera_nios2_gen2_irq.o)
 .comment       0x0000000000000023       0x24 ../tutorial_soft_bsp//libhal_bsp.a(alt_find_dev.o)
 .comment       0x0000000000000023       0x24 ../tutorial_soft_bsp//libhal_bsp.a(alt_find_file.o)
 .comment       0x0000000000000023       0x24 ../tutorial_soft_bsp//libhal_bsp.a(alt_get_fd.o)
 .comment       0x0000000000000023       0x24 ../tutorial_soft_bsp//libhal_bsp.a(alt_icache_flush.o)
 .comment       0x0000000000000023       0x24 ../tutorial_soft_bsp//libhal_bsp.a(alt_instruction_exception_entry.o)
 .comment       0x0000000000000023       0x24 /home/lheywang/intelFPGA_lite/18.1/nios2eds/bin/gnu/H-x86_64-pc-linux-gnu/bin/../lib/gcc/nios2-elf/5.3.0/../../../../../H-x86_64-pc-linux-gnu/nios2-elf/lib/libsmallc.a(lib_a-exit.o)
 .comment       0x0000000000000023       0x24 /home/lheywang/intelFPGA_lite/18.1/nios2eds/bin/gnu/H-x86_64-pc-linux-gnu/bin/../lib/gcc/nios2-elf/5.3.0/../../../../../H-x86_64-pc-linux-gnu/nios2-elf/lib/libsmallc.a(lib_a-memcmp.o)
 .comment       0x0000000000000023       0x24 /home/lheywang/intelFPGA_lite/18.1/nios2eds/bin/gnu/H-x86_64-pc-linux-gnu/bin/../lib/gcc/nios2-elf/5.3.0/../../../../../H-x86_64-pc-linux-gnu/nios2-elf/lib/libsmallc.a(lib_a-__call_atexit.o)
 .comment       0x0000000000000023       0x24 ../tutorial_soft_bsp//libhal_bsp.a(alt_exit.o)

.debug
 *(.debug)

.line
 *(.line)

.debug_srcinfo
 *(.debug_srcinfo)

.debug_sfnames
 *(.debug_sfnames)

.debug_aranges  0x0000000000000000      0x828
 *(.debug_aranges)
 .debug_aranges
                0x0000000000000000       0x28 ../tutorial_soft_bsp//obj/HAL/src/crt0.o
 .debug_aranges
                0x0000000000000028       0x20 obj/default/hello_world.o
 .debug_aranges
                0x0000000000000048       0x20 obj/default/hex/hex.o
 .debug_aranges
                0x0000000000000068       0x20 /home/lheywang/intelFPGA_lite/18.1/nios2eds/bin/gnu/H-x86_64-pc-linux-gnu/bin/../lib/gcc/nios2-elf/5.3.0/../../../../../H-x86_64-pc-linux-gnu/nios2-elf/lib/libm.a(lib_a-s_floor.o)
 .debug_aranges
                0x0000000000000088       0x20 /home/lheywang/intelFPGA_lite/18.1/nios2eds/bin/gnu/H-x86_64-pc-linux-gnu/bin/../lib/gcc/nios2-elf/5.3.0/libgcc.a(addsf3.o)
 .debug_aranges
                0x00000000000000a8       0x20 /home/lheywang/intelFPGA_lite/18.1/nios2eds/bin/gnu/H-x86_64-pc-linux-gnu/bin/../lib/gcc/nios2-elf/5.3.0/libgcc.a(divsf3.o)
 .debug_aranges
                0x00000000000000c8       0x20 /home/lheywang/intelFPGA_lite/18.1/nios2eds/bin/gnu/H-x86_64-pc-linux-gnu/bin/../lib/gcc/nios2-elf/5.3.0/libgcc.a(mulsf3.o)
 .debug_aranges
                0x00000000000000e8       0x20 /home/lheywang/intelFPGA_lite/18.1/nios2eds/bin/gnu/H-x86_64-pc-linux-gnu/bin/../lib/gcc/nios2-elf/5.3.0/libgcc.a(subsf3.o)
 .debug_aranges
                0x0000000000000108       0x20 /home/lheywang/intelFPGA_lite/18.1/nios2eds/bin/gnu/H-x86_64-pc-linux-gnu/bin/../lib/gcc/nios2-elf/5.3.0/libgcc.a(fixsfsi.o)
 .debug_aranges
                0x0000000000000128       0x20 /home/lheywang/intelFPGA_lite/18.1/nios2eds/bin/gnu/H-x86_64-pc-linux-gnu/bin/../lib/gcc/nios2-elf/5.3.0/libgcc.a(floatsisf.o)
 .debug_aranges
                0x0000000000000148       0x20 /home/lheywang/intelFPGA_lite/18.1/nios2eds/bin/gnu/H-x86_64-pc-linux-gnu/bin/../lib/gcc/nios2-elf/5.3.0/libgcc.a(adddf3.o)
 .debug_aranges
                0x0000000000000168       0x20 /home/lheywang/intelFPGA_lite/18.1/nios2eds/bin/gnu/H-x86_64-pc-linux-gnu/bin/../lib/gcc/nios2-elf/5.3.0/libgcc.a(gedf2.o)
 .debug_aranges
                0x0000000000000188       0x20 /home/lheywang/intelFPGA_lite/18.1/nios2eds/bin/gnu/H-x86_64-pc-linux-gnu/bin/../lib/gcc/nios2-elf/5.3.0/libgcc.a(fixdfsi.o)
 .debug_aranges
                0x00000000000001a8       0x20 /home/lheywang/intelFPGA_lite/18.1/nios2eds/bin/gnu/H-x86_64-pc-linux-gnu/bin/../lib/gcc/nios2-elf/5.3.0/libgcc.a(extendsfdf2.o)
 .debug_aranges
                0x00000000000001c8       0x20 /home/lheywang/intelFPGA_lite/18.1/nios2eds/bin/gnu/H-x86_64-pc-linux-gnu/bin/../lib/gcc/nios2-elf/5.3.0/libgcc.a(_clzsi2.o)
 .debug_aranges
                0x00000000000001e8       0x18 /home/lheywang/intelFPGA_lite/18.1/nios2eds/bin/gnu/H-x86_64-pc-linux-gnu/bin/../lib/gcc/nios2-elf/5.3.0/libgcc.a(_clz.o)
 .debug_aranges
                0x0000000000000200       0x28 /home/lheywang/intelFPGA_lite/18.1/nios2eds/bin/gnu/H-x86_64-pc-linux-gnu/bin/../lib/gcc/nios2-elf/5.3.0/../../../../../H-x86_64-pc-linux-gnu/nios2-elf/lib/libsmallc.a(lib_a-printf.o)
 .debug_aranges
                0x0000000000000228       0x28 /home/lheywang/intelFPGA_lite/18.1/nios2eds/bin/gnu/H-x86_64-pc-linux-gnu/bin/../lib/gcc/nios2-elf/5.3.0/../../../../../H-x86_64-pc-linux-gnu/nios2-elf/lib/libsmallc.a(lib_a-puts.o)
 .debug_aranges
                0x0000000000000250       0x28 /home/lheywang/intelFPGA_lite/18.1/nios2eds/bin/gnu/H-x86_64-pc-linux-gnu/bin/../lib/gcc/nios2-elf/5.3.0/../../../../../H-x86_64-pc-linux-gnu/nios2-elf/lib/libsmallc.a(lib_a-sprintf.o)
 .debug_aranges
                0x0000000000000278       0x20 /home/lheywang/intelFPGA_lite/18.1/nios2eds/bin/gnu/H-x86_64-pc-linux-gnu/bin/../lib/gcc/nios2-elf/5.3.0/../../../../../H-x86_64-pc-linux-gnu/nios2-elf/lib/libsmallc.a(lib_a-strlen.o)
 .debug_aranges
                0x0000000000000298       0x30 /home/lheywang/intelFPGA_lite/18.1/nios2eds/bin/gnu/H-x86_64-pc-linux-gnu/bin/../lib/gcc/nios2-elf/5.3.0/../../../../../H-x86_64-pc-linux-gnu/nios2-elf/lib/libsmallc.a(lib_a-svfprintf.o)
 .debug_aranges
                0x00000000000002c8       0x30 /home/lheywang/intelFPGA_lite/18.1/nios2eds/bin/gnu/H-x86_64-pc-linux-gnu/bin/../lib/gcc/nios2-elf/5.3.0/../../../../../H-x86_64-pc-linux-gnu/nios2-elf/lib/libsmallc.a(lib_a-vfprintf.o)
 .debug_aranges
                0x00000000000002f8       0x20 /home/lheywang/intelFPGA_lite/18.1/nios2eds/bin/gnu/H-x86_64-pc-linux-gnu/bin/../lib/gcc/nios2-elf/5.3.0/../../../../../H-x86_64-pc-linux-gnu/nios2-elf/lib/libsmallc.a(lib_a-fvwrite_small_dev.o)
 .debug_aranges
                0x0000000000000318       0x20 /home/lheywang/intelFPGA_lite/18.1/nios2eds/bin/gnu/H-x86_64-pc-linux-gnu/bin/../lib/gcc/nios2-elf/5.3.0/../../../../../H-x86_64-pc-linux-gnu/nios2-elf/lib/libsmallc.a(lib_a-fvwrite_small_str.o)
 .debug_aranges
                0x0000000000000338       0x18 /home/lheywang/intelFPGA_lite/18.1/nios2eds/bin/gnu/H-x86_64-pc-linux-gnu/bin/../lib/gcc/nios2-elf/5.3.0/../../../../../H-x86_64-pc-linux-gnu/nios2-elf/lib/libsmallc.a(lib_a-impure.o)
 .debug_aranges
                0x0000000000000350       0x20 /home/lheywang/intelFPGA_lite/18.1/nios2eds/bin/gnu/H-x86_64-pc-linux-gnu/bin/../lib/gcc/nios2-elf/5.3.0/../../../../../H-x86_64-pc-linux-gnu/nios2-elf/lib/libsmallc.a(lib_a-memmove.o)
 .debug_aranges
                0x0000000000000370       0x20 /home/lheywang/intelFPGA_lite/18.1/nios2eds/bin/gnu/H-x86_64-pc-linux-gnu/bin/../lib/gcc/nios2-elf/5.3.0/../../../../../H-x86_64-pc-linux-gnu/nios2-elf/lib/libsmallc.a(lib_a-writer.o)
 .debug_aranges
                0x0000000000000390       0x18 /home/lheywang/intelFPGA_lite/18.1/nios2eds/bin/gnu/H-x86_64-pc-linux-gnu/bin/../lib/gcc/nios2-elf/5.3.0/../../../../../H-x86_64-pc-linux-gnu/nios2-elf/lib/libsmallc.a(lib_a-int_errno.o)
 .debug_aranges
                0x00000000000003a8       0x20 /home/lheywang/intelFPGA_lite/18.1/nios2eds/bin/gnu/H-x86_64-pc-linux-gnu/bin/../lib/gcc/nios2-elf/5.3.0/libgcc.a(lib2-divmod.o)
 .debug_aranges
                0x00000000000003c8       0x20 ../tutorial_soft_bsp//libhal_bsp.a(alt_load.o)
 .debug_aranges
                0x00000000000003e8       0x20 ../tutorial_soft_bsp//libhal_bsp.a(alt_main.o)
 .debug_aranges
                0x0000000000000408       0x20 ../tutorial_soft_bsp//libhal_bsp.a(alt_write.o)
 .debug_aranges
                0x0000000000000428       0x20 ../tutorial_soft_bsp//libhal_bsp.a(alt_sys_init.o)
 .debug_aranges
                0x0000000000000448       0x20 ../tutorial_soft_bsp//libhal_bsp.a(altera_avalon_jtag_uart_fd.o)
 .debug_aranges
                0x0000000000000468       0x20 ../tutorial_soft_bsp//libhal_bsp.a(altera_avalon_jtag_uart_read.o)
 .debug_aranges
                0x0000000000000488       0x20 ../tutorial_soft_bsp//libhal_bsp.a(altera_avalon_jtag_uart_write.o)
 .debug_aranges
                0x00000000000004a8       0x20 ../tutorial_soft_bsp//libhal_bsp.a(altera_avalon_timer_sc.o)
 .debug_aranges
                0x00000000000004c8       0x20 ../tutorial_soft_bsp//libhal_bsp.a(alt_close.o)
 .debug_aranges
                0x00000000000004e8       0x20 ../tutorial_soft_bsp//libhal_bsp.a(alt_dcache_flush_all.o)
 .debug_aranges
                0x0000000000000508       0x20 ../tutorial_soft_bsp//libhal_bsp.a(alt_dev.o)
 .debug_aranges
                0x0000000000000528       0x20 ../tutorial_soft_bsp//libhal_bsp.a(alt_dev_llist_insert.o)
 .debug_aranges
                0x0000000000000548       0x18 ../tutorial_soft_bsp//libhal_bsp.a(alt_errno.o)
 .debug_aranges
                0x0000000000000560       0x20 ../tutorial_soft_bsp//libhal_bsp.a(alt_icache_flush_all.o)
 .debug_aranges
                0x0000000000000580       0x20 ../tutorial_soft_bsp//libhal_bsp.a(alt_iic.o)
 .debug_aranges
                0x00000000000005a0       0x20 ../tutorial_soft_bsp//libhal_bsp.a(alt_iic_isr_register.o)
 .debug_aranges
                0x00000000000005c0       0x20 ../tutorial_soft_bsp//libhal_bsp.a(alt_io_redirect.o)
 .debug_aranges
                0x00000000000005e0       0x30 ../tutorial_soft_bsp//libhal_bsp.a(alt_irq_entry.o)
 .debug_aranges
                0x0000000000000610       0x20 ../tutorial_soft_bsp//libhal_bsp.a(alt_irq_handler.o)
 .debug_aranges
                0x0000000000000630       0x18 ../tutorial_soft_bsp//libhal_bsp.a(alt_irq_vars.o)
 .debug_aranges
                0x0000000000000648       0x20 ../tutorial_soft_bsp//libhal_bsp.a(alt_open.o)
 .debug_aranges
                0x0000000000000668       0x20 ../tutorial_soft_bsp//libhal_bsp.a(alt_release_fd.o)
 .debug_aranges
                0x0000000000000688       0x20 ../tutorial_soft_bsp//libhal_bsp.a(alt_tick.o)
 .debug_aranges
                0x00000000000006a8       0x20 ../tutorial_soft_bsp//libhal_bsp.a(altera_nios2_gen2_irq.o)
 .debug_aranges
                0x00000000000006c8       0x38 ../tutorial_soft_bsp//libhal_bsp.a(alt_exception_entry.o)
 .debug_aranges
                0x0000000000000700       0x20 ../tutorial_soft_bsp//libhal_bsp.a(alt_find_dev.o)
 .debug_aranges
                0x0000000000000720       0x20 ../tutorial_soft_bsp//libhal_bsp.a(alt_find_file.o)
 .debug_aranges
                0x0000000000000740       0x20 ../tutorial_soft_bsp//libhal_bsp.a(alt_get_fd.o)
 .debug_aranges
                0x0000000000000760       0x20 ../tutorial_soft_bsp//libhal_bsp.a(alt_icache_flush.o)
 .debug_aranges
                0x0000000000000780       0x28 ../tutorial_soft_bsp//libhal_bsp.a(alt_instruction_exception_entry.o)
 .debug_aranges
                0x00000000000007a8       0x20 /home/lheywang/intelFPGA_lite/18.1/nios2eds/bin/gnu/H-x86_64-pc-linux-gnu/bin/../lib/gcc/nios2-elf/5.3.0/../../../../../H-x86_64-pc-linux-gnu/nios2-elf/lib/libsmallc.a(lib_a-exit.o)
 .debug_aranges
                0x00000000000007c8       0x20 /home/lheywang/intelFPGA_lite/18.1/nios2eds/bin/gnu/H-x86_64-pc-linux-gnu/bin/../lib/gcc/nios2-elf/5.3.0/../../../../../H-x86_64-pc-linux-gnu/nios2-elf/lib/libsmallc.a(lib_a-memcmp.o)
 .debug_aranges
                0x00000000000007e8       0x20 /home/lheywang/intelFPGA_lite/18.1/nios2eds/bin/gnu/H-x86_64-pc-linux-gnu/bin/../lib/gcc/nios2-elf/5.3.0/../../../../../H-x86_64-pc-linux-gnu/nios2-elf/lib/libsmallc.a(lib_a-__call_atexit.o)
 .debug_aranges
                0x0000000000000808       0x20 ../tutorial_soft_bsp//libhal_bsp.a(alt_exit.o)

.debug_pubnames
 *(.debug_pubnames)

.debug_info     0x0000000000000000     0xb435
 *(.debug_info .gnu.linkonce.wi.*)
 .debug_info    0x0000000000000000       0x6f ../tutorial_soft_bsp//obj/HAL/src/crt0.o
 .debug_info    0x000000000000006f      0x167 obj/default/hello_world.o
 .debug_info    0x00000000000001d6      0x1bd obj/default/hex/hex.o
 .debug_info    0x0000000000000393      0x190 /home/lheywang/intelFPGA_lite/18.1/nios2eds/bin/gnu/H-x86_64-pc-linux-gnu/bin/../lib/gcc/nios2-elf/5.3.0/../../../../../H-x86_64-pc-linux-gnu/nios2-elf/lib/libm.a(lib_a-s_floor.o)
 .debug_info    0x0000000000000523      0x2b7 /home/lheywang/intelFPGA_lite/18.1/nios2eds/bin/gnu/H-x86_64-pc-linux-gnu/bin/../lib/gcc/nios2-elf/5.3.0/libgcc.a(addsf3.o)
 .debug_info    0x00000000000007da      0x2b7 /home/lheywang/intelFPGA_lite/18.1/nios2eds/bin/gnu/H-x86_64-pc-linux-gnu/bin/../lib/gcc/nios2-elf/5.3.0/libgcc.a(divsf3.o)
 .debug_info    0x0000000000000a91      0x31d /home/lheywang/intelFPGA_lite/18.1/nios2eds/bin/gnu/H-x86_64-pc-linux-gnu/bin/../lib/gcc/nios2-elf/5.3.0/libgcc.a(mulsf3.o)
 .debug_info    0x0000000000000dae      0x2b7 /home/lheywang/intelFPGA_lite/18.1/nios2eds/bin/gnu/H-x86_64-pc-linux-gnu/bin/../lib/gcc/nios2-elf/5.3.0/libgcc.a(subsf3.o)
 .debug_info    0x0000000000001065      0x18b /home/lheywang/intelFPGA_lite/18.1/nios2eds/bin/gnu/H-x86_64-pc-linux-gnu/bin/../lib/gcc/nios2-elf/5.3.0/libgcc.a(fixsfsi.o)
 .debug_info    0x00000000000011f0      0x1c7 /home/lheywang/intelFPGA_lite/18.1/nios2eds/bin/gnu/H-x86_64-pc-linux-gnu/bin/../lib/gcc/nios2-elf/5.3.0/libgcc.a(floatsisf.o)
 .debug_info    0x00000000000013b7      0x4a2 /home/lheywang/intelFPGA_lite/18.1/nios2eds/bin/gnu/H-x86_64-pc-linux-gnu/bin/../lib/gcc/nios2-elf/5.3.0/libgcc.a(adddf3.o)
 .debug_info    0x0000000000001859      0x202 /home/lheywang/intelFPGA_lite/18.1/nios2eds/bin/gnu/H-x86_64-pc-linux-gnu/bin/../lib/gcc/nios2-elf/5.3.0/libgcc.a(gedf2.o)
 .debug_info    0x0000000000001a5b      0x1ae /home/lheywang/intelFPGA_lite/18.1/nios2eds/bin/gnu/H-x86_64-pc-linux-gnu/bin/../lib/gcc/nios2-elf/5.3.0/libgcc.a(fixdfsi.o)
 .debug_info    0x0000000000001c09      0x248 /home/lheywang/intelFPGA_lite/18.1/nios2eds/bin/gnu/H-x86_64-pc-linux-gnu/bin/../lib/gcc/nios2-elf/5.3.0/libgcc.a(extendsfdf2.o)
 .debug_info    0x0000000000001e51      0x124 /home/lheywang/intelFPGA_lite/18.1/nios2eds/bin/gnu/H-x86_64-pc-linux-gnu/bin/../lib/gcc/nios2-elf/5.3.0/libgcc.a(_clzsi2.o)
 .debug_info    0x0000000000001f75       0xb2 /home/lheywang/intelFPGA_lite/18.1/nios2eds/bin/gnu/H-x86_64-pc-linux-gnu/bin/../lib/gcc/nios2-elf/5.3.0/libgcc.a(_clz.o)
 .debug_info    0x0000000000002027      0x699 /home/lheywang/intelFPGA_lite/18.1/nios2eds/bin/gnu/H-x86_64-pc-linux-gnu/bin/../lib/gcc/nios2-elf/5.3.0/../../../../../H-x86_64-pc-linux-gnu/nios2-elf/lib/libsmallc.a(lib_a-printf.o)
 .debug_info    0x00000000000026c0      0x66d /home/lheywang/intelFPGA_lite/18.1/nios2eds/bin/gnu/H-x86_64-pc-linux-gnu/bin/../lib/gcc/nios2-elf/5.3.0/../../../../../H-x86_64-pc-linux-gnu/nios2-elf/lib/libsmallc.a(lib_a-puts.o)
 .debug_info    0x0000000000002d2d      0x7d9 /home/lheywang/intelFPGA_lite/18.1/nios2eds/bin/gnu/H-x86_64-pc-linux-gnu/bin/../lib/gcc/nios2-elf/5.3.0/../../../../../H-x86_64-pc-linux-gnu/nios2-elf/lib/libsmallc.a(lib_a-sprintf.o)
 .debug_info    0x0000000000003506       0xc9 /home/lheywang/intelFPGA_lite/18.1/nios2eds/bin/gnu/H-x86_64-pc-linux-gnu/bin/../lib/gcc/nios2-elf/5.3.0/../../../../../H-x86_64-pc-linux-gnu/nios2-elf/lib/libsmallc.a(lib_a-strlen.o)
 .debug_info    0x00000000000035cf      0xb2b /home/lheywang/intelFPGA_lite/18.1/nios2eds/bin/gnu/H-x86_64-pc-linux-gnu/bin/../lib/gcc/nios2-elf/5.3.0/../../../../../H-x86_64-pc-linux-gnu/nios2-elf/lib/libsmallc.a(lib_a-svfprintf.o)
 .debug_info    0x00000000000040fa      0xb2b /home/lheywang/intelFPGA_lite/18.1/nios2eds/bin/gnu/H-x86_64-pc-linux-gnu/bin/../lib/gcc/nios2-elf/5.3.0/../../../../../H-x86_64-pc-linux-gnu/nios2-elf/lib/libsmallc.a(lib_a-vfprintf.o)
 .debug_info    0x0000000000004c25      0x62b /home/lheywang/intelFPGA_lite/18.1/nios2eds/bin/gnu/H-x86_64-pc-linux-gnu/bin/../lib/gcc/nios2-elf/5.3.0/../../../../../H-x86_64-pc-linux-gnu/nios2-elf/lib/libsmallc.a(lib_a-fvwrite_small_dev.o)
 .debug_info    0x0000000000005250      0x700 /home/lheywang/intelFPGA_lite/18.1/nios2eds/bin/gnu/H-x86_64-pc-linux-gnu/bin/../lib/gcc/nios2-elf/5.3.0/../../../../../H-x86_64-pc-linux-gnu/nios2-elf/lib/libsmallc.a(lib_a-fvwrite_small_str.o)
 .debug_info    0x0000000000005950      0x5a9 /home/lheywang/intelFPGA_lite/18.1/nios2eds/bin/gnu/H-x86_64-pc-linux-gnu/bin/../lib/gcc/nios2-elf/5.3.0/../../../../../H-x86_64-pc-linux-gnu/nios2-elf/lib/libsmallc.a(lib_a-impure.o)
 .debug_info    0x0000000000005ef9      0x10b /home/lheywang/intelFPGA_lite/18.1/nios2eds/bin/gnu/H-x86_64-pc-linux-gnu/bin/../lib/gcc/nios2-elf/5.3.0/../../../../../H-x86_64-pc-linux-gnu/nios2-elf/lib/libsmallc.a(lib_a-memmove.o)
 .debug_info    0x0000000000006004      0x630 /home/lheywang/intelFPGA_lite/18.1/nios2eds/bin/gnu/H-x86_64-pc-linux-gnu/bin/../lib/gcc/nios2-elf/5.3.0/../../../../../H-x86_64-pc-linux-gnu/nios2-elf/lib/libsmallc.a(lib_a-writer.o)
 .debug_info    0x0000000000006634       0x8a /home/lheywang/intelFPGA_lite/18.1/nios2eds/bin/gnu/H-x86_64-pc-linux-gnu/bin/../lib/gcc/nios2-elf/5.3.0/../../../../../H-x86_64-pc-linux-gnu/nios2-elf/lib/libsmallc.a(lib_a-int_errno.o)
 .debug_info    0x00000000000066be      0x2c6 /home/lheywang/intelFPGA_lite/18.1/nios2eds/bin/gnu/H-x86_64-pc-linux-gnu/bin/../lib/gcc/nios2-elf/5.3.0/libgcc.a(lib2-divmod.o)
 .debug_info    0x0000000000006984      0x145 ../tutorial_soft_bsp//libhal_bsp.a(alt_load.o)
 .debug_info    0x0000000000006ac9      0x131 ../tutorial_soft_bsp//libhal_bsp.a(alt_main.o)
 .debug_info    0x0000000000006bfa      0x4b7 ../tutorial_soft_bsp//libhal_bsp.a(alt_write.o)
 .debug_info    0x00000000000070b1      0x3df ../tutorial_soft_bsp//libhal_bsp.a(alt_sys_init.o)
 .debug_info    0x0000000000007490      0x3a7 ../tutorial_soft_bsp//libhal_bsp.a(altera_avalon_jtag_uart_fd.o)
 .debug_info    0x0000000000007837      0x1b2 ../tutorial_soft_bsp//libhal_bsp.a(altera_avalon_jtag_uart_read.o)
 .debug_info    0x00000000000079e9      0x195 ../tutorial_soft_bsp//libhal_bsp.a(altera_avalon_jtag_uart_write.o)
 .debug_info    0x0000000000007b7e      0x226 ../tutorial_soft_bsp//libhal_bsp.a(altera_avalon_timer_sc.o)
 .debug_info    0x0000000000007da4      0x321 ../tutorial_soft_bsp//libhal_bsp.a(alt_close.o)
 .debug_info    0x00000000000080c5       0x92 ../tutorial_soft_bsp//libhal_bsp.a(alt_dcache_flush_all.o)
 .debug_info    0x0000000000008157      0x49c ../tutorial_soft_bsp//libhal_bsp.a(alt_dev.o)
 .debug_info    0x00000000000085f3      0x1a9 ../tutorial_soft_bsp//libhal_bsp.a(alt_dev_llist_insert.o)
 .debug_info    0x000000000000879c       0xa6 ../tutorial_soft_bsp//libhal_bsp.a(alt_errno.o)
 .debug_info    0x0000000000008842       0x92 ../tutorial_soft_bsp//libhal_bsp.a(alt_icache_flush_all.o)
 .debug_info    0x00000000000088d4      0x350 ../tutorial_soft_bsp//libhal_bsp.a(alt_iic.o)
 .debug_info    0x0000000000008c24      0x1ef ../tutorial_soft_bsp//libhal_bsp.a(alt_iic_isr_register.o)
 .debug_info    0x0000000000008e13      0x4a5 ../tutorial_soft_bsp//libhal_bsp.a(alt_io_redirect.o)
 .debug_info    0x00000000000092b8       0x78 ../tutorial_soft_bsp//libhal_bsp.a(alt_irq_entry.o)
 .debug_info    0x0000000000009330      0x187 ../tutorial_soft_bsp//libhal_bsp.a(alt_irq_handler.o)
 .debug_info    0x00000000000094b7       0x88 ../tutorial_soft_bsp//libhal_bsp.a(alt_irq_vars.o)
 .debug_info    0x000000000000953f      0x3bb ../tutorial_soft_bsp//libhal_bsp.a(alt_open.o)
 .debug_info    0x00000000000098fa      0x2b0 ../tutorial_soft_bsp//libhal_bsp.a(alt_release_fd.o)
 .debug_info    0x0000000000009baa      0x299 ../tutorial_soft_bsp//libhal_bsp.a(alt_tick.o)
 .debug_info    0x0000000000009e43       0x92 ../tutorial_soft_bsp//libhal_bsp.a(altera_nios2_gen2_irq.o)
 .debug_info    0x0000000000009ed5       0x7e ../tutorial_soft_bsp//libhal_bsp.a(alt_exception_entry.o)
 .debug_info    0x0000000000009f53      0x2e9 ../tutorial_soft_bsp//libhal_bsp.a(alt_find_dev.o)
 .debug_info    0x000000000000a23c      0x2e6 ../tutorial_soft_bsp//libhal_bsp.a(alt_find_file.o)
 .debug_info    0x000000000000a522      0x310 ../tutorial_soft_bsp//libhal_bsp.a(alt_get_fd.o)
 .debug_info    0x000000000000a832       0xdc ../tutorial_soft_bsp//libhal_bsp.a(alt_icache_flush.o)
 .debug_info    0x000000000000a90e      0x1e7 ../tutorial_soft_bsp//libhal_bsp.a(alt_instruction_exception_entry.o)
 .debug_info    0x000000000000aaf5       0xe5 /home/lheywang/intelFPGA_lite/18.1/nios2eds/bin/gnu/H-x86_64-pc-linux-gnu/bin/../lib/gcc/nios2-elf/5.3.0/../../../../../H-x86_64-pc-linux-gnu/nios2-elf/lib/libsmallc.a(lib_a-exit.o)
 .debug_info    0x000000000000abda       0xf4 /home/lheywang/intelFPGA_lite/18.1/nios2eds/bin/gnu/H-x86_64-pc-linux-gnu/bin/../lib/gcc/nios2-elf/5.3.0/../../../../../H-x86_64-pc-linux-gnu/nios2-elf/lib/libsmallc.a(lib_a-memcmp.o)
 .debug_info    0x000000000000acce      0x67b /home/lheywang/intelFPGA_lite/18.1/nios2eds/bin/gnu/H-x86_64-pc-linux-gnu/bin/../lib/gcc/nios2-elf/5.3.0/../../../../../H-x86_64-pc-linux-gnu/nios2-elf/lib/libsmallc.a(lib_a-__call_atexit.o)
 .debug_info    0x000000000000b349       0xec ../tutorial_soft_bsp//libhal_bsp.a(alt_exit.o)

.debug_abbrev   0x0000000000000000     0x4012
 *(.debug_abbrev)
 .debug_abbrev  0x0000000000000000       0x12 ../tutorial_soft_bsp//obj/HAL/src/crt0.o
 .debug_abbrev  0x0000000000000012       0xa2 obj/default/hello_world.o
 .debug_abbrev  0x00000000000000b4       0xe1 obj/default/hex/hex.o
 .debug_abbrev  0x0000000000000195       0xe0 /home/lheywang/intelFPGA_lite/18.1/nios2eds/bin/gnu/H-x86_64-pc-linux-gnu/bin/../lib/gcc/nios2-elf/5.3.0/../../../../../H-x86_64-pc-linux-gnu/nios2-elf/lib/libm.a(lib_a-s_floor.o)
 .debug_abbrev  0x0000000000000275      0x13c /home/lheywang/intelFPGA_lite/18.1/nios2eds/bin/gnu/H-x86_64-pc-linux-gnu/bin/../lib/gcc/nios2-elf/5.3.0/libgcc.a(addsf3.o)
 .debug_abbrev  0x00000000000003b1      0x120 /home/lheywang/intelFPGA_lite/18.1/nios2eds/bin/gnu/H-x86_64-pc-linux-gnu/bin/../lib/gcc/nios2-elf/5.3.0/libgcc.a(divsf3.o)
 .debug_abbrev  0x00000000000004d1      0x12d /home/lheywang/intelFPGA_lite/18.1/nios2eds/bin/gnu/H-x86_64-pc-linux-gnu/bin/../lib/gcc/nios2-elf/5.3.0/libgcc.a(mulsf3.o)
 .debug_abbrev  0x00000000000005fe      0x13a /home/lheywang/intelFPGA_lite/18.1/nios2eds/bin/gnu/H-x86_64-pc-linux-gnu/bin/../lib/gcc/nios2-elf/5.3.0/libgcc.a(subsf3.o)
 .debug_abbrev  0x0000000000000738      0x135 /home/lheywang/intelFPGA_lite/18.1/nios2eds/bin/gnu/H-x86_64-pc-linux-gnu/bin/../lib/gcc/nios2-elf/5.3.0/libgcc.a(fixsfsi.o)
 .debug_abbrev  0x000000000000086d      0x147 /home/lheywang/intelFPGA_lite/18.1/nios2eds/bin/gnu/H-x86_64-pc-linux-gnu/bin/../lib/gcc/nios2-elf/5.3.0/libgcc.a(floatsisf.o)
 .debug_abbrev  0x00000000000009b4      0x13a /home/lheywang/intelFPGA_lite/18.1/nios2eds/bin/gnu/H-x86_64-pc-linux-gnu/bin/../lib/gcc/nios2-elf/5.3.0/libgcc.a(adddf3.o)
 .debug_abbrev  0x0000000000000aee      0x137 /home/lheywang/intelFPGA_lite/18.1/nios2eds/bin/gnu/H-x86_64-pc-linux-gnu/bin/../lib/gcc/nios2-elf/5.3.0/libgcc.a(gedf2.o)
 .debug_abbrev  0x0000000000000c25      0x135 /home/lheywang/intelFPGA_lite/18.1/nios2eds/bin/gnu/H-x86_64-pc-linux-gnu/bin/../lib/gcc/nios2-elf/5.3.0/libgcc.a(fixdfsi.o)
 .debug_abbrev  0x0000000000000d5a      0x124 /home/lheywang/intelFPGA_lite/18.1/nios2eds/bin/gnu/H-x86_64-pc-linux-gnu/bin/../lib/gcc/nios2-elf/5.3.0/libgcc.a(extendsfdf2.o)
 .debug_abbrev  0x0000000000000e7e       0xbe /home/lheywang/intelFPGA_lite/18.1/nios2eds/bin/gnu/H-x86_64-pc-linux-gnu/bin/../lib/gcc/nios2-elf/5.3.0/libgcc.a(_clzsi2.o)
 .debug_abbrev  0x0000000000000f3c       0x5d /home/lheywang/intelFPGA_lite/18.1/nios2eds/bin/gnu/H-x86_64-pc-linux-gnu/bin/../lib/gcc/nios2-elf/5.3.0/libgcc.a(_clz.o)
 .debug_abbrev  0x0000000000000f99      0x1ee /home/lheywang/intelFPGA_lite/18.1/nios2eds/bin/gnu/H-x86_64-pc-linux-gnu/bin/../lib/gcc/nios2-elf/5.3.0/../../../../../H-x86_64-pc-linux-gnu/nios2-elf/lib/libsmallc.a(lib_a-printf.o)
 .debug_abbrev  0x0000000000001187      0x1d6 /home/lheywang/intelFPGA_lite/18.1/nios2eds/bin/gnu/H-x86_64-pc-linux-gnu/bin/../lib/gcc/nios2-elf/5.3.0/../../../../../H-x86_64-pc-linux-gnu/nios2-elf/lib/libsmallc.a(lib_a-puts.o)
 .debug_abbrev  0x000000000000135d      0x1d8 /home/lheywang/intelFPGA_lite/18.1/nios2eds/bin/gnu/H-x86_64-pc-linux-gnu/bin/../lib/gcc/nios2-elf/5.3.0/../../../../../H-x86_64-pc-linux-gnu/nios2-elf/lib/libsmallc.a(lib_a-sprintf.o)
 .debug_abbrev  0x0000000000001535       0x7f /home/lheywang/intelFPGA_lite/18.1/nios2eds/bin/gnu/H-x86_64-pc-linux-gnu/bin/../lib/gcc/nios2-elf/5.3.0/../../../../../H-x86_64-pc-linux-gnu/nios2-elf/lib/libsmallc.a(lib_a-strlen.o)
 .debug_abbrev  0x00000000000015b4      0x2a1 /home/lheywang/intelFPGA_lite/18.1/nios2eds/bin/gnu/H-x86_64-pc-linux-gnu/bin/../lib/gcc/nios2-elf/5.3.0/../../../../../H-x86_64-pc-linux-gnu/nios2-elf/lib/libsmallc.a(lib_a-svfprintf.o)
 .debug_abbrev  0x0000000000001855      0x2a1 /home/lheywang/intelFPGA_lite/18.1/nios2eds/bin/gnu/H-x86_64-pc-linux-gnu/bin/../lib/gcc/nios2-elf/5.3.0/../../../../../H-x86_64-pc-linux-gnu/nios2-elf/lib/libsmallc.a(lib_a-vfprintf.o)
 .debug_abbrev  0x0000000000001af6      0x1bc /home/lheywang/intelFPGA_lite/18.1/nios2eds/bin/gnu/H-x86_64-pc-linux-gnu/bin/../lib/gcc/nios2-elf/5.3.0/../../../../../H-x86_64-pc-linux-gnu/nios2-elf/lib/libsmallc.a(lib_a-fvwrite_small_dev.o)
 .debug_abbrev  0x0000000000001cb2      0x1b5 /home/lheywang/intelFPGA_lite/18.1/nios2eds/bin/gnu/H-x86_64-pc-linux-gnu/bin/../lib/gcc/nios2-elf/5.3.0/../../../../../H-x86_64-pc-linux-gnu/nios2-elf/lib/libsmallc.a(lib_a-fvwrite_small_str.o)
 .debug_abbrev  0x0000000000001e67      0x14a /home/lheywang/intelFPGA_lite/18.1/nios2eds/bin/gnu/H-x86_64-pc-linux-gnu/bin/../lib/gcc/nios2-elf/5.3.0/../../../../../H-x86_64-pc-linux-gnu/nios2-elf/lib/libsmallc.a(lib_a-impure.o)
 .debug_abbrev  0x0000000000001fb1       0x8d /home/lheywang/intelFPGA_lite/18.1/nios2eds/bin/gnu/H-x86_64-pc-linux-gnu/bin/../lib/gcc/nios2-elf/5.3.0/../../../../../H-x86_64-pc-linux-gnu/nios2-elf/lib/libsmallc.a(lib_a-memmove.o)
 .debug_abbrev  0x000000000000203e      0x1a6 /home/lheywang/intelFPGA_lite/18.1/nios2eds/bin/gnu/H-x86_64-pc-linux-gnu/bin/../lib/gcc/nios2-elf/5.3.0/../../../../../H-x86_64-pc-linux-gnu/nios2-elf/lib/libsmallc.a(lib_a-writer.o)
 .debug_abbrev  0x00000000000021e4       0x37 /home/lheywang/intelFPGA_lite/18.1/nios2eds/bin/gnu/H-x86_64-pc-linux-gnu/bin/../lib/gcc/nios2-elf/5.3.0/../../../../../H-x86_64-pc-linux-gnu/nios2-elf/lib/libsmallc.a(lib_a-int_errno.o)
 .debug_abbrev  0x000000000000221b      0x10e /home/lheywang/intelFPGA_lite/18.1/nios2eds/bin/gnu/H-x86_64-pc-linux-gnu/bin/../lib/gcc/nios2-elf/5.3.0/libgcc.a(lib2-divmod.o)
 .debug_abbrev  0x0000000000002329       0x9f ../tutorial_soft_bsp//libhal_bsp.a(alt_load.o)
 .debug_abbrev  0x00000000000023c8       0xba ../tutorial_soft_bsp//libhal_bsp.a(alt_main.o)
 .debug_abbrev  0x0000000000002482      0x133 ../tutorial_soft_bsp//libhal_bsp.a(alt_write.o)
 .debug_abbrev  0x00000000000025b5      0x157 ../tutorial_soft_bsp//libhal_bsp.a(alt_sys_init.o)
 .debug_abbrev  0x000000000000270c       0xf7 ../tutorial_soft_bsp//libhal_bsp.a(altera_avalon_jtag_uart_fd.o)
 .debug_abbrev  0x0000000000002803       0xd5 ../tutorial_soft_bsp//libhal_bsp.a(altera_avalon_jtag_uart_read.o)
 .debug_abbrev  0x00000000000028d8       0xd5 ../tutorial_soft_bsp//libhal_bsp.a(altera_avalon_jtag_uart_write.o)
 .debug_abbrev  0x00000000000029ad      0x155 ../tutorial_soft_bsp//libhal_bsp.a(altera_avalon_timer_sc.o)
 .debug_abbrev  0x0000000000002b02      0x11f ../tutorial_soft_bsp//libhal_bsp.a(alt_close.o)
 .debug_abbrev  0x0000000000002c21       0x42 ../tutorial_soft_bsp//libhal_bsp.a(alt_dcache_flush_all.o)
 .debug_abbrev  0x0000000000002c63       0xd9 ../tutorial_soft_bsp//libhal_bsp.a(alt_dev.o)
 .debug_abbrev  0x0000000000002d3c      0x114 ../tutorial_soft_bsp//libhal_bsp.a(alt_dev_llist_insert.o)
 .debug_abbrev  0x0000000000002e50       0x5a ../tutorial_soft_bsp//libhal_bsp.a(alt_errno.o)
 .debug_abbrev  0x0000000000002eaa       0x42 ../tutorial_soft_bsp//libhal_bsp.a(alt_icache_flush_all.o)
 .debug_abbrev  0x0000000000002eec      0x163 ../tutorial_soft_bsp//libhal_bsp.a(alt_iic.o)
 .debug_abbrev  0x000000000000304f      0x169 ../tutorial_soft_bsp//libhal_bsp.a(alt_iic_isr_register.o)
 .debug_abbrev  0x00000000000031b8      0x114 ../tutorial_soft_bsp//libhal_bsp.a(alt_io_redirect.o)
 .debug_abbrev  0x00000000000032cc       0x12 ../tutorial_soft_bsp//libhal_bsp.a(alt_irq_entry.o)
 .debug_abbrev  0x00000000000032de      0x122 ../tutorial_soft_bsp//libhal_bsp.a(alt_irq_handler.o)
 .debug_abbrev  0x0000000000003400       0x40 ../tutorial_soft_bsp//libhal_bsp.a(alt_irq_vars.o)
 .debug_abbrev  0x0000000000003440      0x148 ../tutorial_soft_bsp//libhal_bsp.a(alt_open.o)
 .debug_abbrev  0x0000000000003588       0xde ../tutorial_soft_bsp//libhal_bsp.a(alt_release_fd.o)
 .debug_abbrev  0x0000000000003666      0x15a ../tutorial_soft_bsp//libhal_bsp.a(alt_tick.o)
 .debug_abbrev  0x00000000000037c0       0x42 ../tutorial_soft_bsp//libhal_bsp.a(altera_nios2_gen2_irq.o)
 .debug_abbrev  0x0000000000003802       0x12 ../tutorial_soft_bsp//libhal_bsp.a(alt_exception_entry.o)
 .debug_abbrev  0x0000000000003814       0xf0 ../tutorial_soft_bsp//libhal_bsp.a(alt_find_dev.o)
 .debug_abbrev  0x0000000000003904       0xf0 ../tutorial_soft_bsp//libhal_bsp.a(alt_find_file.o)
 .debug_abbrev  0x00000000000039f4      0x10d ../tutorial_soft_bsp//libhal_bsp.a(alt_get_fd.o)
 .debug_abbrev  0x0000000000003b01       0x8c ../tutorial_soft_bsp//libhal_bsp.a(alt_icache_flush.o)
 .debug_abbrev  0x0000000000003b8d       0xdc ../tutorial_soft_bsp//libhal_bsp.a(alt_instruction_exception_entry.o)
 .debug_abbrev  0x0000000000003c69       0x8b /home/lheywang/intelFPGA_lite/18.1/nios2eds/bin/gnu/H-x86_64-pc-linux-gnu/bin/../lib/gcc/nios2-elf/5.3.0/../../../../../H-x86_64-pc-linux-gnu/nios2-elf/lib/libsmallc.a(lib_a-exit.o)
 .debug_abbrev  0x0000000000003cf4       0x7f /home/lheywang/intelFPGA_lite/18.1/nios2eds/bin/gnu/H-x86_64-pc-linux-gnu/bin/../lib/gcc/nios2-elf/5.3.0/../../../../../H-x86_64-pc-linux-gnu/nios2-elf/lib/libsmallc.a(lib_a-memcmp.o)
 .debug_abbrev  0x0000000000003d73      0x1f6 /home/lheywang/intelFPGA_lite/18.1/nios2eds/bin/gnu/H-x86_64-pc-linux-gnu/bin/../lib/gcc/nios2-elf/5.3.0/../../../../../H-x86_64-pc-linux-gnu/nios2-elf/lib/libsmallc.a(lib_a-__call_atexit.o)
 .debug_abbrev  0x0000000000003f69       0xa9 ../tutorial_soft_bsp//libhal_bsp.a(alt_exit.o)

.debug_line     0x0000000000000000     0x49ae
 *(.debug_line)
 .debug_line    0x0000000000000000       0x6c ../tutorial_soft_bsp//obj/HAL/src/crt0.o
 .debug_line    0x000000000000006c       0xeb obj/default/hello_world.o
 .debug_line    0x0000000000000157       0xd2 obj/default/hex/hex.o
 .debug_line    0x0000000000000229      0x1ea /home/lheywang/intelFPGA_lite/18.1/nios2eds/bin/gnu/H-x86_64-pc-linux-gnu/bin/../lib/gcc/nios2-elf/5.3.0/../../../../../H-x86_64-pc-linux-gnu/nios2-elf/lib/libm.a(lib_a-s_floor.o)
 .debug_line    0x0000000000000413      0x287 /home/lheywang/intelFPGA_lite/18.1/nios2eds/bin/gnu/H-x86_64-pc-linux-gnu/bin/../lib/gcc/nios2-elf/5.3.0/libgcc.a(addsf3.o)
 .debug_line    0x000000000000069a      0x169 /home/lheywang/intelFPGA_lite/18.1/nios2eds/bin/gnu/H-x86_64-pc-linux-gnu/bin/../lib/gcc/nios2-elf/5.3.0/libgcc.a(divsf3.o)
 .debug_line    0x0000000000000803      0x159 /home/lheywang/intelFPGA_lite/18.1/nios2eds/bin/gnu/H-x86_64-pc-linux-gnu/bin/../lib/gcc/nios2-elf/5.3.0/libgcc.a(mulsf3.o)
 .debug_line    0x000000000000095c      0x295 /home/lheywang/intelFPGA_lite/18.1/nios2eds/bin/gnu/H-x86_64-pc-linux-gnu/bin/../lib/gcc/nios2-elf/5.3.0/libgcc.a(subsf3.o)
 .debug_line    0x0000000000000bf1       0x97 /home/lheywang/intelFPGA_lite/18.1/nios2eds/bin/gnu/H-x86_64-pc-linux-gnu/bin/../lib/gcc/nios2-elf/5.3.0/libgcc.a(fixsfsi.o)
 .debug_line    0x0000000000000c88       0xb0 /home/lheywang/intelFPGA_lite/18.1/nios2eds/bin/gnu/H-x86_64-pc-linux-gnu/bin/../lib/gcc/nios2-elf/5.3.0/libgcc.a(floatsisf.o)
 .debug_line    0x0000000000000d38      0x37b /home/lheywang/intelFPGA_lite/18.1/nios2eds/bin/gnu/H-x86_64-pc-linux-gnu/bin/../lib/gcc/nios2-elf/5.3.0/libgcc.a(adddf3.o)
 .debug_line    0x00000000000010b3       0xcb /home/lheywang/intelFPGA_lite/18.1/nios2eds/bin/gnu/H-x86_64-pc-linux-gnu/bin/../lib/gcc/nios2-elf/5.3.0/libgcc.a(gedf2.o)
 .debug_line    0x000000000000117e       0x98 /home/lheywang/intelFPGA_lite/18.1/nios2eds/bin/gnu/H-x86_64-pc-linux-gnu/bin/../lib/gcc/nios2-elf/5.3.0/libgcc.a(fixdfsi.o)
 .debug_line    0x0000000000001216       0xc1 /home/lheywang/intelFPGA_lite/18.1/nios2eds/bin/gnu/H-x86_64-pc-linux-gnu/bin/../lib/gcc/nios2-elf/5.3.0/libgcc.a(extendsfdf2.o)
 .debug_line    0x00000000000012d7       0xb7 /home/lheywang/intelFPGA_lite/18.1/nios2eds/bin/gnu/H-x86_64-pc-linux-gnu/bin/../lib/gcc/nios2-elf/5.3.0/libgcc.a(_clzsi2.o)
 .debug_line    0x000000000000138e       0x53 /home/lheywang/intelFPGA_lite/18.1/nios2eds/bin/gnu/H-x86_64-pc-linux-gnu/bin/../lib/gcc/nios2-elf/5.3.0/libgcc.a(_clz.o)
 .debug_line    0x00000000000013e1      0x200 /home/lheywang/intelFPGA_lite/18.1/nios2eds/bin/gnu/H-x86_64-pc-linux-gnu/bin/../lib/gcc/nios2-elf/5.3.0/../../../../../H-x86_64-pc-linux-gnu/nios2-elf/lib/libsmallc.a(lib_a-printf.o)
 .debug_line    0x00000000000015e1      0x203 /home/lheywang/intelFPGA_lite/18.1/nios2eds/bin/gnu/H-x86_64-pc-linux-gnu/bin/../lib/gcc/nios2-elf/5.3.0/../../../../../H-x86_64-pc-linux-gnu/nios2-elf/lib/libsmallc.a(lib_a-puts.o)
 .debug_line    0x00000000000017e4      0x20d /home/lheywang/intelFPGA_lite/18.1/nios2eds/bin/gnu/H-x86_64-pc-linux-gnu/bin/../lib/gcc/nios2-elf/5.3.0/../../../../../H-x86_64-pc-linux-gnu/nios2-elf/lib/libsmallc.a(lib_a-sprintf.o)
 .debug_line    0x00000000000019f1      0x159 /home/lheywang/intelFPGA_lite/18.1/nios2eds/bin/gnu/H-x86_64-pc-linux-gnu/bin/../lib/gcc/nios2-elf/5.3.0/../../../../../H-x86_64-pc-linux-gnu/nios2-elf/lib/libsmallc.a(lib_a-strlen.o)
 .debug_line    0x0000000000001b4a      0x34f /home/lheywang/intelFPGA_lite/18.1/nios2eds/bin/gnu/H-x86_64-pc-linux-gnu/bin/../lib/gcc/nios2-elf/5.3.0/../../../../../H-x86_64-pc-linux-gnu/nios2-elf/lib/libsmallc.a(lib_a-svfprintf.o)
 .debug_line    0x0000000000001e99      0x34f /home/lheywang/intelFPGA_lite/18.1/nios2eds/bin/gnu/H-x86_64-pc-linux-gnu/bin/../lib/gcc/nios2-elf/5.3.0/../../../../../H-x86_64-pc-linux-gnu/nios2-elf/lib/libsmallc.a(lib_a-vfprintf.o)