Archive member included to satisfy reference by file (symbol)

c:/intelfpga/18.1/nios2eds/bin/gnu/h-x86_64-mingw32/bin/../lib/gcc/nios2-elf/5.3.0/../../../../../H-x86_64-mingw32/nios2-elf/lib\libsmallc.a(lib_a-puts.o)
                              obj/default/hello_world.o (puts)
c:/intelfpga/18.1/nios2eds/bin/gnu/h-x86_64-mingw32/bin/../lib/gcc/nios2-elf/5.3.0/../../../../../H-x86_64-mingw32/nios2-elf/lib\libsmallc.a(lib_a-strlen.o)
                              c:/intelfpga/18.1/nios2eds/bin/gnu/h-x86_64-mingw32/bin/../lib/gcc/nios2-elf/5.3.0/../../../../../H-x86_64-mingw32/nios2-elf/lib\libsmallc.a(lib_a-puts.o) (strlen)
c:/intelfpga/18.1/nios2eds/bin/gnu/h-x86_64-mingw32/bin/../lib/gcc/nios2-elf/5.3.0/../../../../../H-x86_64-mingw32/nios2-elf/lib\libsmallc.a(lib_a-fvwrite_small_dev.o)
                              c:/intelfpga/18.1/nios2eds/bin/gnu/h-x86_64-mingw32/bin/../lib/gcc/nios2-elf/5.3.0/../../../../../H-x86_64-mingw32/nios2-elf/lib\libsmallc.a(lib_a-puts.o) (__sfvwrite_small_dev)
c:/intelfpga/18.1/nios2eds/bin/gnu/h-x86_64-mingw32/bin/../lib/gcc/nios2-elf/5.3.0/../../../../../H-x86_64-mingw32/nios2-elf/lib\libsmallc.a(lib_a-impure.o)
                              c:/intelfpga/18.1/nios2eds/bin/gnu/h-x86_64-mingw32/bin/../lib/gcc/nios2-elf/5.3.0/../../../../../H-x86_64-mingw32/nios2-elf/lib\libsmallc.a(lib_a-puts.o) (_impure_ptr)
c:/intelfpga/18.1/nios2eds/bin/gnu/h-x86_64-mingw32/bin/../lib/gcc/nios2-elf/5.3.0/../../../../../H-x86_64-mingw32/nios2-elf/lib\libsmallc.a(lib_a-writer.o)
                              c:/intelfpga/18.1/nios2eds/bin/gnu/h-x86_64-mingw32/bin/../lib/gcc/nios2-elf/5.3.0/../../../../../H-x86_64-mingw32/nios2-elf/lib\libsmallc.a(lib_a-fvwrite_small_dev.o) (_write_r)
c:/intelfpga/18.1/nios2eds/bin/gnu/h-x86_64-mingw32/bin/../lib/gcc/nios2-elf/5.3.0/../../../../../H-x86_64-mingw32/nios2-elf/lib\libsmallc.a(lib_a-int_errno.o)
                              c:/intelfpga/18.1/nios2eds/bin/gnu/h-x86_64-mingw32/bin/../lib/gcc/nios2-elf/5.3.0/../../../../../H-x86_64-mingw32/nios2-elf/lib\libsmallc.a(lib_a-writer.o) (errno)
../tutorial_soft_bsp/\libhal_bsp.a(alt_load.o)
                              ../tutorial_soft_bsp//obj/HAL/src/crt0.o (alt_load)
../tutorial_soft_bsp/\libhal_bsp.a(alt_main.o)
                              ../tutorial_soft_bsp//obj/HAL/src/crt0.o (alt_main)
../tutorial_soft_bsp/\libhal_bsp.a(alt_write.o)
                              c:/intelfpga/18.1/nios2eds/bin/gnu/h-x86_64-mingw32/bin/../lib/gcc/nios2-elf/5.3.0/../../../../../H-x86_64-mingw32/nios2-elf/lib\libsmallc.a(lib_a-writer.o) (write)
../tutorial_soft_bsp/\libhal_bsp.a(alt_sys_init.o)
                              ../tutorial_soft_bsp/\libhal_bsp.a(alt_main.o) (alt_irq_init)
../tutorial_soft_bsp/\libhal_bsp.a(altera_avalon_jtag_uart_fd.o)
                              ../tutorial_soft_bsp/\libhal_bsp.a(alt_sys_init.o) (altera_avalon_jtag_uart_read_fd)
../tutorial_soft_bsp/\libhal_bsp.a(altera_avalon_jtag_uart_read.o)
                              ../tutorial_soft_bsp/\libhal_bsp.a(altera_avalon_jtag_uart_fd.o) (altera_avalon_jtag_uart_read)
../tutorial_soft_bsp/\libhal_bsp.a(altera_avalon_jtag_uart_write.o)
                              ../tutorial_soft_bsp/\libhal_bsp.a(altera_avalon_jtag_uart_fd.o) (altera_avalon_jtag_uart_write)
../tutorial_soft_bsp/\libhal_bsp.a(altera_avalon_timer_sc.o)
                              ../tutorial_soft_bsp/\libhal_bsp.a(alt_sys_init.o) (alt_avalon_timer_sc_init)
../tutorial_soft_bsp/\libhal_bsp.a(alt_close.o)
                              ../tutorial_soft_bsp/\libhal_bsp.a(alt_main.o) (close)
../tutorial_soft_bsp/\libhal_bsp.a(alt_dcache_flush_all.o)
                              ../tutorial_soft_bsp/\libhal_bsp.a(alt_load.o) (alt_dcache_flush_all)
../tutorial_soft_bsp/\libhal_bsp.a(alt_dev.o)
                              ../tutorial_soft_bsp/\libhal_bsp.a(alt_sys_init.o) (alt_dev_list)
../tutorial_soft_bsp/\libhal_bsp.a(alt_dev_llist_insert.o)
                              ../tutorial_soft_bsp/\libhal_bsp.a(alt_sys_init.o) (alt_dev_llist_insert)
../tutorial_soft_bsp/\libhal_bsp.a(alt_errno.o)
                              ../tutorial_soft_bsp/\libhal_bsp.a(alt_write.o) (alt_errno)
../tutorial_soft_bsp/\libhal_bsp.a(alt_icache_flush_all.o)
                              ../tutorial_soft_bsp/\libhal_bsp.a(alt_load.o) (alt_icache_flush_all)
../tutorial_soft_bsp/\libhal_bsp.a(alt_iic.o)
                              ../tutorial_soft_bsp/\libhal_bsp.a(altera_avalon_timer_sc.o) (alt_ic_isr_register)
../tutorial_soft_bsp/\libhal_bsp.a(alt_iic_isr_register.o)
                              ../tutorial_soft_bsp/\libhal_bsp.a(alt_iic.o) (alt_iic_isr_register)
../tutorial_soft_bsp/\libhal_bsp.a(alt_io_redirect.o)
                              ../tutorial_soft_bsp/\libhal_bsp.a(alt_main.o) (alt_io_redirect)
../tutorial_soft_bsp/\libhal_bsp.a(alt_irq_entry.o)
                              ../tutorial_soft_bsp/\libhal_bsp.a(alt_iic_isr_register.o) (alt_irq_entry)
../tutorial_soft_bsp/\libhal_bsp.a(alt_irq_handler.o)
                              ../tutorial_soft_bsp/\libhal_bsp.a(alt_iic_isr_register.o) (alt_irq)
../tutorial_soft_bsp/\libhal_bsp.a(alt_irq_vars.o)
                              ../tutorial_soft_bsp/\libhal_bsp.a(alt_iic.o) (alt_irq_active)
../tutorial_soft_bsp/\libhal_bsp.a(alt_open.o)
                              ../tutorial_soft_bsp/\libhal_bsp.a(alt_io_redirect.o) (open)
../tutorial_soft_bsp/\libhal_bsp.a(alt_release_fd.o)
                              ../tutorial_soft_bsp/\libhal_bsp.a(alt_close.o) (alt_release_fd)
../tutorial_soft_bsp/\libhal_bsp.a(alt_tick.o)
                              ../tutorial_soft_bsp/\libhal_bsp.a(altera_avalon_timer_sc.o) (_alt_tick_rate)
../tutorial_soft_bsp/\libhal_bsp.a(altera_nios2_gen2_irq.o)
                              ../tutorial_soft_bsp/\libhal_bsp.a(alt_sys_init.o) (altera_nios2_gen2_irq_init)
../tutorial_soft_bsp/\libhal_bsp.a(alt_exception_entry.o)
                              ../tutorial_soft_bsp/\libhal_bsp.a(alt_irq_entry.o) (alt_exception)
../tutorial_soft_bsp/\libhal_bsp.a(alt_find_dev.o)
                              ../tutorial_soft_bsp/\libhal_bsp.a(alt_open.o) (alt_find_dev)
../tutorial_soft_bsp/\libhal_bsp.a(alt_find_file.o)
                              ../tutorial_soft_bsp/\libhal_bsp.a(alt_open.o) (alt_find_file)
../tutorial_soft_bsp/\libhal_bsp.a(alt_get_fd.o)
                              ../tutorial_soft_bsp/\libhal_bsp.a(alt_open.o) (alt_get_fd)
../tutorial_soft_bsp/\libhal_bsp.a(alt_icache_flush.o)
                              ../tutorial_soft_bsp/\libhal_bsp.a(alt_icache_flush_all.o) (alt_icache_flush)
../tutorial_soft_bsp/\libhal_bsp.a(alt_instruction_exception_entry.o)
                              ../tutorial_soft_bsp/\libhal_bsp.a(alt_exception_entry.o) (alt_instruction_exception_entry)
c:/intelfpga/18.1/nios2eds/bin/gnu/h-x86_64-mingw32/bin/../lib/gcc/nios2-elf/5.3.0/../../../../../H-x86_64-mingw32/nios2-elf/lib\libsmallc.a(lib_a-exit.o)
                              ../tutorial_soft_bsp/\libhal_bsp.a(alt_main.o) (exit)
c:/intelfpga/18.1/nios2eds/bin/gnu/h-x86_64-mingw32/bin/../lib/gcc/nios2-elf/5.3.0/../../../../../H-x86_64-mingw32/nios2-elf/lib\libsmallc.a(lib_a-memcmp.o)
                              ../tutorial_soft_bsp/\libhal_bsp.a(alt_find_dev.o) (memcmp)
c:/intelfpga/18.1/nios2eds/bin/gnu/h-x86_64-mingw32/bin/../lib/gcc/nios2-elf/5.3.0/../../../../../H-x86_64-mingw32/nios2-elf/lib\libsmallc.a(lib_a-__call_atexit.o)
                              c:/intelfpga/18.1/nios2eds/bin/gnu/h-x86_64-mingw32/bin/../lib/gcc/nios2-elf/5.3.0/../../../../../H-x86_64-mingw32/nios2-elf/lib\libsmallc.a(lib_a-exit.o) (__call_exitprocs)
../tutorial_soft_bsp/\libhal_bsp.a(alt_exit.o)
                              c:/intelfpga/18.1/nios2eds/bin/gnu/h-x86_64-mingw32/bin/../lib/gcc/nios2-elf/5.3.0/../../../../../H-x86_64-mingw32/nios2-elf/lib\libsmallc.a(lib_a-exit.o) (_exit)

Allocating common symbols
Common symbol       size              file

alt_irq             0x100             ../tutorial_soft_bsp/\libhal_bsp.a(alt_irq_handler.o)
errno               0x4               c:/intelfpga/18.1/nios2eds/bin/gnu/h-x86_64-mingw32/bin/../lib/gcc/nios2-elf/5.3.0/../../../../../H-x86_64-mingw32/nios2-elf/lib\libsmallc.a(lib_a-int_errno.o)

Memory Configuration

Name             Origin             Length             Attributes
reset            0x0000000000020000 0x0000000000000020
MEMOIRE_ONCHIP   0x0000000000020020 0x000000000001dfe0
*default*        0x0000000000000000 0xffffffffffffffff

Linker script and memory map

LOAD ../tutorial_soft_bsp//obj/HAL/src/crt0.o
LOAD obj/default/hello_world.o
LOAD c:/intelfpga/18.1/nios2eds/bin/gnu/h-x86_64-mingw32/bin/../lib/gcc/nios2-elf/5.3.0/../../../../../H-x86_64-mingw32/nios2-elf/lib\libstdc++.a
LOAD c:/intelfpga/18.1/nios2eds/bin/gnu/h-x86_64-mingw32/bin/../lib/gcc/nios2-elf/5.3.0/../../../../../H-x86_64-mingw32/nios2-elf/lib\libm.a
LOAD c:/intelfpga/18.1/nios2eds/bin/gnu/h-x86_64-mingw32/bin/../lib/gcc/nios2-elf/5.3.0\libgcc.a
START GROUP
LOAD c:/intelfpga/18.1/nios2eds/bin/gnu/h-x86_64-mingw32/bin/../lib/gcc/nios2-elf/5.3.0/../../../../../H-x86_64-mingw32/nios2-elf/lib\libsmallc.a
LOAD c:/intelfpga/18.1/nios2eds/bin/gnu/h-x86_64-mingw32/bin/../lib/gcc/nios2-elf/5.3.0\libgcc.a
LOAD ../tutorial_soft_bsp/\libhal_bsp.a
LOAD c:/intelfpga/18.1/nios2eds/bin/gnu/h-x86_64-mingw32/bin/../lib/gcc/nios2-elf/5.3.0/../../../../../H-x86_64-mingw32/nios2-elf/lib\libm.a
END GROUP
LOAD c:/intelfpga/18.1/nios2eds/bin/gnu/h-x86_64-mingw32/bin/../lib/gcc/nios2-elf/5.3.0\libgcc.a
                0x0000000000020000                __alt_mem_MEMOIRE_ONCHIP = 0x20000

.entry          0x0000000000020000       0x20
 *(.entry)
 .entry         0x0000000000020000       0x20 ../tutorial_soft_bsp//obj/HAL/src/crt0.o
                0x0000000000020000                __reset

.exceptions     0x0000000000020020      0x224
                0x0000000000020020                PROVIDE (__ram_exceptions_start, ABSOLUTE (.))
                0x0000000000020020                . = ALIGN (0x20)
 *(.irq)
 *(.exceptions.entry.label)
 .exceptions.entry.label
                0x0000000000020020        0x0 ../tutorial_soft_bsp/\libhal_bsp.a(alt_irq_entry.o)
                0x0000000000020020                alt_irq_entry
 .exceptions.entry.label
                0x0000000000020020        0x0 ../tutorial_soft_bsp/\libhal_bsp.a(alt_exception_entry.o)
                0x0000000000020020                alt_exception
 *(.exceptions.entry.user)
 *(.exceptions.entry.ecc_fatal)
 *(.exceptions.entry)
 .exceptions.entry
                0x0000000000020020       0x54 ../tutorial_soft_bsp/\libhal_bsp.a(alt_exception_entry.o)
 *(.exceptions.irqtest.user)
 *(.exceptions.irqtest)
 .exceptions.irqtest
                0x0000000000020074       0x10 ../tutorial_soft_bsp/\libhal_bsp.a(alt_irq_entry.o)
 *(.exceptions.irqhandler.user)
 *(.exceptions.irqhandler)
 .exceptions.irqhandler
                0x0000000000020084        0x4 ../tutorial_soft_bsp/\libhal_bsp.a(alt_irq_entry.o)
 *(.exceptions.irqreturn.user)
 *(.exceptions.irqreturn)
 .exceptions.irqreturn
                0x0000000000020088        0x4 ../tutorial_soft_bsp/\libhal_bsp.a(alt_irq_entry.o)
 *(.exceptions.notirq.label)
 .exceptions.notirq.label
                0x000000000002008c        0x0 ../tutorial_soft_bsp/\libhal_bsp.a(alt_irq_entry.o)
 *(.exceptions.notirq.user)
 *(.exceptions.notirq)
 .exceptions.notirq
                0x000000000002008c        0x8 ../tutorial_soft_bsp/\libhal_bsp.a(alt_exception_entry.o)
 *(.exceptions.soft.user)
 *(.exceptions.soft)
 *(.exceptions.unknown.user)
 *(.exceptions.unknown)
 .exceptions.unknown
                0x0000000000020094       0x14 ../tutorial_soft_bsp/\libhal_bsp.a(alt_exception_entry.o)
 *(.exceptions.exit.label)
 .exceptions.exit.label
                0x00000000000200a8        0x0 ../tutorial_soft_bsp/\libhal_bsp.a(alt_irq_entry.o)
 .exceptions.exit.label
                0x00000000000200a8        0x0 ../tutorial_soft_bsp/\libhal_bsp.a(alt_exception_entry.o)
 *(.exceptions.exit.user)
 *(.exceptions.exit)
 .exceptions.exit
                0x00000000000200a8       0x54 ../tutorial_soft_bsp/\libhal_bsp.a(alt_exception_entry.o)
 *(.exceptions)
 .exceptions    0x00000000000200fc       0xd4 ../tutorial_soft_bsp/\libhal_bsp.a(alt_irq_handler.o)
                0x00000000000200fc                alt_irq_handler
 .exceptions    0x00000000000201d0       0x74 ../tutorial_soft_bsp/\libhal_bsp.a(alt_instruction_exception_entry.o)
                0x00000000000201d0                alt_instruction_exception_entry
                0x0000000000020244                PROVIDE (__ram_exceptions_end, ABSOLUTE (.))
                0x0000000000020020                PROVIDE (__flash_exceptions_start, LOADADDR (.exceptions))

.text           0x0000000000020244     0x1a2c
                [!provide]                        PROVIDE (stext, ABSOLUTE (.))
 *(.interp)
 *(.hash)
 *(.dynsym)
 *(.dynstr)
 *(.gnu.version)
 *(.gnu.version_d)
 *(.gnu.version_r)
 *(.rel.init)
 *(.rela.init)
 *(.rel.text .rel.text.* .rel.gnu.linkonce.t.*)
 *(.rela.text .rela.text.* .rela.gnu.linkonce.t.*)
 *(.rel.fini)
 *(.rela.fini)
 *(.rel.rodata .rel.rodata.* .rel.gnu.linkonce.r.*)
 *(.rela.rodata .rela.rodata.* .rela.gnu.linkonce.r.*)
 *(.rel.data .rel.data.* .rel.gnu.linkonce.d.*)
 *(.rela.data .rela.data.* .rela.gnu.linkonce.d.*)
 *(.rel.tdata .rel.tdata.* .rel.gnu.linkonce.td.*)
 *(.rela.tdata .rela.tdata.* .rela.gnu.linkonce.td.*)
 *(.rel.tbss .rel.tbss.* .rel.gnu.linkonce.tb.*)
 *(.rela.tbss .rela.tbss.* .rela.gnu.linkonce.tb.*)
 *(.rel.ctors)
 *(.rela.ctors)
 *(.rel.dtors)
 *(.rela.dtors)
 *(.rel.got)
 *(.rela.got)
 *(.rel.sdata .rel.sdata.* .rel.gnu.linkonce.s.*)
 *(.rela.sdata .rela.sdata.* .rela.gnu.linkonce.s.*)
 *(.rel.sbss .rel.sbss.* .rel.gnu.linkonce.sb.*)
 *(.rela.sbss .rela.sbss.* .rela.gnu.linkonce.sb.*)
 *(.rel.sdata2 .rel.sdata2.* .rel.gnu.linkonce.s2.*)
 *(.rela.sdata2 .rela.sdata2.* .rela.gnu.linkonce.s2.*)
 *(.rel.sbss2 .rel.sbss2.* .rel.gnu.linkonce.sb2.*)
 *(.rela.sbss2 .rela.sbss2.* .rela.gnu.linkonce.sb2.*)
 *(.rel.bss .rel.bss.* .rel.gnu.linkonce.b.*)
 *(.rela.bss .rela.bss.* .rela.gnu.linkonce.b.*)
 *(.rel.plt)
 *(.rela.plt)
 *(.rel.dyn)
 *(.init)
 *(.plt)
 *(.text .stub .text.* .gnu.linkonce.t.*)
 .text          0x0000000000020244       0x3c ../tutorial_soft_bsp//obj/HAL/src/crt0.o
                0x0000000000020244                _start
 .text          0x0000000000020280      0x16c obj/default/hello_world.o
                0x00000000000202b4                main
 .text          0x00000000000203ec        0x0 c:/intelfpga/18.1/nios2eds/bin/gnu/h-x86_64-mingw32/bin/../lib/gcc/nios2-elf/5.3.0/../../../../../H-x86_64-mingw32/nios2-elf/lib\libsmallc.a(lib_a-puts.o)
 .text._puts_r  0x00000000000203ec       0x80 c:/intelfpga/18.1/nios2eds/bin/gnu/h-x86_64-mingw32/bin/../lib/gcc/nios2-elf/5.3.0/../../../../../H-x86_64-mingw32/nios2-elf/lib\libsmallc.a(lib_a-puts.o)
                0x00000000000203ec                _puts_r
 .text.puts     0x000000000002046c       0x14 c:/intelfpga/18.1/nios2eds/bin/gnu/h-x86_64-mingw32/bin/../lib/gcc/nios2-elf/5.3.0/../../../../../H-x86_64-mingw32/nios2-elf/lib\libsmallc.a(lib_a-puts.o)
                0x000000000002046c                puts
 .text          0x0000000000020480        0x0 c:/intelfpga/18.1/nios2eds/bin/gnu/h-x86_64-mingw32/bin/../lib/gcc/nios2-elf/5.3.0/../../../../../H-x86_64-mingw32/nios2-elf/lib\libsmallc.a(lib_a-strlen.o)
 .text.strlen   0x0000000000020480       0x1c c:/intelfpga/18.1/nios2eds/bin/gnu/h-x86_64-mingw32/bin/../lib/gcc/nios2-elf/5.3.0/../../../../../H-x86_64-mingw32/nios2-elf/lib\libsmallc.a(lib_a-strlen.o)
                0x0000000000020480                strlen
 .text          0x000000000002049c        0x0 c:/intelfpga/18.1/nios2eds/bin/gnu/h-x86_64-mingw32/bin/../lib/gcc/nios2-elf/5.3.0/../../../../../H-x86_64-mingw32/nios2-elf/lib\libsmallc.a(lib_a-fvwrite_small_dev.o)
 .text.__sfvwrite_small_dev
                0x000000000002049c       0xb8 c:/intelfpga/18.1/nios2eds/bin/gnu/h-x86_64-mingw32/bin/../lib/gcc/nios2-elf/5.3.0/../../../../../H-x86_64-mingw32/nios2-elf/lib\libsmallc.a(lib_a-fvwrite_small_dev.o)
                0x000000000002049c                __sfvwrite_small_dev
 .text          0x0000000000020554        0x0 c:/intelfpga/18.1/nios2eds/bin/gnu/h-x86_64-mingw32/bin/../lib/gcc/nios2-elf/5.3.0/../../../../../H-x86_64-mingw32/nios2-elf/lib\libsmallc.a(lib_a-impure.o)
 .text          0x0000000000020554        0x0 c:/intelfpga/18.1/nios2eds/bin/gnu/h-x86_64-mingw32/bin/../lib/gcc/nios2-elf/5.3.0/../../../../../H-x86_64-mingw32/nios2-elf/lib\libsmallc.a(lib_a-writer.o)
 .text._write_r
                0x0000000000020554       0x58 c:/intelfpga/18.1/nios2eds/bin/gnu/h-x86_64-mingw32/bin/../lib/gcc/nios2-elf/5.3.0/../../../../../H-x86_64-mingw32/nios2-elf/lib\libsmallc.a(lib_a-writer.o)
                0x0000000000020554                _write_r
 .text          0x00000000000205ac        0x0 c:/intelfpga/18.1/nios2eds/bin/gnu/h-x86_64-mingw32/bin/../lib/gcc/nios2-elf/5.3.0/../../../../../H-x86_64-mingw32/nios2-elf/lib\libsmallc.a(lib_a-int_errno.o)
 .text          0x00000000000205ac       0xec ../tutorial_soft_bsp/\libhal_bsp.a(alt_load.o)
                0x0000000000020614                alt_load
 .text          0x0000000000020698       0x6c ../tutorial_soft_bsp/\libhal_bsp.a(alt_main.o)
                0x0000000000020698                alt_main
 .text          0x0000000000020704      0x134 ../tutorial_soft_bsp/\libhal_bsp.a(alt_write.o)
                0x0000000000020740                write
 .text          0x0000000000020838       0xbc ../tutorial_soft_bsp/\libhal_bsp.a(alt_sys_init.o)
                0x000000000002086c                alt_irq_init
                0x00000000000208a4                alt_sys_init
 .text          0x00000000000208f4       0xc0 ../tutorial_soft_bsp/\libhal_bsp.a(altera_avalon_jtag_uart_fd.o)
                0x00000000000208f4                altera_avalon_jtag_uart_read_fd
                0x0000000000020954                altera_avalon_jtag_uart_write_fd
 .text          0x00000000000209b4       0xec ../tutorial_soft_bsp/\libhal_bsp.a(altera_avalon_jtag_uart_read.o)
                0x00000000000209b4                altera_avalon_jtag_uart_read
 .text          0x0000000000020aa0       0x94 ../tutorial_soft_bsp/\libhal_bsp.a(altera_avalon_jtag_uart_write.o)
                0x0000000000020aa0                altera_avalon_jtag_uart_write
 .text          0x0000000000020b34       0xf4 ../tutorial_soft_bsp/\libhal_bsp.a(altera_avalon_timer_sc.o)
                0x0000000000020bac                alt_avalon_timer_sc_init
 .text          0x0000000000020c28      0x10c ../tutorial_soft_bsp/\libhal_bsp.a(alt_close.o)
                0x0000000000020c64                close
 .text          0x0000000000020d34       0x20 ../tutorial_soft_bsp/\libhal_bsp.a(alt_dcache_flush_all.o)
                0x0000000000020d34                alt_dcache_flush_all
 .text          0x0000000000020d54       0x2c ../tutorial_soft_bsp/\libhal_bsp.a(alt_dev.o)
 .text          0x0000000000020d80       0xe0 ../tutorial_soft_bsp/\libhal_bsp.a(alt_dev_llist_insert.o)
                0x0000000000020dbc                alt_dev_llist_insert
 .text          0x0000000000020e60        0x0 ../tutorial_soft_bsp/\libhal_bsp.a(alt_errno.o)
 .text          0x0000000000020e60       0x34 ../tutorial_soft_bsp/\libhal_bsp.a(alt_icache_flush_all.o)
                0x0000000000020e60                alt_icache_flush_all
 .text          0x0000000000020e94      0x1b0 ../tutorial_soft_bsp/\libhal_bsp.a(alt_iic.o)
                0x0000000000020e94                alt_ic_isr_register
                0x0000000000020ee4                alt_ic_irq_enable
                0x0000000000020f6c                alt_ic_irq_disable
                0x0000000000020ff8                alt_ic_irq_enabled
 .text          0x0000000000021044       0xf0 ../tutorial_soft_bsp/\libhal_bsp.a(alt_iic_isr_register.o)
                0x0000000000021044                alt_iic_isr_register
 .text          0x0000000000021134      0x140 ../tutorial_soft_bsp/\libhal_bsp.a(alt_io_redirect.o)
                0x00000000000211f8                alt_io_redirect
 .text          0x0000000000021274        0x0 ../tutorial_soft_bsp/\libhal_bsp.a(alt_irq_entry.o)
 .text          0x0000000000021274        0x0 ../tutorial_soft_bsp/\libhal_bsp.a(alt_irq_handler.o)
 .text          0x0000000000021274        0x0 ../tutorial_soft_bsp/\libhal_bsp.a(alt_irq_vars.o)
 .text          0x0000000000021274      0x254 ../tutorial_soft_bsp/\libhal_bsp.a(alt_open.o)
                0x0000000000021374                open
 .text          0x00000000000214c8       0x64 ../tutorial_soft_bsp/\libhal_bsp.a(alt_release_fd.o)
                0x00000000000214c8                alt_release_fd
 .text          0x000000000002152c      0x1a4 ../tutorial_soft_bsp/\libhal_bsp.a(alt_tick.o)
                0x000000000002152c                alt_alarm_stop
                0x00000000000215c8                alt_tick
 .text          0x00000000000216d0       0x24 ../tutorial_soft_bsp/\libhal_bsp.a(altera_nios2_gen2_irq.o)
                0x00000000000216d0                altera_nios2_gen2_irq_init
 .text          0x00000000000216f4        0x0 ../tutorial_soft_bsp/\libhal_bsp.a(alt_exception_entry.o)
 .text          0x00000000000216f4       0x90 ../tutorial_soft_bsp/\libhal_bsp.a(alt_find_dev.o)
                0x00000000000216f4                alt_find_dev
 .text          0x0000000000021784      0x108 ../tutorial_soft_bsp/\libhal_bsp.a(alt_find_file.o)
                0x0000000000021784                alt_find_file
 .text          0x000000000002188c       0xa4 ../tutorial_soft_bsp/\libhal_bsp.a(alt_get_fd.o)
                0x000000000002188c                alt_get_fd
 .text          0x0000000000021930       0x90 ../tutorial_soft_bsp/\libhal_bsp.a(alt_icache_flush.o)
                0x0000000000021930                alt_icache_flush
 .text          0x00000000000219c0       0x9c ../tutorial_soft_bsp/\libhal_bsp.a(alt_instruction_exception_entry.o)
                0x00000000000219c0                alt_exception_cause_generated_bad_addr
 .text          0x0000000000021a5c        0x0 c:/intelfpga/18.1/nios2eds/bin/gnu/h-x86_64-mingw32/bin/../lib/gcc/nios2-elf/5.3.0/../../../../../H-x86_64-mingw32/nios2-elf/lib\libsmallc.a(lib_a-exit.o)
 .text.exit     0x0000000000021a5c       0x20 c:/intelfpga/18.1/nios2eds/bin/gnu/h-x86_64-mingw32/bin/../lib/gcc/nios2-elf/5.3.0/../../../../../H-x86_64-mingw32/nios2-elf/lib\libsmallc.a(lib_a-exit.o)
                0x0000000000021a5c                exit
 .text          0x0000000000021a7c        0x0 c:/intelfpga/18.1/nios2eds/bin/gnu/h-x86_64-mingw32/bin/../lib/gcc/nios2-elf/5.3.0/../../../../../H-x86_64-mingw32/nios2-elf/lib\libsmallc.a(lib_a-memcmp.o)
 .text.memcmp   0x0000000000021a7c       0x30 c:/intelfpga/18.1/nios2eds/bin/gnu/h-x86_64-mingw32/bin/../lib/gcc/nios2-elf/5.3.0/../../../../../H-x86_64-mingw32/nios2-elf/lib\libsmallc.a(lib_a-memcmp.o)
                0x0000000000021a7c                memcmp
 .text          0x0000000000021aac        0x0 c:/intelfpga/18.1/nios2eds/bin/gnu/h-x86_64-mingw32/bin/../lib/gcc/nios2-elf/5.3.0/../../../../../H-x86_64-mingw32/nios2-elf/lib\libsmallc.a(lib_a-__call_atexit.o)
 .text.__call_exitprocs
                0x0000000000021aac      0x190 c:/intelfpga/18.1/nios2eds/bin/gnu/h-x86_64-mingw32/bin/../lib/gcc/nios2-elf/5.3.0/../../../../../H-x86_64-mingw32/nios2-elf/lib\libsmallc.a(lib_a-__call_atexit.o)
                0x0000000000021aac                __call_exitprocs
 .text          0x0000000000021c3c       0x34 ../tutorial_soft_bsp/\libhal_bsp.a(alt_exit.o)
                0x0000000000021c3c                _exit
 *(.gnu.warning.*)
 *(.fini)
                [!provide]                        PROVIDE (__etext, ABSOLUTE (.))
                [!provide]                        PROVIDE (_etext, ABSOLUTE (.))
                [!provide]                        PROVIDE (etext, ABSOLUTE (.))
 *(.eh_frame_hdr)
                0x0000000000021c70                . = ALIGN (0x4)
                [!provide]                        PROVIDE (__preinit_array_start, ABSOLUTE (.))
 *(.preinit_array)
                [!provide]                        PROVIDE (__preinit_array_end, ABSOLUTE (.))
                [!provide]                        PROVIDE (__init_array_start, ABSOLUTE (.))
 *(.init_array)
                [!provide]                        PROVIDE (__init_array_end, ABSOLUTE (.))
                [!provide]                        PROVIDE (__fini_array_start, ABSOLUTE (.))
 *(.fini_array)
                [!provide]                        PROVIDE (__fini_array_end, ABSOLUTE (.))
 *(.eh_frame)
 *(.gcc_except_table .gcc_except_table.*)
 *(.dynamic)
                [!provide]                        PROVIDE (__CTOR_LIST__, ABSOLUTE (.))
 *(.ctors)
 *(SORT(.ctors.*))
                [!provide]                        PROVIDE (__CTOR_END__, ABSOLUTE (.))
                [!provide]                        PROVIDE (__DTOR_LIST__, ABSOLUTE (.))
 *(.dtors)
 *(SORT(.dtors.*))
                [!provide]                        PROVIDE (__DTOR_END__, ABSOLUTE (.))
 *(.jcr)
                0x0000000000021c70                . = ALIGN (0x4)

.rodata         0x0000000000021c70       0x64
                0x0000000000021c70                PROVIDE (__ram_rodata_start, ABSOLUTE (.))
                0x0000000000021c70                . = ALIGN (0x4)
 *(.rodata .rodata.* .gnu.linkonce.r.*)
 .rodata        0x0000000000021c70       0x2b obj/default/hello_world.o
 *fill*         0x0000000000021c9b        0x1 
 .rodata.str1.4
                0x0000000000021c9c        0x4 c:/intelfpga/18.1/nios2eds/bin/gnu/h-x86_64-mingw32/bin/../lib/gcc/nios2-elf/5.3.0/../../../../../H-x86_64-mingw32/nios2-elf/lib\libsmallc.a(lib_a-puts.o)
                                          0x2 (size before relaxing)
 .rodata        0x0000000000021ca0       0x11 ../tutorial_soft_bsp/\libhal_bsp.a(alt_main.o)
 *fill*         0x0000000000021cb1        0x3 
 .rodata        0x0000000000021cb4       0x11 ../tutorial_soft_bsp/\libhal_bsp.a(alt_sys_init.o)
 *fill*         0x0000000000021cc5        0x3 
 .rodata        0x0000000000021cc8        0xa ../tutorial_soft_bsp/\libhal_bsp.a(alt_dev.o)
 *(.rodata1)
                0x0000000000021cd4                . = ALIGN (0x4)
 *fill*         0x0000000000021cd2        0x2 
                0x0000000000021cd4                PROVIDE (__ram_rodata_end, ABSOLUTE (.))
                0x0000000000021c70                PROVIDE (__flash_rodata_start, LOADADDR (.rodata))

.rwdata         0x0000000000021cd4      0x2e0 load address 0x0000000000021fb4
                0x0000000000021cd4                PROVIDE (__ram_rwdata_start, ABSOLUTE (.))
                0x0000000000021cd4                . = ALIGN (0x4)
 *(.got.plt)
 *(.got)
 *(.data1)
 *(.data .data.* .gnu.linkonce.d.*)
 .data          0x0000000000021cd4        0x0 ../tutorial_soft_bsp//obj/HAL/src/crt0.o
 .data          0x0000000000021cd4        0x0 obj/default/hello_world.o
 .data          0x0000000000021cd4        0x0 c:/intelfpga/18.1/nios2eds/bin/gnu/h-x86_64-mingw32/bin/../lib/gcc/nios2-elf/5.3.0/../../../../../H-x86_64-mingw32/nios2-elf/lib\libsmallc.a(lib_a-puts.o)
 .data          0x0000000000021cd4        0x0 c:/intelfpga/18.1/nios2eds/bin/gnu/h-x86_64-mingw32/bin/../lib/gcc/nios2-elf/5.3.0/../../../../../H-x86_64-mingw32/nios2-elf/lib\libsmallc.a(lib_a-strlen.o)
 .data          0x0000000000021cd4        0x0 c:/intelfpga/18.1/nios2eds/bin/gnu/h-x86_64-mingw32/bin/../lib/gcc/nios2-elf/5.3.0/../../../../../H-x86_64-mingw32/nios2-elf/lib\libsmallc.a(lib_a-fvwrite_small_dev.o)
 .data          0x0000000000021cd4        0x0 c:/intelfpga/18.1/nios2eds/bin/gnu/h-x86_64-mingw32/bin/../lib/gcc/nios2-elf/5.3.0/../../../../../H-x86_64-mingw32/nios2-elf/lib\libsmallc.a(lib_a-impure.o)
 .data.impure_data
                0x0000000000021cd4       0xe0 c:/intelfpga/18.1/nios2eds/bin/gnu/h-x86_64-mingw32/bin/../lib/gcc/nios2-elf/5.3.0/../../../../../H-x86_64-mingw32/nios2-elf/lib\libsmallc.a(lib_a-impure.o)
 .data          0x0000000000021db4        0x0 c:/intelfpga/18.1/nios2eds/bin/gnu/h-x86_64-mingw32/bin/../lib/gcc/nios2-elf/5.3.0/../../../../../H-x86_64-mingw32/nios2-elf/lib\libsmallc.a(lib_a-writer.o)
 .data          0x0000000000021db4        0x0 c:/intelfpga/18.1/nios2eds/bin/gnu/h-x86_64-mingw32/bin/../lib/gcc/nios2-elf/5.3.0/../../../../../H-x86_64-mingw32/nios2-elf/lib\libsmallc.a(lib_a-int_errno.o)
 .data          0x0000000000021db4        0x0 ../tutorial_soft_bsp/\libhal_bsp.a(alt_load.o)
 .data          0x0000000000021db4        0x0 ../tutorial_soft_bsp/\libhal_bsp.a(alt_main.o)
 .data          0x0000000000021db4        0x0 ../tutorial_soft_bsp/\libhal_bsp.a(alt_write.o)
 .data          0x0000000000021db4       0x2c ../tutorial_soft_bsp/\libhal_bsp.a(alt_sys_init.o)
 .data          0x0000000000021de0        0x0 ../tutorial_soft_bsp/\libhal_bsp.a(altera_avalon_jtag_uart_fd.o)
 .data          0x0000000000021de0        0x0 ../tutorial_soft_bsp/\libhal_bsp.a(altera_avalon_jtag_uart_read.o)
 .data          0x0000000000021de0        0x0 ../tutorial_soft_bsp/\libhal_bsp.a(altera_avalon_jtag_uart_write.o)
 .data          0x0000000000021de0        0x0 ../tutorial_soft_bsp/\libhal_bsp.a(altera_avalon_timer_sc.o)
 .data          0x0000000000021de0        0x0 ../tutorial_soft_bsp/\libhal_bsp.a(alt_close.o)
 .data          0x0000000000021de0        0x0 ../tutorial_soft_bsp/\libhal_bsp.a(alt_dcache_flush_all.o)
 .data          0x0000000000021de0      0x1a8 ../tutorial_soft_bsp/\libhal_bsp.a(alt_dev.o)
                0x0000000000021de0                alt_dev_null
                0x0000000000021e08                alt_fd_list
 .data          0x0000000000021f88        0x0 ../tutorial_soft_bsp/\libhal_bsp.a(alt_dev_llist_insert.o)
 .data          0x0000000000021f88        0x0 ../tutorial_soft_bsp/\libhal_bsp.a(alt_errno.o)
 .data          0x0000000000021f88        0x0 ../tutorial_soft_bsp/\libhal_bsp.a(alt_icache_flush_all.o)
 .data          0x0000000000021f88        0x0 ../tutorial_soft_bsp/\libhal_bsp.a(alt_iic.o)
 .data          0x0000000000021f88        0x0 ../tutorial_soft_bsp/\libhal_bsp.a(alt_iic_isr_register.o)
 .data          0x0000000000021f88        0x0 ../tutorial_soft_bsp/\libhal_bsp.a(alt_io_redirect.o)
 .data          0x0000000000021f88        0x0 ../tutorial_soft_bsp/\libhal_bsp.a(alt_irq_entry.o)
 .data          0x0000000000021f88        0x0 ../tutorial_soft_bsp/\libhal_bsp.a(alt_irq_handler.o)
 .data          0x0000000000021f88        0x0 ../tutorial_soft_bsp/\libhal_bsp.a(alt_irq_vars.o)
 .data          0x0000000000021f88        0x0 ../tutorial_soft_bsp/\libhal_bsp.a(alt_open.o)
 .data          0x0000000000021f88        0x0 ../tutorial_soft_bsp/\libhal_bsp.a(alt_release_fd.o)
 .data          0x0000000000021f88        0x0 ../tutorial_soft_bsp/\libhal_bsp.a(alt_tick.o)
 .data          0x0000000000021f88        0x0 ../tutorial_soft_bsp/\libhal_bsp.a(altera_nios2_gen2_irq.o)
 .data          0x0000000000021f88        0x0 ../tutorial_soft_bsp/\libhal_bsp.a(alt_exception_entry.o)
 .data          0x0000000000021f88        0x0 ../tutorial_soft_bsp/\libhal_bsp.a(alt_find_dev.o)
 .data          0x0000000000021f88        0x0 ../tutorial_soft_bsp/\libhal_bsp.a(alt_find_file.o)
 .data          0x0000000000021f88        0x0 ../tutorial_soft_bsp/\libhal_bsp.a(alt_get_fd.o)
 .data          0x0000000000021f88        0x0 ../tutorial_soft_bsp/\libhal_bsp.a(alt_icache_flush.o)
 .data          0x0000000000021f88        0x0 ../tutorial_soft_bsp/\libhal_bsp.a(alt_instruction_exception_entry.o)
 .data          0x0000000000021f88        0x0 c:/intelfpga/18.1/nios2eds/bin/gnu/h-x86_64-mingw32/bin/../lib/gcc/nios2-elf/5.3.0/../../../../../H-x86_64-mingw32/nios2-elf/lib\libsmallc.a(lib_a-exit.o)
 .data          0x0000000000021f88        0x0 c:/intelfpga/18.1/nios2eds/bin/gnu/h-x86_64-mingw32/bin/../lib/gcc/nios2-elf/5.3.0/../../../../../H-x86_64-mingw32/nios2-elf/lib\libsmallc.a(lib_a-memcmp.o)
 .data          0x0000000000021f88        0x0 c:/intelfpga/18.1/nios2eds/bin/gnu/h-x86_64-mingw32/bin/../lib/gcc/nios2-elf/5.3.0/../../../../../H-x86_64-mingw32/nios2-elf/lib\libsmallc.a(lib_a-__call_atexit.o)
 .data          0x0000000000021f88        0x0 ../tutorial_soft_bsp/\libhal_bsp.a(alt_exit.o)
                0x0000000000029f88                _gp = ABSOLUTE ((. + 0x8000))
                [!provide]                        PROVIDE (gp, _gp)
 *(.rwdata .rwdata.*)
 *(.sdata .sdata.* .gnu.linkonce.s.*)
 .sdata._global_impure_ptr
                0x0000000000021f88        0x4 c:/intelfpga/18.1/nios2eds/bin/gnu/h-x86_64-mingw32/bin/../lib/gcc/nios2-elf/5.3.0/../../../../../H-x86_64-mingw32/nios2-elf/lib\libsmallc.a(lib_a-impure.o)
                0x0000000000021f88                _global_impure_ptr
 .sdata._impure_ptr
                0x0000000000021f8c        0x4 c:/intelfpga/18.1/nios2eds/bin/gnu/h-x86_64-mingw32/bin/../lib/gcc/nios2-elf/5.3.0/../../../../../H-x86_64-mingw32/nios2-elf/lib\libsmallc.a(lib_a-impure.o)
                0x0000000000021f8c                _impure_ptr
 .sdata         0x0000000000021f90       0x14 ../tutorial_soft_bsp/\libhal_bsp.a(alt_dev.o)
                0x0000000000021f90                alt_fs_list
                0x0000000000021f98                alt_dev_list
                0x0000000000021fa0                alt_max_fd
 .sdata         0x0000000000021fa4        0x4 ../tutorial_soft_bsp/\libhal_bsp.a(alt_errno.o)
                0x0000000000021fa4                alt_errno
 .sdata         0x0000000000021fa8        0x4 ../tutorial_soft_bsp/\libhal_bsp.a(alt_irq_vars.o)
                0x0000000000021fa8                alt_priority_mask
 .sdata         0x0000000000021fac        0x8 ../tutorial_soft_bsp/\libhal_bsp.a(alt_tick.o)
                0x0000000000021fac                alt_alarm_list
 *(.sdata2 .sdata2.* .gnu.linkonce.s2.*)
                0x0000000000021fb4                . = ALIGN (0x4)
                0x0000000000021fb4                _edata = ABSOLUTE (.)
                [!provide]                        PROVIDE (edata, ABSOLUTE (.))
                0x0000000000021fb4                PROVIDE (__ram_rwdata_end, ABSOLUTE (.))
                0x0000000000021fb4                PROVIDE (__flash_rwdata_start, LOADADDR (.rwdata))

.bss            0x0000000000022294      0x120
                0x0000000000022294                __bss_start = ABSOLUTE (.)
                [!provide]                        PROVIDE (__sbss_start, ABSOLUTE (.))
                [!provide]                        PROVIDE (___sbss_start, ABSOLUTE (.))
 *(.dynsbss)
 *(.sbss .sbss.* .gnu.linkonce.sb.*)
 .sbss          0x0000000000022294        0x4 c:/intelfpga/18.1/nios2eds/bin/gnu/h-x86_64-mingw32/bin/../lib/gcc/nios2-elf/5.3.0/../../../../../H-x86_64-mingw32/nios2-elf/lib\libsmallc.a(lib_a-int_errno.o)
                0x0000000000022294                errno
 .sbss          0x0000000000022298        0xc ../tutorial_soft_bsp/\libhal_bsp.a(alt_main.o)
                0x0000000000022298                alt_argc
                0x000000000002229c                alt_argv
                0x00000000000222a0                alt_envp
 .sbss          0x00000000000222a4        0x4 ../tutorial_soft_bsp/\libhal_bsp.a(alt_irq_vars.o)
                0x00000000000222a4                alt_irq_active
 .sbss          0x00000000000222a8        0x8 ../tutorial_soft_bsp/\libhal_bsp.a(alt_tick.o)
                0x00000000000222a8                _alt_tick_rate
                0x00000000000222ac                _alt_nticks
 .sbss          0x00000000000222b0        0x4 ../tutorial_soft_bsp/\libhal_bsp.a(alt_instruction_exception_entry.o)
                0x00000000000222b0                alt_instruction_exception_handler
 *(.sbss2 .sbss2.* .gnu.linkonce.sb2.*)
 *(.scommon)
                [!provide]                        PROVIDE (__sbss_end, ABSOLUTE (.))
                [!provide]                        PROVIDE (___sbss_end, ABSOLUTE (.))
 *(.dynbss)
 *(.bss .bss.* .gnu.linkonce.b.*)
 .bss           0x00000000000222b4        0x0 ../tutorial_soft_bsp//obj/HAL/src/crt0.o
 .bss           0x00000000000222b4        0x0 obj/default/hello_world.o
 .bss           0x00000000000222b4        0x0 c:/intelfpga/18.1/nios2eds/bin/gnu/h-x86_64-mingw32/bin/../lib/gcc/nios2-elf/5.3.0/../../../../../H-x86_64-mingw32/nios2-elf/lib\libsmallc.a(lib_a-puts.o)
 .bss           0x00000000000222b4        0x0 c:/intelfpga/18.1/nios2eds/bin/gnu/h-x86_64-mingw32/bin/../lib/gcc/nios2-elf/5.3.0/../../../../../H-x86_64-mingw32/nios2-elf/lib\libsmallc.a(lib_a-strlen.o)
 .bss           0x00000000000222b4        0x0 c:/intelfpga/18.1/nios2eds/bin/gnu/h-x86_64-mingw32/bin/../lib/gcc/nios2-elf/5.3.0/../../../../../H-x86_64-mingw32/nios2-elf/lib\libsmallc.a(lib_a-fvwrite_small_dev.o)
 .bss           0x00000000000222b4        0x0 c:/intelfpga/18.1/nios2eds/bin/gnu/h-x86_64-mingw32/bin/../lib/gcc/nios2-elf/5.3.0/../../../../../H-x86_64-mingw32/nios2-elf/lib\libsmallc.a(lib_a-impure.o)
 .bss           0x00000000000222b4        0x0 c:/intelfpga/18.1/nios2eds/bin/gnu/h-x86_64-mingw32/bin/../lib/gcc/nios2-elf/5.3.0/../../../../../H-x86_64-mingw32/nios2-elf/lib\libsmallc.a(lib_a-writer.o)
 .bss           0x00000000000222b4        0x0 c:/intelfpga/18.1/nios2eds/bin/gnu/h-x86_64-mingw32/bin/../lib/gcc/nios2-elf/5.3.0/../../../../../H-x86_64-mingw32/nios2-elf/lib\libsmallc.a(lib_a-int_errno.o)
 .bss           0x00000000000222b4        0x0 ../tutorial_soft_bsp/\libhal_bsp.a(alt_load.o)
 .bss           0x00000000000222b4        0x0 ../tutorial_soft_bsp/\libhal_bsp.a(alt_main.o)
 .bss           0x00000000000222b4        0x0 ../tutorial_soft_bsp/\libhal_bsp.a(alt_write.o)
 .bss           0x00000000000222b4        0x0 ../tutorial_soft_bsp/\libhal_bsp.a(alt_sys_init.o)
 .bss           0x00000000000222b4        0x0 ../tutorial_soft_bsp/\libhal_bsp.a(altera_avalon_jtag_uart_fd.o)
 .bss           0x00000000000222b4        0x0 ../tutorial_soft_bsp/\libhal_bsp.a(altera_avalon_jtag_uart_read.o)
 .bss           0x00000000000222b4        0x0 ../tutorial_soft_bsp/\libhal_bsp.a(altera_avalon_jtag_uart_write.o)
 .bss           0x00000000000222b4        0x0 ../tutorial_soft_bsp/\libhal_bsp.a(altera_avalon_timer_sc.o)
 .bss           0x00000000000222b4        0x0 ../tutorial_soft_bsp/\libhal_bsp.a(alt_close.o)
 .bss           0x00000000000222b4        0x0 ../tutorial_soft_bsp/\libhal_bsp.a(alt_dcache_flush_all.o)
 .bss           0x00000000000222b4        0x0 ../tutorial_soft_bsp/\libhal_bsp.a(alt_dev.o)
 .bss           0x00000000000222b4        0x0 ../tutorial_soft_bsp/\libhal_bsp.a(alt_dev_llist_insert.o)
 .bss           0x00000000000222b4        0x0 ../tutorial_soft_bsp/\libhal_bsp.a(alt_errno.o)
 .bss           0x00000000000222b4        0x0 ../tutorial_soft_bsp/\libhal_bsp.a(alt_icache_flush_all.o)
 .bss           0x00000000000222b4        0x0 ../tutorial_soft_bsp/\libhal_bsp.a(alt_iic.o)
 .bss           0x00000000000222b4        0x0 ../tutorial_soft_bsp/\libhal_bsp.a(alt_iic_isr_register.o)
 .bss           0x00000000000222b4        0x0 ../tutorial_soft_bsp/\libhal_bsp.a(alt_io_redirect.o)
 .bss           0x00000000000222b4        0x0 ../tutorial_soft_bsp/\libhal_bsp.a(alt_irq_entry.o)
 .bss           0x00000000000222b4        0x0 ../tutorial_soft_bsp/\libhal_bsp.a(alt_irq_handler.o)
 .bss           0x00000000000222b4        0x0 ../tutorial_soft_bsp/\libhal_bsp.a(alt_irq_vars.o)
 .bss           0x00000000000222b4        0x0 ../tutorial_soft_bsp/\libhal_bsp.a(alt_open.o)
 .bss           0x00000000000222b4        0x0 ../tutorial_soft_bsp/\libhal_bsp.a(alt_release_fd.o)
 .bss           0x00000000000222b4        0x0 ../tutorial_soft_bsp/\libhal_bsp.a(alt_tick.o)
 .bss           0x00000000000222b4        0x0 ../tutorial_soft_bsp/\libhal_bsp.a(altera_nios2_gen2_irq.o)
 .bss           0x00000000000222b4        0x0 ../tutorial_soft_bsp/\libhal_bsp.a(alt_exception_entry.o)
 .bss           0x00000000000222b4        0x0 ../tutorial_soft_bsp/\libhal_bsp.a(alt_find_dev.o)
 .bss           0x00000000000222b4        0x0 ../tutorial_soft_bsp/\libhal_bsp.a(alt_find_file.o)
 .bss           0x00000000000222b4        0x0 ../tutorial_soft_bsp/\libhal_bsp.a(alt_get_fd.o)
 .bss           0x00000000000222b4        0x0 ../tutorial_soft_bsp/\libhal_bsp.a(alt_icache_flush.o)
 .bss           0x00000000000222b4        0x0 ../tutorial_soft_bsp/\libhal_bsp.a(alt_instruction_exception_entry.o)
 .bss           0x00000000000222b4        0x0 c:/intelfpga/18.1/nios2eds/bin/gnu/h-x86_64-mingw32/bin/../lib/gcc/nios2-elf/5.3.0/../../../../../H-x86_64-mingw32/nios2-elf/lib\libsmallc.a(lib_a-exit.o)
 .bss           0x00000000000222b4        0x0 c:/intelfpga/18.1/nios2eds/bin/gnu/h-x86_64-mingw32/bin/../lib/gcc/nios2-elf/5.3.0/../../../../../H-x86_64-mingw32/nios2-elf/lib\libsmallc.a(lib_a-memcmp.o)
 .bss           0x00000000000222b4        0x0 c:/intelfpga/18.1/nios2eds/bin/gnu/h-x86_64-mingw32/bin/../lib/gcc/nios2-elf/5.3.0/../../../../../H-x86_64-mingw32/nios2-elf/lib\libsmallc.a(lib_a-__call_atexit.o)
 .bss           0x00000000000222b4        0x0 ../tutorial_soft_bsp/\libhal_bsp.a(alt_exit.o)
 *(COMMON)
 COMMON         0x00000000000222b4      0x100 ../tutorial_soft_bsp/\libhal_bsp.a(alt_irq_handler.o)
                0x00000000000222b4                alt_irq
                0x00000000000223b4                . = ALIGN (0x4)
                0x00000000000223b4                __bss_end = ABSOLUTE (.)

.MEMOIRE_ONCHIP
                0x00000000000223b4        0x0
                [!provide]                        PROVIDE (_alt_partition_MEMOIRE_ONCHIP_start, ABSOLUTE (.))
 *(.MEMOIRE_ONCHIP .MEMOIRE_ONCHIP. MEMOIRE_ONCHIP.*)
                0x00000000000223b4                . = ALIGN (0x4)
                [!provide]                        PROVIDE (_alt_partition_MEMOIRE_ONCHIP_end, ABSOLUTE (.))
                0x00000000000223b4                _end = ABSOLUTE (.)
                0x00000000000223b4                end = ABSOLUTE (.)
                0x00000000000223b4                __alt_stack_base = ABSOLUTE (.)
                [!provide]                        PROVIDE (_alt_partition_MEMOIRE_ONCHIP_load_addr, LOADADDR (.MEMOIRE_ONCHIP))

.stab
 *(.stab)

.stabstr
 *(.stabstr)

.stab.excl
 *(.stab.excl)

.stab.exclstr
 *(.stab.exclstr)

.stab.index
 *(.stab.index)

.stab.indexstr
 *(.stab.indexstr)

.comment        0x0000000000000000       0x23
 *(.comment)
 .comment       0x0000000000000000       0x23 obj/default/hello_world.o
                                         0x24 (size before relaxing)
 .comment       0x0000000000000023       0x24 c:/intelfpga/18.1/nios2eds/bin/gnu/h-x86_64-mingw32/bin/../lib/gcc/nios2-elf/5.3.0/../../../../../H-x86_64-mingw32/nios2-elf/lib\libsmallc.a(lib_a-puts.o)
 .comment       0x0000000000000023       0x24 c:/intelfpga/18.1/nios2eds/bin/gnu/h-x86_64-mingw32/bin/../lib/gcc/nios2-elf/5.3.0/../../../../../H-x86_64-mingw32/nios2-elf/lib\libsmallc.a(lib_a-strlen.o)
 .comment       0x0000000000000023       0x24 c:/intelfpga/18.1/nios2eds/bin/gnu/h-x86_64-mingw32/bin/../lib/gcc/nios2-elf/5.3.0/../../../../../H-x86_64-mingw32/nios2-elf/lib\libsmallc.a(lib_a-fvwrite_small_dev.o)
 .comment       0x0000000000000023       0x24 c:/intelfpga/18.1/nios2eds/bin/gnu/h-x86_64-mingw32/bin/../lib/gcc/nios2-elf/5.3.0/../../../../../H-x86_64-mingw32/nios2-elf/lib\libsmallc.a(lib_a-impure.o)
 .comment       0x0000000000000023       0x24 c:/intelfpga/18.1/nios2eds/bin/gnu/h-x86_64-mingw32/bin/../lib/gcc/nios2-elf/5.3.0/../../../../../H-x86_64-mingw32/nios2-elf/lib\libsmallc.a(lib_a-writer.o)
 .comment       0x0000000000000023       0x24 c:/intelfpga/18.1/nios2eds/bin/gnu/h-x86_64-mingw32/bin/../lib/gcc/nios2-elf/5.3.0/../../../../../H-x86_64-mingw32/nios2-elf/lib\libsmallc.a(lib_a-int_errno.o)
 .comment       0x0000000000000023       0x24 ../tutorial_soft_bsp/\libhal_bsp.a(alt_load.o)
 .comment       0x0000000000000023       0x24 ../tutorial_soft_bsp/\libhal_bsp.a(alt_main.o)
 .comment       0x0000000000000023       0x24 ../tutorial_soft_bsp/\libhal_bsp.a(alt_write.o)
 .comment       0x0000000000000023       0x24 ../tutorial_soft_bsp/\libhal_bsp.a(alt_sys_init.o)
 .comment       0x0000000000000023       0x24 ../tutorial_soft_bsp/\libhal_bsp.a(altera_avalon_jtag_uart_fd.o)
 .comment       0x0000000000000023       0x24 ../tutorial_soft_bsp/\libhal_bsp.a(altera_avalon_jtag_uart_read.o)
 .comment       0x0000000000000023       0x24 ../tutorial_soft_bsp/\libhal_bsp.a(altera_avalon_jtag_uart_write.o)
 .comment       0x0000000000000023       0x24 ../tutorial_soft_bsp/\libhal_bsp.a(altera_avalon_timer_sc.o)
 .comment       0x0000000000000023       0x24 ../tutorial_soft_bsp/\libhal_bsp.a(alt_close.o)
 .comment       0x0000000000000023       0x24 ../tutorial_soft_bsp/\libhal_bsp.a(alt_dcache_flush_all.o)
 .comment       0x0000000000000023       0x24 ../tutorial_soft_bsp/\libhal_bsp.a(alt_dev.o)
 .comment       0x0000000000000023       0x24 ../tutorial_soft_bsp/\libhal_bsp.a(alt_dev_llist_insert.o)
 .comment       0x0000000000000023       0x24 ../tutorial_soft_bsp/\libhal_bsp.a(alt_errno.o)
 .comment       0x0000000000000023       0x24 ../tutorial_soft_bsp/\libhal_bsp.a(alt_icache_flush_all.o)
 .comment       0x0000000000000023       0x24 ../tutorial_soft_bsp/\libhal_bsp.a(alt_iic.o)
 .comment       0x0000000000000023       0x24 ../tutorial_soft_bsp/\libhal_bsp.a(alt_iic_isr_register.o)
 .comment       0x0000000000000023       0x24 ../tutorial_soft_bsp/\libhal_bsp.a(alt_io_redirect.o)
 .comment       0x0000000000000023       0x24 ../tutorial_soft_bsp/\libhal_bsp.a(alt_irq_handler.o)
 .comment       0x0000000000000023       0x24 ../tutorial_soft_bsp/\libhal_bsp.a(alt_irq_vars.o)
 .comment       0x0000000000000023       0x24 ../tutorial_soft_bsp/\libhal_bsp.a(alt_open.o)
 .comment       0x0000000000000023       0x24 ../tutorial_soft_bsp/\libhal_bsp.a(alt_release_fd.o)
 .comment       0x0000000000000023       0x24 ../tutorial_soft_bsp/\libhal_bsp.a(alt_tick.o)
 .comment       0x0000000000000023       0x24 ../tutorial_soft_bsp/\libhal_bsp.a(altera_nios2_gen2_irq.o)
 .comment       0x0000000000000023       0x24 ../tutorial_soft_bsp/\libhal_bsp.a(alt_find_dev.o)
 .comment       0x0000000000000023       0x24 ../tutorial_soft_bsp/\libhal_bsp.a(alt_find_file.o)
 .comment       0x0000000000000023       0x24 ../tutorial_soft_bsp/\libhal_bsp.a(alt_get_fd.o)
 .comment       0x0000000000000023       0x24 ../tutorial_soft_bsp/\libhal_bsp.a(alt_icache_flush.o)
 .comment       0x0000000000000023       0x24 ../tutorial_soft_bsp/\libhal_bsp.a(alt_instruction_exception_entry.o)
 .comment       0x0000000000000023       0x24 c:/intelfpga/18.1/nios2eds/bin/gnu/h-x86_64-mingw32/bin/../lib/gcc/nios2-elf/5.3.0/../../../../../H-x86_64-mingw32/nios2-elf/lib\libsmallc.a(lib_a-exit.o)
 .comment       0x0000000000000023       0x24 c:/intelfpga/18.1/nios2eds/bin/gnu/h-x86_64-mingw32/bin/../lib/gcc/nios2-elf/5.3.0/../../../../../H-x86_64-mingw32/nios2-elf/lib\libsmallc.a(lib_a-memcmp.o)
 .comment       0x0000000000000023       0x24 c:/intelfpga/18.1/nios2eds/bin/gnu/h-x86_64-mingw32/bin/../lib/gcc/nios2-elf/5.3.0/../../../../../H-x86_64-mingw32/nios2-elf/lib\libsmallc.a(lib_a-__call_atexit.o)
 .comment       0x0000000000000023       0x24 ../tutorial_soft_bsp/\libhal_bsp.a(alt_exit.o)

.debug
 *(.debug)

.line
 *(.line)

.debug_srcinfo
 *(.debug_srcinfo)

.debug_sfnames
 *(.debug_sfnames)

.debug_aranges  0x0000000000000000      0x560
 *(.debug_aranges)
 .debug_aranges
                0x0000000000000000       0x28 ../tutorial_soft_bsp//obj/HAL/src/crt0.o
 .debug_aranges
                0x0000000000000028       0x20 obj/default/hello_world.o
 .debug_aranges
                0x0000000000000048       0x28 c:/intelfpga/18.1/nios2eds/bin/gnu/h-x86_64-mingw32/bin/../lib/gcc/nios2-elf/5.3.0/../../../../../H-x86_64-mingw32/nios2-elf/lib\libsmallc.a(lib_a-puts.o)
 .debug_aranges
                0x0000000000000070       0x20 c:/intelfpga/18.1/nios2eds/bin/gnu/h-x86_64-mingw32/bin/../lib/gcc/nios2-elf/5.3.0/../../../../../H-x86_64-mingw32/nios2-elf/lib\libsmallc.a(lib_a-strlen.o)
 .debug_aranges
                0x0000000000000090       0x20 c:/intelfpga/18.1/nios2eds/bin/gnu/h-x86_64-mingw32/bin/../lib/gcc/nios2-elf/5.3.0/../../../../../H-x86_64-mingw32/nios2-elf/lib\libsmallc.a(lib_a-fvwrite_small_dev.o)
 .debug_aranges
                0x00000000000000b0       0x18 c:/intelfpga/18.1/nios2eds/bin/gnu/h-x86_64-mingw32/bin/../lib/gcc/nios2-elf/5.3.0/../../../../../H-x86_64-mingw32/nios2-elf/lib\libsmallc.a(lib_a-impure.o)
 .debug_aranges
                0x00000000000000c8       0x20 c:/intelfpga/18.1/nios2eds/bin/gnu/h-x86_64-mingw32/bin/../lib/gcc/nios2-elf/5.3.0/../../../../../H-x86_64-mingw32/nios2-elf/lib\libsmallc.a(lib_a-writer.o)
 .debug_aranges
                0x00000000000000e8       0x18 c:/intelfpga/18.1/nios2eds/bin/gnu/h-x86_64-mingw32/bin/../lib/gcc/nios2-elf/5.3.0/../../../../../H-x86_64-mingw32/nios2-elf/lib\libsmallc.a(lib_a-int_errno.o)
 .debug_aranges
                0x0000000000000100       0x20 ../tutorial_soft_bsp/\libhal_bsp.a(alt_load.o)
 .debug_aranges
                0x0000000000000120       0x20 ../tutorial_soft_bsp/\libhal_bsp.a(alt_main.o)
 .debug_aranges
                0x0000000000000140       0x20 ../tutorial_soft_bsp/\libhal_bsp.a(alt_write.o)
 .debug_aranges
                0x0000000000000160       0x20 ../tutorial_soft_bsp/\libhal_bsp.a(alt_sys_init.o)
 .debug_aranges
                0x0000000000000180       0x20 ../tutorial_soft_bsp/\libhal_bsp.a(altera_avalon_jtag_uart_fd.o)
 .debug_aranges
                0x00000000000001a0       0x20 ../tutorial_soft_bsp/\libhal_bsp.a(altera_avalon_jtag_uart_read.o)
 .debug_aranges
                0x00000000000001c0       0x20 ../tutorial_soft_bsp/\libhal_bsp.a(altera_avalon_jtag_uart_write.o)
 .debug_aranges
                0x00000000000001e0       0x20 ../tutorial_soft_bsp/\libhal_bsp.a(altera_avalon_timer_sc.o)
 .debug_aranges
                0x0000000000000200       0x20 ../tutorial_soft_bsp/\libhal_bsp.a(alt_close.o)
 .debug_aranges
                0x0000000000000220       0x20 ../tutorial_soft_bsp/\libhal_bsp.a(alt_dcache_flush_all.o)
 .debug_aranges
                0x0000000000000240       0x20 ../tutorial_soft_bsp/\libhal_bsp.a(alt_dev.o)
 .debug_aranges
                0x0000000000000260       0x20 ../tutorial_soft_bsp/\libhal_bsp.a(alt_dev_llist_insert.o)
 .debug_aranges
                0x0000000000000280       0x18 ../tutorial_soft_bsp/\libhal_bsp.a(alt_errno.o)
 .debug_aranges
                0x0000000000000298       0x20 ../tutorial_soft_bsp/\libhal_bsp.a(alt_icache_flush_all.o)
 .debug_aranges
                0x00000000000002b8       0x20 ../tutorial_soft_bsp/\libhal_bsp.a(alt_iic.o)
 .debug_aranges
                0x00000000000002d8       0x20 ../tutorial_soft_bsp/\libhal_bsp.a(alt_iic_isr_register.o)
 .debug_aranges
                0x00000000000002f8       0x20 ../tutorial_soft_bsp/\libhal_bsp.a(alt_io_redirect.o)
 .debug_aranges
                0x0000000000000318       0x30 ../tutorial_soft_bsp/\libhal_bsp.a(alt_irq_entry.o)
 .debug_aranges
                0x0000000000000348       0x20 ../tutorial_soft_bsp/\libhal_bsp.a(alt_irq_handler.o)
 .debug_aranges
                0x0000000000000368       0x18 ../tutorial_soft_bsp/\libhal_bsp.a(alt_irq_vars.o)
 .debug_aranges
                0x0000000000000380       0x20 ../tutorial_soft_bsp/\libhal_bsp.a(alt_open.o)
 .debug_aranges
                0x00000000000003a0       0x20 ../tutorial_soft_bsp/\libhal_bsp.a(alt_release_fd.o)
 .debug_aranges
                0x00000000000003c0       0x20 ../tutorial_soft_bsp/\libhal_bsp.a(alt_tick.o)
 .debug_aranges
                0x00000000000003e0       0x20 ../tutorial_soft_bsp/\libhal_bsp.a(altera_nios2_gen2_irq.o)
 .debug_aranges
                0x0000000000000400       0x38 ../tutorial_soft_bsp/\libhal_bsp.a(alt_exception_entry.o)
 .debug_aranges
                0x0000000000000438       0x20 ../tutorial_soft_bsp/\libhal_bsp.a(alt_find_dev.o)
 .debug_aranges
                0x0000000000000458       0x20 ../tutorial_soft_bsp/\libhal_bsp.a(alt_find_file.o)
 .debug_aranges
                0x0000000000000478       0x20 ../tutorial_soft_bsp/\libhal_bsp.a(alt_get_fd.o)
 .debug_aranges
                0x0000000000000498       0x20 ../tutorial_soft_bsp/\libhal_bsp.a(alt_icache_flush.o)
 .debug_aranges
                0x00000000000004b8       0x28 ../tutorial_soft_bsp/\libhal_bsp.a(alt_instruction_exception_entry.o)
 .debug_aranges
                0x00000000000004e0       0x20 c:/intelfpga/18.1/nios2eds/bin/gnu/h-x86_64-mingw32/bin/../lib/gcc/nios2-elf/5.3.0/../../../../../H-x86_64-mingw32/nios2-elf/lib\libsmallc.a(lib_a-exit.o)
 .debug_aranges
                0x0000000000000500       0x20 c:/intelfpga/18.1/nios2eds/bin/gnu/h-x86_64-mingw32/bin/../lib/gcc/nios2-elf/5.3.0/../../../../../H-x86_64-mingw32/nios2-elf/lib\libsmallc.a(lib_a-memcmp.o)
 .debug_aranges
                0x0000000000000520       0x20 c:/intelfpga/18.1/nios2eds/bin/gnu/h-x86_64-mingw32/bin/../lib/gcc/nios2-elf/5.3.0/../../../../../H-x86_64-mingw32/nios2-elf/lib\libsmallc.a(lib_a-__call_atexit.o)
 .debug_aranges
                0x0000000000000540       0x20 ../tutorial_soft_bsp/\libhal_bsp.a(alt_exit.o)

.debug_pubnames
 *(.debug_pubnames)

.debug_info     0x0000000000000000     0x65f8
 *(.debug_info .gnu.linkonce.wi.*)
 .debug_info    0x0000000000000000       0x64 ../tutorial_soft_bsp//obj/HAL/src/crt0.o
 .debug_info    0x0000000000000064      0x135 obj/default/hello_world.o
 .debug_info    0x0000000000000199      0x66d c:/intelfpga/18.1/nios2eds/bin/gnu/h-x86_64-mingw32/bin/../lib/gcc/nios2-elf/5.3.0/../../../../../H-x86_64-mingw32/nios2-elf/lib\libsmallc.a(lib_a-puts.o)
 .debug_info    0x0000000000000806       0xc9 c:/intelfpga/18.1/nios2eds/bin/gnu/h-x86_64-mingw32/bin/../lib/gcc/nios2-elf/5.3.0/../../../../../H-x86_64-mingw32/nios2-elf/lib\libsmallc.a(lib_a-strlen.o)
 .debug_info    0x00000000000008cf      0x62b c:/intelfpga/18.1/nios2eds/bin/gnu/h-x86_64-mingw32/bin/../lib/gcc/nios2-elf/5.3.0/../../../../../H-x86_64-mingw32/nios2-elf/lib\libsmallc.a(lib_a-fvwrite_small_dev.o)
 .debug_info    0x0000000000000efa      0x5a9 c:/intelfpga/18.1/nios2eds/bin/gnu/h-x86_64-mingw32/bin/../lib/gcc/nios2-elf/5.3.0/../../../../../H-x86_64-mingw32/nios2-elf/lib\libsmallc.a(lib_a-impure.o)
 .debug_info    0x00000000000014a3      0x630 c:/intelfpga/18.1/nios2eds/bin/gnu/h-x86_64-mingw32/bin/../lib/gcc/nios2-elf/5.3.0/../../../../../H-x86_64-mingw32/nios2-elf/lib\libsmallc.a(lib_a-writer.o)
 .debug_info    0x0000000000001ad3       0x8a c:/intelfpga/18.1/nios2eds/bin/gnu/h-x86_64-mingw32/bin/../lib/gcc/nios2-elf/5.3.0/../../../../../H-x86_64-mingw32/nios2-elf/lib\libsmallc.a(lib_a-int_errno.o)
 .debug_info    0x0000000000001b5d      0x145 ../tutorial_soft_bsp/\libhal_bsp.a(alt_load.o)
 .debug_info    0x0000000000001ca2      0x131 ../tutorial_soft_bsp/\libhal_bsp.a(alt_main.o)
 .debug_info    0x0000000000001dd3      0x4b7 ../tutorial_soft_bsp/\libhal_bsp.a(alt_write.o)
 .debug_info    0x000000000000228a      0x3df ../tutorial_soft_bsp/\libhal_bsp.a(alt_sys_init.o)
 .debug_info    0x0000000000002669      0x3a7 ../tutorial_soft_bsp/\libhal_bsp.a(altera_avalon_jtag_uart_fd.o)
 .debug_info    0x0000000000002a10      0x1b2 ../tutorial_soft_bsp/\libhal_bsp.a(altera_avalon_jtag_uart_read.o)
 .debug_info    0x0000000000002bc2      0x195 ../tutorial_soft_bsp/\libhal_bsp.a(altera_avalon_jtag_uart_write.o)
 .debug_info    0x0000000000002d57      0x226 ../tutorial_soft_bsp/\libhal_bsp.a(altera_avalon_timer_sc.o)
 .debug_info    0x0000000000002f7d      0x321 ../tutorial_soft_bsp/\libhal_bsp.a(alt_close.o)
 .debug_info    0x000000000000329e       0x92 ../tutorial_soft_bsp/\libhal_bsp.a(alt_dcache_flush_all.o)
 .debug_info    0x0000000000003330      0x49c ../tutorial_soft_bsp/\libhal_bsp.a(alt_dev.o)
 .debug_info    0x00000000000037cc      0x1a9 ../tutorial_soft_bsp/\libhal_bsp.a(alt_dev_llist_insert.o)
 .debug_info    0x0000000000003975       0xa6 ../tutorial_soft_bsp/\libhal_bsp.a(alt_errno.o)
 .debug_info    0x0000000000003a1b       0x92 ../tutorial_soft_bsp/\libhal_bsp.a(alt_icache_flush_all.o)
 .debug_info    0x0000000000003aad      0x350 ../tutorial_soft_bsp/\libhal_bsp.a(alt_iic.o)
 .debug_info    0x0000000000003dfd      0x1ef ../tutorial_soft_bsp/\libhal_bsp.a(alt_iic_isr_register.o)
 .debug_info    0x0000000000003fec      0x4a5 ../tutorial_soft_bsp/\libhal_bsp.a(alt_io_redirect.o)
 .debug_info    0x0000000000004491       0x6d ../tutorial_soft_bsp/\libhal_bsp.a(alt_irq_entry.o)
 .debug_info    0x00000000000044fe      0x187 ../tutorial_soft_bsp/\libhal_bsp.a(alt_irq_handler.o)
 .debug_info    0x0000000000004685       0x88 ../tutorial_soft_bsp/\libhal_bsp.a(alt_irq_vars.o)
 .debug_info    0x000000000000470d      0x3bb ../tutorial_soft_bsp/\libhal_bsp.a(alt_open.o)
 .debug_info    0x0000000000004ac8      0x2b0 ../tutorial_soft_bsp/\libhal_bsp.a(alt_release_fd.o)
 .debug_info    0x0000000000004d78      0x299 ../tutorial_soft_bsp/\libhal_bsp.a(alt_tick.o)
 .debug_info    0x0000000000005011       0x92 ../tutorial_soft_bsp/\libhal_bsp.a(altera_nios2_gen2_irq.o)
 .debug_info    0x00000000000050a3       0x73 ../tutorial_soft_bsp/\libhal_bsp.a(alt_exception_entry.o)
 .debug_info    0x0000000000005116      0x2e9 ../tutorial_soft_bsp/\libhal_bsp.a(alt_find_dev.o)
 .debug_info    0x00000000000053ff      0x2e6 ../tutorial_soft_bsp/\libhal_bsp.a(alt_find_file.o)
 .debug_info    0x00000000000056e5      0x310 ../tutorial_soft_bsp/\libhal_bsp.a(alt_get_fd.o)
 .debug_info    0x00000000000059f5       0xdc ../tutorial_soft_bsp/\libhal_bsp.a(alt_icache_flush.o)
 .debug_info    0x0000000000005ad1      0x1e7 ../tutorial_soft_bsp/\libhal_bsp.a(alt_instruction_exception_entry.o)
 .debug_info    0x0000000000005cb8       0xe5 c:/intelfpga/18.1/nios2eds/bin/gnu/h-x86_64-mingw32/bin/../lib/gcc/nios2-elf/5.3.0/../../../../../H-x86_64-mingw32/nios2-elf/lib\libsmallc.a(lib_a-exit.o)
 .debug_info    0x0000000000005d9d       0xf4 c:/intelfpga/18.1/nios2eds/bin/gnu/h-x86_64-mingw32/bin/../lib/gcc/nios2-elf/5.3.0/../../../../../H-x86_64-mingw32/nios2-elf/lib\libsmallc.a(lib_a-memcmp.o)
 .debug_info    0x0000000000005e91      0x67b c:/intelfpga/18.1/nios2eds/bin/gnu/h-x86_64-mingw32/bin/../lib/gcc/nios2-elf/5.3.0/../../../../../H-x86_64-mingw32/nios2-elf/lib\libsmallc.a(lib_a-__call_atexit.o)
 .debug_info    0x000000000000650c       0xec ../tutorial_soft_bsp/\libhal_bsp.a(alt_exit.o)

.debug_abbrev   0x0000000000000000     0x24ac
 *(.debug_abbrev)
 .debug_abbrev  0x0000000000000000       0x12 ../tutorial_soft_bsp//obj/HAL/src/crt0.o
 .debug_abbrev  0x0000000000000012       0x79 obj/default/hello_world.o
 .debug_abbrev  0x000000000000008b      0x1d6 c:/intelfpga/18.1/nios2eds/bin/gnu/h-x86_64-mingw32/bin/../lib/gcc/nios2-elf/5.3.0/../../../../../H-x86_64-mingw32/nios2-elf/lib\libsmallc.a(lib_a-puts.o)
 .debug_abbrev  0x0000000000000261       0x7f c:/intelfpga/18.1/nios2eds/bin/gnu/h-x86_64-mingw32/bin/../lib/gcc/nios2-elf/5.3.0/../../../../../H-x86_64-mingw32/nios2-elf/lib\libsmallc.a(lib_a-strlen.o)
 .debug_abbrev  0x00000000000002e0      0x1bc c:/intelfpga/18.1/nios2eds/bin/gnu/h-x86_64-mingw32/bin/../lib/gcc/nios2-elf/5.3.0/../../../../../H-x86_64-mingw32/nios2-elf/lib\libsmallc.a(lib_a-fvwrite_small_dev.o)
 .debug_abbrev  0x000000000000049c      0x14a c:/intelfpga/18.1/nios2eds/bin/gnu/h-x86_64-mingw32/bin/../lib/gcc/nios2-elf/5.3.0/../../../../../H-x86_64-mingw32/nios2-elf/lib\libsmallc.a(lib_a-impure.o)
 .debug_abbrev  0x00000000000005e6      0x1a6 c:/intelfpga/18.1/nios2eds/bin/gnu/h-x86_64-mingw32/bin/../lib/gcc/nios2-elf/5.3.0/../../../../../H-x86_64-mingw32/nios2-elf/lib\libsmallc.a(lib_a-writer.o)
 .debug_abbrev  0x000000000000078c       0x37 c:/intelfpga/18.1/nios2eds/bin/gnu/h-x86_64-mingw32/bin/../lib/gcc/nios2-elf/5.3.0/../../../../../H-x86_64-mingw32/nios2-elf/lib\libsmallc.a(lib_a-int_errno.o)
 .debug_abbrev  0x00000000000007c3       0x9f ../tutorial_soft_bsp/\libhal_bsp.a(alt_load.o)
 .debug_abbrev  0x0000000000000862       0xba ../tutorial_soft_bsp/\libhal_bsp.a(alt_main.o)
 .debug_abbrev  0x000000000000091c      0x133 ../tutorial_soft_bsp/\libhal_bsp.a(alt_write.o)
 .debug_abbrev  0x0000000000000a4f      0x157 ../tutorial_soft_bsp/\libhal_bsp.a(alt_sys_init.o)
 .debug_abbrev  0x0000000000000ba6       0xf7 ../tutorial_soft_bsp/\libhal_bsp.a(altera_avalon_jtag_uart_fd.o)
 .debug_abbrev  0x0000000000000c9d       0xd5 ../tutorial_soft_bsp/\libhal_bsp.a(altera_avalon_jtag_uart_read.o)
 .debug_abbrev  0x0000000000000d72       0xd5 ../tutorial_soft_bsp/\libhal_bsp.a(altera_avalon_jtag_uart_write.o)
 .debug_abbrev  0x0000000000000e47      0x155 ../tutorial_soft_bsp/\libhal_bsp.a(altera_avalon_timer_sc.o)
 .debug_abbrev  0x0000000000000f9c      0x11f ../tutorial_soft_bsp/\libhal_bsp.a(alt_close.o)
 .debug_abbrev  0x00000000000010bb       0x42 ../tutorial_soft_bsp/\libhal_bsp.a(alt_dcache_flush_all.o)
 .debug_abbrev  0x00000000000010fd       0xd9 ../tutorial_soft_bsp/\libhal_bsp.a(alt_dev.o)
 .debug_abbrev  0x00000000000011d6      0x114 ../tutorial_soft_bsp/\libhal_bsp.a(alt_dev_llist_insert.o)
 .debug_abbrev  0x00000000000012ea       0x5a ../tutorial_soft_bsp/\libhal_bsp.a(alt_errno.o)
 .debug_abbrev  0x0000000000001344       0x42 ../tutorial_soft_bsp/\libhal_bsp.a(alt_icache_flush_all.o)
 .debug_abbrev  0x0000000000001386      0x163 ../tutorial_soft_bsp/\libhal_bsp.a(alt_iic.o)
 .debug_abbrev  0x00000000000014e9      0x169 ../tutorial_soft_bsp/\libhal_bsp.a(alt_iic_isr_register.o)
 .debug_abbrev  0x0000000000001652      0x114 ../tutorial_soft_bsp/\libhal_bsp.a(alt_io_redirect.o)
 .debug_abbrev  0x0000000000001766       0x12 ../tutorial_soft_bsp/\libhal_bsp.a(alt_irq_entry.o)
 .debug_abbrev  0x0000000000001778      0x122 ../tutorial_soft_bsp/\libhal_bsp.a(alt_irq_handler.o)
 .debug_abbrev  0x000000000000189a       0x40 ../tutorial_soft_bsp/\libhal_bsp.a(alt_irq_vars.o)
 .debug_abbrev  0x00000000000018da      0x148 ../tutorial_soft_bsp/\libhal_bsp.a(alt_open.o)
 .debug_abbrev  0x0000000000001a22       0xde ../tutorial_soft_bsp/\libhal_bsp.a(alt_release_fd.o)
 .debug_abbrev  0x0000000000001b00      0x15a ../tutorial_soft_bsp/\libhal_bsp.a(alt_tick.o)
 .debug_abbrev  0x0000000000001c5a       0x42 ../tutorial_soft_bsp/\libhal_bsp.a(altera_nios2_gen2_irq.o)
 .debug_abbrev  0x0000000000001c9c       0x12 ../tutorial_soft_bsp/\libhal_bsp.a(alt_exception_entry.o)
 .debug_abbrev  0x0000000000001cae       0xf0 ../tutorial_soft_bsp/\libhal_bsp.a(alt_find_dev.o)
 .debug_abbrev  0x0000000000001d9e       0xf0 ../tutorial_soft_bsp/\libhal_bsp.a(alt_find_file.o)
 .debug_abbrev  0x0000000000001e8e      0x10d ../tutorial_soft_bsp/\libhal_bsp.a(alt_get_fd.o)
 .debug_abbrev  0x0000000000001f9b       0x8c ../tutorial_soft_bsp/\libhal_bsp.a(alt_icache_flush.o)
 .debug_abbrev  0x0000000000002027       0xdc ../tutorial_soft_bsp/\libhal_bsp.a(alt_instruction_exception_entry.o)
 .debug_abbrev  0x0000000000002103       0x8b c:/intelfpga/18.1/nios2eds/bin/gnu/h-x86_64-mingw32/bin/../lib/gcc/nios2-elf/5.3.0/../../../../../H-x86_64-mingw32/nios2-elf/lib\libsmallc.a(lib_a-exit.o)
 .debug_abbrev  0x000000000000218e       0x7f c:/intelfpga/18.1/nios2eds/bin/gnu/h-x86_64-mingw32/bin/../lib/gcc/nios2-elf/5.3.0/../../../../../H-x86_64-mingw32/nios2-elf/lib\libsmallc.a(lib_a-memcmp.o)
 .debug_abbrev  0x000000000000220d      0x1f6 c:/intelfpga/18.1/nios2eds/bin/gnu/h-x86_64-mingw32/bin/../lib/gcc/nios2-elf/5.3.0/../../../../../H-x86_64-mingw32/nios2-elf/lib\libsmallc.a(lib_a-__call_atexit.o)
 .debug_abbrev  0x0000000000002403       0xa9 ../tutorial_soft_bsp/\libhal_bsp.a(alt_exit.o)

.debug_line     0x0000000000000000     0x272d
 *(.debug_line)
 .debug_line    0x0000000000000000       0x6c ../tutorial_soft_bsp//obj/HAL/src/crt0.o
 .debug_line    0x000000000000006c       0x72 obj/default/hello_world.o
 .debug_line    0x00000000000000de      0x203 c:/intelfpga/18.1/nios2eds/bin/gnu/h-x86_64-mingw32/bin/../lib/gcc/nios2-elf/5.3.0/../../../../../H-x86_64-mingw32/nios2-elf/lib\libsmallc.a(lib_a-puts.o)
 .debug_line    0x00000000000002e1      0x159 c:/intelfpga/18.1/nios2eds/bin/gnu/h-x86_64-mingw32/bin/../lib/gcc/nios2-elf/5.3.0/../../../../../H-x86_64-mingw32/nios2-elf/lib\libsmallc.a(lib_a-strlen.o)
 .debug_line    0x000000000000043a      0x1ed c:/intelfpga/18.1/nios2eds/bin/gnu/h-x86_64-mingw32/bin/../lib/gcc/nios2-elf/5.3.0/../../../../../H-x86_64-mingw32/nios2-elf/lib\libsmallc.a(lib_a-fvwrite_small_dev.o)
 .debug_line    0x0000000000000627      0x153 c:/intelfpga/18.1/nios2eds/bin/gnu/h-x86_64-mingw32/bin/../lib/gcc/nios2-elf/5.3.0/../../../../../H-x86_64-mingw32/nios2-elf/lib\libsmallc.a(lib_a-impure.o)
 .debug_line    0x000000000000077a      0x1ea c:/intelfpga/18.1/nios2eds/bin/gnu/h-x86_64-mingw32/bin/../lib/gcc/nios2-elf/5.3.0/../../../../../H-x86_64-mingw32/nios2-elf/lib\libsmallc.a(lib_a-writer.o)
 .debug_line    0x0000000000000964       0x5c c:/intelfpga/18.1/nios2eds/bin/gnu/h-x86_64-mingw32/bin/../lib/gcc/nios2-elf/5.3.0/../../../../../H-x86_64-mingw32/nios2-elf/lib\libsmallc.a(lib_a-int_errno.o)
 .debug_line    0x00000000000009c0       0x8e ../tutorial_soft_bsp/\libhal_bsp.a(alt_load.o)
 .debug_line    0x0000000000000a4e       0x9e ../tutorial_soft_bsp/\libhal_bsp.a(alt_main.o)
 .debug_line    0x0000000000000aec      0x1d1 ../tutorial_soft_bsp/\libhal_bsp.a(alt_write.o)
 .debug_line    0x0000000000000cbd      0x142 ../tutorial_soft_bsp/\libhal_bsp.a(alt_sys_init.o)
 .debug_line    0x0000000000000dff      0x112 ../tutorial_soft_bsp/\libhal_bsp.a(altera_avalon_jtag_uart_fd.o)
 .debug_line    0x0000000000000f11       0xfd ../tutorial_soft_bsp/\libhal_bsp.a(altera_avalon_jtag_uart_read.o)
 .debug_line    0x000000000000100e       0xf4 ../tutorial_soft_bsp/\libhal_bsp.a(altera_avalon_jtag_uart_write.o)
 .debug_line    0x0000000000001102       0xfd ../tutorial_soft_bsp/\libhal_bsp.a(altera_avalon_timer_sc.o)
 .debug_line    0x00000000000011ff      0x160 ../tutorial_soft_bsp/\libhal_bsp.a(alt_close.o)
 .debug_line    0x000000000000135f       0x51 ../tutorial_soft_bsp/\libhal_bsp.a(alt_dcache_flush_all.o)
 .debug_line    0x00000000000013b0       0xf3 ../tutorial_soft_bsp/\libhal_bsp.a(alt_dev.o)
 .debug_line    0x00000000000014a3       0xcf ../tutorial_soft_bsp/\libhal_bsp.a(alt_dev_llist_insert.o)
 .debug_line    0x0000000000001572       0x51 ../tutorial_soft_bsp/\libhal_bsp.a(alt_errno.o)
 .debug_line    0x00000000000015c3       0x50 ../tutorial_soft_bsp/\libhal_bsp.a(alt_icache_flush_all.o)
 .debug_line    0x0000000000001613       0xeb ../tutorial_soft_bsp/\libhal_bsp.a(alt_iic.o)
 .debug_line    0x00000000000016fe       0xdb ../tutorial_soft_bsp/\libhal_bsp.a(alt_iic_isr_register.o)
 .debug_line    0x00000000000017d9      0x12e ../tutorial_soft_bsp/\libhal_bsp.a(alt_io_redirect.o)
 .debug_line    0x0000000000001907       0x6b ../tutorial_soft_bsp/\libhal_bsp.a(alt_irq_entry.o)
 .debug_line    0x0000000000001972       0xaa ../tutorial_soft_bsp/\libhal_bsp.a(alt_irq_handler.o)
 .debug_line    0x0000000000001a1c       0x50 ../tutorial_soft_bsp/\libhal_bsp.a(alt_irq_vars.o)
 .debug_line    0x0000000000001a6c      0x128 ../tutorial_soft_bsp/\libhal_bsp.a(alt_open.o)
 .debug_line    0x0000000000001b94       0xae ../tutorial_soft_bsp/\libhal_bsp.a(alt_release_fd.o)
 .debug_line    0x0000000000001c42       0xff ../tutorial_soft_bsp/\libhal_bsp.a(alt_tick.o)
 .debug_line    0x0000000000001d41       0x51 ../tutorial_soft_bsp/\libhal_bsp.a(altera_nios2_gen2_irq.o)
 .debug_line    0x0000000000001d92       0xb3 ../tutorial_soft_bsp/\libhal_bsp.a(alt_exception_entry.o)
 .debug_line    0x0000000000001e45       0xb5 ../tutorial_soft_bsp/\libhal_bsp.a(alt_find_dev.o)
 .debug_line    0x0000000000001efa       0xd1 ../tutorial_soft_bsp/\libhal_bsp.a(alt_find_file.o)
 .debug_line    0x0000000000001fcb       0xd4 ../tutorial_soft_bsp/\libhal_bsp.a(alt_get_fd.o)
 .debug_line    0x000000000000209f       0x81 ../tutorial_soft_bsp/\libhal_bsp.a(alt_icache_flush.o)
 .debug_line    0x0000000000002120       0xba ../tutorial_soft_bsp/\libhal_bsp.a(alt_instruction_exception_entry.o)
 .debug_line    0x00000000000021da      0x156 c:/intelfpga/18.1/nios2eds/bin/gnu/h-x86_64-mingw32/bin/../lib/gcc/nios2-elf/5.3.0/../../../../../H-x86_64-mingw32/nios2-elf/lib\libsmallc.a(lib_a-exit.o)
 .debug_line    0x0000000000002330      0x15d c:/intelfpga/18.1/nios2eds/bin/gnu/h-x86_64-mingw32/bin/../lib/gcc/nios2-elf/5.3.0/../../../../../H-x86_64-mingw32/nios2-elf/lib\libsmallc.a(lib_a-memcmp.o)
 .debug_line    0x000000000000248d      0x22f c:/intelfpga/18.1/nios2eds/bin/gnu/h-x86_64-mingw32/bin/../lib/gcc/nios2-elf/5.3.0/../../../../../H-x86_64-mingw32/nios2-elf/lib\libsmallc.a(lib_a-__call_atexit.o)
 .debug_line    0x00000000000026bc       0x71 ../tutorial_soft_bsp/\libhal_bsp.a(alt_exit.o)

.debug_frame    0x0000000000000000      0x9fc
 *(.debug_frame)
 .debug_frame   0x0000000000000000       0x54 obj/default/hello_world.o
 .debug_frame   0x0000000000000054       0x48 c:/intelfpga/18.1/nios2eds/bin/gnu/h-x86_64-mingw32/bin/../lib/gcc/nios2-elf/5.3.0/../../../../../H-x86_64-mingw32/nios2-elf/lib\libsmallc.a(lib_a-puts.o)
 .debug_frame   0x000000000000009c       0x20 c:/intelfpga/18.1/nios2eds/bin/gnu/h-x86_64-mingw32/bin/../lib/gcc/nios2-elf/5.3.0/../../../../../H-x86_64-mingw32/nios2-elf/lib\libsmallc.a(lib_a-strlen.o)
 .debug_frame   0x00000000000000bc       0x58 c:/intelfpga/18.1/nios2eds/bin/gnu/h-x86_64-mingw32/bin/../lib/gcc/nios2-elf/5.3.0/../../../../../H-x86_64-mingw32/nios2-elf/lib\libsmallc.a(lib_a-fvwrite_small_dev.o)
 .debug_frame   0x0000000000000114       0x38 c:/intelfpga/18.1/nios2eds/bin/gnu/h-x86_64-mingw32/bin/../lib/gcc/nios2-elf/5.3.0/../../../../../H-x86_64-mingw32/nios2-elf/lib\libsmallc.a(lib_a-writer.o)
 .debug_frame   0x000000000000014c       0x5c ../tutorial_soft_bsp/\libhal_bsp.a(alt_load.o)
 .debug_frame   0x00000000000001a8       0x2c ../tutorial_soft_bsp/\libhal_bsp.a(alt_main.o)
 .debug_frame   0x00000000000001d4       0x60 ../tutorial_soft_bsp/\libhal_bsp.a(alt_write.o)
 .debug_frame   0x0000000000000234       0x88 ../tutorial_soft_bsp/\libhal_bsp.a(alt_sys_init.o)
 .debug_frame   0x00000000000002bc       0x60 ../tutorial_soft_bsp/\libhal_bsp.a(altera_avalon_jtag_uart_fd.o)
 .debug_frame   0x000000000000031c       0x34 ../tutorial_soft_bsp/\libhal_bsp.a(altera_avalon_jtag_uart_read.o)
 .debug_frame   0x0000000000000350       0x34 ../tutorial_soft_bsp/\libhal_bsp.a(altera_avalon_jtag_uart_write.o)
 .debug_frame   0x0000000000000384       0x60 ../tutorial_soft_bsp/\libhal_bsp.a(altera_avalon_timer_sc.o)
 .debug_frame   0x00000000000003e4       0x60 ../tutorial_soft_bsp/\libhal_bsp.a(alt_close.o)
 .debug_frame   0x0000000000000444       0x34 ../tutorial_soft_bsp/\libhal_bsp.a(alt_dcache_flush_all.o)
 .debug_frame   0x0000000000000478       0x34 ../tutorial_soft_bsp/\libhal_bsp.a(alt_dev.o)
 .debug_frame   0x00000000000004ac       0x60 ../tutorial_soft_bsp/\libhal_bsp.a(alt_dev_llist_insert.o)
 .debug_frame   0x000000000000050c       0x38 ../tutorial_soft_bsp/\libhal_bsp.a(alt_icache_flush_all.o)
 .debug_frame   0x0000000000000544       0xa4 ../tutorial_soft_bsp/\libhal_bsp.a(alt_iic.o)
 .debug_frame   0x00000000000005e8       0x38 ../tutorial_soft_bsp/\libhal_bsp.a(alt_iic_isr_register.o)
 .debug_frame   0x0000000000000620       0x60 ../tutorial_soft_bsp/\libhal_bsp.a(alt_io_redirect.o)
 .debug_frame   0x0000000000000680       0x38 ../tutorial_soft_bsp/\libhal_bsp.a(alt_irq_handler.o)
 .debug_frame   0x00000000000006b8       0x84 ../tutorial_soft_bsp/\libhal_bsp.a(alt_open.o)
 .debug_frame   0x000000000000073c       0x34 ../tutorial_soft_bsp/\libhal_bsp.a(alt_release_fd.o)
 .debug_frame   0x0000000000000770       0x5c ../tutorial_soft_bsp/\libhal_bsp.a(alt_tick.o)
 .debug_frame   0x00000000000007cc       0x34 ../tutorial_soft_bsp/\libhal_bsp.a(altera_nios2_gen2_irq.o)
 .debug_frame   0x0000000000000800       0x38 ../tutorial_soft_bsp/\libhal_bsp.a(alt_find_dev.o)
 .debug_frame   0x0000000000000838       0x38 ../tutorial_soft_bsp/\libhal_bsp.a(alt_find_file.o)
 .debug_frame   0x0000000000000870       0x34 ../tutorial_soft_bsp/\libhal_bsp.a(alt_get_fd.o)
 .debug_frame   0x00000000000008a4       0x34 ../tutorial_soft_bsp/\libhal_bsp.a(alt_icache_flush.o)
 .debug_frame   0x00000000000008d8       0x5c ../tutorial_soft_bsp/\libhal_bsp.a(alt_instruction_exception_entry.o)
 .debug_frame   0x0000000000000934       0x28 c:/intelfpga/18.1/nios2eds/bin/gnu/h-x86_64-mingw32/bin/../lib/gcc/nios2-elf/5.3.0/../../../../../H-x86_64-mingw32/nios2-elf/lib\libsmallc.a(lib_a-exit.o)
 .debug_frame   0x000000000000095c       0x20 c:/intelfpga/18.1/nios2eds/bin/gnu/h-x86_64-mingw32/bin/../lib/gcc/nios2-elf/5.3.0/../../../../../H-x86_64-mingw32/nios2-elf/lib\libsmallc.a(lib_a-memcmp.o)
 .debug_frame   0x000000000000097c       0x54 c:/intelfpga/18.1/nios2eds/bin/gnu/h-x86_64-mingw32/bin/../lib/gcc/nios2-elf/5.3.0/../../../../../H-x86_64-mingw32/nios2-elf/lib\libsmallc.a(lib_a-__call_atexit.o)
 .debug_frame   0x00000000000009d0       0x2c ../tutorial_soft_bsp/\libhal_bsp.a(alt_exit.o)

.debug_str      0x0000000000000000     0x1856
 *(.debug_str)
 .debug_str     0x0000000000000000      0x14e obj/default/hello_world.o
                                        0x18c (size before relaxing)
 .debug_str     0x000000000000014e      0x3d9 c:/intelfpga/18.1/nios2eds/bin/gnu/h-x86_64-mingw32/bin/../lib/gcc/nios2-elf/5.3.0/../../../../../H-x86_64-mingw32/nios2-elf/lib\libsmallc.a(lib_a-puts.o)
                                        0x4b3 (size before relaxing)
 .debug_str     0x0000000000000527       0xc4 c:/intelfpga/18.1/nios2eds/bin/gnu/h-x86_64-mingw32/bin/../lib/gcc/nios2-elf/5.3.0/../../../../../H-x86_64-mingw32/nios2-elf/lib\libsmallc.a(lib_a-strlen.o)
                                        0x1cb (size before relaxing)
 .debug_str     0x00000000000005eb       0x60 c:/intelfpga/18.1/nios2eds/bin/gnu/h-x86_64-mingw32/bin/../lib/gcc/nios2-elf/5.3.0/../../../../../H-x86_64-mingw32/nios2-elf/lib\libsmallc.a(lib_a-fvwrite_small_dev.o)
                                        0x4ba (size before relaxing)
 .debug_str     0x000000000000064b       0xe1 c:/intelfpga/18.1/nios2eds/bin/gnu/h-x86_64-mingw32/bin/../lib/gcc/nios2-elf/5.3.0/../../../../../H-x86_64-mingw32/nios2-elf/lib\libsmallc.a(lib_a-impure.o)
                                        0x4a4 (size before relaxing)
 .debug_str     0x000000000000072c       0x42 c:/intelfpga/18.1/nios2eds/bin/gnu/h-x86_64-mingw32/bin/../lib/gcc/nios2-elf/5.3.0/../../../../../H-x86_64-mingw32/nios2-elf/lib\libsmallc.a(lib_a-writer.o)
                                        0x49e (size before relaxing)
 .debug_str     0x000000000000076e       0x3c c:/intelfpga/18.1/nios2eds/bin/gnu/h-x86_64-mingw32/bin/../lib/gcc/nios2-elf/5.3.0/../../../../../H-x86_64-mingw32/nios2-elf/lib\libsmallc.a(lib_a-int_errno.o)
                                        0x1be (size before relaxing)
 .debug_str     0x00000000000007aa      0x121 ../tutorial_soft_bsp/\libhal_bsp.a(alt_load.o)
                                        0x205 (size before relaxing)
 .debug_str     0x00000000000008cb       0x70 ../tutorial_soft_bsp/\libhal_bsp.a(alt_main.o)
                                        0x190 (size before relaxing)
 .debug_str     0x000000000000093b      0x166 ../tutorial_soft_bsp/\libhal_bsp.a(alt_write.o)
                                        0x2eb (size before relaxing)
 .debug_str     0x0000000000000aa1      0x138 ../tutorial_soft_bsp/\libhal_bsp.a(alt_sys_init.o)
                                        0x2ff (size before relaxing)
 .debug_str     0x0000000000000bd9       0x77 ../tutorial_soft_bsp/\libhal_bsp.a(altera_avalon_jtag_uart_fd.o)
                                        0x2c8 (size before relaxing)
 .debug_str     0x0000000000000c50       0x48 ../tutorial_soft_bsp/\libhal_bsp.a(altera_avalon_jtag_uart_read.o)
                                        0x212 (size before relaxing)
 .debug_str     0x0000000000000c98       0x4a ../tutorial_soft_bsp/\libhal_bsp.a(altera_avalon_jtag_uart_write.o)
                                        0x208 (size before relaxing)
 .debug_str     0x0000000000000ce2       0xb6 ../tutorial_soft_bsp/\libhal_bsp.a(altera_avalon_timer_sc.o)
                                        0x23e (size before relaxing)
 .debug_str     0x0000000000000d98       0x1b ../tutorial_soft_bsp/\libhal_bsp.a(alt_close.o)
                                        0x1fe (size before relaxing)
 .debug_str     0x0000000000000db3       0x34 ../tutorial_soft_bsp/\libhal_bsp.a(alt_dcache_flush_all.o)
                                        0x148 (size before relaxing)
 .debug_str     0x0000000000000de7       0x50 ../tutorial_soft_bsp/\libhal_bsp.a(alt_dev.o)
                                        0x2f8 (size before relaxing)
 .debug_str     0x0000000000000e37       0x45 ../tutorial_soft_bsp/\libhal_bsp.a(alt_dev_llist_insert.o)
                                        0x1bf (size before relaxing)
 .debug_str     0x0000000000000e7c       0x14 ../tutorial_soft_bsp/\libhal_bsp.a(alt_errno.o)
                                        0x138 (size before relaxing)
 .debug_str     0x0000000000000e90       0x34 ../tutorial_soft_bsp/\libhal_bsp.a(alt_icache_flush_all.o)
                                        0x148 (size before relaxing)
 .debug_str     0x0000000000000ec4       0xc4 ../tutorial_soft_bsp/\libhal_bsp.a(alt_iic.o)
                                        0x231 (size before relaxing)
 .debug_str     0x0000000000000f88       0x4c ../tutorial_soft_bsp/\libhal_bsp.a(alt_iic_isr_register.o)
                                        0x1db (size before relaxing)
 .debug_str     0x0000000000000fd4       0x56 ../tutorial_soft_bsp/\libhal_bsp.a(alt_io_redirect.o)
                                        0x309 (size before relaxing)
 .debug_str     0x000000000000102a       0x3a ../tutorial_soft_bsp/\libhal_bsp.a(alt_irq_handler.o)
                                        0x18a (size before relaxing)
 .debug_str     0x0000000000001064       0x17 ../tutorial_soft_bsp/\libhal_bsp.a(alt_irq_vars.o)
                                        0x12d (size before relaxing)
 .debug_str     0x000000000000107b       0x2f ../tutorial_soft_bsp/\libhal_bsp.a(alt_open.o)
                                        0x23e (size before relaxing)
 .debug_str     0x00000000000010aa       0x28 ../tutorial_soft_bsp/\libhal_bsp.a(alt_release_fd.o)
                                        0x1c6 (size before relaxing)
 .debug_str     0x00000000000010d2       0x78 ../tutorial_soft_bsp/\libhal_bsp.a(alt_tick.o)
                                        0x245 (size before relaxing)
 .debug_str     0x000000000000114a       0x3b ../tutorial_soft_bsp/\libhal_bsp.a(altera_nios2_gen2_irq.o)
                                        0x14f (size before relaxing)
 .debug_str     0x0000000000001185       0x24 ../tutorial_soft_bsp/\libhal_bsp.a(alt_find_dev.o)
                                        0x1df (size before relaxing)
 .debug_str     0x00000000000011a9       0x26 ../tutorial_soft_bsp/\libhal_bsp.a(alt_find_file.o)
                                        0x1ed (size before relaxing)
 .debug_str     0x00000000000011cf       0x30 ../tutorial_soft_bsp/\libhal_bsp.a(alt_get_fd.o)
                                        0x20f (size before relaxing)
 .debug_str     0x00000000000011ff       0x2c ../tutorial_soft_bsp/\libhal_bsp.a(alt_icache_flush.o)
                                        0x14e (size before relaxing)
 .debug_str     0x000000000000122b      0x48b ../tutorial_soft_bsp/\libhal_bsp.a(alt_instruction_exception_entry.o)
                                        0x593 (size before relaxing)
 .debug_str     0x00000000000016b6       0xd3 c:/intelfpga/18.1/nios2eds/bin/gnu/h-x86_64-mingw32/bin/../lib/gcc/nios2-elf/5.3.0/../../../../../H-x86_64-mingw32/nios2-elf/lib\libsmallc.a(lib_a-exit.o)
                                        0x1d6 (size before relaxing)
 .debug_str     0x0000000000001789       0x41 c:/intelfpga/18.1/nios2eds/bin/gnu/h-x86_64-mingw32/bin/../lib/gcc/nios2-elf/5.3.0/../../../../../H-x86_64-mingw32/nios2-elf/lib\libsmallc.a(lib_a-memcmp.o)
                                        0x1c5 (size before relaxing)
 .debug_str     0x00000000000017ca       0x62 c:/intelfpga/18.1/nios2eds/bin/gnu/h-x86_64-mingw32/bin/../lib/gcc/nios2-elf/5.3.0/../../../../../H-x86_64-mingw32/nios2-elf/lib\libsmallc.a(lib_a-__call_atexit.o)
                                        0x4d1 (size before relaxing)
 .debug_str     0x000000000000182c       0x2a ../tutorial_soft_bsp/\libhal_bsp.a(alt_exit.o)
                                        0x144 (size before relaxing)

.debug_loc      0x0000000000000000      0x473
 *(.debug_loc)
 .debug_loc     0x0000000000000000       0x97 c:/intelfpga/18.1/nios2eds/bin/gnu/h-x86_64-mingw32/bin/../lib/gcc/nios2-elf/5.3.0/../../../../../H-x86_64-mingw32/nios2-elf/lib\libsmallc.a(lib_a-puts.o)
 .debug_loc     0x0000000000000097       0x1e c:/intelfpga/18.1/nios2eds/bin/gnu/h-x86_64-mingw32/bin/../lib/gcc/nios2-elf/5.3.0/../../../../../H-x86_64-mingw32/nios2-elf/lib\libsmallc.a(lib_a-strlen.o)
 .debug_loc     0x00000000000000b5      0x110 c:/intelfpga/18.1/nios2eds/bin/gnu/h-x86_64-mingw32/bin/../lib/gcc/nios2-elf/5.3.0/../../../../../H-x86_64-mingw32/nios2-elf/lib\libsmallc.a(lib_a-fvwrite_small_dev.o)
 .debug_loc     0x00000000000001c5       0xa5 c:/intelfpga/18.1/nios2eds/bin/gnu/h-x86_64-mingw32/bin/../lib/gcc/nios2-elf/5.3.0/../../../../../H-x86_64-mingw32/nios2-elf/lib\libsmallc.a(lib_a-writer.o)
 .debug_loc     0x000000000000026a       0x1e c:/intelfpga/18.1/nios2eds/bin/gnu/h-x86_64-mingw32/bin/../lib/gcc/nios2-elf/5.3.0/../../../../../H-x86_64-mingw32/nios2-elf/lib\libsmallc.a(lib_a-exit.o)
 .debug_loc     0x0000000000000288       0x94 c:/intelfpga/18.1/nios2eds/bin/gnu/h-x86_64-mingw32/bin/../lib/gcc/nios2-elf/5.3.0/../../../../../H-x86_64-mingw32/nios2-elf/lib\libsmallc.a(lib_a-memcmp.o)
 .debug_loc     0x000000000000031c      0x157 c:/intelfpga/18.1/nios2eds/bin/gnu/h-x86_64-mingw32/bin/../lib/gcc/nios2-elf/5.3.0/../../../../../H-x86_64-mingw32/nios2-elf/lib\libsmallc.a(lib_a-__call_atexit.o)

.debug_macinfo
 *(.debug_macinfo)

.debug_weaknames
 *(.debug_weaknames)

.debug_funcnames
 *(.debug_funcnames)

.debug_typenames
 *(.debug_typenames)

.debug_varnames
 *(.debug_varnames)

.debug_alt_sim_info
                0x0000000000000000       0x20
 *(.debug_alt_sim_info)
 .debug_alt_sim_info
                0x0000000000000000       0x20 ../tutorial_soft_bsp//obj/HAL/src/crt0.o
                0x000000000003e000                __alt_data_end = 0x3e000
                0x000000000003e000                PROVIDE (__alt_stack_pointer, __alt_data_end)
                [!provide]                        PROVIDE (__alt_stack_limit, __alt_stack_base)
                [!provide]                        PROVIDE (__alt_heap_start, end)
                [!provide]                        PROVIDE (__alt_heap_limit, 0x3e000)
OUTPUT(tutorial_soft.elf elf32-littlenios2)

.debug_ranges   0x0000000000000000      0x160
 .debug_ranges  0x0000000000000000       0x20 ../tutorial_soft_bsp//obj/HAL/src/crt0.o
 .debug_ranges  0x0000000000000020       0x18 c:/intelfpga/18.1/nios2eds/bin/gnu/h-x86_64-mingw32/bin/../lib/gcc/nios2-elf/5.3.0/../../../../../H-x86_64-mingw32/nios2-elf/lib\libsmallc.a(lib_a-puts.o)
 .debug_ranges  0x0000000000000038       0x10 c:/intelfpga/18.1/nios2eds/bin/gnu/h-x86_64-mingw32/bin/../lib/gcc/nios2-elf/5.3.0/../../../../../H-x86_64-mingw32/nios2-elf/lib\libsmallc.a(lib_a-strlen.o)
 .debug_ranges  0x0000000000000048       0x28 c:/intelfpga/18.1/nios2eds/bin/gnu/h-x86_64-mingw32/bin/../lib/gcc/nios2-elf/5.3.0/../../../../../H-x86_64-mingw32/nios2-elf/lib\libsmallc.a(lib_a-fvwrite_small_dev.o)
 .debug_ranges  0x0000000000000070       0x10 c:/intelfpga/18.1/nios2eds/bin/gnu/h-x86_64-mingw32/bin/../lib/gcc/nios2-elf/5.3.0/../../../../../H-x86_64-mingw32/nios2-elf/lib\libsmallc.a(lib_a-writer.o)
 .debug_ranges  0x0000000000000080       0x18 ../tutorial_soft_bsp/\libhal_bsp.a(altera_avalon_jtag_uart_read.o)
 .debug_ranges  0x0000000000000098       0x28 ../tutorial_soft_bsp/\libhal_bsp.a(alt_irq_entry.o)
 .debug_ranges  0x00000000000000c0       0x10 ../tutorial_soft_bsp/\libhal_bsp.a(alt_irq_handler.o)
 .debug_ranges  0x00000000000000d0       0x30 ../tutorial_soft_bsp/\libhal_bsp.a(alt_exception_entry.o)
 .debug_ranges  0x0000000000000100       0x18 ../tutorial_soft_bsp/\libhal_bsp.a(alt_instruction_exception_entry.o)
 .debug_ranges  0x0000000000000118       0x10 c:/intelfpga/18.1/nios2eds/bin/gnu/h-x86_64-mingw32/bin/../lib/gcc/nios2-elf/5.3.0/../../../../../H-x86_64-mingw32/nios2-elf/lib\libsmallc.a(lib_a-exit.o)
 .debug_ranges  0x0000000000000128       0x10 c:/intelfpga/18.1/nios2eds/bin/gnu/h-x86_64-mingw32/bin/../lib/gcc/nios2-elf/5.3.0/../../../../../H-x86_64-mingw32/nios2-elf/lib\libsmallc.a(lib_a-memcmp.o)
 .debug_ranges  0x0000000000000138       0x28 c:/intelfpga/18.1/nios2eds/bin/gnu/h-x86_64-mingw32/bin/../lib/gcc/nios2-elf/5.3.0/../../../../../H-x86_64-mingw32/nios2-elf/lib\libsmallc.a(lib_a-__call_atexit.o)
