Archive member included to satisfy reference by file (symbol)

/home/lheywang/intelFPGA_lite/18.1/nios2eds/bin/gnu/H-x86_64-pc-linux-gnu/bin/../lib/gcc/nios2-elf/5.3.0/libgcc.a(lib2-divmod.o)
                              obj/default/time/ptime.o (__modsi3)
/home/lheywang/intelFPGA_lite/18.1/nios2eds/bin/gnu/H-x86_64-pc-linux-gnu/bin/../lib/gcc/nios2-elf/5.3.0/../../../../../H-x86_64-pc-linux-gnu/nios2-elf/lib/libsmallc.a(lib_a-printf.o)
                              obj/default/main.o (printf)
/home/lheywang/intelFPGA_lite/18.1/nios2eds/bin/gnu/H-x86_64-pc-linux-gnu/bin/../lib/gcc/nios2-elf/5.3.0/../../../../../H-x86_64-pc-linux-gnu/nios2-elf/lib/libsmallc.a(lib_a-puts.o)
                              obj/default/main.o (puts)
/home/lheywang/intelFPGA_lite/18.1/nios2eds/bin/gnu/H-x86_64-pc-linux-gnu/bin/../lib/gcc/nios2-elf/5.3.0/../../../../../H-x86_64-pc-linux-gnu/nios2-elf/lib/libsmallc.a(lib_a-sprintf.o)
                              obj/default/time/ptime.o (sprintf)
/home/lheywang/intelFPGA_lite/18.1/nios2eds/bin/gnu/H-x86_64-pc-linux-gnu/bin/../lib/gcc/nios2-elf/5.3.0/../../../../../H-x86_64-pc-linux-gnu/nios2-elf/lib/libsmallc.a(lib_a-strlen.o)
                              /home/lheywang/intelFPGA_lite/18.1/nios2eds/bin/gnu/H-x86_64-pc-linux-gnu/bin/../lib/gcc/nios2-elf/5.3.0/../../../../../H-x86_64-pc-linux-gnu/nios2-elf/lib/libsmallc.a(lib_a-puts.o) (strlen)
/home/lheywang/intelFPGA_lite/18.1/nios2eds/bin/gnu/H-x86_64-pc-linux-gnu/bin/../lib/gcc/nios2-elf/5.3.0/../../../../../H-x86_64-pc-linux-gnu/nios2-elf/lib/libsmallc.a(lib_a-svfprintf.o)
                              /home/lheywang/intelFPGA_lite/18.1/nios2eds/bin/gnu/H-x86_64-pc-linux-gnu/bin/../lib/gcc/nios2-elf/5.3.0/../../../../../H-x86_64-pc-linux-gnu/nios2-elf/lib/libsmallc.a(lib_a-sprintf.o) (___svfprintf_internal_r)
/home/lheywang/intelFPGA_lite/18.1/nios2eds/bin/gnu/H-x86_64-pc-linux-gnu/bin/../lib/gcc/nios2-elf/5.3.0/../../../../../H-x86_64-pc-linux-gnu/nios2-elf/lib/libsmallc.a(lib_a-vfprintf.o)
                              /home/lheywang/intelFPGA_lite/18.1/nios2eds/bin/gnu/H-x86_64-pc-linux-gnu/bin/../lib/gcc/nios2-elf/5.3.0/../../../../../H-x86_64-pc-linux-gnu/nios2-elf/lib/libsmallc.a(lib_a-printf.o) (___vfprintf_internal_r)
/home/lheywang/intelFPGA_lite/18.1/nios2eds/bin/gnu/H-x86_64-pc-linux-gnu/bin/../lib/gcc/nios2-elf/5.3.0/../../../../../H-x86_64-pc-linux-gnu/nios2-elf/lib/libsmallc.a(lib_a-fvwrite_small_dev.o)
                              /home/lheywang/intelFPGA_lite/18.1/nios2eds/bin/gnu/H-x86_64-pc-linux-gnu/bin/../lib/gcc/nios2-elf/5.3.0/../../../../../H-x86_64-pc-linux-gnu/nios2-elf/lib/libsmallc.a(lib_a-printf.o) (__sfvwrite_small_dev)
/home/lheywang/intelFPGA_lite/18.1/nios2eds/bin/gnu/H-x86_64-pc-linux-gnu/bin/../lib/gcc/nios2-elf/5.3.0/../../../../../H-x86_64-pc-linux-gnu/nios2-elf/lib/libsmallc.a(lib_a-fvwrite_small_str.o)
                              /home/lheywang/intelFPGA_lite/18.1/nios2eds/bin/gnu/H-x86_64-pc-linux-gnu/bin/../lib/gcc/nios2-elf/5.3.0/../../../../../H-x86_64-pc-linux-gnu/nios2-elf/lib/libsmallc.a(lib_a-sprintf.o) (__sfvwrite_small_str)
/home/lheywang/intelFPGA_lite/18.1/nios2eds/bin/gnu/H-x86_64-pc-linux-gnu/bin/../lib/gcc/nios2-elf/5.3.0/../../../../../H-x86_64-pc-linux-gnu/nios2-elf/lib/libsmallc.a(lib_a-impure.o)
                              /home/lheywang/intelFPGA_lite/18.1/nios2eds/bin/gnu/H-x86_64-pc-linux-gnu/bin/../lib/gcc/nios2-elf/5.3.0/../../../../../H-x86_64-pc-linux-gnu/nios2-elf/lib/libsmallc.a(lib_a-printf.o) (_impure_ptr)
/home/lheywang/intelFPGA_lite/18.1/nios2eds/bin/gnu/H-x86_64-pc-linux-gnu/bin/../lib/gcc/nios2-elf/5.3.0/../../../../../H-x86_64-pc-linux-gnu/nios2-elf/lib/libsmallc.a(lib_a-memmove.o)
                              /home/lheywang/intelFPGA_lite/18.1/nios2eds/bin/gnu/H-x86_64-pc-linux-gnu/bin/../lib/gcc/nios2-elf/5.3.0/../../../../../H-x86_64-pc-linux-gnu/nios2-elf/lib/libsmallc.a(lib_a-fvwrite_small_str.o) (memmove)
/home/lheywang/intelFPGA_lite/18.1/nios2eds/bin/gnu/H-x86_64-pc-linux-gnu/bin/../lib/gcc/nios2-elf/5.3.0/../../../../../H-x86_64-pc-linux-gnu/nios2-elf/lib/libsmallc.a(lib_a-writer.o)
                              /home/lheywang/intelFPGA_lite/18.1/nios2eds/bin/gnu/H-x86_64-pc-linux-gnu/bin/../lib/gcc/nios2-elf/5.3.0/../../../../../H-x86_64-pc-linux-gnu/nios2-elf/lib/libsmallc.a(lib_a-fvwrite_small_dev.o) (_write_r)
/home/lheywang/intelFPGA_lite/18.1/nios2eds/bin/gnu/H-x86_64-pc-linux-gnu/bin/../lib/gcc/nios2-elf/5.3.0/../../../../../H-x86_64-pc-linux-gnu/nios2-elf/lib/libsmallc.a(lib_a-int_errno.o)
                              /home/lheywang/intelFPGA_lite/18.1/nios2eds/bin/gnu/H-x86_64-pc-linux-gnu/bin/../lib/gcc/nios2-elf/5.3.0/../../../../../H-x86_64-pc-linux-gnu/nios2-elf/lib/libsmallc.a(lib_a-writer.o) (errno)
../project_soft_bsp//libhal_bsp.a(alt_iic.o)
                              obj/default/buzzer/buzzer.o (alt_ic_isr_register)
../project_soft_bsp//libhal_bsp.a(alt_iic_isr_register.o)
[...]
Memory Configuration

Name             Origin             Length             Attributes
reset            0x0000000000020000 0x0000000000000020
MEMOIRE_ONCHIP   0x0000000000020020 0x000000000001dfe0
*default*        0x0000000000000000 0xffffffffffffffff

Linker script and memory map

LOAD ../project_soft_bsp//obj/HAL/src/crt0.o
LOAD obj/default/ISR/ISR.o
LOAD obj/default/ISR/timer1ms/timer1ms.o
LOAD obj/default/ISR/timer1s/timer1s.o
LOAD obj/default/buzzer/buzzer.o
LOAD obj/default/buzzer/songs/astronomia/astronomia.o
LOAD obj/default/buzzer/songs/baby-shark/baby-shark.o
LOAD obj/default/buzzer/songs/crazy-frog/crazy-frog.o
LOAD obj/default/buzzer/songs/elise/elise.o
LOAD obj/default/hex/hex.o
LOAD obj/default/init/init.o
LOAD obj/default/leds/leds.o
LOAD obj/default/main.o
LOAD obj/default/time/ptime.o
LOAD /home/lheywang/intelFPGA_lite/18.1/nios2eds/bin/gnu/H-x86_64-pc-linux-gnu/bin/../lib/gcc/nios2-elf/5.3.0/../../../../../H-x86_64-pc-linux-gnu/nios2-elf/lib/libstdc++.a
LOAD /home/lheywang/intelFPGA_lite/18.1/nios2eds/bin/gnu/H-x86_64-pc-linux-gnu/bin/../lib/gcc/nios2-elf/5.3.0/../../../../../H-x86_64-pc-linux-gnu/nios2-elf/lib/libm.a
LOAD /home/lheywang/intelFPGA_lite/18.1/nios2eds/bin/gnu/H-x86_64-pc-linux-gnu/bin/../lib/gcc/nios2-elf/5.3.0/libgcc.a
START GROUP
LOAD /home/lheywang/intelFPGA_lite/18.1/nios2eds/bin/gnu/H-x86_64-pc-linux-gnu/bin/../lib/gcc/nios2-elf/5.3.0/../../../../../H-x86_64-pc-linux-gnu/nios2-elf/lib/libsmallc.a
LOAD /home/lheywang/intelFPGA_lite/18.1/nios2eds/bin/gnu/H-x86_64-pc-linux-gnu/bin/../lib/gcc/nios2-elf/5.3.0/libgcc.a
LOAD ../project_soft_bsp//libhal_bsp.a
LOAD /home/lheywang/intelFPGA_lite/18.1/nios2eds/bin/gnu/H-x86_64-pc-linux-gnu/bin/../lib/gcc/nios2-elf/5.3.0/../../../../../H-x86_64-pc-linux-gnu/nios2-elf/lib/libm.a
END GROUP
LOAD /home/lheywang/intelFPGA_lite/18.1/nios2eds/bin/gnu/H-x86_64-pc-linux-gnu/bin/../lib/gcc/nios2-elf/5.3.0/libgcc.a
                0x0000000000020000                __alt_mem_MEMOIRE_ONCHIP = 0x20000

.entry          0x0000000000020000       0x20
 *(.entry)
 .entry         0x0000000000020000       0x20 ../project_soft_bsp//obj/HAL/src/crt0.o
                0x0000000000020000                __reset

.exceptions     0x0000000000020020      0x224
                0x0000000000020020                PROVIDE (__ram_exceptions_start, ABSOLUTE (.))
                0x0000000000020020                . = ALIGN (0x20)
 *(.irq)
 *(.exceptions.entry.label)
 .exceptions.entry.label
                0x0000000000020020        0x0 ../project_soft_bsp//libhal_bsp.a(alt_irq_entry.o)
                0x0000000000020020                alt_irq_entry
 .exceptions.entry.label
                0x0000000000020020        0x0 ../project_soft_bsp//libhal_bsp.a(alt_exception_entry.o)
                0x0000000000020020                alt_exception
 *(.exceptions.entry.user)
 *(.exceptions.entry.ecc_fatal)
 *(.exceptions.entry)
 .exceptions.entry
                0x0000000000020020       0x54 ../project_soft_bsp//libhal_bsp.a(alt_exception_entry.o)
 *(.exceptions.irqtest.user)
 *(.exceptions.irqtest)
 .exceptions.irqtest
                0x0000000000020074       0x10 ../project_soft_bsp//libhal_bsp.a(alt_irq_entry.o)
 *(.exceptions.irqhandler.user)
 *(.exceptions.irqhandler)
 .exceptions.irqhandler
                0x0000000000020084        0x4 ../project_soft_bsp//libhal_bsp.a(alt_irq_entry.o)
 *(.exceptions.irqreturn.user)
 *(.exceptions.irqreturn)
 .exceptions.irqreturn
                0x0000000000020088        0x4 ../project_soft_bsp//libhal_bsp.a(alt_irq_entry.o)
 *(.exceptions.notirq.label)
 .exceptions.notirq.label
                0x000000000002008c        0x0 ../project_soft_bsp//libhal_bsp.a(alt_irq_entry.o)
 *(.exceptions.notirq.user)
 *(.exceptions.notirq)
 .exceptions.notirq
                0x000000000002008c        0x8 ../project_soft_bsp//libhal_bsp.a(alt_exception_entry.o)
 *(.exceptions.soft.user)
 *(.exceptions.soft)
 *(.exceptions.unknown.user)
 *(.exceptions.unknown)
 .exceptions.unknown
                0x0000000000020094       0x14 ../project_soft_bsp//libhal_bsp.a(alt_exception_entry.o)
 *(.exceptions.exit.label)
 .exceptions.exit.label
                0x00000000000200a8        0x0 ../project_soft_bsp//libhal_bsp.a(alt_irq_entry.o)
 .exceptions.exit.label
                0x00000000000200a8        0x0 ../project_soft_bsp//libhal_bsp.a(alt_exception_entry.o)
 *(.exceptions.exit.user)
 *(.exceptions.exit)
 .exceptions.exit
                0x00000000000200a8       0x54 ../project_soft_bsp//libhal_bsp.a(alt_exception_entry.o)
 *(.exceptions)
 .exceptions    0x00000000000200fc       0xd4 ../project_soft_bsp//libhal_bsp.a(alt_irq_handler.o)
                0x00000000000200fc                alt_irq_handler
 .exceptions    0x00000000000201d0       0x74 ../project_soft_bsp//libhal_bsp.a(alt_instruction_exception_entry.o)
                0x00000000000201d0                alt_instruction_exception_entry
                0x0000000000020244                PROVIDE (__ram_exceptions_end, ABSOLUTE (.))
                0x0000000000020020                PROVIDE (__flash_exceptions_start, LOADADDR (.exceptions))

.text           0x0000000000020244     0x3af8
                [!provide]                        PROVIDE (stext, ABSOLUTE (.))
 *(.interp)
 *(.hash)
 *(.dynsym)
 *(.dynstr)
 *(.gnu.version)
 *(.gnu.version_d)
 *(.gnu.version_r)
 *(.rel.init)
 *(.rela.init)
 *(.rel.text .rel.text.* .rel.gnu.linkonce.t.*)
 *(.rela.text .rela.text.* .rela.gnu.linkonce.t.*)
 *(.rel.fini)
 *(.rela.fini)
 *(.rel.rodata .rel.rodata.* .rel.gnu.linkonce.r.*)
 *(.rela.rodata .rela.rodata.* .rela.gnu.linkonce.r.*)
 *(.rel.data .rel.data.* .rel.gnu.linkonce.d.*)
 *(.rela.data .rela.data.* .rela.gnu.linkonce.d.*)
 *(.rel.tdata .rel.tdata.* .rel.gnu.linkonce.td.*)
 *(.rela.tdata .rela.tdata.* .rela.gnu.linkonce.td.*)
 *(.rel.tbss .rel.tbss.* .rel.gnu.linkonce.tb.*)
 *(.rela.tbss .rela.tbss.* .rela.gnu.linkonce.tb.*)
 *(.rel.ctors)
 *(.rela.ctors)
 *(.rel.dtors)
 *(.rela.dtors)
 *(.rel.got)
 *(.rela.got)
 *(.rel.sdata .rel.sdata.* .rel.gnu.linkonce.s.*)
 *(.rela.sdata .rela.sdata.* .rela.gnu.linkonce.s.*)
 *(.rel.sbss .rel.sbss.* .rel.gnu.linkonce.sb.*)
 *(.rela.sbss .rela.sbss.* .rela.gnu.linkonce.sb.*)
 *(.rel.sdata2 .rel.sdata2.* .rel.gnu.linkonce.s2.*)
 *(.rela.sdata2 .rela.sdata2.* .rela.gnu.linkonce.s2.*)
 *(.rel.sbss2 .rel.sbss2.* .rel.gnu.linkonce.sb2.*)
 *(.rela.sbss2 .rela.sbss2.* .rela.gnu.linkonce.sb2.*)
 *(.rel.bss .rel.bss.* .rel.gnu.linkonce.b.*)
 *(.rela.bss .rela.bss.* .rela.gnu.linkonce.b.*)
 *(.rel.plt)
 *(.rela.plt)
 *(.rel.dyn)
 *(.init)
 *(.plt)
 *(.text .stub .text.* .gnu.linkonce.t.*)
 .text          0x0000000000020244       0x3c ../project_soft_bsp//obj/HAL/src/crt0.o
                0x0000000000020244                _start
 .text          0x0000000000020280       0x90 obj/default/ISR/ISR.o
                0x0000000000020280                ISR_GetMutex
                0x0000000000020304                ISR_LeaveMutex
 .text          0x0000000000020310      0x2b4 obj/default/ISR/timer1ms/timer1ms.o
                0x0000000000020310                ISR_1MS
 .text          0x00000000000205c4       0x5c obj/default/ISR/timer1s/timer1s.o
                0x00000000000205c4                ISR_1S
 .text          0x0000000000020620      0x310 obj/default/buzzer/buzzer.o
                0x0000000000020620                buzzer_enable
                0x0000000000020644                buzzer_disable
                0x0000000000020660                buzzer_set_note
                0x0000000000020688                buzzer_set_volume
                0x00000000000206c8                buzzer_set_duration
                0x0000000000020708                buzzer_play
                0x000000000002075c                buzzer_play_song
                0x0000000000020850                buzzer_stop_song
 .text          0x0000000000020930        0x0 obj/default/buzzer/songs/astronomia/astronomia.o
 .text          0x0000000000020930        0x0 obj/default/buzzer/songs/baby-shark/baby-shark.o
 .text          0x0000000000020930        0x0 obj/default/buzzer/songs/crazy-frog/crazy-frog.o
 .text          0x0000000000020930        0x0 obj/default/buzzer/songs/elise/elise.o
 .text          0x0000000000020930      0x400 obj/default/hex/hex.o
                0x0000000000020930                char27seg
                0x0000000000020b78                hex_display
 .text          0x0000000000020d30       0xf8 obj/default/init/init.o
                0x0000000000020d30                init_timer1s
                0x0000000000020d80                init_timer1ms
                0x0000000000020dd0                init_ISR_Ctx
 .text          0x0000000000020e28       0x50 obj/default/leds/leds.o
                0x0000000000020e28                leds_SetLed
 .text          0x0000000000020e78       0xf0 obj/default/main.o
                0x0000000000020e78                main
 .text          0x0000000000020f68      0x214 obj/default/time/ptime.o
                0x0000000000020f68                time_increment
                0x0000000000020fd4                time_print
                0x000000000002108c                time_print12
                0x000000000002110c                time_compare
 .text          0x000000000002117c      0x1b4 /home/lheywang/intelFPGA_lite/18.1/nios2eds/bin/gnu/H-x86_64-pc-linux-gnu/bin/../lib/gcc/nios2-elf/5.3.0/libgcc.a(lib2-divmod.o)
                0x000000000002117c                __divsi3
                0x0000000000021200                __modsi3
                0x0000000000021274                __udivsi3
                0x00000000000212d8                __umodsi3
 .text          0x0000000000021330        0x0 /home/lheywang/intelFPGA_lite/18.1/nios2eds/bin/gnu/H-x86_64-pc-linux-gnu/bin/../lib/gcc/nios2-elf/5.3.0/../../../../../H-x86_64-pc-linux-gnu/nios2-elf/lib/libsmallc.a(lib_a-printf.o)
 .text._printf_r
                0x0000000000021330       0x3c /home/lheywang/intelFPGA_lite/18.1/nios2eds/bin/gnu/H-x86_64-pc-linux-gnu/bin/../lib/gcc/nios2-elf/5.3.0/../../../../../H-x86_64-pc-linux-gnu/nios2-elf/lib/libsmallc.a(lib_a-printf.o)
                0x0000000000021330                _printf_r
 .text.printf   0x000000000002136c       0x4c /home/lheywang/intelFPGA_lite/18.1/nios2eds/bin/gnu/H-x86_64-pc-linux-gnu/bin/../lib/gcc/nios2-elf/5.3.0/../../../../../H-x86_64-pc-linux-gnu/nios2-elf/lib/libsmallc.a(lib_a-printf.o)
                0x000000000002136c                printf
 .text          0x00000000000213b8        0x0 /home/lheywang/intelFPGA_lite/18.1/nios2eds/bin/gnu/H-x86_64-pc-linux-gnu/bin/../lib/gcc/nios2-elf/5.3.0/../../../../../H-x86_64-pc-linux-gnu/nios2-elf/lib/libsmallc.a(lib_a-puts.o)
 .text._puts_r  0x00000000000213b8       0x80 /home/lheywang/intelFPGA_lite/18.1/nios2eds/bin/gnu/H-x86_64-pc-linux-gnu/bin/../lib/gcc/nios2-elf/5.3.0/../../../../../H-x86_64-pc-linux-gnu/nios2-elf/lib/libsmallc.a(lib_a-puts.o)
                0x00000000000213b8                _puts_r
 .text.puts     0x0000000000021438       0x14 /home/lheywang/intelFPGA_lite/18.1/nios2eds/bin/gnu/H-x86_64-pc-linux-gnu/bin/../lib/gcc/nios2-elf/5.3.0/../../../../../H-x86_64-pc-linux-gnu/nios2-elf/lib/libsmallc.a(lib_a-puts.o)
                0x0000000000021438                puts
 .text          0x000000000002144c        0x0 /home/lheywang/intelFPGA_lite/18.1/nios2eds/bin/gnu/H-x86_64-pc-linux-gnu/bin/../lib/gcc/nios2-elf/5.3.0/../../../../../H-x86_64-pc-linux-gnu/nios2-elf/lib/libsmallc.a(lib_a-sprintf.o)
 .text._sprintf_r
                0x000000000002144c       0x64 /home/lheywang/intelFPGA_lite/18.1/nios2eds/bin/gnu/H-x86_64-pc-linux-gnu/bin/../lib/gcc/nios2-elf/5.3.0/../../../../../H-x86_64-pc-linux-gnu/nios2-elf/lib/libsmallc.a(lib_a-sprintf.o)
                0x000000000002144c                _sprintf_r
 .text.sprintf  0x00000000000214b0       0x78 /home/lheywang/intelFPGA_lite/18.1/nios2eds/bin/gnu/H-x86_64-pc-linux-gnu/bin/../lib/gcc/nios2-elf/5.3.0/../../../../../H-x86_64-pc-linux-gnu/nios2-elf/lib/libsmallc.a(lib_a-sprintf.o)
                0x00000000000214b0                sprintf
 .text          0x0000000000021528        0x0 /home/lheywang/intelFPGA_lite/18.1/nios2eds/bin/gnu/H-x86_64-pc-linux-gnu/bin/../lib/gcc/nios2-elf/5.3.0/../../../../../H-x86_64-pc-linux-gnu/nios2-elf/lib/libsmallc.a(lib_a-strlen.o)
 .text.strlen   0x0000000000021528       0x1c /home/lheywang/intelFPGA_lite/18.1/nios2eds/bin/gnu/H-x86_64-pc-linux-gnu/bin/../lib/gcc/nios2-elf/5.3.0/../../../../../H-x86_64-pc-linux-gnu/nios2-elf/lib/libsmallc.a(lib_a-strlen.o)
                0x0000000000021528                strlen
 .text          0x0000000000021544        0x0 /home/lheywang/intelFPGA_lite/18.1/nios2eds/bin/gnu/H-x86_64-pc-linux-gnu/bin/../lib/gcc/nios2-elf/5.3.0/../../../../../H-x86_64-pc-linux-gnu/nios2-elf/lib/libsmallc.a(lib_a-svfprintf.o)
 .text.print_repeat
                0x0000000000021544       0x6c /home/lheywang/intelFPGA_lite/18.1/nios2eds/bin/gnu/H-x86_64-pc-linux-gnu/bin/../lib/gcc/nios2-elf/5.3.0/../../../../../H-x86_64-pc-linux-gnu/nios2-elf/lib/libsmallc.a(lib_a-svfprintf.o)
 .text.___svfprintf_internal_r
                0x00000000000215b0      0x524 /home/lheywang/intelFPGA_lite/18.1/nios2eds/bin/gnu/H-x86_64-pc-linux-gnu/bin/../lib/gcc/nios2-elf/5.3.0/../../../../../H-x86_64-pc-linux-gnu/nios2-elf/lib/libsmallc.a(lib_a-svfprintf.o)
                0x00000000000215b0                ___svfprintf_internal_r
 .text.__vfprintf_internal_unused
                0x0000000000021ad4       0x1c /home/lheywang/intelFPGA_lite/18.1/nios2eds/bin/gnu/H-x86_64-pc-linux-gnu/bin/../lib/gcc/nios2-elf/5.3.0/../../../../../H-x86_64-pc-linux-gnu/nios2-elf/lib/libsmallc.a(lib_a-svfprintf.o)
                0x0000000000021ad4                __vfprintf_internal_unused
 .text          0x0000000000021af0        0x0 /home/lheywang/intelFPGA_lite/18.1/nios2eds/bin/gnu/H-x86_64-pc-linux-gnu/bin/../lib/gcc/nios2-elf/5.3.0/../../../../../H-x86_64-pc-linux-gnu/nios2-elf/lib/libsmallc.a(lib_a-vfprintf.o)
 .text.print_repeat
                0x0000000000021af0       0x6c /home/lheywang/intelFPGA_lite/18.1/nios2eds/bin/gnu/H-x86_64-pc-linux-gnu/bin/../lib/gcc/nios2-elf/5.3.0/../../../../../H-x86_64-pc-linux-gnu/nios2-elf/lib/libsmallc.a(lib_a-vfprintf.o)
 .text.___vfprintf_internal_r
                0x0000000000021b5c      0x524 /home/lheywang/intelFPGA_lite/18.1/nios2eds/bin/gnu/H-x86_64-pc-linux-gnu/bin/../lib/gcc/nios2-elf/5.3.0/../../../../../H-x86_64-pc-linux-gnu/nios2-elf/lib/libsmallc.a(lib_a-vfprintf.o)
                0x0000000000021b5c                ___vfprintf_internal_r
 .text.__vfprintf_internal
                0x0000000000022080       0x1c /home/lheywang/intelFPGA_lite/18.1/nios2eds/bin/gnu/H-x86_64-pc-linux-gnu/bin/../lib/gcc/nios2-elf/5.3.0/../../../../../H-x86_64-pc-linux-gnu/nios2-elf/lib/libsmallc.a(lib_a-vfprintf.o)
                0x0000000000022080                __vfprintf_internal
 .text          0x000000000002209c        0x0 /home/lheywang/intelFPGA_lite/18.1/nios2eds/bin/gnu/H-x86_64-pc-linux-gnu/bin/../lib/gcc/nios2-elf/5.3.0/../../../../../H-x86_64-pc-linux-gnu/nios2-elf/lib/libsmallc.a(lib_a-fvwrite_small_dev.o)
 .text.__sfvwrite_small_dev
                0x000000000002209c       0xb8 /home/lheywang/intelFPGA_lite/18.1/nios2eds/bin/gnu/H-x86_64-pc-linux-gnu/bin/../lib/gcc/nios2-elf/5.3.0/../../../../../H-x86_64-pc-linux-gnu/nios2-elf/lib/libsmallc.a(lib_a-fvwrite_small_dev.o)
                0x000000000002209c                __sfvwrite_small_dev
 .text          0x0000000000022154        0x0 /home/lheywang/intelFPGA_lite/18.1/nios2eds/bin/gnu/H-x86_64-pc-linux-gnu/bin/../lib/gcc/nios2-elf/5.3.0/../../../../../H-x86_64-pc-linux-gnu/nios2-elf/lib/libsmallc.a(lib_a-fvwrite_small_str.o)
 .text.__sfvwrite_small_str
                0x0000000000022154       0xa8 /home/lheywang/intelFPGA_lite/18.1/nios2eds/bin/gnu/H-x86_64-pc-linux-gnu/bin/../lib/gcc/nios2-elf/5.3.0/../../../../../H-x86_64-pc-linux-gnu/nios2-elf/lib/libsmallc.a(lib_a-fvwrite_small_str.o)
                0x0000000000022154                __sfvwrite_small_str
 .text          0x00000000000221fc        0x0 /home/lheywang/intelFPGA_lite/18.1/nios2eds/bin/gnu/H-x86_64-pc-linux-gnu/bin/../lib/gcc/nios2-elf/5.3.0/../../../../../H-x86_64-pc-linux-gnu/nios2-elf/lib/libsmallc.a(lib_a-impure.o)
 .text          0x00000000000221fc        0x0 /home/lheywang/intelFPGA_lite/18.1/nios2eds/bin/gnu/H-x86_64-pc-linux-gnu/bin/../lib/gcc/nios2-elf/5.3.0/../../../../../H-x86_64-pc-linux-gnu/nios2-elf/lib/libsmallc.a(lib_a-memmove.o)
 .text.memmove  0x00000000000221fc       0x60 /home/lheywang/intelFPGA_lite/18.1/nios2eds/bin/gnu/H-x86_64-pc-linux-gnu/bin/../lib/gcc/nios2-elf/5.3.0/../../../../../H-x86_64-pc-linux-gnu/nios2-elf/lib/libsmallc.a(lib_a-memmove.o)
                0x00000000000221fc                memmove
 .text          0x000000000002225c        0x0 /home/lheywang/intelFPGA_lite/18.1/nios2eds/bin/gnu/H-x86_64-pc-linux-gnu/bin/../lib/gcc/nios2-elf/5.3.0/../../../../../H-x86_64-pc-linux-gnu/nios2-elf/lib/libsmallc.a(lib_a-writer.o)
 .text._write_r
                0x000000000002225c       0x58 /home/lheywang/intelFPGA_lite/18.1/nios2eds/bin/gnu/H-x86_64-pc-linux-gnu/bin/../lib/gcc/nios2-elf/5.3.0/../../../../../H-x86_64-pc-linux-gnu/nios2-elf/lib/libsmallc.a(lib_a-writer.o)
                0x000000000002225c                _write_r
 .text          0x00000000000222b4        0x0 /home/lheywang/intelFPGA_lite/18.1/nios2eds/bin/gnu/H-x86_64-pc-linux-gnu/bin/../lib/gcc/nios2-elf/5.3.0/../../../../../H-x86_64-pc-linux-gnu/nios2-elf/lib/libsmallc.a(lib_a-int_errno.o)
 .text          0x00000000000222b4      0x1b0 ../project_soft_bsp//libhal_bsp.a(alt_iic.o)
                0x00000000000222b4                alt_ic_isr_register
                0x0000000000022304                alt_ic_irq_enable
                0x000000000002238c                alt_ic_irq_disable
                0x0000000000022418                alt_ic_irq_enabled
 .text          0x0000000000022464       0xf0 ../project_soft_bsp//libhal_bsp.a(alt_iic_isr_register.o)
                0x0000000000022464                alt_iic_isr_register
 .text          0x0000000000022554        0x0 ../project_soft_bsp//libhal_bsp.a(alt_irq_entry.o)
 .text          0x0000000000022554        0x0 ../project_soft_bsp//libhal_bsp.a(alt_irq_handler.o)
 .text          0x0000000000022554        0x0 ../project_soft_bsp//libhal_bsp.a(alt_irq_vars.o)
 .text          0x0000000000022554       0xec ../project_soft_bsp//libhal_bsp.a(alt_load.o)
                0x00000000000225bc                alt_load
 .text          0x0000000000022640       0x7c ../project_soft_bsp//libhal_bsp.a(alt_main.o)
                0x0000000000022640                alt_main
 .text          0x00000000000226bc       0x30 ../project_soft_bsp//libhal_bsp.a(alt_usleep.o)
                0x00000000000226bc                usleep
 .text          0x00000000000226ec      0x134 ../project_soft_bsp//libhal_bsp.a(alt_write.o)
                0x0000000000022728                write
 .text          0x0000000000022820       0xbc ../project_soft_bsp//libhal_bsp.a(alt_sys_init.o)
                0x0000000000022854                alt_irq_init
                0x000000000002288c                alt_sys_init
 .text          0x00000000000228dc       0xc0 ../project_soft_bsp//libhal_bsp.a(altera_avalon_jtag_uart_fd.o)
                0x00000000000228dc                altera_avalon_jtag_uart_read_fd
                0x000000000002293c                altera_avalon_jtag_uart_write_fd
 .text          0x000000000002299c       0xec ../project_soft_bsp//libhal_bsp.a(altera_avalon_jtag_uart_read.o)
                0x000000000002299c                altera_avalon_jtag_uart_read
 .text          0x0000000000022a88       0x94 ../project_soft_bsp//libhal_bsp.a(altera_avalon_jtag_uart_write.o)
                0x0000000000022a88                altera_avalon_jtag_uart_write
 .text          0x0000000000022b1c       0xf4 ../project_soft_bsp//libhal_bsp.a(altera_avalon_timer_sc.o)
                0x0000000000022b94                alt_avalon_timer_sc_init
 .text          0x0000000000022c10      0x158 ../project_soft_bsp//libhal_bsp.a(alt_busy_sleep.o)
                0x0000000000022c10                alt_busy_sleep
 .text          0x0000000000022d68      0x10c ../project_soft_bsp//libhal_bsp.a(alt_close.o)
                0x0000000000022da4                close
 .text          0x0000000000022e74       0x20 ../project_soft_bsp//libhal_bsp.a(alt_dcache_flush_all.o)
                0x0000000000022e74                alt_dcache_flush_all
 .text          0x0000000000022e94       0x2c ../project_soft_bsp//libhal_bsp.a(alt_dev.o)
 .text          0x0000000000022ec0       0xe0 ../project_soft_bsp//libhal_bsp.a(alt_dev_llist_insert.o)
                0x0000000000022efc                alt_dev_llist_insert
 .text          0x0000000000022fa0       0x60 ../project_soft_bsp//libhal_bsp.a(alt_do_ctors.o)
                0x0000000000022fa0                _do_ctors
 .text          0x0000000000023000       0x60 ../project_soft_bsp//libhal_bsp.a(alt_do_dtors.o)
                0x0000000000023000                _do_dtors
 .text          0x0000000000023060        0x0 ../project_soft_bsp//libhal_bsp.a(alt_errno.o)
 .text          0x0000000000023060        0x0 ../project_soft_bsp//libhal_bsp.a(alt_exception_entry.o)
 .text          0x0000000000023060       0x34 ../project_soft_bsp//libhal_bsp.a(alt_icache_flush_all.o)
                0x0000000000023060                alt_icache_flush_all
 .text          0x0000000000023094       0x9c ../project_soft_bsp//libhal_bsp.a(alt_instruction_exception_entry.o)
                0x0000000000023094                alt_exception_cause_generated_bad_addr
 .text          0x0000000000023130      0x140 ../project_soft_bsp//libhal_bsp.a(alt_io_redirect.o)
                0x00000000000231f4                alt_io_redirect
 .text          0x0000000000023270      0x254 ../project_soft_bsp//libhal_bsp.a(alt_open.o)
                0x0000000000023370                open
 .text          0x00000000000234c4       0x64 ../project_soft_bsp//libhal_bsp.a(alt_release_fd.o)
                0x00000000000234c4                alt_release_fd
 .text          0x0000000000023528      0x1a4 ../project_soft_bsp//libhal_bsp.a(alt_tick.o)
                0x0000000000023528                alt_alarm_stop
                0x00000000000235c4                alt_tick
 .text          0x00000000000236cc       0x24 ../project_soft_bsp//libhal_bsp.a(altera_nios2_gen2_irq.o)
                0x00000000000236cc                altera_nios2_gen2_irq_init
 .text          0x00000000000236f0       0x90 ../project_soft_bsp//libhal_bsp.a(alt_find_dev.o)
                0x00000000000236f0                alt_find_dev
 .text          0x0000000000023780      0x108 ../project_soft_bsp//libhal_bsp.a(alt_find_file.o)
                0x0000000000023780                alt_find_file
 .text          0x0000000000023888       0xa4 ../project_soft_bsp//libhal_bsp.a(alt_get_fd.o)
                0x0000000000023888                alt_get_fd
 .text          0x000000000002392c       0x90 ../project_soft_bsp//libhal_bsp.a(alt_icache_flush.o)
                0x000000000002392c                alt_icache_flush
 .text          0x00000000000239bc        0x0 /home/lheywang/intelFPGA_lite/18.1/nios2eds/bin/gnu/H-x86_64-pc-linux-gnu/bin/../lib/gcc/nios2-elf/5.3.0/../../../../../H-x86_64-pc-linux-gnu/nios2-elf/lib/libsmallc.a(lib_a-atexit.o)
 .text.atexit   0x00000000000239bc       0x14 /home/lheywang/intelFPGA_lite/18.1/nios2eds/bin/gnu/H-x86_64-pc-linux-gnu/bin/../lib/gcc/nios2-elf/5.3.0/../../../../../H-x86_64-pc-linux-gnu/nios2-elf/lib/libsmallc.a(lib_a-atexit.o)
                0x00000000000239bc                atexit
 .text          0x00000000000239d0        0x0 /home/lheywang/intelFPGA_lite/18.1/nios2eds/bin/gnu/H-x86_64-pc-linux-gnu/bin/../lib/gcc/nios2-elf/5.3.0/../../../../../H-x86_64-pc-linux-gnu/nios2-elf/lib/libsmallc.a(lib_a-exit.o)
 .text.exit     0x00000000000239d0       0x20 /home/lheywang/intelFPGA_lite/18.1/nios2eds/bin/gnu/H-x86_64-pc-linux-gnu/bin/../lib/gcc/nios2-elf/5.3.0/../../../../../H-x86_64-pc-linux-gnu/nios2-elf/lib/libsmallc.a(lib_a-exit.o)
                0x00000000000239d0                exit
 .text          0x00000000000239f0        0x0 /home/lheywang/intelFPGA_lite/18.1/nios2eds/bin/gnu/H-x86_64-pc-linux-gnu/bin/../lib/gcc/nios2-elf/5.3.0/../../../../../H-x86_64-pc-linux-gnu/nios2-elf/lib/libsmallc.a(lib_a-memcmp.o)
 .text.memcmp   0x00000000000239f0       0x30 /home/lheywang/intelFPGA_lite/18.1/nios2eds/bin/gnu/H-x86_64-pc-linux-gnu/bin/../lib/gcc/nios2-elf/5.3.0/../../../../../H-x86_64-pc-linux-gnu/nios2-elf/lib/libsmallc.a(lib_a-memcmp.o)
                0x00000000000239f0                memcmp
 .text          0x0000000000023a20        0x0 /home/lheywang/intelFPGA_lite/18.1/nios2eds/bin/gnu/H-x86_64-pc-linux-gnu/bin/../lib/gcc/nios2-elf/5.3.0/../../../../../H-x86_64-pc-linux-gnu/nios2-elf/lib/libsmallc.a(lib_a-__atexit.o)
 .text.__register_exitproc
                0x0000000000023a20      0x158 /home/lheywang/intelFPGA_lite/18.1/nios2eds/bin/gnu/H-x86_64-pc-linux-gnu/bin/../lib/gcc/nios2-elf/5.3.0/../../../../../H-x86_64-pc-linux-gnu/nios2-elf/lib/libsmallc.a(lib_a-__atexit.o)
                0x0000000000023a20                __register_exitproc
 .text          0x0000000000023b78        0x0 /home/lheywang/intelFPGA_lite/18.1/nios2eds/bin/gnu/H-x86_64-pc-linux-gnu/bin/../lib/gcc/nios2-elf/5.3.0/../../../../../H-x86_64-pc-linux-gnu/nios2-elf/lib/libsmallc.a(lib_a-__call_atexit.o)
 .text.__call_exitprocs
                0x0000000000023b78      0x190 /home/lheywang/intelFPGA_lite/18.1/nios2eds/bin/gnu/H-x86_64-pc-linux-gnu/bin/../lib/gcc/nios2-elf/5.3.0/../../../../../H-x86_64-pc-linux-gnu/nios2-elf/lib/libsmallc.a(lib_a-__call_atexit.o)
                0x0000000000023b78                __call_exitprocs
 .text          0x0000000000023d08       0x34 ../project_soft_bsp//libhal_bsp.a(alt_exit.o)
                0x0000000000023d08                _exit
 *(.gnu.warning.*)
 *(.fini)
                [!provide]                        PROVIDE (__etext, ABSOLUTE (.))
                [!provide]                        PROVIDE (_etext, ABSOLUTE (.))
                [!provide]                        PROVIDE (etext, ABSOLUTE (.))
 *(.eh_frame_hdr)
                0x0000000000023d3c                . = ALIGN (0x4)
                [!provide]                        PROVIDE (__preinit_array_start, ABSOLUTE (.))
 *(.preinit_array)
                [!provide]                        PROVIDE (__preinit_array_end, ABSOLUTE (.))
                [!provide]                        PROVIDE (__init_array_start, ABSOLUTE (.))
 *(.init_array)
                [!provide]                        PROVIDE (__init_array_end, ABSOLUTE (.))
                [!provide]                        PROVIDE (__fini_array_start, ABSOLUTE (.))
 *(.fini_array)
                [!provide]                        PROVIDE (__fini_array_end, ABSOLUTE (.))
 *(.eh_frame)
 *(.gcc_except_table .gcc_except_table.*)
 *(.dynamic)
                0x0000000000023d3c                PROVIDE (__CTOR_LIST__, ABSOLUTE (.))
 *(.ctors)
 *(SORT(.ctors.*))
                0x0000000000023d3c                PROVIDE (__CTOR_END__, ABSOLUTE (.))
                0x0000000000023d3c                PROVIDE (__DTOR_LIST__, ABSOLUTE (.))
 *(.dtors)
 *(SORT(.dtors.*))
                0x0000000000023d3c                PROVIDE (__DTOR_END__, ABSOLUTE (.))
 *(.jcr)
                0x0000000000023d3c                . = ALIGN (0x4)

.rodata         0x0000000000023d3c       0xe0
                0x0000000000023d3c                PROVIDE (__ram_rodata_start, ABSOLUTE (.))
                0x0000000000023d3c                . = ALIGN (0x4)
 *(.rodata .rodata.* .gnu.linkonce.r.*)
 .rodata        0x0000000000023d3c       0x58 obj/default/hex/hex.o
 .rodata.str1.4
                0x0000000000023d94       0x42 obj/default/main.o
 *fill*         0x0000000000023dd6        0x2 
 .rodata.str1.4
                0x0000000000023dd8       0x10 obj/default/time/ptime.o
                                          0xd (size before relaxing)
 .rodata.str1.4
                0x0000000000023de8        0x2 /home/lheywang/intelFPGA_lite/18.1/nios2eds/bin/gnu/H-x86_64-pc-linux-gnu/bin/../lib/gcc/nios2-elf/5.3.0/../../../../../H-x86_64-pc-linux-gnu/nios2-elf/lib/libsmallc.a(lib_a-puts.o)
 .rodata        0x0000000000023de8       0x11 ../project_soft_bsp//libhal_bsp.a(alt_main.o)
 *fill*         0x0000000000023df9        0x3 
 .rodata        0x0000000000023dfc       0x11 ../project_soft_bsp//libhal_bsp.a(alt_sys_init.o)
 *fill*         0x0000000000023e0d        0x3 
 .rodata        0x0000000000023e10        0xa ../project_soft_bsp//libhal_bsp.a(alt_dev.o)
 *(.rodata1)
                0x0000000000023e1c                . = ALIGN (0x4)
 *fill*         0x0000000000023e1a        0x2 
                0x0000000000023e1c                PROVIDE (__ram_rodata_end, ABSOLUTE (.))
                0x0000000000023d3c                PROVIDE (__flash_rodata_start, LOADADDR (.rodata))

.rwdata         0x0000000000023e1c      0xe08 load address 0x0000000000024c24
                0x0000000000023e1c                PROVIDE (__ram_rwdata_start, ABSOLUTE (.))
                0x0000000000023e1c                . = ALIGN (0x4)
 *(.got.plt)
 *(.got)
 *(.data1)
 *(.data .data.* .gnu.linkonce.d.*)
 .data          0x0000000000023e1c        0x0 ../project_soft_bsp//obj/HAL/src/crt0.o
 .data          0x0000000000023e1c        0x0 obj/default/ISR/ISR.o
 .data          0x0000000000023e1c        0x0 obj/default/ISR/timer1ms/timer1ms.o
 .data          0x0000000000023e1c        0x0 obj/default/ISR/timer1s/timer1s.o
 .data          0x0000000000023e1c        0x0 obj/default/buzzer/buzzer.o
 .data          0x0000000000023e1c      0x260 obj/default/buzzer/songs/astronomia/astronomia.o
                0x0000000000023e1c                Astronomia
                0x0000000000023e44                astronomia_data
 .data          0x000000000002407c      0x410 obj/default/buzzer/songs/baby-shark/baby-shark.o
                0x000000000002407c                BabyShark
                0x00000000000240a4                baby_shark_data
 .data          0x000000000002448c       0xfc obj/default/buzzer/songs/crazy-frog/crazy-frog.o
                0x000000000002448c                CrazyFrog
                0x00000000000244b4                crazy_frog_data
 .data          0x0000000000024588      0x3bc obj/default/buzzer/songs/elise/elise.o
                0x0000000000024588                Elise
                0x00000000000245b0                elise_data
 .data          0x0000000000024944        0x0 obj/default/hex/hex.o
 .data          0x0000000000024944        0x0 obj/default/init/init.o
 .data          0x0000000000024944        0x0 obj/default/leds/leds.o
 .data          0x0000000000024944        0x0 obj/default/main.o
 .data          0x0000000000024944        0x0 obj/default/time/ptime.o
 .data          0x0000000000024944        0x0 /home/lheywang/intelFPGA_lite/18.1/nios2eds/bin/gnu/H-x86_64-pc-linux-gnu/bin/../lib/gcc/nios2-elf/5.3.0/libgcc.a(lib2-divmod.o)
 .data          0x0000000000024944        0x0 /home/lheywang/intelFPGA_lite/18.1/nios2eds/bin/gnu/H-x86_64-pc-linux-gnu/bin/../lib/gcc/nios2-elf/5.3.0/../../../../../H-x86_64-pc-linux-gnu/nios2-elf/lib/libsmallc.a(lib_a-printf.o)
 .data          0x0000000000024944        0x0 /home/lheywang/intelFPGA_lite/18.1/nios2eds/bin/gnu/H-x86_64-pc-linux-gnu/bin/../lib/gcc/nios2-elf/5.3.0/../../../../../H-x86_64-pc-linux-gnu/nios2-elf/lib/libsmallc.a(lib_a-puts.o)
 .data          0x0000000000024944        0x0 /home/lheywang/intelFPGA_lite/18.1/nios2eds/bin/gnu/H-x86_64-pc-linux-gnu/bin/../lib/gcc/nios2-elf/5.3.0/../../../../../H-x86_64-pc-linux-gnu/nios2-elf/lib/libsmallc.a(lib_a-sprintf.o)
 .data          0x0000000000024944        0x0 /home/lheywang/intelFPGA_lite/18.1/nios2eds/bin/gnu/H-x86_64-pc-linux-gnu/bin/../lib/gcc/nios2-elf/5.3.0/../../../../../H-x86_64-pc-linux-gnu/nios2-elf/lib/libsmallc.a(lib_a-strlen.o)
 .data          0x0000000000024944        0x0 /home/lheywang/intelFPGA_lite/18.1/nios2eds/bin/gnu/H-x86_64-pc-linux-gnu/bin/../lib/gcc/nios2-elf/5.3.0/../../../../../H-x86_64-pc-linux-gnu/nios2-elf/lib/libsmallc.a(lib_a-svfprintf.o)
 .data          0x0000000000024944        0x0 /home/lheywang/intelFPGA_lite/18.1/nios2eds/bin/gnu/H-x86_64-pc-linux-gnu/bin/../lib/gcc/nios2-elf/5.3.0/../../../../../H-x86_64-pc-linux-gnu/nios2-elf/lib/libsmallc.a(lib_a-vfprintf.o)
 .data          0x0000000000024944        0x0 /home/lheywang/intelFPGA_lite/18.1/nios2eds/bin/gnu/H-x86_64-pc-linux-gnu/bin/../lib/gcc/nios2-elf/5.3.0/../../../../../H-x86_64-pc-linux-gnu/nios2-elf/lib/libsmallc.a(lib_a-fvwrite_small_dev.o)
 .data          0x0000000000024944        0x0 /home/lheywang/intelFPGA_lite/18.1/nios2eds/bin/gnu/H-x86_64-pc-linux-gnu/bin/../lib/gcc/nios2-elf/5.3.0/../../../../../H-x86_64-pc-linux-gnu/nios2-elf/lib/libsmallc.a(lib_a-fvwrite_small_str.o)
 .data          0x0000000000024944        0x0 /home/lheywang/intelFPGA_lite/18.1/nios2eds/bin/gnu/H-x86_64-pc-linux-gnu/bin/../lib/gcc/nios2-elf/5.3.0/../../../../../H-x86_64-pc-linux-gnu/nios2-elf/lib/libsmallc.a(lib_a-impure.o)
 .data.impure_data
                0x0000000000024944       0xe0 /home/lheywang/intelFPGA_lite/18.1/nios2eds/bin/gnu/H-x86_64-pc-linux-gnu/bin/../lib/gcc/nios2-elf/5.3.0/../../../../../H-x86_64-pc-linux-gnu/nios2-elf/lib/libsmallc.a(lib_a-impure.o)
 .data          0x0000000000024a24        0x0 /home/lheywang/intelFPGA_lite/18.1/nios2eds/bin/gnu/H-x86_64-pc-linux-gnu/bin/../lib/gcc/nios2-elf/5.3.0/../../../../../H-x86_64-pc-linux-gnu/nios2-elf/lib/libsmallc.a(lib_a-memmove.o)
 .data          0x0000000000024a24        0x0 /home/lheywang/intelFPGA_lite/18.1/nios2eds/bin/gnu/H-x86_64-pc-linux-gnu/bin/../lib/gcc/nios2-elf/5.3.0/../../../../../H-x86_64-pc-linux-gnu/nios2-elf/lib/libsmallc.a(lib_a-writer.o)
 .data          0x0000000000024a24        0x0 /home/lheywang/intelFPGA_lite/18.1/nios2eds/bin/gnu/H-x86_64-pc-linux-gnu/bin/../lib/gcc/nios2-elf/5.3.0/../../../../../H-x86_64-pc-linux-gnu/nios2-elf/lib/libsmallc.a(lib_a-int_errno.o)
 .data          0x0000000000024a24        0x0 ../project_soft_bsp//libhal_bsp.a(alt_iic.o)
 .data          0x0000000000024a24        0x0 ../project_soft_bsp//libhal_bsp.a(alt_iic_isr_register.o)
 .data          0x0000000000024a24        0x0 ../project_soft_bsp//libhal_bsp.a(alt_irq_entry.o)
 .data          0x0000000000024a24        0x0 ../project_soft_bsp//libhal_bsp.a(alt_irq_handler.o)
 .data          0x0000000000024a24        0x0 ../project_soft_bsp//libhal_bsp.a(alt_irq_vars.o)
 .data          0x0000000000024a24        0x0 ../project_soft_bsp//libhal_bsp.a(alt_load.o)
 .data          0x0000000000024a24        0x0 ../project_soft_bsp//libhal_bsp.a(alt_main.o)
 .data          0x0000000000024a24        0x0 ../project_soft_bsp//libhal_bsp.a(alt_usleep.o)
 .data          0x0000000000024a24        0x0 ../project_soft_bsp//libhal_bsp.a(alt_write.o)
 .data          0x0000000000024a24       0x2c ../project_soft_bsp//libhal_bsp.a(alt_sys_init.o)
 .data          0x0000000000024a50        0x0 ../project_soft_bsp//libhal_bsp.a(altera_avalon_jtag_uart_fd.o)
 .data          0x0000000000024a50        0x0 ../project_soft_bsp//libhal_bsp.a(altera_avalon_jtag_uart_read.o)
 .data          0x0000000000024a50        0x0 ../project_soft_bsp//libhal_bsp.a(altera_avalon_jtag_uart_write.o)
 .data          0x0000000000024a50        0x0 ../project_soft_bsp//libhal_bsp.a(altera_avalon_timer_sc.o)
 .data          0x0000000000024a50        0x0 ../project_soft_bsp//libhal_bsp.a(alt_busy_sleep.o)
 .data          0x0000000000024a50        0x0 ../project_soft_bsp//libhal_bsp.a(alt_close.o)
 .data          0x0000000000024a50        0x0 ../project_soft_bsp//libhal_bsp.a(alt_dcache_flush_all.o)
 .data          0x0000000000024a50      0x1a8 ../project_soft_bsp//libhal_bsp.a(alt_dev.o)
                0x0000000000024a50                alt_dev_null
                0x0000000000024a78                alt_fd_list
 .data          0x0000000000024bf8        0x0 ../project_soft_bsp//libhal_bsp.a(alt_dev_llist_insert.o)
 .data          0x0000000000024bf8        0x0 ../project_soft_bsp//libhal_bsp.a(alt_do_ctors.o)
 .data          0x0000000000024bf8        0x0 ../project_soft_bsp//libhal_bsp.a(alt_do_dtors.o)
 .data          0x0000000000024bf8        0x0 ../project_soft_bsp//libhal_bsp.a(alt_errno.o)
 .data          0x0000000000024bf8        0x0 ../project_soft_bsp//libhal_bsp.a(alt_exception_entry.o)
 .data          0x0000000000024bf8        0x0 ../project_soft_bsp//libhal_bsp.a(alt_icache_flush_all.o)
 .data          0x0000000000024bf8        0x0 ../project_soft_bsp//libhal_bsp.a(alt_instruction_exception_entry.o)
 .data          0x0000000000024bf8        0x0 ../project_soft_bsp//libhal_bsp.a(alt_io_redirect.o)
 .data          0x0000000000024bf8        0x0 ../project_soft_bsp//libhal_bsp.a(alt_open.o)
 .data          0x0000000000024bf8        0x0 ../project_soft_bsp//libhal_bsp.a(alt_release_fd.o)
 .data          0x0000000000024bf8        0x0 ../project_soft_bsp//libhal_bsp.a(alt_tick.o)
 .data          0x0000000000024bf8        0x0 ../project_soft_bsp//libhal_bsp.a(altera_nios2_gen2_irq.o)
 .data          0x0000000000024bf8        0x0 ../project_soft_bsp//libhal_bsp.a(alt_find_dev.o)
 .data          0x0000000000024bf8        0x0 ../project_soft_bsp//libhal_bsp.a(alt_find_file.o)
 .data          0x0000000000024bf8        0x0 ../project_soft_bsp//libhal_bsp.a(alt_get_fd.o)
 .data          0x0000000000024bf8        0x0 ../project_soft_bsp//libhal_bsp.a(alt_icache_flush.o)
 .data          0x0000000000024bf8        0x0 /home/lheywang/intelFPGA_lite/18.1/nios2eds/bin/gnu/H-x86_64-pc-linux-gnu/bin/../lib/gcc/nios2-elf/5.3.0/../../../../../H-x86_64-pc-linux-gnu/nios2-elf/lib/libsmallc.a(lib_a-atexit.o)
 .data          0x0000000000024bf8        0x0 /home/lheywang/intelFPGA_lite/18.1/nios2eds/bin/gnu/H-x86_64-pc-linux-gnu/bin/../lib/gcc/nios2-elf/5.3.0/../../../../../H-x86_64-pc-linux-gnu/nios2-elf/lib/libsmallc.a(lib_a-exit.o)
 .data          0x0000000000024bf8        0x0 /home/lheywang/intelFPGA_lite/18.1/nios2eds/bin/gnu/H-x86_64-pc-linux-gnu/bin/../lib/gcc/nios2-elf/5.3.0/../../../../../H-x86_64-pc-linux-gnu/nios2-elf/lib/libsmallc.a(lib_a-memcmp.o)
 .data          0x0000000000024bf8        0x0 /home/lheywang/intelFPGA_lite/18.1/nios2eds/bin/gnu/H-x86_64-pc-linux-gnu/bin/../lib/gcc/nios2-elf/5.3.0/../../../../../H-x86_64-pc-linux-gnu/nios2-elf/lib/libsmallc.a(lib_a-__atexit.o)
 .data          0x0000000000024bf8        0x0 /home/lheywang/intelFPGA_lite/18.1/nios2eds/bin/gnu/H-x86_64-pc-linux-gnu/bin/../lib/gcc/nios2-elf/5.3.0/../../../../../H-x86_64-pc-linux-gnu/nios2-elf/lib/libsmallc.a(lib_a-__call_atexit.o)
 .data          0x0000000000024bf8        0x0 ../project_soft_bsp//libhal_bsp.a(alt_exit.o)
                0x000000000002cbf8                _gp = ABSOLUTE ((. + 0x8000))
                [!provide]                        PROVIDE (gp, _gp)
 *(.rwdata .rwdata.*)
 *(.sdata .sdata.* .gnu.linkonce.s.*)
 .sdata._global_impure_ptr
                0x0000000000024bf8        0x4 /home/lheywang/intelFPGA_lite/18.1/nios2eds/bin/gnu/H-x86_64-pc-linux-gnu/bin/../lib/gcc/nios2-elf/5.3.0/../../../../../H-x86_64-pc-linux-gnu/nios2-elf/lib/libsmallc.a(lib_a-impure.o)
                0x0000000000024bf8                _global_impure_ptr
 .sdata._impure_ptr
                0x0000000000024bfc        0x4 /home/lheywang/intelFPGA_lite/18.1/nios2eds/bin/gnu/H-x86_64-pc-linux-gnu/bin/../lib/gcc/nios2-elf/5.3.0/../../../../../H-x86_64-pc-linux-gnu/nios2-elf/lib/libsmallc.a(lib_a-impure.o)
                0x0000000000024bfc                _impure_ptr
 .sdata         0x0000000000024c00        0x4 ../project_soft_bsp//libhal_bsp.a(alt_irq_vars.o)
                0x0000000000024c00                alt_priority_mask
 .sdata         0x0000000000024c04       0x14 ../project_soft_bsp//libhal_bsp.a(alt_dev.o)
                0x0000000000024c04                alt_fs_list
                0x0000000000024c0c                alt_dev_list
                0x0000000000024c14                alt_max_fd
 .sdata         0x0000000000024c18        0x4 ../project_soft_bsp//libhal_bsp.a(alt_errno.o)
                0x0000000000024c18                alt_errno
 .sdata         0x0000000000024c1c        0x8 ../project_soft_bsp//libhal_bsp.a(alt_tick.o)
                0x0000000000024c1c                alt_alarm_list
 *(.sdata2 .sdata2.* .gnu.linkonce.s2.*)
                0x0000000000024c24                . = ALIGN (0x4)
                0x0000000000024c24                _edata = ABSOLUTE (.)
                [!provide]                        PROVIDE (edata, ABSOLUTE (.))
                0x0000000000024c24                PROVIDE (__ram_rwdata_end, ABSOLUTE (.))
                0x0000000000024c24                PROVIDE (__flash_rwdata_start, LOADADDR (.rwdata))

.bss            0x0000000000025a2c      0x198
                0x0000000000025a2c                __bss_start = ABSOLUTE (.)
                [!provide]                        PROVIDE (__sbss_start, ABSOLUTE (.))
                [!provide]                        PROVIDE (___sbss_start, ABSOLUTE (.))
 *(.dynsbss)
 *(.sbss .sbss.* .gnu.linkonce.sb.*)
 .sbss          0x0000000000025a2c        0x4 obj/default/ISR/ISR.o
 .sbss          0x0000000000025a30       0x34 obj/default/ISR/timer1ms/timer1ms.o
 .sbss          0x0000000000025a64       0x14 obj/default/buzzer/buzzer.o
 .sbss          0x0000000000025a78        0x4 obj/default/init/init.o
 .sbss          0x0000000000025a7c        0x4 /home/lheywang/intelFPGA_lite/18.1/nios2eds/bin/gnu/H-x86_64-pc-linux-gnu/bin/../lib/gcc/nios2-elf/5.3.0/../../../../../H-x86_64-pc-linux-gnu/nios2-elf/lib/libsmallc.a(lib_a-int_errno.o)
                0x0000000000025a7c                errno
 .sbss          0x0000000000025a80        0x4 ../project_soft_bsp//libhal_bsp.a(alt_irq_vars.o)
                0x0000000000025a80                alt_irq_active
 .sbss          0x0000000000025a84        0xc ../project_soft_bsp//libhal_bsp.a(alt_main.o)
                0x0000000000025a84                alt_argc
                0x0000000000025a88                alt_argv
                0x0000000000025a8c                alt_envp
 .sbss          0x0000000000025a90        0x4 ../project_soft_bsp//libhal_bsp.a(alt_instruction_exception_entry.o)
                0x0000000000025a90                alt_instruction_exception_handler
 .sbss          0x0000000000025a94        0x8 ../project_soft_bsp//libhal_bsp.a(alt_tick.o)
                0x0000000000025a94                _alt_tick_rate
                0x0000000000025a98                _alt_nticks
 *(.sbss2 .sbss2.* .gnu.linkonce.sb2.*)
 *(.scommon)
                [!provide]                        PROVIDE (__sbss_end, ABSOLUTE (.))
                [!provide]                        PROVIDE (___sbss_end, ABSOLUTE (.))
 *(.dynbss)
 *(.bss .bss.* .gnu.linkonce.b.*)
 .bss           0x0000000000025a9c        0x0 ../project_soft_bsp//obj/HAL/src/crt0.o
 .bss           0x0000000000025a9c        0x0 obj/default/ISR/ISR.o
 .bss           0x0000000000025a9c        0x0 obj/default/ISR/timer1ms/timer1ms.o
 .bss           0x0000000000025a9c        0x0 obj/default/ISR/timer1s/timer1s.o
 .bss           0x0000000000025a9c        0x0 obj/default/buzzer/buzzer.o
 .bss           0x0000000000025a9c        0x0 obj/default/buzzer/songs/astronomia/astronomia.o
 .bss           0x0000000000025a9c        0x0 obj/default/buzzer/songs/baby-shark/baby-shark.o
 .bss           0x0000000000025a9c        0x0 obj/default/buzzer/songs/crazy-frog/crazy-frog.o
 .bss           0x0000000000025a9c        0x0 obj/default/buzzer/songs/elise/elise.o
 .bss           0x0000000000025a9c        0x0 obj/default/hex/hex.o
 .bss           0x0000000000025a9c        0x0 obj/default/init/init.o
 .bss           0x0000000000025a9c        0x0 obj/default/leds/leds.o
 .bss           0x0000000000025a9c        0x0 obj/default/main.o
 .bss           0x0000000000025a9c        0x0 obj/default/time/ptime.o
 .bss           0x0000000000025a9c        0x0 /home/lheywang/intelFPGA_lite/18.1/nios2eds/bin/gnu/H-x86_64-pc-linux-gnu/bin/../lib/gcc/nios2-elf/5.3.0/libgcc.a(lib2-divmod.o)
 .bss           0x0000000000025a9c        0x0 /home/lheywang/intelFPGA_lite/18.1/nios2eds/bin/gnu/H-x86_64-pc-linux-gnu/bin/../lib/gcc/nios2-elf/5.3.0/../../../../../H-x86_64-pc-linux-gnu/nios2-elf/lib/libsmallc.a(lib_a-printf.o)
 .bss           0x0000000000025a9c        0x0 /home/lheywang/intelFPGA_lite/18.1/nios2eds/bin/gnu/H-x86_64-pc-linux-gnu/bin/../lib/gcc/nios2-elf/5.3.0/../../../../../H-x86_64-pc-linux-gnu/nios2-elf/lib/libsmallc.a(lib_a-puts.o)
 .bss           0x0000000000025a9c        0x0 /home/lheywang/intelFPGA_lite/18.1/nios2eds/bin/gnu/H-x86_64-pc-linux-gnu/bin/../lib/gcc/nios2-elf/5.3.0/../../../../../H-x86_64-pc-linux-gnu/nios2-elf/lib/libsmallc.a(lib_a-sprintf.o)
 .bss           0x0000000000025a9c        0x0 /home/lheywang/intelFPGA_lite/18.1/nios2eds/bin/gnu/H-x86_64-pc-linux-gnu/bin/../lib/gcc/nios2-elf/5.3.0/../../../../../H-x86_64-pc-linux-gnu/nios2-elf/lib/libsmallc.a(lib_a-strlen.o)
 .bss           0x0000000000025a9c        0x0 /home/lheywang/intelFPGA_lite/18.1/nios2eds/bin/gnu/H-x86_64-pc-linux-gnu/bin/../lib/gcc/nios2-elf/5.3.0/../../../../../H-x86_64-pc-linux-gnu/nios2-elf/lib/libsmallc.a(lib_a-svfprintf.o)
 .bss           0x0000000000025a9c        0x0 /home/lheywang/intelFPGA_lite/18.1/nios2eds/bin/gnu/H-x86_64-pc-linux-gnu/bin/../lib/gcc/nios2-elf/5.3.0/../../../../../H-x86_64-pc-linux-gnu/nios2-elf/lib/libsmallc.a(lib_a-vfprintf.o)
 .bss           0x0000000000025a9c        0x0 /home/lheywang/intelFPGA_lite/18.1/nios2eds/bin/gnu/H-x86_64-pc-linux-gnu/bin/../lib/gcc/nios2-elf/5.3.0/../../../../../H-x86_64-pc-linux-gnu/nios2-elf/lib/libsmallc.a(lib_a-fvwrite_small_dev.o)
 .bss           0x0000000000025a9c        0x0 /home/lheywang/intelFPGA_lite/18.1/nios2eds/bin/gnu/H-x86_64-pc-linux-gnu/bin/../lib/gcc/nios2-elf/5.3.0/../../../../../H-x86_64-pc-linux-gnu/nios2-elf/lib/libsmallc.a(lib_a-fvwrite_small_str.o)
 .bss           0x0000000000025a9c        0x0 /home/lheywang/intelFPGA_lite/18.1/nios2eds/bin/gnu/H-x86_64-pc-linux-gnu/bin/../lib/gcc/nios2-elf/5.3.0/../../../../../H-x86_64-pc-linux-gnu/nios2-elf/lib/libsmallc.a(lib_a-impure.o)
 .bss           0x0000000000025a9c        0x0 /home/lheywang/intelFPGA_lite/18.1/nios2eds/bin/gnu/H-x86_64-pc-linux-gnu/bin/../lib/gcc/nios2-elf/5.3.0/../../../../../H-x86_64-pc-linux-gnu/nios2-elf/lib/libsmallc.a(lib_a-memmove.o)
 .bss           0x0000000000025a9c        0x0 /home/lheywang/intelFPGA_lite/18.1/nios2eds/bin/gnu/H-x86_64-pc-linux-gnu/bin/../lib/gcc/nios2-elf/5.3.0/../../../../../H-x86_64-pc-linux-gnu/nios2-elf/lib/libsmallc.a(lib_a-writer.o)
 .bss           0x0000000000025a9c        0x0 /home/lheywang/intelFPGA_lite/18.1/nios2eds/bin/gnu/H-x86_64-pc-linux-gnu/bin/../lib/gcc/nios2-elf/5.3.0/../../../../../H-x86_64-pc-linux-gnu/nios2-elf/lib/libsmallc.a(lib_a-int_errno.o)
 .bss           0x0000000000025a9c        0x0 ../project_soft_bsp//libhal_bsp.a(alt_iic.o)
 .bss           0x0000000000025a9c        0x0 ../project_soft_bsp//libhal_bsp.a(alt_iic_isr_register.o)
 .bss           0x0000000000025a9c        0x0 ../project_soft_bsp//libhal_bsp.a(alt_irq_entry.o)
 .bss           0x0000000000025a9c        0x0 ../project_soft_bsp//libhal_bsp.a(alt_irq_handler.o)
 .bss           0x0000000000025a9c        0x0 ../project_soft_bsp//libhal_bsp.a(alt_irq_vars.o)
 .bss           0x0000000000025a9c        0x0 ../project_soft_bsp//libhal_bsp.a(alt_load.o)
 .bss           0x0000000000025a9c        0x0 ../project_soft_bsp//libhal_bsp.a(alt_main.o)
 .bss           0x0000000000025a9c        0x0 ../project_soft_bsp//libhal_bsp.a(alt_usleep.o)
 .bss           0x0000000000025a9c        0x0 ../project_soft_bsp//libhal_bsp.a(alt_write.o)
 .bss           0x0000000000025a9c        0x0 ../project_soft_bsp//libhal_bsp.a(alt_sys_init.o)
 .bss           0x0000000000025a9c        0x0 ../project_soft_bsp//libhal_bsp.a(altera_avalon_jtag_uart_fd.o)
 .bss           0x0000000000025a9c        0x0 ../project_soft_bsp//libhal_bsp.a(altera_avalon_jtag_uart_read.o)
 .bss           0x0000000000025a9c        0x0 ../project_soft_bsp//libhal_bsp.a(altera_avalon_jtag_uart_write.o)
 .bss           0x0000000000025a9c        0x0 ../project_soft_bsp//libhal_bsp.a(altera_avalon_timer_sc.o)
 .bss           0x0000000000025a9c        0x0 ../project_soft_bsp//libhal_bsp.a(alt_busy_sleep.o)
 .bss           0x0000000000025a9c        0x0 ../project_soft_bsp//libhal_bsp.a(alt_close.o)
 .bss           0x0000000000025a9c        0x0 ../project_soft_bsp//libhal_bsp.a(alt_dcache_flush_all.o)
 .bss           0x0000000000025a9c        0x0 ../project_soft_bsp//libhal_bsp.a(alt_dev.o)
 .bss           0x0000000000025a9c        0x0 ../project_soft_bsp//libhal_bsp.a(alt_dev_llist_insert.o)
 .bss           0x0000000000025a9c        0x0 ../project_soft_bsp//libhal_bsp.a(alt_do_ctors.o)
 .bss           0x0000000000025a9c        0x0 ../project_soft_bsp//libhal_bsp.a(alt_do_dtors.o)
 .bss           0x0000000000025a9c        0x0 ../project_soft_bsp//libhal_bsp.a(alt_errno.o)
 .bss           0x0000000000025a9c        0x0 ../project_soft_bsp//libhal_bsp.a(alt_exception_entry.o)
 .bss           0x0000000000025a9c        0x0 ../project_soft_bsp//libhal_bsp.a(alt_icache_flush_all.o)
 .bss           0x0000000000025a9c        0x0 ../project_soft_bsp//libhal_bsp.a(alt_instruction_exception_entry.o)
 .bss           0x0000000000025a9c        0x0 ../project_soft_bsp//libhal_bsp.a(alt_io_redirect.o)
 .bss           0x0000000000025a9c        0x0 ../project_soft_bsp//libhal_bsp.a(alt_open.o)
 .bss           0x0000000000025a9c        0x0 ../project_soft_bsp//libhal_bsp.a(alt_release_fd.o)
 .bss           0x0000000000025a9c        0x0 ../project_soft_bsp//libhal_bsp.a(alt_tick.o)
 .bss           0x0000000000025a9c        0x0 ../project_soft_bsp//libhal_bsp.a(altera_nios2_gen2_irq.o)
 .bss           0x0000000000025a9c        0x0 ../project_soft_bsp//libhal_bsp.a(alt_find_dev.o)
 .bss           0x0000000000025a9c        0x0 ../project_soft_bsp//libhal_bsp.a(alt_find_file.o)
 .bss           0x0000000000025a9c        0x0 ../project_soft_bsp//libhal_bsp.a(alt_get_fd.o)
 .bss           0x0000000000025a9c        0x0 ../project_soft_bsp//libhal_bsp.a(alt_icache_flush.o)
 .bss           0x0000000000025a9c        0x0 /home/lheywang/intelFPGA_lite/18.1/nios2eds/bin/gnu/H-x86_64-pc-linux-gnu/bin/../lib/gcc/nios2-elf/5.3.0/../../../../../H-x86_64-pc-linux-gnu/nios2-elf/lib/libsmallc.a(lib_a-atexit.o)
 .bss           0x0000000000025a9c        0x0 /home/lheywang/intelFPGA_lite/18.1/nios2eds/bin/gnu/H-x86_64-pc-linux-gnu/bin/../lib/gcc/nios2-elf/5.3.0/../../../../../H-x86_64-pc-linux-gnu/nios2-elf/lib/libsmallc.a(lib_a-exit.o)
 .bss           0x0000000000025a9c        0x0 /home/lheywang/intelFPGA_lite/18.1/nios2eds/bin/gnu/H-x86_64-pc-linux-gnu/bin/../lib/gcc/nios2-elf/5.3.0/../../../../../H-x86_64-pc-linux-gnu/nios2-elf/lib/libsmallc.a(lib_a-memcmp.o)
 .bss           0x0000000000025a9c        0x0 /home/lheywang/intelFPGA_lite/18.1/nios2eds/bin/gnu/H-x86_64-pc-linux-gnu/bin/../lib/gcc/nios2-elf/5.3.0/../../../../../H-x86_64-pc-linux-gnu/nios2-elf/lib/libsmallc.a(lib_a-__atexit.o)
 .bss           0x0000000000025a9c        0x0 /home/lheywang/intelFPGA_lite/18.1/nios2eds/bin/gnu/H-x86_64-pc-linux-gnu/bin/../lib/gcc/nios2-elf/5.3.0/../../../../../H-x86_64-pc-linux-gnu/nios2-elf/lib/libsmallc.a(lib_a-__call_atexit.o)
 .bss           0x0000000000025a9c        0x0 ../project_soft_bsp//libhal_bsp.a(alt_exit.o)
 *(COMMON)
 COMMON         0x0000000000025a9c       0x28 obj/default/ISR/ISR.o
                0x0000000000025a9c                defsong
 COMMON         0x0000000000025ac4      0x100 ../project_soft_bsp//libhal_bsp.a(alt_irq_handler.o)
                0x0000000000025ac4                alt_irq
                0x0000000000025bc4                . = ALIGN (0x4)
                0x0000000000025bc4                __bss_end = ABSOLUTE (.)

.MEMOIRE_ONCHIP
                0x0000000000025bc4        0x0
                [!provide]                        PROVIDE (_alt_partition_MEMOIRE_ONCHIP_start, ABSOLUTE (.))
 *(.MEMOIRE_ONCHIP .MEMOIRE_ONCHIP. MEMOIRE_ONCHIP.*)
                0x0000000000025bc4                . = ALIGN (0x4)
                [!provide]                        PROVIDE (_alt_partition_MEMOIRE_ONCHIP_end, ABSOLUTE (.))
                0x0000000000025bc4                _end = ABSOLUTE (.)
                0x0000000000025bc4                end = ABSOLUTE (.)
                0x0000000000025bc4                __alt_stack_base = ABSOLUTE (.)
                [!provide]                        PROVIDE (_alt_partition_MEMOIRE_ONCHIP_load_addr, LOADADDR (.MEMOIRE_ONCHIP))

.stab
 *(.stab)

.stabstr
 *(.stabstr)

.stab.excl
 *(.stab.excl)

.stab.exclstr
 *(.stab.exclstr)

.stab.index
 *(.stab.index)

.stab.indexstr
 *(.stab.indexstr)

.comment        0x0000000000000000       0x23
 *(.comment)
 .comment       0x0000000000000000       0x23 obj/default/ISR/ISR.o
                                         0x24 (size before relaxing)
 .comment       0x0000000000000023       0x24 obj/default/ISR/timer1ms/timer1ms.o
 .comment       0x0000000000000023       0x24 obj/default/ISR/timer1s/timer1s.o
 .comment       0x0000000000000023       0x24 obj/default/buzzer/buzzer.o
 .comment       0x0000000000000023       0x24 obj/default/buzzer/songs/astronomia/astronomia.o
 .comment       0x0000000000000023       0x24 obj/default/buzzer/songs/baby-shark/baby-shark.o
 .comment       0x0000000000000023       0x24 obj/default/buzzer/songs/crazy-frog/crazy-frog.o
 .comment       0x0000000000000023       0x24 obj/default/buzzer/songs/elise/elise.o
 .comment       0x0000000000000023       0x24 obj/default/hex/hex.o
 .comment       0x0000000000000023       0x24 obj/default/init/init.o
 .comment       0x0000000000000023       0x24 obj/default/leds/leds.o
 .comment       0x0000000000000023       0x24 obj/default/main.o
 .comment       0x0000000000000023       0x24 obj/default/time/ptime.o
 .comment       0x0000000000000023       0x24 /home/lheywang/intelFPGA_lite/18.1/nios2eds/bin/gnu/H-x86_64-pc-linux-gnu/bin/../lib/gcc/nios2-elf/5.3.0/libgcc.a(lib2-divmod.o)
 .comment       0x0000000000000023       0x24 /home/lheywang/intelFPGA_lite/18.1/nios2eds/bin/gnu/H-x86_64-pc-linux-gnu/bin/../lib/gcc/nios2-elf/5.3.0/../../../../../H-x86_64-pc-linux-gnu/nios2-elf/lib/libsmallc.a(lib_a-printf.o)
 .comment       0x0000000000000023       0x24 /home/lheywang/intelFPGA_lite/18.1/nios2eds/bin/gnu/H-x86_64-pc-linux-gnu/bin/../lib/gcc/nios2-elf/5.3.0/../../../../../H-x86_64-pc-linux-gnu/nios2-elf/lib/libsmallc.a(lib_a-puts.o)
 .comment       0x0000000000000023       0x24 /home/lheywang/intelFPGA_lite/18.1/nios2eds/bin/gnu/H-x86_64-pc-linux-gnu/bin/../lib/gcc/nios2-elf/5.3.0/../../../../../H-x86_64-pc-linux-gnu/nios2-elf/lib/libsmallc.a(lib_a-sprintf.o)
 .comment       0x0000000000000023       0x24 /home/lheywang/intelFPGA_lite/18.1/nios2eds/bin/gnu/H-x86_64-pc-linux-gnu/bin/../lib/gcc/nios2-elf/5.3.0/../../../../../H-x86_64-pc-linux-gnu/nios2-elf/lib/libsmallc.a(lib_a-strlen.o)
 .comment       0x0000000000000023       0x24 /home/lheywang/intelFPGA_lite/18.1/nios2eds/bin/gnu/H-x86_64-pc-linux-gnu/bin/../lib/gcc/nios2-elf/5.3.0/../../../../../H-x86_64-pc-linux-gnu/nios2-elf/lib/libsmallc.a(lib_a-svfprintf.o)
 .comment       0x0000000000000023       0x24 /home/lheywang/intelFPGA_lite/18.1/nios2eds/bin/gnu/H-x86_64-pc-linux-gnu/bin/../lib/gcc/nios2-elf/5.3.0/../../../../../H-x86_64-pc-linux-gnu/nios2-elf/lib/libsmallc.a(lib_a-vfprintf.o)
 .comment       0x0000000000000023       0x24 /home/lheywang/intelFPGA_lite/18.1/nios2eds/bin/gnu/H-x86_64-pc-linux-gnu/bin/../lib/gcc/nios2-elf/5.3.0/../../../../../H-x86_64-pc-linux-gnu/nios2-elf/lib/libsmallc.a(lib_a-fvwrite_small_dev.o)
 .comment       0x0000000000000023       0x24 /home/lheywang/intelFPGA_lite/18.1/nios2eds/bin/gnu/H-x86_64-pc-linux-gnu/bin/../lib/gcc/nios2-elf/5.3.0/../../../../../H-x86_64-pc-linux-gnu/nios2-elf/lib/libsmallc.a(lib_a-fvwrite_small_str.o)
 .comment       0x0000000000000023       0x24 /home/lheywang/intelFPGA_lite/18.1/nios2eds/bin/gnu/H-x86_64-pc-linux-gnu/bin/../lib/gcc/nios2-elf/5.3.0/../../../../../H-x86_64-pc-linux-gnu/nios2-elf/lib/libsmallc.a(lib_a-impure.o)
 .comment       0x0000000000000023       0x24 /home/lheywang/intelFPGA_lite/18.1/nios2eds/bin/gnu/H-x86_64-pc-linux-gnu/bin/../lib/gcc/nios2-elf/5.3.0/../../../../../H-x86_64-pc-linux-gnu/nios2-elf/lib/libsmallc.a(lib_a-memmove.o)
 .comment       0x0000000000000023       0x24 /home/lheywang/intelFPGA_lite/18.1/nios2eds/bin/gnu/H-x86_64-pc-linux-gnu/bin/../lib/gcc/nios2-elf/5.3.0/../../../../../H-x86_64-pc-linux-gnu/nios2-elf/lib/libsmallc.a(lib_a-writer.o)
 .comment       0x0000000000000023       0x24 /home/lheywang/intelFPGA_lite/18.1/nios2eds/bin/gnu/H-x86_64-pc-linux-gnu/bin/../lib/gcc/nios2-elf/5.3.0/../../../../../H-x86_64-pc-linux-gnu/nios2-elf/lib/libsmallc.a(lib_a-int_errno.o)
 .comment       0x0000000000000023       0x24 ../project_soft_bsp//libhal_bsp.a(alt_iic.o)
 .comment       0x0000000000000023       0x24 ../project_soft_bsp//libhal_bsp.a(alt_iic_isr_register.o)
 .comment       0x0000000000000023       0x24 ../project_soft_bsp//libhal_bsp.a(alt_irq_handler.o)
 .comment       0x0000000000000023       0x24 ../project_soft_bsp//libhal_bsp.a(alt_irq_vars.o)
 .comment       0x0000000000000023       0x24 ../project_soft_bsp//libhal_bsp.a(alt_load.o)
 .comment       0x0000000000000023       0x24 ../project_soft_bsp//libhal_bsp.a(alt_main.o)
 .comment       0x0000000000000023       0x24 ../project_soft_bsp//libhal_bsp.a(alt_usleep.o)
 .comment       0x0000000000000023       0x24 ../project_soft_bsp//libhal_bsp.a(alt_write.o)
 .comment       0x0000000000000023       0x24 ../project_soft_bsp//libhal_bsp.a(alt_sys_init.o)
 .comment       0x0000000000000023       0x24 ../project_soft_bsp//libhal_bsp.a(altera_avalon_jtag_uart_fd.o)
 .comment       0x0000000000000023       0x24 ../project_soft_bsp//libhal_bsp.a(altera_avalon_jtag_uart_read.o)
 .comment       0x0000000000000023       0x24 ../project_soft_bsp//libhal_bsp.a(altera_avalon_jtag_uart_write.o)
 .comment       0x0000000000000023       0x24 ../project_soft_bsp//libhal_bsp.a(altera_avalon_timer_sc.o)
 .comment       0x0000000000000023       0x24 ../project_soft_bsp//libhal_bsp.a(alt_busy_sleep.o)
 .comment       0x0000000000000023       0x24 ../project_soft_bsp//libhal_bsp.a(alt_close.o)
 .comment       0x0000000000000023       0x24 ../project_soft_bsp//libhal_bsp.a(alt_dcache_flush_all.o)
 .comment       0x0000000000000023       0x24 ../project_soft_bsp//libhal_bsp.a(alt_dev.o)
 .comment       0x0000000000000023       0x24 ../project_soft_bsp//libhal_bsp.a(alt_dev_llist_insert.o)
 .comment       0x0000000000000023       0x24 ../project_soft_bsp//libhal_bsp.a(alt_do_ctors.o)
 .comment       0x0000000000000023       0x24 ../project_soft_bsp//libhal_bsp.a(alt_do_dtors.o)
 .comment       0x0000000000000023       0x24 ../project_soft_bsp//libhal_bsp.a(alt_errno.o)
 .comment       0x0000000000000023       0x24 ../project_soft_bsp//libhal_bsp.a(alt_icache_flush_all.o)
 .comment       0x0000000000000023       0x24 ../project_soft_bsp//libhal_bsp.a(alt_instruction_exception_entry.o)
 .comment       0x0000000000000023       0x24 ../project_soft_bsp//libhal_bsp.a(alt_io_redirect.o)
 .comment       0x0000000000000023       0x24 ../project_soft_bsp//libhal_bsp.a(alt_open.o)
 .comment       0x0000000000000023       0x24 ../project_soft_bsp//libhal_bsp.a(alt_release_fd.o)
 .comment       0x0000000000000023       0x24 ../project_soft_bsp//libhal_bsp.a(alt_tick.o)
 .comment       0x0000000000000023       0x24 ../project_soft_bsp//libhal_bsp.a(altera_nios2_gen2_irq.o)
 .comment       0x0000000000000023       0x24 ../project_soft_bsp//libhal_bsp.a(alt_find_dev.o)
 .comment       0x0000000000000023       0x24 ../project_soft_bsp//libhal_bsp.a(alt_find_file.o)
 .comment       0x0000000000000023       0x24 ../project_soft_bsp//libhal_bsp.a(alt_get_fd.o)
 .comment       0x0000000000000023       0x24 ../project_soft_bsp//libhal_bsp.a(alt_icache_flush.o)
 .comment       0x0000000000000023       0x24 /home/lheywang/intelFPGA_lite/18.1/nios2eds/bin/gnu/H-x86_64-pc-linux-gnu/bin/../lib/gcc/nios2-elf/5.3.0/../../../../../H-x86_64-pc-linux-gnu/nios2-elf/lib/libsmallc.a(lib_a-atexit.o)
 .comment       0x0000000000000023       0x24 /home/lheywang/intelFPGA_lite/18.1/nios2eds/bin/gnu/H-x86_64-pc-linux-gnu/bin/../lib/gcc/nios2-elf/5.3.0/../../../../../H-x86_64-pc-linux-gnu/nios2-elf/lib/libsmallc.a(lib_a-exit.o)
 .comment       0x0000000000000023       0x24 /home/lheywang/intelFPGA_lite/18.1/nios2eds/bin/gnu/H-x86_64-pc-linux-gnu/bin/../lib/gcc/nios2-elf/5.3.0/../../../../../H-x86_64-pc-linux-gnu/nios2-elf/lib/libsmallc.a(lib_a-memcmp.o)
 .comment       0x0000000000000023       0x24 /home/lheywang/intelFPGA_lite/18.1/nios2eds/bin/gnu/H-x86_64-pc-linux-gnu/bin/../lib/gcc/nios2-elf/5.3.0/../../../../../H-x86_64-pc-linux-gnu/nios2-elf/lib/libsmallc.a(lib_a-__atexit.o)
 .comment       0x0000000000000023       0x24 /home/lheywang/intelFPGA_lite/18.1/nios2eds/bin/gnu/H-x86_64-pc-linux-gnu/bin/../lib/gcc/nios2-elf/5.3.0/../../../../../H-x86_64-pc-linux-gnu/nios2-elf/lib/libsmallc.a(lib_a-__call_atexit.o)
 .comment       0x0000000000000023       0x24 ../project_soft_bsp//libhal_bsp.a(alt_exit.o)

.debug
 *(.debug)

.line
 *(.line)

.debug_srcinfo
 *(.debug_srcinfo)

.debug_sfnames
 *(.debug_sfnames)

.debug_aranges  0x0000000000000000      0x890
 *(.debug_aranges)
 .debug_aranges
                0x0000000000000000       0x28 ../project_soft_bsp//obj/HAL/src/crt0.o
 .debug_aranges
                0x0000000000000028       0x20 obj/default/ISR/ISR.o
 .debug_aranges
                0x0000000000000048       0x20 obj/default/ISR/timer1ms/timer1ms.o
 .debug_aranges
                0x0000000000000068       0x20 obj/default/ISR/timer1s/timer1s.o
 .debug_aranges
                0x0000000000000088       0x20 obj/default/buzzer/buzzer.o
 .debug_aranges
                0x00000000000000a8       0x18 obj/default/buzzer/songs/astronomia/astronomia.o
 .debug_aranges
                0x00000000000000c0       0x18 obj/default/buzzer/songs/baby-shark/baby-shark.o
 .debug_aranges
                0x00000000000000d8       0x18 obj/default/buzzer/songs/crazy-frog/crazy-frog.o
 .debug_aranges
                0x00000000000000f0       0x18 obj/default/buzzer/songs/elise/elise.o
 .debug_aranges
                0x0000000000000108       0x20 obj/default/hex/hex.o
 .debug_aranges
                0x0000000000000128       0x20 obj/default/init/init.o
 .debug_aranges
                0x0000000000000148       0x20 obj/default/leds/leds.o
 .debug_aranges
                0x0000000000000168       0x20 obj/default/main.o
 .debug_aranges
                0x0000000000000188       0x20 obj/default/time/ptime.o
 .debug_aranges
                0x00000000000001a8       0x20 /home/lheywang/intelFPGA_lite/18.1/nios2eds/bin/gnu/H-x86_64-pc-linux-gnu/bin/../lib/gcc/nios2-elf/5.3.0/libgcc.a(lib2-divmod.o)
 .debug_aranges
                0x00000000000001c8       0x28 /home/lheywang/intelFPGA_lite/18.1/nios2eds/bin/gnu/H-x86_64-pc-linux-gnu/bin/../lib/gcc/nios2-elf/5.3.0/../../../../../H-x86_64-pc-linux-gnu/nios2-elf/lib/libsmallc.a(lib_a-printf.o)
 .debug_aranges
                0x00000000000001f0       0x28 /home/lheywang/intelFPGA_lite/18.1/nios2eds/bin/gnu/H-x86_64-pc-linux-gnu/bin/../lib/gcc/nios2-elf/5.3.0/../../../../../H-x86_64-pc-linux-gnu/nios2-elf/lib/libsmallc.a(lib_a-puts.o)
 .debug_aranges
                0x0000000000000218       0x28 /home/lheywang/intelFPGA_lite/18.1/nios2eds/bin/gnu/H-x86_64-pc-linux-gnu/bin/../lib/gcc/nios2-elf/5.3.0/../../../../../H-x86_64-pc-linux-gnu/nios2-elf/lib/libsmallc.a(lib_a-sprintf.o)
 .debug_aranges
                0x0000000000000240       0x20 /home/lheywang/intelFPGA_lite/18.1/nios2eds/bin/gnu/H-x86_64-pc-linux-gnu/bin/../lib/gcc/nios2-elf/5.3.0/../../../../../H-x86_64-pc-linux-gnu/nios2-elf/lib/libsmallc.a(lib_a-strlen.o)
 .debug_aranges
                0x0000000000000260       0x30 /home/lheywang/intelFPGA_lite/18.1/nios2eds/bin/gnu/H-x86_64-pc-linux-gnu/bin/../lib/gcc/nios2-elf/5.3.0/../../../../../H-x86_64-pc-linux-gnu/nios2-elf/lib/libsmallc.a(lib_a-svfprintf.o)
 .debug_aranges
                0x0000000000000290       0x30 /home/lheywang/intelFPGA_lite/18.1/nios2eds/bin/gnu/H-x86_64-pc-linux-gnu/bin/../lib/gcc/nios2-elf/5.3.0/../../../../../H-x86_64-pc-linux-gnu/nios2-elf/lib/libsmallc.a(lib_a-vfprintf.o)
 .debug_aranges
                0x00000000000002c0       0x20 /home/lheywang/intelFPGA_lite/18.1/nios2eds/bin/gnu/H-x86_64-pc-linux-gnu/bin/../lib/gcc/nios2-elf/5.3.0/../../../../../H-x86_64-pc-linux-gnu/nios2-elf/lib/libsmallc.a(lib_a-fvwrite_small_dev.o)
 .debug_aranges
                0x00000000000002e0       0x20 /home/lheywang/intelFPGA_lite/18.1/nios2eds/bin/gnu/H-x86_64-pc-linux-gnu/bin/../lib/gcc/nios2-elf/5.3.0/../../../../../H-x86_64-pc-linux-gnu/nios2-elf/lib/libsmallc.a(lib_a-fvwrite_small_str.o)
 .debug_aranges
                0x0000000000000300       0x18 /home/lheywang/intelFPGA_lite/18.1/nios2eds/bin/gnu/H-x86_64-pc-linux-gnu/bin/../lib/gcc/nios2-elf/5.3.0/../../../../../H-x86_64-pc-linux-gnu/nios2-elf/lib/libsmallc.a(lib_a-impure.o)
 .debug_aranges
                0x0000000000000318       0x20 /home/lheywang/intelFPGA_lite/18.1/nios2eds/bin/gnu/H-x86_64-pc-linux-gnu/bin/../lib/gcc/nios2-elf/5.3.0/../../../../../H-x86_64-pc-linux-gnu/nios2-elf/lib/libsmallc.a(lib_a-memmove.o)
 .debug_aranges
                0x0000000000000338       0x20 /home/lheywang/intelFPGA_lite/18.1/nios2eds/bin/gnu/H-x86_64-pc-linux-gnu/bin/../lib/gcc/nios2-elf/5.3.0/../../../../../H-x86_64-pc-linux-gnu/nios2-elf/lib/libsmallc.a(lib_a-writer.o)
 .debug_aranges
                0x0000000000000358       0x18 /home/lheywang/intelFPGA_lite/18.1/nios2eds/bin/gnu/H-x86_64-pc-linux-gnu/bin/../lib/gcc/nios2-elf/5.3.0/../../../../../H-x86_64-pc-linux-gnu/nios2-elf/lib/libsmallc.a(lib_a-int_errno.o)
 .debug_aranges
                0x0000000000000370       0x20 ../project_soft_bsp//libhal_bsp.a(alt_iic.o)
 .debug_aranges
                0x0000000000000390       0x20 ../project_soft_bsp//libhal_bsp.a(alt_iic_isr_register.o)
 .debug_aranges
                0x00000000000003b0       0x30 ../project_soft_bsp//libhal_bsp.a(alt_irq_entry.o)
 .debug_aranges
                0x00000000000003e0       0x20 ../project_soft_bsp//libhal_bsp.a(alt_irq_handler.o)
 .debug_aranges
                0x0000000000000400       0x18 ../project_soft_bsp//libhal_bsp.a(alt_irq_vars.o)
 .debug_aranges
                0x0000000000000418       0x20 ../project_soft_bsp//libhal_bsp.a(alt_load.o)
 .debug_aranges
                0x0000000000000438       0x20 ../project_soft_bsp//libhal_bsp.a(alt_main.o)
 .debug_aranges
                0x0000000000000458       0x20 ../project_soft_bsp//libhal_bsp.a(alt_usleep.o)
 .debug_aranges
                0x0000000000000478       0x20 ../project_soft_bsp//libhal_bsp.a(alt_write.o)
 .debug_aranges
                0x0000000000000498       0x20 ../project_soft_bsp//libhal_bsp.a(alt_sys_init.o)
 .debug_aranges
                0x00000000000004b8       0x20 ../project_soft_bsp//libhal_bsp.a(altera_avalon_jtag_uart_fd.o)
 .debug_aranges
                0x00000000000004d8       0x20 ../project_soft_bsp//libhal_bsp.a(altera_avalon_jtag_uart_read.o)
 .debug_aranges
                0x00000000000004f8       0x20 ../project_soft_bsp//libhal_bsp.a(altera_avalon_jtag_uart_write.o)
 .debug_aranges
                0x0000000000000518       0x20 ../project_soft_bsp//libhal_bsp.a(altera_avalon_timer_sc.o)
 .debug_aranges
                0x0000000000000538       0x20 ../project_soft_bsp//libhal_bsp.a(alt_busy_sleep.o)
 .debug_aranges
                0x0000000000000558       0x20 ../project_soft_bsp//libhal_bsp.a(alt_close.o)
 .debug_aranges
                0x0000000000000578       0x20 ../project_soft_bsp//libhal_bsp.a(alt_dcache_flush_all.o)
 .debug_aranges
                0x0000000000000598       0x20 ../project_soft_bsp//libhal_bsp.a(alt_dev.o)
 .debug_aranges
                0x00000000000005b8       0x20 ../project_soft_bsp//libhal_bsp.a(alt_dev_llist_insert.o)
 .debug_aranges
                0x00000000000005d8       0x20 ../project_soft_bsp//libhal_bsp.a(alt_do_ctors.o)
 .debug_aranges
                0x00000000000005f8       0x20 ../project_soft_bsp//libhal_bsp.a(alt_do_dtors.o)
 .debug_aranges
                0x0000000000000618       0x18 ../project_soft_bsp//libhal_bsp.a(alt_errno.o)
 .debug_aranges
                0x0000000000000630       0x38 ../project_soft_bsp//libhal_bsp.a(alt_exception_entry.o)
 .debug_aranges
                0x0000000000000668       0x20 ../project_soft_bsp//libhal_bsp.a(alt_icache_flush_all.o)
 .debug_aranges
                0x0000000000000688       0x28 ../project_soft_bsp//libhal_bsp.a(alt_instruction_exception_entry.o)
 .debug_aranges
                0x00000000000006b0       0x20 ../project_soft_bsp//libhal_bsp.a(alt_io_redirect.o)
 .debug_aranges
                0x00000000000006d0       0x20 ../project_soft_bsp//libhal_bsp.a(alt_open.o)
 .debug_aranges
                0x00000000000006f0       0x20 ../project_soft_bsp//libhal_bsp.a(alt_release_fd.o)
 .debug_aranges
                0x0000000000000710       0x20 ../project_soft_bsp//libhal_bsp.a(alt_tick.o)
 .debug_aranges
                0x0000000000000730       0x20 ../project_soft_bsp//libhal_bsp.a(altera_nios2_gen2_irq.o)
 .debug_aranges
                0x0000000000000750       0x20 ../project_soft_bsp//libhal_bsp.a(alt_find_dev.o)
 .debug_aranges
                0x0000000000000770       0x20 ../project_soft_bsp//libhal_bsp.a(alt_find_file.o)
 .debug_aranges
                0x0000000000000790       0x20 ../project_soft_bsp//libhal_bsp.a(alt_get_fd.o)
 .debug_aranges
                0x00000000000007b0       0x20 ../project_soft_bsp//libhal_bsp.a(alt_icache_flush.o)
 .debug_aranges
                0x00000000000007d0       0x20 /home/lheywang/intelFPGA_lite/18.1/nios2eds/bin/gnu/H-x86_64-pc-linux-gnu/bin/../lib/gcc/nios2-elf/5.3.0/../../../../../H-x86_64-pc-linux-gnu/nios2-elf/lib/libsmallc.a(lib_a-atexit.o)
 .debug_aranges
                0x00000000000007f0       0x20 /home/lheywang/intelFPGA_lite/18.1/nios2eds/bin/gnu/H-x86_64-pc-linux-gnu/bin/../lib/gcc/nios2-elf/5.3.0/../../../../../H-x86_64-pc-linux-gnu/nios2-elf/lib/libsmallc.a(lib_a-exit.o)
 .debug_aranges
                0x0000000000000810       0x20 /home/lheywang/intelFPGA_lite/18.1/nios2eds/bin/gnu/H-x86_64-pc-linux-gnu/bin/../lib/gcc/nios2-elf/5.3.0/../../../../../H-x86_64-pc-linux-gnu/nios2-elf/lib/libsmallc.a(lib_a-memcmp.o)
 .debug_aranges
                0x0000000000000830       0x20 /home/lheywang/intelFPGA_lite/18.1/nios2eds/bin/gnu/H-x86_64-pc-linux-gnu/bin/../lib/gcc/nios2-elf/5.3.0/../../../../../H-x86_64-pc-linux-gnu/nios2-elf/lib/libsmallc.a(lib_a-__atexit.o)
 .debug_aranges
                0x0000000000000850       0x20 /home/lheywang/intelFPGA_lite/18.1/nios2eds/bin/gnu/H-x86_64-pc-linux-gnu/bin/../lib/gcc/nios2-elf/5.3.0/../../../../../H-x86_64-pc-linux-gnu/nios2-elf/lib/libsmallc.a(lib_a-__call_atexit.o)
 .debug_aranges
                0x0000000000000870       0x20 ../project_soft_bsp//libhal_bsp.a(alt_exit.o)

.debug_pubnames
 *(.debug_pubnames)

.debug_info     0x0000000000000000     0xc3bb
 *(.debug_info .gnu.linkonce.wi.*)
 .debug_info    0x0000000000000000       0x6e ../project_soft_bsp//obj/HAL/src/crt0.o
 .debug_info    0x000000000000006e      0x14f obj/default/ISR/ISR.o
 .debug_info    0x00000000000001bd      0x4b8 obj/default/ISR/timer1ms/timer1ms.o
 .debug_info    0x0000000000000675      0x21d obj/default/ISR/timer1s/timer1s.o
 .debug_info    0x0000000000000892      0x6e3 obj/default/buzzer/buzzer.o
 .debug_info    0x0000000000000f75      0x321 obj/default/buzzer/songs/astronomia/astronomia.o
 .debug_info    0x0000000000001296      0x322 obj/default/buzzer/songs/baby-shark/baby-shark.o
 .debug_info    0x00000000000015b8      0x321 obj/default/buzzer/songs/crazy-frog/crazy-frog.o
 .debug_info    0x00000000000018d9      0x322 obj/default/buzzer/songs/elise/elise.o
 .debug_info    0x0000000000001bfb      0x209 obj/default/hex/hex.o
 .debug_info    0x0000000000001e04      0x244 obj/default/init/init.o
 .debug_info    0x0000000000002048       0xb5 obj/default/leds/leds.o
 .debug_info    0x00000000000020fd      0x2b1 obj/default/main.o
 .debug_info    0x00000000000023ae      0x22c obj/default/time/ptime.o
 .debug_info    0x00000000000025da      0x2c6 /home/lheywang/intelFPGA_lite/18.1/nios2eds/bin/gnu/H-x86_64-pc-linux-gnu/bin/../lib/gcc/nios2-elf/5.3.0/libgcc.a(lib2-divmod.o)
 .debug_info    0x00000000000028a0      0x699 /home/lheywang/intelFPGA_lite/18.1/nios2eds/bin/gnu/H-x86_64-pc-linux-gnu/bin/../lib/gcc/nios2-elf/5.3.0/../../../../../H-x86_64-pc-linux-gnu/nios2-elf/lib/libsmallc.a(lib_a-printf.o)
 .debug_info    0x0000000000002f39      0x66d /home/lheywang/intelFPGA_lite/18.1/nios2eds/bin/gnu/H-x86_64-pc-linux-gnu/bin/../lib/gcc/nios2-elf/5.3.0/../../../../../H-x86_64-pc-linux-gnu/nios2-elf/lib/libsmallc.a(lib_a-puts.o)
 .debug_info    0x00000000000035a6      0x7d9 /home/lheywang/intelFPGA_lite/18.1/nios2eds/bin/gnu/H-x86_64-pc-linux-gnu/bin/../lib/gcc/nios2-elf/5.3.0/../../../../../H-x86_64-pc-linux-gnu/nios2-elf/lib/libsmallc.a(lib_a-sprintf.o)
 .debug_info    0x0000000000003d7f       0xc9 /home/lheywang/intelFPGA_lite/18.1/nios2eds/bin/gnu/H-x86_64-pc-linux-gnu/bin/../lib/gcc/nios2-elf/5.3.0/../../../../../H-x86_64-pc-linux-gnu/nios2-elf/lib/libsmallc.a(lib_a-strlen.o)
 .debug_info    0x0000000000003e48      0xb2b /home/lheywang/intelFPGA_lite/18.1/nios2eds/bin/gnu/H-x86_64-pc-linux-gnu/bin/../lib/gcc/nios2-elf/5.3.0/../../../../../H-x86_64-pc-linux-gnu/nios2-elf/lib/libsmallc.a(lib_a-svfprintf.o)
 .debug_info    0x0000000000004973      0xb2b /home/lheywang/intelFPGA_lite/18.1/nios2eds/bin/gnu/H-x86_64-pc-linux-gnu/bin/../lib/gcc/nios2-elf/5.3.0/../../../../../H-x86_64-pc-linux-gnu/nios2-elf/lib/libsmallc.a(lib_a-vfprintf.o)
 .debug_info    0x000000000000549e      0x62b /home/lheywang/intelFPGA_lite/18.1/nios2eds/bin/gnu/H-x86_64-pc-linux-gnu/bin/../lib/gcc/nios2-elf/5.3.0/../../../../../H-x86_64-pc-linux-gnu/nios2-elf/lib/libsmallc.a(lib_a-fvwrite_small_dev.o)
 .debug_info    0x0000000000005ac9      0x700 /home/lheywang/intelFPGA_lite/18.1/nios2eds/bin/gnu/H-x86_64-pc-linux-gnu/bin/../lib/gcc/nios2-elf/5.3.0/../../../../../H-x86_64-pc-linux-gnu/nios2-elf/lib/libsmallc.a(lib_a-fvwrite_small_str.o)
 .debug_info    0x00000000000061c9      0x5a9 /home/lheywang/intelFPGA_lite/18.1/nios2eds/bin/gnu/H-x86_64-pc-linux-gnu/bin/../lib/gcc/nios2-elf/5.3.0/../../../../../H-x86_64-pc-linux-gnu/nios2-elf/lib/libsmallc.a(lib_a-impure.o)
 .debug_info    0x0000000000006772      0x10b /home/lheywang/intelFPGA_lite/18.1/nios2eds/bin/gnu/H-x86_64-pc-linux-gnu/bin/../lib/gcc/nios2-elf/5.3.0/../../../../../H-x86_64-pc-linux-gnu/nios2-elf/lib/libsmallc.a(lib_a-memmove.o)
 .debug_info    0x000000000000687d      0x630 /home/lheywang/intelFPGA_lite/18.1/nios2eds/bin/gnu/H-x86_64-pc-linux-gnu/bin/../lib/gcc/nios2-elf/5.3.0/../../../../../H-x86_64-pc-linux-gnu/nios2-elf/lib/libsmallc.a(lib_a-writer.o)
 .debug_info    0x0000000000006ead       0x8a /home/lheywang/intelFPGA_lite/18.1/nios2eds/bin/gnu/H-x86_64-pc-linux-gnu/bin/../lib/gcc/nios2-elf/5.3.0/../../../../../H-x86_64-pc-linux-gnu/nios2-elf/lib/libsmallc.a(lib_a-int_errno.o)
 .debug_info    0x0000000000006f37      0x350 ../project_soft_bsp//libhal_bsp.a(alt_iic.o)
 .debug_info    0x0000000000007287      0x1ef ../project_soft_bsp//libhal_bsp.a(alt_iic_isr_register.o)
 .debug_info    0x0000000000007476       0x77 ../project_soft_bsp//libhal_bsp.a(alt_irq_entry.o)
 .debug_info    0x00000000000074ed      0x187 ../project_soft_bsp//libhal_bsp.a(alt_irq_handler.o)
 .debug_info    0x0000000000007674       0x88 ../project_soft_bsp//libhal_bsp.a(alt_irq_vars.o)
 .debug_info    0x00000000000076fc      0x145 ../project_soft_bsp//libhal_bsp.a(alt_load.o)
 .debug_info    0x0000000000007841      0x131 ../project_soft_bsp//libhal_bsp.a(alt_main.o)
 .debug_info    0x0000000000007972       0xb0 ../project_soft_bsp//libhal_bsp.a(alt_usleep.o)
 .debug_info    0x0000000000007a22      0x4b7 ../project_soft_bsp//libhal_bsp.a(alt_write.o)
 .debug_info    0x0000000000007ed9      0x3df ../project_soft_bsp//libhal_bsp.a(alt_sys_init.o)
 .debug_info    0x00000000000082b8      0x3a7 ../project_soft_bsp//libhal_bsp.a(altera_avalon_jtag_uart_fd.o)
 .debug_info    0x000000000000865f      0x1b2 ../project_soft_bsp//libhal_bsp.a(altera_avalon_jtag_uart_read.o)
 .debug_info    0x0000000000008811      0x195 ../project_soft_bsp//libhal_bsp.a(altera_avalon_jtag_uart_write.o)
 .debug_info    0x00000000000089a6      0x226 ../project_soft_bsp//libhal_bsp.a(altera_avalon_timer_sc.o)
 .debug_info    0x0000000000008bcc       0xd7 ../project_soft_bsp//libhal_bsp.a(alt_busy_sleep.o)
 .debug_info    0x0000000000008ca3      0x321 ../project_soft_bsp//libhal_bsp.a(alt_close.o)
 .debug_info    0x0000000000008fc4       0x92 ../project_soft_bsp//libhal_bsp.a(alt_dcache_flush_all.o)
 .debug_info    0x0000000000009056      0x49c ../project_soft_bsp//libhal_bsp.a(alt_dev.o)
 .debug_info    0x00000000000094f2      0x1a9 ../project_soft_bsp//libhal_bsp.a(alt_dev_llist_insert.o)
 .debug_info    0x000000000000969b       0x83 ../project_soft_bsp//libhal_bsp.a(alt_do_ctors.o)
 .debug_info    0x000000000000971e       0x83 ../project_soft_bsp//libhal_bsp.a(alt_do_dtors.o)
 .debug_info    0x00000000000097a1       0xa6 ../project_soft_bsp//libhal_bsp.a(alt_errno.o)
 .debug_info    0x0000000000009847       0x7d ../project_soft_bsp//libhal_bsp.a(alt_exception_entry.o)
 .debug_info    0x00000000000098c4       0x92 ../project_soft_bsp//libhal_bsp.a(alt_icache_flush_all.o)
 .debug_info    0x0000000000009956      0x1e7 ../project_soft_bsp//libhal_bsp.a(alt_instruction_exception_entry.o)
 .debug_info    0x0000000000009b3d      0x4a5 ../project_soft_bsp//libhal_bsp.a(alt_io_redirect.o)
 .debug_info    0x0000000000009fe2      0x3bb ../project_soft_bsp//libhal_bsp.a(alt_open.o)
 .debug_info    0x000000000000a39d      0x2b0 ../project_soft_bsp//libhal_bsp.a(alt_release_fd.o)
 .debug_info    0x000000000000a64d      0x299 ../project_soft_bsp//libhal_bsp.a(alt_tick.o)
 .debug_info    0x000000000000a8e6       0x92 ../project_soft_bsp//libhal_bsp.a(altera_nios2_gen2_irq.o)
 .debug_info    0x000000000000a978      0x2e9 ../project_soft_bsp//libhal_bsp.a(alt_find_dev.o)
 .debug_info    0x000000000000ac61      0x2e6 ../project_soft_bsp//libhal_bsp.a(alt_find_file.o)
 .debug_info    0x000000000000af47      0x310 ../project_soft_bsp//libhal_bsp.a(alt_get_fd.o)
 .debug_info    0x000000000000b257       0xdc ../project_soft_bsp//libhal_bsp.a(alt_icache_flush.o)
 .debug_info    0x000000000000b333       0xfe /home/lheywang/intelFPGA_lite/18.1/nios2eds/bin/gnu/H-x86_64-pc-linux-gnu/bin/../lib/gcc/nios2-elf/5.3.0/../../../../../H-x86_64-pc-linux-gnu/nios2-elf/lib/libsmallc.a(lib_a-atexit.o)
 .debug_info    0x000000000000b431       0xe5 /home/lheywang/intelFPGA_lite/18.1/nios2eds/bin/gnu/H-x86_64-pc-linux-gnu/bin/../lib/gcc/nios2-elf/5.3.0/../../../../../H-x86_64-pc-linux-gnu/nios2-elf/lib/libsmallc.a(lib_a-exit.o)
 .debug_info    0x000000000000b516       0xf4 /home/lheywang/intelFPGA_lite/18.1/nios2eds/bin/gnu/H-x86_64-pc-linux-gnu/bin/../lib/gcc/nios2-elf/5.3.0/../../../../../H-x86_64-pc-linux-gnu/nios2-elf/lib/libsmallc.a(lib_a-memcmp.o)
 .debug_info    0x000000000000b60a      0x64a /home/lheywang/intelFPGA_lite/18.1/nios2eds/bin/gnu/H-x86_64-pc-linux-gnu/bin/../lib/gcc/nios2-elf/5.3.0/../../../../../H-x86_64-pc-linux-gnu/nios2-elf/lib/libsmallc.a(lib_a-__atexit.o)
 .debug_info    0x000000000000bc54      0x67b /home/lheywang/intelFPGA_lite/18.1/nios2eds/bin/gnu/H-x86_64-pc-linux-gnu/bin/../lib/gcc/nios2-elf/5.3.0/../../../../../H-x86_64-pc-linux-gnu/nios2-elf/lib/libsmallc.a(lib_a-__call_atexit.o)
 .debug_info    0x000000000000c2cf       0xec ../project_soft_bsp//libhal_bsp.a(alt_exit.o)

.debug_abbrev   0x0000000000000000     0x41ec
 *(.debug_abbrev)
 .debug_abbrev  0x0000000000000000       0x12 ../project_soft_bsp//obj/HAL/src/crt0.o
 .debug_abbrev  0x0000000000000012       0xfd obj/default/ISR/ISR.o
 .debug_abbrev  0x000000000000010f      0x18b obj/default/ISR/timer1ms/timer1ms.o
 .debug_abbrev  0x000000000000029a      0x10f obj/default/ISR/timer1s/timer1s.o
 .debug_abbrev  0x00000000000003a9      0x1c3 obj/default/buzzer/buzzer.o
 .debug_abbrev  0x000000000000056c       0xa2 obj/default/buzzer/songs/astronomia/astronomia.o
 .debug_abbrev  0x000000000000060e       0xb3 obj/default/buzzer/songs/baby-shark/baby-shark.o
 .debug_abbrev  0x00000000000006c1       0xa2 obj/default/buzzer/songs/crazy-frog/crazy-frog.o
 .debug_abbrev  0x0000000000000763       0xb3 obj/default/buzzer/songs/elise/elise.o
 .debug_abbrev  0x0000000000000816      0x109 obj/default/hex/hex.o
 .debug_abbrev  0x000000000000091f      0x12c obj/default/init/init.o
 .debug_abbrev  0x0000000000000a4b       0x80 obj/default/leds/leds.o
 .debug_abbrev  0x0000000000000acb      0x129 obj/default/main.o
 .debug_abbrev  0x0000000000000bf4      0x11f obj/default/time/ptime.o
 .debug_abbrev  0x0000000000000d13      0x10e /home/lheywang/intelFPGA_lite/18.1/nios2eds/bin/gnu/H-x86_64-pc-linux-gnu/bin/../lib/gcc/nios2-elf/5.3.0/libgcc.a(lib2-divmod.o)
 .debug_abbrev  0x0000000000000e21      0x1ee /home/lheywang/intelFPGA_lite/18.1/nios2eds/bin/gnu/H-x86_64-pc-linux-gnu/bin/../lib/gcc/nios2-elf/5.3.0/../../../../../H-x86_64-pc-linux-gnu/nios2-elf/lib/libsmallc.a(lib_a-printf.o)
 .debug_abbrev  0x000000000000100f      0x1d6 /home/lheywang/intelFPGA_lite/18.1/nios2eds/bin/gnu/H-x86_64-pc-linux-gnu/bin/../lib/gcc/nios2-elf/5.3.0/../../../../../H-x86_64-pc-linux-gnu/nios2-elf/lib/libsmallc.a(lib_a-puts.o)
 .debug_abbrev  0x00000000000011e5      0x1d8 /home/lheywang/intelFPGA_lite/18.1/nios2eds/bin/gnu/H-x86_64-pc-linux-gnu/bin/../lib/gcc/nios2-elf/5.3.0/../../../../../H-x86_64-pc-linux-gnu/nios2-elf/lib/libsmallc.a(lib_a-sprintf.o)
 .debug_abbrev  0x00000000000013bd       0x7f /home/lheywang/intelFPGA_lite/18.1/nios2eds/bin/gnu/H-x86_64-pc-linux-gnu/bin/../lib/gcc/nios2-elf/5.3.0/../../../../../H-x86_64-pc-linux-gnu/nios2-elf/lib/libsmallc.a(lib_a-strlen.o)
 .debug_abbrev  0x000000000000143c      0x2a1 /home/lheywang/intelFPGA_lite/18.1/nios2eds/bin/gnu/H-x86_64-pc-linux-gnu/bin/../lib/gcc/nios2-elf/5.3.0/../../../../../H-x86_64-pc-linux-gnu/nios2-elf/lib/libsmallc.a(lib_a-svfprintf.o)
 .debug_abbrev  0x00000000000016dd      0x2a1 /home/lheywang/intelFPGA_lite/18.1/nios2eds/bin/gnu/H-x86_64-pc-linux-gnu/bin/../lib/gcc/nios2-elf/5.3.0/../../../../../H-x86_64-pc-linux-gnu/nios2-elf/lib/libsmallc.a(lib_a-vfprintf.o)
 .debug_abbrev  0x000000000000197e      0x1bc /home/lheywang/intelFPGA_lite/18.1/nios2eds/bin/gnu/H-x86_64-pc-linux-gnu/bin/../lib/gcc/nios2-elf/5.3.0/../../../../../H-x86_64-pc-linux-gnu/nios2-elf/lib/libsmallc.a(lib_a-fvwrite_small_dev.o)
 .debug_abbrev  0x0000000000001b3a      0x1b5 /home/lheywang/intelFPGA_lite/18.1/nios2eds/bin/gnu/H-x86_64-pc-linux-gnu/bin/../lib/gcc/nios2-elf/5.3.0/../../../../../H-x86_64-pc-linux-gnu/nios2-elf/lib/libsmallc.a(lib_a-fvwrite_small_str.o)
 .debug_abbrev  0x0000000000001cef      0x14a /home/lheywang/intelFPGA_lite/18.1/nios2eds/bin/gnu/H-x86_64-pc-linux-gnu/bin/../lib/gcc/nios2-elf/5.3.0/../../../../../H-x86_64-pc-linux-gnu/nios2-elf/lib/libsmallc.a(lib_a-impure.o)
 .debug_abbrev  0x0000000000001e39       0x8d /home/lheywang/intelFPGA_lite/18.1/nios2eds/bin/gnu/H-x86_64-pc-linux-gnu/bin/../lib/gcc/nios2-elf/5.3.0/../../../../../H-x86_64-pc-linux-gnu/nios2-elf/lib/libsmallc.a(lib_a-memmove.o)
 .debug_abbrev  0x0000000000001ec6      0x1a6 /home/lheywang/intelFPGA_lite/18.1/nios2eds/bin/gnu/H-x86_64-pc-linux-gnu/bin/../lib/gcc/nios2-elf/5.3.0/../../../../../H-x86_64-pc-linux-gnu/nios2-elf/lib/libsmallc.a(lib_a-writer.o)
 .debug_abbrev  0x000000000000206c       0x37 /home/lheywang/intelFPGA_lite/18.1/nios2eds/bin/gnu/H-x86_64-pc-linux-gnu/bin/../lib/gcc/nios2-elf/5.3.0/../../../../../H-x86_64-pc-linux-gnu/nios2-elf/lib/libsmallc.a(lib_a-int_errno.o)
 .debug_abbrev  0x00000000000020a3      0x163 ../project_soft_bsp//libhal_bsp.a(alt_iic.o)
 .debug_abbrev  0x0000000000002206      0x169 ../project_soft_bsp//libhal_bsp.a(alt_iic_isr_register.o)
 .debug_abbrev  0x000000000000236f       0x12 ../project_soft_bsp//libhal_bsp.a(alt_irq_entry.o)
 .debug_abbrev  0x0000000000002381      0x122 ../project_soft_bsp//libhal_bsp.a(alt_irq_handler.o)
 .debug_abbrev  0x00000000000024a3       0x40 ../project_soft_bsp//libhal_bsp.a(alt_irq_vars.o)
 .debug_abbrev  0x00000000000024e3       0x9f ../project_soft_bsp//libhal_bsp.a(alt_load.o)
 .debug_abbrev  0x0000000000002582       0xba ../project_soft_bsp//libhal_bsp.a(alt_main.o)
 .debug_abbrev  0x000000000000263c       0x60 ../project_soft_bsp//libhal_bsp.a(alt_usleep.o)
 .debug_abbrev  0x000000000000269c      0x133 ../project_soft_bsp//libhal_bsp.a(alt_write.o)
 .debug_abbrev  0x00000000000027cf      0x157 ../project_soft_bsp//libhal_bsp.a(alt_sys_init.o)
 .debug_abbrev  0x0000000000002926       0xf7 ../project_soft_bsp//libhal_bsp.a(altera_avalon_jtag_uart_fd.o)
 .debug_abbrev  0x0000000000002a1d       0xd5 ../project_soft_bsp//libhal_bsp.a(altera_avalon_jtag_uart_read.o)
 .debug_abbrev  0x0000000000002af2       0xd5 ../project_soft_bsp//libhal_bsp.a(altera_avalon_jtag_uart_write.o)
 .debug_abbrev  0x0000000000002bc7      0x155 ../project_soft_bsp//libhal_bsp.a(altera_avalon_timer_sc.o)
 .debug_abbrev  0x0000000000002d1c       0x7e ../project_soft_bsp//libhal_bsp.a(alt_busy_sleep.o)
 .debug_abbrev  0x0000000000002d9a      0x11f ../project_soft_bsp//libhal_bsp.a(alt_close.o)
 .debug_abbrev  0x0000000000002eb9       0x42 ../project_soft_bsp//libhal_bsp.a(alt_dcache_flush_all.o)
 .debug_abbrev  0x0000000000002efb       0xd9 ../project_soft_bsp//libhal_bsp.a(alt_dev.o)
 .debug_abbrev  0x0000000000002fd4      0x114 ../project_soft_bsp//libhal_bsp.a(alt_dev_llist_insert.o)
 .debug_abbrev  0x00000000000030e8       0x79 ../project_soft_bsp//libhal_bsp.a(alt_do_ctors.o)
 .debug_abbrev  0x0000000000003161       0x79 ../project_soft_bsp//libhal_bsp.a(alt_do_dtors.o)
 .debug_abbrev  0x00000000000031da       0x5a ../project_soft_bsp//libhal_bsp.a(alt_errno.o)
 .debug_abbrev  0x0000000000003234       0x12 ../project_soft_bsp//libhal_bsp.a(alt_exception_entry.o)
 .debug_abbrev  0x0000000000003246       0x42 ../project_soft_bsp//libhal_bsp.a(alt_icache_flush_all.o)
 .debug_abbrev  0x0000000000003288       0xdc ../project_soft_bsp//libhal_bsp.a(alt_instruction_exception_entry.o)
 .debug_abbrev  0x0000000000003364      0x114 ../project_soft_bsp//libhal_bsp.a(alt_io_redirect.o)
 .debug_abbrev  0x0000000000003478      0x148 ../project_soft_bsp//libhal_bsp.a(alt_open.o)
 .debug_abbrev  0x00000000000035c0       0xde ../project_soft_bsp//libhal_bsp.a(alt_release_fd.o)
 .debug_abbrev  0x000000000000369e      0x15a ../project_soft_bsp//libhal_bsp.a(alt_tick.o)
 .debug_abbrev  0x00000000000037f8       0x42 ../project_soft_bsp//libhal_bsp.a(altera_nios2_gen2_irq.o)
 .debug_abbrev  0x000000000000383a       0xf0 ../project_soft_bsp//libhal_bsp.a(alt_find_dev.o)
 .debug_abbrev  0x000000000000392a       0xf0 ../project_soft_bsp//libhal_bsp.a(alt_find_file.o)
 .debug_abbrev  0x0000000000003a1a      0x10d ../project_soft_bsp//libhal_bsp.a(alt_get_fd.o)
 .debug_abbrev  0x0000000000003b27       0x8c ../project_soft_bsp//libhal_bsp.a(alt_icache_flush.o)
 .debug_abbrev  0x0000000000003bb3       0xaa /home/lheywang/intelFPGA_lite/18.1/nios2eds/bin/gnu/H-x86_64-pc-linux-gnu/bin/../lib/gcc/nios2-elf/5.3.0/../../../../../H-x86_64-pc-linux-gnu/nios2-elf/lib/libsmallc.a(lib_a-atexit.o)
 .debug_abbrev  0x0000000000003c5d       0x8b /home/lheywang/intelFPGA_lite/18.1/nios2eds/bin/gnu/H-x86_64-pc-linux-gnu/bin/../lib/gcc/nios2-elf/5.3.0/../../../../../H-x86_64-pc-linux-gnu/nios2-elf/lib/libsmallc.a(lib_a-exit.o)
 .debug_abbrev  0x0000000000003ce8       0x7f /home/lheywang/intelFPGA_lite/18.1/nios2eds/bin/gnu/H-x86_64-pc-linux-gnu/bin/../lib/gcc/nios2-elf/5.3.0/../../../../../H-x86_64-pc-linux-gnu/nios2-elf/lib/libsmallc.a(lib_a-memcmp.o)
 .debug_abbrev  0x0000000000003d67      0x1e6 /home/lheywang/intelFPGA_lite/18.1/nios2eds/bin/gnu/H-x86_64-pc-linux-gnu/bin/../lib/gcc/nios2-elf/5.3.0/../../../../../H-x86_64-pc-linux-gnu/nios2-elf/lib/libsmallc.a(lib_a-__atexit.o)
 .debug_abbrev  0x0000000000003f4d      0x1f6 /home/lheywang/intelFPGA_lite/18.1/nios2eds/bin/gnu/H-x86_64-pc-linux-gnu/bin/../lib/gcc/nios2-elf/5.3.0/../../../../../H-x86_64-pc-linux-gnu/nios2-elf/lib/libsmallc.a(lib_a-__call_atexit.o)
 .debug_abbrev  0x0000000000004143       0xa9 ../project_soft_bsp//libhal_bsp.a(alt_exit.o)

.debug_line     0x0000000000000000     0x4a4a
 *(.debug_line)
 .debug_line    0x0000000000000000       0x6c ../project_soft_bsp//obj/HAL/src/crt0.o
 .debug_line    0x000000000000006c       0xe7 obj/default/ISR/ISR.o
 .debug_line    0x0000000000000153      0x237 obj/default/ISR/timer1ms/timer1ms.o
 .debug_line    0x000000000000038a       0xdd obj/default/ISR/timer1s/timer1s.o
 .debug_line    0x0000000000000467      0x267 obj/default/buzzer/buzzer.o
 .debug_line    0x00000000000006ce       0x93 obj/default/buzzer/songs/astronomia/astronomia.o
 .debug_line    0x0000000000000761       0x93 obj/default/buzzer/songs/baby-shark/baby-shark.o
 .debug_line    0x00000000000007f4       0x93 obj/default/buzzer/songs/crazy-frog/crazy-frog.o
 .debug_line    0x0000000000000887       0x7f obj/default/buzzer/songs/elise/elise.o
 .debug_line    0x0000000000000906      0x1a9 obj/default/hex/hex.o
 .debug_line    0x0000000000000aaf      0x150 obj/default/init/init.o
 .debug_line    0x0000000000000bff       0x74 obj/default/leds/leds.o
 .debug_line    0x0000000000000c73      0x200 obj/default/main.o
 .debug_line    0x0000000000000e73      0x106 obj/default/time/ptime.o
 .debug_line    0x0000000000000f79      0x102 /home/lheywang/intelFPGA_lite/18.1/nios2eds/bin/gnu/H-x86_64-pc-linux-gnu/bin/../lib/gcc/nios2-elf/5.3.0/libgcc.a(lib2-divmod.o)
 .debug_line    0x000000000000107b      0x200 /home/lheywang/intelFPGA_lite/18.1/nios2eds/bin/gnu/H-x86_64-pc-linux-gnu/bin/../lib/gcc/nios2-elf/5.3.0/../../../../../H-x86_64-pc-linux-gnu/nios2-elf/lib/libsmallc.a(lib_a-printf.o)
 .debug_line    0x000000000000127b      0x203 /home/lheywang/intelFPGA_lite/18.1/nios2eds/bin/gnu/H-x86_64-pc-linux-gnu/bin/../lib/gcc/nios2-elf/5.3.0/../../../../../H-x86_64-pc-linux-gnu/nios2-elf/lib/libsmallc.a(lib_a-puts.o)
 .debug_line    0x000000000000147e      0x20d /home/lheywang/intelFPGA_lite/18.1/nios2eds/bin/gnu/H-x86_64-pc-linux-gnu/bin/../lib/gcc/nios2-elf/5.3.0/../../../../../H-x86_64-pc-linux-gnu/nios2-elf/lib/libsmallc.a(lib_a-sprintf.o)
 .debug_line    0x000000000000168b      0x159 /home/lheywang/intelFPGA_lite/18.1/nios2eds/bin/gnu/H-x86_64-pc-linux-gnu/bin/../lib/gcc/nios2-elf/5.3.0/../../../../../H-x86_64-pc-linux-gnu/nios2-elf/lib/libsmallc.a(lib_a-strlen.o)
 .debug_line    0x00000000000017e4      0x34f /home/lheywang/intelFPGA_lite/18.1/nios2eds/bin/gnu/H-x86_64-pc-linux-gnu/bin/../lib/gcc/nios2-elf/5.3.0/../../../../../H-x86_64-pc-linux-gnu/nios2-elf/lib/libsmallc.a(lib_a-svfprintf.o)
 .debug_line    0x0000000000001b33      0x34f /home/lheywang/intelFPGA_lite/18.1/nios2eds/bin/gnu/H-x86_64-pc-linux-gnu/bin/../lib/gcc/nios2-elf/5.3.0/../../../../../H-x86_64-pc-linux-gnu/nios2-elf/lib/libsmallc.a(lib_a-vfprintf.o)
 .debug_line    0x0000000000001e82      0x1ed /home/lheywang/intelFPGA_lite/18.1/nios2eds/bin/gnu/H-x86_64-pc-linux-gnu/bin/../lib/gcc/nios2-elf/5.3.0/../../../../../H-x86_64-pc-linux-gnu/nios2-elf/lib/libsmallc.a(lib_a-fvwrite_small_dev.o)
 .debug_line    0x000000000000206f      0x1fb /home/lheywang/intelFPGA_lite/18.1/nios2eds/bin/gnu/H-x86_64-pc-linux-gnu/bin/../lib/gcc/nios2-elf/5.3.0/../../../../../H-x86_64-pc-linux-gnu/nios2-elf/lib/libsmallc.a(lib_a-fvwrite_small_str.o)
 .debug_line    0x000000000000226a      0x153 /home/lheywang/intelFPGA_lite/18.1/nios2eds/bin/gnu/H-x86_64-pc-linux-gnu/bin/../lib/gcc/nios2-elf/5.3.0/../../../../../H-x86_64-pc-linux-gnu/nios2-elf/lib/libsmallc.a(lib_a-impure.o)
 .debug_line    0x00000000000023bd      0x168 /home/lheywang/intelFPGA_lite/18.1/nios2eds/bin/gnu/H-x86_64-pc-linux-gnu/bin/../lib/gcc/nios2-elf/5.3.0/../../../../../H-x86_64-pc-linux-gnu/nios2-elf/lib/libsmallc.a(lib_a-memmove.o)
 .debug_line    0x0000000000002525      0x1ea /home/lheywang/intelFPGA_lite/18.1/nios2eds/bin/gnu/H-x86_64-pc-linux-gnu/bin/../lib/gcc/nios2-elf/5.3.0/../../../../../H-x86_64-pc-linux-gnu/nios2-elf/lib/libsmallc.a(lib_a-writer.o)
 .debug_line    0x000000000000270f       0x5c /home/lheywang/intelFPGA_lite/18.1/nios2eds/bin/gnu/H-x86_64-pc-linux-gnu/bin/../lib/gcc/nios2-elf/5.3.0/../../../../../H-x86_64-pc-linux-gnu/nios2-elf/lib/libsmallc.a(lib_a-int_errno.o)
 .debug_line    0x000000000000276b       0xeb ../project_soft_bsp//libhal_bsp.a(alt_iic.o)
 .debug_line    0x0000000000002856       0xdb ../project_soft_bsp//libhal_bsp.a(alt_iic_isr_register.o)
 .debug_line    0x0000000000002931       0x6b ../project_soft_bsp//libhal_bsp.a(alt_irq_entry.o)
 .debug_line    0x000000000000299c       0xaa ../project_soft_bsp//libhal_bsp.a(alt_irq_handler.o)
 .debug_line    0x0000000000002a46       0x50 ../project_soft_bsp//libhal_bsp.a(alt_irq_vars.o)
 .debug_line    0x0000000000002a96       0x8e ../project_soft_bsp//libhal_bsp.a(alt_load.o)
 .debug_line    0x0000000000002b24       0xa4 ../project_soft_bsp//libhal_bsp.a(alt_main.o)
 .debug_line    0x0000000000002bc8       0xbe ../project_soft_bsp//libhal_bsp.a(alt_usleep.o)
 .debug_line    0x0000000000002c86      0x1fd ../project_soft_bsp//libhal_bsp.a(alt_write.o)
 .debug_line    0x0000000000002e83      0x142 ../project_soft_bsp//libhal_bsp.a(alt_sys_init.o)
 .debug_line    0x0000000000002fc5      0x112 ../project_soft_bsp//libhal_bsp.a(altera_avalon_jtag_uart_fd.o)
 .debug_line    0x00000000000030d7       0xfd ../project_soft_bsp//libhal_bsp.a(altera_avalon_jtag_uart_read.o)
 .debug_line    0x00000000000031d4       0xf4 ../project_soft_bsp//libhal_bsp.a(altera_avalon_jtag_uart_write.o)
 .debug_line    0x00000000000032c8       0xfd ../project_soft_bsp//libhal_bsp.a(altera_avalon_timer_sc.o)
 .debug_line    0x00000000000033c5       0xa0 ../project_soft_bsp//libhal_bsp.a(alt_busy_sleep.o)
 .debug_line    0x0000000000003465      0x176 ../project_soft_bsp//libhal_bsp.a(alt_close.o)
 .debug_line    0x00000000000035db       0x51 ../project_soft_bsp//libhal_bsp.a(alt_dcache_flush_all.o)