Archive member included to satisfy reference by file (symbol)

/home/lheywang/intelFPGA_lite/18.1/nios2eds/bin/gnu/H-x86_64-pc-linux-gnu/bin/../lib/gcc/nios2-elf/5.3.0/../../../../../H-x86_64-pc-linux-gnu/nios2-elf/lib/libsmallc.a(lib_a-printf.o)
                              obj/default/main.o (printf)
/home/lheywang/intelFPGA_lite/18.1/nios2eds/bin/gnu/H-x86_64-pc-linux-gnu/bin/../lib/gcc/nios2-elf/5.3.0/../../../../../H-x86_64-pc-linux-gnu/nios2-elf/lib/libsmallc.a(lib_a-puts.o)
                              obj/default/main.o (puts)
/home/lheywang/intelFPGA_lite/18.1/nios2eds/bin/gnu/H-x86_64-pc-linux-gnu/bin/../lib/gcc/nios2-elf/5.3.0/../../../../../H-x86_64-pc-linux-gnu/nios2-elf/lib/libsmallc.a(lib_a-sprintf.o)
                              obj/default/time/ptime.o (sprintf)
/home/lheywang/intelFPGA_lite/18.1/nios2eds/bin/gnu/H-x86_64-pc-linux-gnu/bin/../lib/gcc/nios2-elf/5.3.0/../../../../../H-x86_64-pc-linux-gnu/nios2-elf/lib/libsmallc.a(lib_a-strlen.o)
                              /home/lheywang/intelFPGA_lite/18.1/nios2eds/bin/gnu/H-x86_64-pc-linux-gnu/bin/../lib/gcc/nios2-elf/5.3.0/../../../../../H-x86_64-pc-linux-gnu/nios2-elf/lib/libsmallc.a(lib_a-puts.o) (strlen)
/home/lheywang/intelFPGA_lite/18.1/nios2eds/bin/gnu/H-x86_64-pc-linux-gnu/bin/../lib/gcc/nios2-elf/5.3.0/../../../../../H-x86_64-pc-linux-gnu/nios2-elf/lib/libsmallc.a(lib_a-svfprintf.o)
                              /home/lheywang/intelFPGA_lite/18.1/nios2eds/bin/gnu/H-x86_64-pc-linux-gnu/bin/../lib/gcc/nios2-elf/5.3.0/../../../../../H-x86_64-pc-linux-gnu/nios2-elf/lib/libsmallc.a(lib_a-sprintf.o) (___svfprintf_internal_r)
/home/lheywang/intelFPGA_lite/18.1/nios2eds/bin/gnu/H-x86_64-pc-linux-gnu/bin/../lib/gcc/nios2-elf/5.3.0/../../../../../H-x86_64-pc-linux-gnu/nios2-elf/lib/libsmallc.a(lib_a-vfprintf.o)
                              /home/lheywang/intelFPGA_lite/18.1/nios2eds/bin/gnu/H-x86_64-pc-linux-gnu/bin/../lib/gcc/nios2-elf/5.3.0/../../../../../H-x86_64-pc-linux-gnu/nios2-elf/lib/libsmallc.a(lib_a-printf.o) (___vfprintf_internal_r)
/home/lheywang/intelFPGA_lite/18.1/nios2eds/bin/gnu/H-x86_64-pc-linux-gnu/bin/../lib/gcc/nios2-elf/5.3.0/../../../../../H-x86_64-pc-linux-gnu/nios2-elf/lib/libsmallc.a(lib_a-fvwrite_small_dev.o)
                              /home/lheywang/intelFPGA_lite/18.1/nios2eds/bin/gnu/H-x86_64-pc-linux-gnu/bin/../lib/gcc/nios2-elf/5.3.0/../../../../../H-x86_64-pc-linux-gnu/nios2-elf/lib/libsmallc.a(lib_a-printf.o) (__sfvwrite_small_dev)
/home/lheywang/intelFPGA_lite/18.1/nios2eds/bin/gnu/H-x86_64-pc-linux-gnu/bin/../lib/gcc/nios2-elf/5.3.0/../../../../../H-x86_64-pc-linux-gnu/nios2-elf/lib/libsmallc.a(lib_a-fvwrite_small_str.o)
                              /home/lheywang/intelFPGA_lite/18.1/nios2eds/bin/gnu/H-x86_64-pc-linux-gnu/bin/../lib/gcc/nios2-elf/5.3.0/../../../../../H-x86_64-pc-linux-gnu/nios2-elf/lib/libsmallc.a(lib_a-sprintf.o) (__sfvwrite_small_str)
/home/lheywang/intelFPGA_lite/18.1/nios2eds/bin/gnu/H-x86_64-pc-linux-gnu/bin/../lib/gcc/nios2-elf/5.3.0/../../../../../H-x86_64-pc-linux-gnu/nios2-elf/lib/libsmallc.a(lib_a-impure.o)
                              /home/lheywang/intelFPGA_lite/18.1/nios2eds/bin/gnu/H-x86_64-pc-linux-gnu/bin/../lib/gcc/nios2-elf/5.3.0/../../../../../H-x86_64-pc-linux-gnu/nios2-elf/lib/libsmallc.a(lib_a-printf.o) (_impure_ptr)
/home/lheywang/intelFPGA_lite/18.1/nios2eds/bin/gnu/H-x86_64-pc-linux-gnu/bin/../lib/gcc/nios2-elf/5.3.0/../../../../../H-x86_64-pc-linux-gnu/nios2-elf/lib/libsmallc.a(lib_a-memmove.o)
                              /home/lheywang/intelFPGA_lite/18.1/nios2eds/bin/gnu/H-x86_64-pc-linux-gnu/bin/../lib/gcc/nios2-elf/5.3.0/../../../../../H-x86_64-pc-linux-gnu/nios2-elf/lib/libsmallc.a(lib_a-fvwrite_small_str.o) (memmove)
/home/lheywang/intelFPGA_lite/18.1/nios2eds/bin/gnu/H-x86_64-pc-linux-gnu/bin/../lib/gcc/nios2-elf/5.3.0/../../../../../H-x86_64-pc-linux-gnu/nios2-elf/lib/libsmallc.a(lib_a-writer.o)
                              /home/lheywang/intelFPGA_lite/18.1/nios2eds/bin/gnu/H-x86_64-pc-linux-gnu/bin/../lib/gcc/nios2-elf/5.3.0/../../../../../H-x86_64-pc-linux-gnu/nios2-elf/lib/libsmallc.a(lib_a-fvwrite_small_dev.o) (_write_r)
/home/lheywang/intelFPGA_lite/18.1/nios2eds/bin/gnu/H-x86_64-pc-linux-gnu/bin/../lib/gcc/nios2-elf/5.3.0/../../../../../H-x86_64-pc-linux-gnu/nios2-elf/lib/libsmallc.a(lib_a-int_errno.o)
                              /home/lheywang/intelFPGA_lite/18.1/nios2eds/bin/gnu/H-x86_64-pc-linux-gnu/bin/../lib/gcc/nios2-elf/5.3.0/../../../../../H-x86_64-pc-linux-gnu/nios2-elf/lib/libsmallc.a(lib_a-writer.o) (errno)
/home/lheywang/intelFPGA_lite/18.1/nios2eds/bin/gnu/H-x86_64-pc-linux-gnu/bin/../lib/gcc/nios2-elf/5.3.0/libgcc.a(lib2-divmod.o)
                              /home/lheywang/intelFPGA_lite/18.1/nios2eds/bin/gnu/H-x86_64-pc-linux-gnu/bin/../lib/gcc/nios2-elf/5.3.0/../../../../../H-x86_64-pc-linux-gnu/nios2-elf/lib/libsmallc.a(lib_a-svfprintf.o) (__udivsi3)
../project_soft_bsp//libhal_bsp.a(alt_iic.o)
[...]
Memory Configuration

Name             Origin             Length             Attributes
reset            0x0000000000020000 0x0000000000000020
MEMOIRE_ONCHIP   0x0000000000020020 0x000000000001dfe0
*default*        0x0000000000000000 0xffffffffffffffff

Linker script and memory map

LOAD ../project_soft_bsp//obj/HAL/src/crt0.o
LOAD obj/default/ISR/ISR.o
LOAD obj/default/ISR/timer1ms/timer1ms.o
LOAD obj/default/ISR/timer1s/timer1s.o
LOAD obj/default/buzzer/buzzer.o
LOAD obj/default/buzzer/songs/astronomia/astronomia.o
LOAD obj/default/buzzer/songs/baby-shark/baby-shark.o
LOAD obj/default/buzzer/songs/crazy-frog/crazy-frog.o
LOAD obj/default/buzzer/songs/elise/elise.o
LOAD obj/default/hex/hex.o
LOAD obj/default/init/init.o
LOAD obj/default/leds/leds.o
LOAD obj/default/main.o
LOAD obj/default/time/ptime.o
LOAD /home/lheywang/intelFPGA_lite/18.1/nios2eds/bin/gnu/H-x86_64-pc-linux-gnu/bin/../lib/gcc/nios2-elf/5.3.0/../../../../../H-x86_64-pc-linux-gnu/nios2-elf/lib/libstdc++.a
LOAD /home/lheywang/intelFPGA_lite/18.1/nios2eds/bin/gnu/H-x86_64-pc-linux-gnu/bin/../lib/gcc/nios2-elf/5.3.0/../../../../../H-x86_64-pc-linux-gnu/nios2-elf/lib/libm.a
LOAD /home/lheywang/intelFPGA_lite/18.1/nios2eds/bin/gnu/H-x86_64-pc-linux-gnu/bin/../lib/gcc/nios2-elf/5.3.0/libgcc.a
START GROUP
LOAD /home/lheywang/intelFPGA_lite/18.1/nios2eds/bin/gnu/H-x86_64-pc-linux-gnu/bin/../lib/gcc/nios2-elf/5.3.0/../../../../../H-x86_64-pc-linux-gnu/nios2-elf/lib/libsmallc.a
LOAD /home/lheywang/intelFPGA_lite/18.1/nios2eds/bin/gnu/H-x86_64-pc-linux-gnu/bin/../lib/gcc/nios2-elf/5.3.0/libgcc.a
LOAD ../project_soft_bsp//libhal_bsp.a
LOAD /home/lheywang/intelFPGA_lite/18.1/nios2eds/bin/gnu/H-x86_64-pc-linux-gnu/bin/../lib/gcc/nios2-elf/5.3.0/../../../../../H-x86_64-pc-linux-gnu/nios2-elf/lib/libm.a
END GROUP
LOAD /home/lheywang/intelFPGA_lite/18.1/nios2eds/bin/gnu/H-x86_64-pc-linux-gnu/bin/../lib/gcc/nios2-elf/5.3.0/libgcc.a
                0x0000000000020000                __alt_mem_MEMOIRE_ONCHIP = 0x20000

.entry          0x0000000000020000       0x20
 *(.entry)
 .entry         0x0000000000020000       0x20 ../project_soft_bsp//obj/HAL/src/crt0.o
                0x0000000000020000                __reset

.exceptions     0x0000000000020020      0x224
                0x0000000000020020                PROVIDE (__ram_exceptions_start, ABSOLUTE (.))
                0x0000000000020020                . = ALIGN (0x20)
 *(.irq)
 *(.exceptions.entry.label)
 .exceptions.entry.label
                0x0000000000020020        0x0 ../project_soft_bsp//libhal_bsp.a(alt_irq_entry.o)
                0x0000000000020020                alt_irq_entry
 .exceptions.entry.label
                0x0000000000020020        0x0 ../project_soft_bsp//libhal_bsp.a(alt_exception_entry.o)
                0x0000000000020020                alt_exception
 *(.exceptions.entry.user)
 *(.exceptions.entry.ecc_fatal)
 *(.exceptions.entry)
 .exceptions.entry
                0x0000000000020020       0x54 ../project_soft_bsp//libhal_bsp.a(alt_exception_entry.o)
 *(.exceptions.irqtest.user)
 *(.exceptions.irqtest)
 .exceptions.irqtest
                0x0000000000020074       0x10 ../project_soft_bsp//libhal_bsp.a(alt_irq_entry.o)
 *(.exceptions.irqhandler.user)
 *(.exceptions.irqhandler)
 .exceptions.irqhandler
                0x0000000000020084        0x4 ../project_soft_bsp//libhal_bsp.a(alt_irq_entry.o)
 *(.exceptions.irqreturn.user)
 *(.exceptions.irqreturn)
 .exceptions.irqreturn
                0x0000000000020088        0x4 ../project_soft_bsp//libhal_bsp.a(alt_irq_entry.o)
 *(.exceptions.notirq.label)
 .exceptions.notirq.label
                0x000000000002008c        0x0 ../project_soft_bsp//libhal_bsp.a(alt_irq_entry.o)
 *(.exceptions.notirq.user)
 *(.exceptions.notirq)
 .exceptions.notirq
                0x000000000002008c        0x8 ../project_soft_bsp//libhal_bsp.a(alt_exception_entry.o)
 *(.exceptions.soft.user)
 *(.exceptions.soft)
 *(.exceptions.unknown.user)
 *(.exceptions.unknown)
 .exceptions.unknown
                0x0000000000020094       0x14 ../project_soft_bsp//libhal_bsp.a(alt_exception_entry.o)
 *(.exceptions.exit.label)
 .exceptions.exit.label
                0x00000000000200a8        0x0 ../project_soft_bsp//libhal_bsp.a(alt_irq_entry.o)
 .exceptions.exit.label
                0x00000000000200a8        0x0 ../project_soft_bsp//libhal_bsp.a(alt_exception_entry.o)
 *(.exceptions.exit.user)
 *(.exceptions.exit)
 .exceptions.exit
                0x00000000000200a8       0x54 ../project_soft_bsp//libhal_bsp.a(alt_exception_entry.o)
 *(.exceptions)
 .exceptions    0x00000000000200fc       0xd4 ../project_soft_bsp//libhal_bsp.a(alt_irq_handler.o)
                0x00000000000200fc                alt_irq_handler
 .exceptions    0x00000000000201d0       0x74 ../project_soft_bsp//libhal_bsp.a(alt_instruction_exception_entry.o)
                0x00000000000201d0                alt_instruction_exception_entry
                0x0000000000020244                PROVIDE (__ram_exceptions_end, ABSOLUTE (.))
                0x0000000000020020                PROVIDE (__flash_exceptions_start, LOADADDR (.exceptions))

.text           0x0000000000020244     0x3898
                [!provide]                        PROVIDE (stext, ABSOLUTE (.))
 *(.interp)
 *(.hash)
 *(.dynsym)
 *(.dynstr)
 *(.gnu.version)
 *(.gnu.version_d)
 *(.gnu.version_r)
 *(.rel.init)
 *(.rela.init)
 *(.rel.text .rel.text.* .rel.gnu.linkonce.t.*)
 *(.rela.text .rela.text.* .rela.gnu.linkonce.t.*)
 *(.rel.fini)
 *(.rela.fini)
 *(.rel.rodata .rel.rodata.* .rel.gnu.linkonce.r.*)
 *(.rela.rodata .rela.rodata.* .rela.gnu.linkonce.r.*)
 *(.rel.data .rel.data.* .rel.gnu.linkonce.d.*)
 *(.rela.data .rela.data.* .rela.gnu.linkonce.d.*)
 *(.rel.tdata .rel.tdata.* .rel.gnu.linkonce.td.*)
 *(.rela.tdata .rela.tdata.* .rela.gnu.linkonce.td.*)
 *(.rel.tbss .rel.tbss.* .rel.gnu.linkonce.tb.*)
 *(.rela.tbss .rela.tbss.* .rela.gnu.linkonce.tb.*)
 *(.rel.ctors)
 *(.rela.ctors)
 *(.rel.dtors)
 *(.rela.dtors)
 *(.rel.got)
 *(.rela.got)
 *(.rel.sdata .rel.sdata.* .rel.gnu.linkonce.s.*)
 *(.rela.sdata .rela.sdata.* .rela.gnu.linkonce.s.*)
 *(.rel.sbss .rel.sbss.* .rel.gnu.linkonce.sb.*)
 *(.rela.sbss .rela.sbss.* .rela.gnu.linkonce.sb.*)
 *(.rel.sdata2 .rel.sdata2.* .rel.gnu.linkonce.s2.*)
 *(.rela.sdata2 .rela.sdata2.* .rela.gnu.linkonce.s2.*)
 *(.rel.sbss2 .rel.sbss2.* .rel.gnu.linkonce.sb2.*)
 *(.rela.sbss2 .rela.sbss2.* .rela.gnu.linkonce.sb2.*)
 *(.rel.bss .rel.bss.* .rel.gnu.linkonce.b.*)
 *(.rela.bss .rela.bss.* .rela.gnu.linkonce.b.*)
 *(.rel.plt)
 *(.rela.plt)
 *(.rel.dyn)
 *(.init)
 *(.plt)
 *(.text .stub .text.* .gnu.linkonce.t.*)
 .text          0x0000000000020244       0x3c ../project_soft_bsp//obj/HAL/src/crt0.o
                0x0000000000020244                _start
 .text          0x0000000000020280       0x90 obj/default/ISR/ISR.o
                0x0000000000020280                ISR_GetMutex
                0x0000000000020304                ISR_LeaveMutex
 .text          0x0000000000020310       0x94 obj/default/ISR/timer1ms/timer1ms.o
                0x0000000000020310                ISR_1MS
 .text          0x00000000000203a4       0x84 obj/default/ISR/timer1s/timer1s.o
                0x00000000000203a4                ISR_1S
 .text          0x0000000000020428      0x2e8 obj/default/buzzer/buzzer.o
                0x0000000000020428                buzzer_enable
                0x000000000002044c                buzzer_disable
                0x0000000000020468                buzzer_set_note
                0x0000000000020490                buzzer_set_volume
                0x00000000000204d0                buzzer_set_duration
                0x0000000000020510                buzzer_play
                0x0000000000020614                buzzer_play_song
                0x00000000000206ec                buzzer_stop_song
 .text          0x0000000000020710        0x0 obj/default/buzzer/songs/astronomia/astronomia.o
 .text          0x0000000000020710        0x0 obj/default/buzzer/songs/baby-shark/baby-shark.o
 .text          0x0000000000020710        0x0 obj/default/buzzer/songs/crazy-frog/crazy-frog.o
 .text          0x0000000000020710        0x0 obj/default/buzzer/songs/elise/elise.o
 .text          0x0000000000020710      0x400 obj/default/hex/hex.o
                0x0000000000020710                char27seg
                0x0000000000020958                hex_display
 .text          0x0000000000020b10       0xf8 obj/default/init/init.o
                0x0000000000020b10                init_timer1s
                0x0000000000020b60                init_timer1ms
                0x0000000000020bb0                init_ISR_Ctx
 .text          0x0000000000020c08       0x50 obj/default/leds/leds.o
                0x0000000000020c08                leds_SetLed
 .text          0x0000000000020c58      0x130 obj/default/main.o
                0x0000000000020c58                main
 .text          0x0000000000020d88      0x194 obj/default/time/ptime.o
                0x0000000000020d88                time_increment
                0x0000000000020df4                time_print
                0x0000000000020eac                time_compare
 .text          0x0000000000020f1c        0x0 /home/lheywang/intelFPGA_lite/18.1/nios2eds/bin/gnu/H-x86_64-pc-linux-gnu/bin/../lib/gcc/nios2-elf/5.3.0/../../../../../H-x86_64-pc-linux-gnu/nios2-elf/lib/libsmallc.a(lib_a-printf.o)
 .text._printf_r
                0x0000000000020f1c       0x3c /home/lheywang/intelFPGA_lite/18.1/nios2eds/bin/gnu/H-x86_64-pc-linux-gnu/bin/../lib/gcc/nios2-elf/5.3.0/../../../../../H-x86_64-pc-linux-gnu/nios2-elf/lib/libsmallc.a(lib_a-printf.o)
                0x0000000000020f1c                _printf_r
 .text.printf   0x0000000000020f58       0x4c /home/lheywang/intelFPGA_lite/18.1/nios2eds/bin/gnu/H-x86_64-pc-linux-gnu/bin/../lib/gcc/nios2-elf/5.3.0/../../../../../H-x86_64-pc-linux-gnu/nios2-elf/lib/libsmallc.a(lib_a-printf.o)
                0x0000000000020f58                printf
 .text          0x0000000000020fa4        0x0 /home/lheywang/intelFPGA_lite/18.1/nios2eds/bin/gnu/H-x86_64-pc-linux-gnu/bin/../lib/gcc/nios2-elf/5.3.0/../../../../../H-x86_64-pc-linux-gnu/nios2-elf/lib/libsmallc.a(lib_a-puts.o)
 .text._puts_r  0x0000000000020fa4       0x80 /home/lheywang/intelFPGA_lite/18.1/nios2eds/bin/gnu/H-x86_64-pc-linux-gnu/bin/../lib/gcc/nios2-elf/5.3.0/../../../../../H-x86_64-pc-linux-gnu/nios2-elf/lib/libsmallc.a(lib_a-puts.o)
                0x0000000000020fa4                _puts_r
 .text.puts     0x0000000000021024       0x14 /home/lheywang/intelFPGA_lite/18.1/nios2eds/bin/gnu/H-x86_64-pc-linux-gnu/bin/../lib/gcc/nios2-elf/5.3.0/../../../../../H-x86_64-pc-linux-gnu/nios2-elf/lib/libsmallc.a(lib_a-puts.o)
                0x0000000000021024                puts
 .text          0x0000000000021038        0x0 /home/lheywang/intelFPGA_lite/18.1/nios2eds/bin/gnu/H-x86_64-pc-linux-gnu/bin/../lib/gcc/nios2-elf/5.3.0/../../../../../H-x86_64-pc-linux-gnu/nios2-elf/lib/libsmallc.a(lib_a-sprintf.o)
 .text._sprintf_r
                0x0000000000021038       0x64 /home/lheywang/intelFPGA_lite/18.1/nios2eds/bin/gnu/H-x86_64-pc-linux-gnu/bin/../lib/gcc/nios2-elf/5.3.0/../../../../../H-x86_64-pc-linux-gnu/nios2-elf/lib/libsmallc.a(lib_a-sprintf.o)
                0x0000000000021038                _sprintf_r
 .text.sprintf  0x000000000002109c       0x78 /home/lheywang/intelFPGA_lite/18.1/nios2eds/bin/gnu/H-x86_64-pc-linux-gnu/bin/../lib/gcc/nios2-elf/5.3.0/../../../../../H-x86_64-pc-linux-gnu/nios2-elf/lib/libsmallc.a(lib_a-sprintf.o)
                0x000000000002109c                sprintf
 .text          0x0000000000021114        0x0 /home/lheywang/intelFPGA_lite/18.1/nios2eds/bin/gnu/H-x86_64-pc-linux-gnu/bin/../lib/gcc/nios2-elf/5.3.0/../../../../../H-x86_64-pc-linux-gnu/nios2-elf/lib/libsmallc.a(lib_a-strlen.o)
 .text.strlen   0x0000000000021114       0x1c /home/lheywang/intelFPGA_lite/18.1/nios2eds/bin/gnu/H-x86_64-pc-linux-gnu/bin/../lib/gcc/nios2-elf/5.3.0/../../../../../H-x86_64-pc-linux-gnu/nios2-elf/lib/libsmallc.a(lib_a-strlen.o)
                0x0000000000021114                strlen
 .text          0x0000000000021130        0x0 /home/lheywang/intelFPGA_lite/18.1/nios2eds/bin/gnu/H-x86_64-pc-linux-gnu/bin/../lib/gcc/nios2-elf/5.3.0/../../../../../H-x86_64-pc-linux-gnu/nios2-elf/lib/libsmallc.a(lib_a-svfprintf.o)
 .text.print_repeat
                0x0000000000021130       0x6c /home/lheywang/intelFPGA_lite/18.1/nios2eds/bin/gnu/H-x86_64-pc-linux-gnu/bin/../lib/gcc/nios2-elf/5.3.0/../../../../../H-x86_64-pc-linux-gnu/nios2-elf/lib/libsmallc.a(lib_a-svfprintf.o)
 .text.___svfprintf_internal_r
                0x000000000002119c      0x524 /home/lheywang/intelFPGA_lite/18.1/nios2eds/bin/gnu/H-x86_64-pc-linux-gnu/bin/../lib/gcc/nios2-elf/5.3.0/../../../../../H-x86_64-pc-linux-gnu/nios2-elf/lib/libsmallc.a(lib_a-svfprintf.o)
                0x000000000002119c                ___svfprintf_internal_r
 .text.__vfprintf_internal_unused
                0x00000000000216c0       0x1c /home/lheywang/intelFPGA_lite/18.1/nios2eds/bin/gnu/H-x86_64-pc-linux-gnu/bin/../lib/gcc/nios2-elf/5.3.0/../../../../../H-x86_64-pc-linux-gnu/nios2-elf/lib/libsmallc.a(lib_a-svfprintf.o)
                0x00000000000216c0                __vfprintf_internal_unused
 .text          0x00000000000216dc        0x0 /home/lheywang/intelFPGA_lite/18.1/nios2eds/bin/gnu/H-x86_64-pc-linux-gnu/bin/../lib/gcc/nios2-elf/5.3.0/../../../../../H-x86_64-pc-linux-gnu/nios2-elf/lib/libsmallc.a(lib_a-vfprintf.o)
 .text.print_repeat
                0x00000000000216dc       0x6c /home/lheywang/intelFPGA_lite/18.1/nios2eds/bin/gnu/H-x86_64-pc-linux-gnu/bin/../lib/gcc/nios2-elf/5.3.0/../../../../../H-x86_64-pc-linux-gnu/nios2-elf/lib/libsmallc.a(lib_a-vfprintf.o)
 .text.___vfprintf_internal_r
                0x0000000000021748      0x524 /home/lheywang/intelFPGA_lite/18.1/nios2eds/bin/gnu/H-x86_64-pc-linux-gnu/bin/../lib/gcc/nios2-elf/5.3.0/../../../../../H-x86_64-pc-linux-gnu/nios2-elf/lib/libsmallc.a(lib_a-vfprintf.o)
                0x0000000000021748                ___vfprintf_internal_r
 .text.__vfprintf_internal
                0x0000000000021c6c       0x1c /home/lheywang/intelFPGA_lite/18.1/nios2eds/bin/gnu/H-x86_64-pc-linux-gnu/bin/../lib/gcc/nios2-elf/5.3.0/../../../../../H-x86_64-pc-linux-gnu/nios2-elf/lib/libsmallc.a(lib_a-vfprintf.o)
                0x0000000000021c6c                __vfprintf_internal
 .text          0x0000000000021c88        0x0 /home/lheywang/intelFPGA_lite/18.1/nios2eds/bin/gnu/H-x86_64-pc-linux-gnu/bin/../lib/gcc/nios2-elf/5.3.0/../../../../../H-x86_64-pc-linux-gnu/nios2-elf/lib/libsmallc.a(lib_a-fvwrite_small_dev.o)
 .text.__sfvwrite_small_dev
                0x0000000000021c88       0xb8 /home/lheywang/intelFPGA_lite/18.1/nios2eds/bin/gnu/H-x86_64-pc-linux-gnu/bin/../lib/gcc/nios2-elf/5.3.0/../../../../../H-x86_64-pc-linux-gnu/nios2-elf/lib/libsmallc.a(lib_a-fvwrite_small_dev.o)
                0x0000000000021c88                __sfvwrite_small_dev
 .text          0x0000000000021d40        0x0 /home/lheywang/intelFPGA_lite/18.1/nios2eds/bin/gnu/H-x86_64-pc-linux-gnu/bin/../lib/gcc/nios2-elf/5.3.0/../../../../../H-x86_64-pc-linux-gnu/nios2-elf/lib/libsmallc.a(lib_a-fvwrite_small_str.o)
 .text.__sfvwrite_small_str
                0x0000000000021d40       0xa8 /home/lheywang/intelFPGA_lite/18.1/nios2eds/bin/gnu/H-x86_64-pc-linux-gnu/bin/../lib/gcc/nios2-elf/5.3.0/../../../../../H-x86_64-pc-linux-gnu/nios2-elf/lib/libsmallc.a(lib_a-fvwrite_small_str.o)
                0x0000000000021d40                __sfvwrite_small_str
 .text          0x0000000000021de8        0x0 /home/lheywang/intelFPGA_lite/18.1/nios2eds/bin/gnu/H-x86_64-pc-linux-gnu/bin/../lib/gcc/nios2-elf/5.3.0/../../../../../H-x86_64-pc-linux-gnu/nios2-elf/lib/libsmallc.a(lib_a-impure.o)
 .text          0x0000000000021de8        0x0 /home/lheywang/intelFPGA_lite/18.1/nios2eds/bin/gnu/H-x86_64-pc-linux-gnu/bin/../lib/gcc/nios2-elf/5.3.0/../../../../../H-x86_64-pc-linux-gnu/nios2-elf/lib/libsmallc.a(lib_a-memmove.o)
 .text.memmove  0x0000000000021de8       0x60 /home/lheywang/intelFPGA_lite/18.1/nios2eds/bin/gnu/H-x86_64-pc-linux-gnu/bin/../lib/gcc/nios2-elf/5.3.0/../../../../../H-x86_64-pc-linux-gnu/nios2-elf/lib/libsmallc.a(lib_a-memmove.o)
                0x0000000000021de8                memmove
 .text          0x0000000000021e48        0x0 /home/lheywang/intelFPGA_lite/18.1/nios2eds/bin/gnu/H-x86_64-pc-linux-gnu/bin/../lib/gcc/nios2-elf/5.3.0/../../../../../H-x86_64-pc-linux-gnu/nios2-elf/lib/libsmallc.a(lib_a-writer.o)
 .text._write_r
                0x0000000000021e48       0x58 /home/lheywang/intelFPGA_lite/18.1/nios2eds/bin/gnu/H-x86_64-pc-linux-gnu/bin/../lib/gcc/nios2-elf/5.3.0/../../../../../H-x86_64-pc-linux-gnu/nios2-elf/lib/libsmallc.a(lib_a-writer.o)
                0x0000000000021e48                _write_r
 .text          0x0000000000021ea0        0x0 /home/lheywang/intelFPGA_lite/18.1/nios2eds/bin/gnu/H-x86_64-pc-linux-gnu/bin/../lib/gcc/nios2-elf/5.3.0/../../../../../H-x86_64-pc-linux-gnu/nios2-elf/lib/libsmallc.a(lib_a-int_errno.o)
 .text          0x0000000000021ea0      0x1b4 /home/lheywang/intelFPGA_lite/18.1/nios2eds/bin/gnu/H-x86_64-pc-linux-gnu/bin/../lib/gcc/nios2-elf/5.3.0/libgcc.a(lib2-divmod.o)
                0x0000000000021ea0                __divsi3
                0x0000000000021f24                __modsi3
                0x0000000000021f98                __udivsi3
                0x0000000000021ffc                __umodsi3
 .text          0x0000000000022054      0x1b0 ../project_soft_bsp//libhal_bsp.a(alt_iic.o)
                0x0000000000022054                alt_ic_isr_register
                0x00000000000220a4                alt_ic_irq_enable
                0x000000000002212c                alt_ic_irq_disable
                0x00000000000221b8                alt_ic_irq_enabled
 .text          0x0000000000022204       0xf0 ../project_soft_bsp//libhal_bsp.a(alt_iic_isr_register.o)
                0x0000000000022204                alt_iic_isr_register
 .text          0x00000000000222f4        0x0 ../project_soft_bsp//libhal_bsp.a(alt_irq_entry.o)
 .text          0x00000000000222f4        0x0 ../project_soft_bsp//libhal_bsp.a(alt_irq_handler.o)
 .text          0x00000000000222f4        0x0 ../project_soft_bsp//libhal_bsp.a(alt_irq_vars.o)
 .text          0x00000000000222f4       0xec ../project_soft_bsp//libhal_bsp.a(alt_load.o)
                0x000000000002235c                alt_load
 .text          0x00000000000223e0       0x7c ../project_soft_bsp//libhal_bsp.a(alt_main.o)
                0x00000000000223e0                alt_main
 .text          0x000000000002245c       0x30 ../project_soft_bsp//libhal_bsp.a(alt_usleep.o)
                0x000000000002245c                usleep
 .text          0x000000000002248c      0x134 ../project_soft_bsp//libhal_bsp.a(alt_write.o)
                0x00000000000224c8                write
 .text          0x00000000000225c0       0xbc ../project_soft_bsp//libhal_bsp.a(alt_sys_init.o)
                0x00000000000225f4                alt_irq_init
                0x000000000002262c                alt_sys_init
 .text          0x000000000002267c       0xc0 ../project_soft_bsp//libhal_bsp.a(altera_avalon_jtag_uart_fd.o)
                0x000000000002267c                altera_avalon_jtag_uart_read_fd
                0x00000000000226dc                altera_avalon_jtag_uart_write_fd
 .text          0x000000000002273c       0xec ../project_soft_bsp//libhal_bsp.a(altera_avalon_jtag_uart_read.o)
                0x000000000002273c                altera_avalon_jtag_uart_read
 .text          0x0000000000022828       0x94 ../project_soft_bsp//libhal_bsp.a(altera_avalon_jtag_uart_write.o)
                0x0000000000022828                altera_avalon_jtag_uart_write
 .text          0x00000000000228bc       0xf4 ../project_soft_bsp//libhal_bsp.a(altera_avalon_timer_sc.o)
                0x0000000000022934                alt_avalon_timer_sc_init
 .text          0x00000000000229b0      0x158 ../project_soft_bsp//libhal_bsp.a(alt_busy_sleep.o)
                0x00000000000229b0                alt_busy_sleep
 .text          0x0000000000022b08      0x10c ../project_soft_bsp//libhal_bsp.a(alt_close.o)
                0x0000000000022b44                close
 .text          0x0000000000022c14       0x20 ../project_soft_bsp//libhal_bsp.a(alt_dcache_flush_all.o)
                0x0000000000022c14                alt_dcache_flush_all
 .text          0x0000000000022c34       0x2c ../project_soft_bsp//libhal_bsp.a(alt_dev.o)
 .text          0x0000000000022c60       0xe0 ../project_soft_bsp//libhal_bsp.a(alt_dev_llist_insert.o)
                0x0000000000022c9c                alt_dev_llist_insert
 .text          0x0000000000022d40       0x60 ../project_soft_bsp//libhal_bsp.a(alt_do_ctors.o)
                0x0000000000022d40                _do_ctors
 .text          0x0000000000022da0       0x60 ../project_soft_bsp//libhal_bsp.a(alt_do_dtors.o)
                0x0000000000022da0                _do_dtors
 .text          0x0000000000022e00        0x0 ../project_soft_bsp//libhal_bsp.a(alt_errno.o)
 .text          0x0000000000022e00        0x0 ../project_soft_bsp//libhal_bsp.a(alt_exception_entry.o)
 .text          0x0000000000022e00       0x34 ../project_soft_bsp//libhal_bsp.a(alt_icache_flush_all.o)
                0x0000000000022e00                alt_icache_flush_all
 .text          0x0000000000022e34       0x9c ../project_soft_bsp//libhal_bsp.a(alt_instruction_exception_entry.o)
                0x0000000000022e34                alt_exception_cause_generated_bad_addr
 .text          0x0000000000022ed0      0x140 ../project_soft_bsp//libhal_bsp.a(alt_io_redirect.o)
                0x0000000000022f94                alt_io_redirect
 .text          0x0000000000023010      0x254 ../project_soft_bsp//libhal_bsp.a(alt_open.o)
                0x0000000000023110                open
 .text          0x0000000000023264       0x64 ../project_soft_bsp//libhal_bsp.a(alt_release_fd.o)
                0x0000000000023264                alt_release_fd
 .text          0x00000000000232c8      0x1a4 ../project_soft_bsp//libhal_bsp.a(alt_tick.o)
                0x00000000000232c8                alt_alarm_stop
                0x0000000000023364                alt_tick
 .text          0x000000000002346c       0x24 ../project_soft_bsp//libhal_bsp.a(altera_nios2_gen2_irq.o)
                0x000000000002346c                altera_nios2_gen2_irq_init
 .text          0x0000000000023490       0x90 ../project_soft_bsp//libhal_bsp.a(alt_find_dev.o)
                0x0000000000023490                alt_find_dev
 .text          0x0000000000023520      0x108 ../project_soft_bsp//libhal_bsp.a(alt_find_file.o)
                0x0000000000023520                alt_find_file
 .text          0x0000000000023628       0xa4 ../project_soft_bsp//libhal_bsp.a(alt_get_fd.o)
                0x0000000000023628                alt_get_fd
 .text          0x00000000000236cc       0x90 ../project_soft_bsp//libhal_bsp.a(alt_icache_flush.o)
                0x00000000000236cc                alt_icache_flush
 .text          0x000000000002375c        0x0 /home/lheywang/intelFPGA_lite/18.1/nios2eds/bin/gnu/H-x86_64-pc-linux-gnu/bin/../lib/gcc/nios2-elf/5.3.0/../../../../../H-x86_64-pc-linux-gnu/nios2-elf/lib/libsmallc.a(lib_a-atexit.o)
 .text.atexit   0x000000000002375c       0x14 /home/lheywang/intelFPGA_lite/18.1/nios2eds/bin/gnu/H-x86_64-pc-linux-gnu/bin/../lib/gcc/nios2-elf/5.3.0/../../../../../H-x86_64-pc-linux-gnu/nios2-elf/lib/libsmallc.a(lib_a-atexit.o)
                0x000000000002375c                atexit
 .text          0x0000000000023770        0x0 /home/lheywang/intelFPGA_lite/18.1/nios2eds/bin/gnu/H-x86_64-pc-linux-gnu/bin/../lib/gcc/nios2-elf/5.3.0/../../../../../H-x86_64-pc-linux-gnu/nios2-elf/lib/libsmallc.a(lib_a-exit.o)
 .text.exit     0x0000000000023770       0x20 /home/lheywang/intelFPGA_lite/18.1/nios2eds/bin/gnu/H-x86_64-pc-linux-gnu/bin/../lib/gcc/nios2-elf/5.3.0/../../../../../H-x86_64-pc-linux-gnu/nios2-elf/lib/libsmallc.a(lib_a-exit.o)
                0x0000000000023770                exit
 .text          0x0000000000023790        0x0 /home/lheywang/intelFPGA_lite/18.1/nios2eds/bin/gnu/H-x86_64-pc-linux-gnu/bin/../lib/gcc/nios2-elf/5.3.0/../../../../../H-x86_64-pc-linux-gnu/nios2-elf/lib/libsmallc.a(lib_a-memcmp.o)
 .text.memcmp   0x0000000000023790       0x30 /home/lheywang/intelFPGA_lite/18.1/nios2eds/bin/gnu/H-x86_64-pc-linux-gnu/bin/../lib/gcc/nios2-elf/5.3.0/../../../../../H-x86_64-pc-linux-gnu/nios2-elf/lib/libsmallc.a(lib_a-memcmp.o)
                0x0000000000023790                memcmp
 .text          0x00000000000237c0        0x0 /home/lheywang/intelFPGA_lite/18.1/nios2eds/bin/gnu/H-x86_64-pc-linux-gnu/bin/../lib/gcc/nios2-elf/5.3.0/../../../../../H-x86_64-pc-linux-gnu/nios2-elf/lib/libsmallc.a(lib_a-__atexit.o)
 .text.__register_exitproc
                0x00000000000237c0      0x158 /home/lheywang/intelFPGA_lite/18.1/nios2eds/bin/gnu/H-x86_64-pc-linux-gnu/bin/../lib/gcc/nios2-elf/5.3.0/../../../../../H-x86_64-pc-linux-gnu/nios2-elf/lib/libsmallc.a(lib_a-__atexit.o)
                0x00000000000237c0                __register_exitproc
 .text          0x0000000000023918        0x0 /home/lheywang/intelFPGA_lite/18.1/nios2eds/bin/gnu/H-x86_64-pc-linux-gnu/bin/../lib/gcc/nios2-elf/5.3.0/../../../../../H-x86_64-pc-linux-gnu/nios2-elf/lib/libsmallc.a(lib_a-__call_atexit.o)
 .text.__call_exitprocs
                0x0000000000023918      0x190 /home/lheywang/intelFPGA_lite/18.1/nios2eds/bin/gnu/H-x86_64-pc-linux-gnu/bin/../lib/gcc/nios2-elf/5.3.0/../../../../../H-x86_64-pc-linux-gnu/nios2-elf/lib/libsmallc.a(lib_a-__call_atexit.o)
                0x0000000000023918                __call_exitprocs
 .text          0x0000000000023aa8       0x34 ../project_soft_bsp//libhal_bsp.a(alt_exit.o)
                0x0000000000023aa8                _exit
 *(.gnu.warning.*)
 *(.fini)
                [!provide]                        PROVIDE (__etext, ABSOLUTE (.))
                [!provide]                        PROVIDE (_etext, ABSOLUTE (.))
                [!provide]                        PROVIDE (etext, ABSOLUTE (.))
 *(.eh_frame_hdr)
                0x0000000000023adc                . = ALIGN (0x4)
                [!provide]                        PROVIDE (__preinit_array_start, ABSOLUTE (.))
 *(.preinit_array)
                [!provide]                        PROVIDE (__preinit_array_end, ABSOLUTE (.))
                [!provide]                        PROVIDE (__init_array_start, ABSOLUTE (.))
 *(.init_array)
                [!provide]                        PROVIDE (__init_array_end, ABSOLUTE (.))
                [!provide]                        PROVIDE (__fini_array_start, ABSOLUTE (.))
 *(.fini_array)
                [!provide]                        PROVIDE (__fini_array_end, ABSOLUTE (.))
 *(.eh_frame)
 *(.gcc_except_table .gcc_except_table.*)
 *(.dynamic)
                0x0000000000023adc                PROVIDE (__CTOR_LIST__, ABSOLUTE (.))
 *(.ctors)
 *(SORT(.ctors.*))
                0x0000000000023adc                PROVIDE (__CTOR_END__, ABSOLUTE (.))
                0x0000000000023adc                PROVIDE (__DTOR_LIST__, ABSOLUTE (.))
 *(.dtors)
 *(SORT(.dtors.*))
                0x0000000000023adc                PROVIDE (__DTOR_END__, ABSOLUTE (.))
 *(.jcr)
                0x0000000000023adc                . = ALIGN (0x4)

.rodata         0x0000000000023adc       0xe0
                0x0000000000023adc                PROVIDE (__ram_rodata_start, ABSOLUTE (.))
                0x0000000000023adc                . = ALIGN (0x4)
 *(.rodata .rodata.* .gnu.linkonce.r.*)
 .rodata        0x0000000000023adc       0x58 obj/default/hex/hex.o
 .rodata.str1.4
                0x0000000000023b34       0x42 obj/default/main.o
 *fill*         0x0000000000023b76        0x2 
 .rodata.str1.4
                0x0000000000023b78       0x10 obj/default/time/ptime.o
                                          0xd (size before relaxing)
 .rodata.str1.4
                0x0000000000023b88        0x2 /home/lheywang/intelFPGA_lite/18.1/nios2eds/bin/gnu/H-x86_64-pc-linux-gnu/bin/../lib/gcc/nios2-elf/5.3.0/../../../../../H-x86_64-pc-linux-gnu/nios2-elf/lib/libsmallc.a(lib_a-puts.o)
 .rodata        0x0000000000023b88       0x11 ../project_soft_bsp//libhal_bsp.a(alt_main.o)
 *fill*         0x0000000000023b99        0x3 
 .rodata        0x0000000000023b9c       0x11 ../project_soft_bsp//libhal_bsp.a(alt_sys_init.o)
 *fill*         0x0000000000023bad        0x3 
 .rodata        0x0000000000023bb0        0xa ../project_soft_bsp//libhal_bsp.a(alt_dev.o)
 *(.rodata1)
                0x0000000000023bbc                . = ALIGN (0x4)
 *fill*         0x0000000000023bba        0x2 
                0x0000000000023bbc                PROVIDE (__ram_rodata_end, ABSOLUTE (.))
                0x0000000000023adc                PROVIDE (__flash_rodata_start, LOADADDR (.rodata))

.rwdata         0x0000000000023bbc      0xe08 load address 0x00000000000249c4
                0x0000000000023bbc                PROVIDE (__ram_rwdata_start, ABSOLUTE (.))
                0x0000000000023bbc                . = ALIGN (0x4)
 *(.got.plt)
 *(.got)
 *(.data1)
 *(.data .data.* .gnu.linkonce.d.*)
 .data          0x0000000000023bbc        0x0 ../project_soft_bsp//obj/HAL/src/crt0.o
 .data          0x0000000000023bbc        0x0 obj/default/ISR/ISR.o
 .data          0x0000000000023bbc        0x0 obj/default/ISR/timer1ms/timer1ms.o
 .data          0x0000000000023bbc        0x0 obj/default/ISR/timer1s/timer1s.o
 .data          0x0000000000023bbc        0x0 obj/default/buzzer/buzzer.o
 .data          0x0000000000023bbc      0x260 obj/default/buzzer/songs/astronomia/astronomia.o
                0x0000000000023bbc                Astronomia
                0x0000000000023be4                astronomia_data
 .data          0x0000000000023e1c      0x410 obj/default/buzzer/songs/baby-shark/baby-shark.o
                0x0000000000023e1c                BabyShark
                0x0000000000023e44                baby_shark_data
 .data          0x000000000002422c       0xfc obj/default/buzzer/songs/crazy-frog/crazy-frog.o
                0x000000000002422c                CrazyFrog
                0x0000000000024254                crazy_frog_data
 .data          0x0000000000024328      0x3bc obj/default/buzzer/songs/elise/elise.o
                0x0000000000024328                Elise
                0x0000000000024350                elise_data
 .data          0x00000000000246e4        0x0 obj/default/hex/hex.o
 .data          0x00000000000246e4        0x0 obj/default/init/init.o
 .data          0x00000000000246e4        0x0 obj/default/leds/leds.o
 .data          0x00000000000246e4        0x0 obj/default/main.o
 .data          0x00000000000246e4        0x0 obj/default/time/ptime.o
 .data          0x00000000000246e4        0x0 /home/lheywang/intelFPGA_lite/18.1/nios2eds/bin/gnu/H-x86_64-pc-linux-gnu/bin/../lib/gcc/nios2-elf/5.3.0/../../../../../H-x86_64-pc-linux-gnu/nios2-elf/lib/libsmallc.a(lib_a-printf.o)
 .data          0x00000000000246e4        0x0 /home/lheywang/intelFPGA_lite/18.1/nios2eds/bin/gnu/H-x86_64-pc-linux-gnu/bin/../lib/gcc/nios2-elf/5.3.0/../../../../../H-x86_64-pc-linux-gnu/nios2-elf/lib/libsmallc.a(lib_a-puts.o)
 .data          0x00000000000246e4        0x0 /home/lheywang/intelFPGA_lite/18.1/nios2eds/bin/gnu/H-x86_64-pc-linux-gnu/bin/../lib/gcc/nios2-elf/5.3.0/../../../../../H-x86_64-pc-linux-gnu/nios2-elf/lib/libsmallc.a(lib_a-sprintf.o)
 .data          0x00000000000246e4        0x0 /home/lheywang/intelFPGA_lite/18.1/nios2eds/bin/gnu/H-x86_64-pc-linux-gnu/bin/../lib/gcc/nios2-elf/5.3.0/../../../../../H-x86_64-pc-linux-gnu/nios2-elf/lib/libsmallc.a(lib_a-strlen.o)
 .data          0x00000000000246e4        0x0 /home/lheywang/intelFPGA_lite/18.1/nios2eds/bin/gnu/H-x86_64-pc-linux-gnu/bin/../lib/gcc/nios2-elf/5.3.0/../../../../../H-x86_64-pc-linux-gnu/nios2-elf/lib/libsmallc.a(lib_a-svfprintf.o)
 .data          0x00000000000246e4        0x0 /home/lheywang/intelFPGA_lite/18.1/nios2eds/bin/gnu/H-x86_64-pc-linux-gnu/bin/../lib/gcc/nios2-elf/5.3.0/../../../../../H-x86_64-pc-linux-gnu/nios2-elf/lib/libsmallc.a(lib_a-vfprintf.o)
 .data          0x00000000000246e4        0x0 /home/lheywang/intelFPGA_lite/18.1/nios2eds/bin/gnu/H-x86_64-pc-linux-gnu/bin/../lib/gcc/nios2-elf/5.3.0/../../../../../H-x86_64-pc-linux-gnu/nios2-elf/lib/libsmallc.a(lib_a-fvwrite_small_dev.o)
 .data          0x00000000000246e4        0x0 /home/lheywang/intelFPGA_lite/18.1/nios2eds/bin/gnu/H-x86_64-pc-linux-gnu/bin/../lib/gcc/nios2-elf/5.3.0/../../../../../H-x86_64-pc-linux-gnu/nios2-elf/lib/libsmallc.a(lib_a-fvwrite_small_str.o)
 .data          0x00000000000246e4        0x0 /home/lheywang/intelFPGA_lite/18.1/nios2eds/bin/gnu/H-x86_64-pc-linux-gnu/bin/../lib/gcc/nios2-elf/5.3.0/../../../../../H-x86_64-pc-linux-gnu/nios2-elf/lib/libsmallc.a(lib_a-impure.o)
 .data.impure_data
                0x00000000000246e4       0xe0 /home/lheywang/intelFPGA_lite/18.1/nios2eds/bin/gnu/H-x86_64-pc-linux-gnu/bin/../lib/gcc/nios2-elf/5.3.0/../../../../../H-x86_64-pc-linux-gnu/nios2-elf/lib/libsmallc.a(lib_a-impure.o)
 .data          0x00000000000247c4        0x0 /home/lheywang/intelFPGA_lite/18.1/nios2eds/bin/gnu/H-x86_64-pc-linux-gnu/bin/../lib/gcc/nios2-elf/5.3.0/../../../../../H-x86_64-pc-linux-gnu/nios2-elf/lib/libsmallc.a(lib_a-memmove.o)
 .data          0x00000000000247c4        0x0 /home/lheywang/intelFPGA_lite/18.1/nios2eds/bin/gnu/H-x86_64-pc-linux-gnu/bin/../lib/gcc/nios2-elf/5.3.0/../../../../../H-x86_64-pc-linux-gnu/nios2-elf/lib/libsmallc.a(lib_a-writer.o)
 .data          0x00000000000247c4        0x0 /home/lheywang/intelFPGA_lite/18.1/nios2eds/bin/gnu/H-x86_64-pc-linux-gnu/bin/../lib/gcc/nios2-elf/5.3.0/../../../../../H-x86_64-pc-linux-gnu/nios2-elf/lib/libsmallc.a(lib_a-int_errno.o)
 .data          0x00000000000247c4        0x0 /home/lheywang/intelFPGA_lite/18.1/nios2eds/bin/gnu/H-x86_64-pc-linux-gnu/bin/../lib/gcc/nios2-elf/5.3.0/libgcc.a(lib2-divmod.o)
 .data          0x00000000000247c4        0x0 ../project_soft_bsp//libhal_bsp.a(alt_iic.o)
 .data          0x00000000000247c4        0x0 ../project_soft_bsp//libhal_bsp.a(alt_iic_isr_register.o)
 .data          0x00000000000247c4        0x0 ../project_soft_bsp//libhal_bsp.a(alt_irq_entry.o)
 .data          0x00000000000247c4        0x0 ../project_soft_bsp//libhal_bsp.a(alt_irq_handler.o)
 .data          0x00000000000247c4        0x0 ../project_soft_bsp//libhal_bsp.a(alt_irq_vars.o)
 .data          0x00000000000247c4        0x0 ../project_soft_bsp//libhal_bsp.a(alt_load.o)
 .data          0x00000000000247c4        0x0 ../project_soft_bsp//libhal_bsp.a(alt_main.o)
 .data          0x00000000000247c4        0x0 ../project_soft_bsp//libhal_bsp.a(alt_usleep.o)
 .data          0x00000000000247c4        0x0 ../project_soft_bsp//libhal_bsp.a(alt_write.o)
 .data          0x00000000000247c4       0x2c ../project_soft_bsp//libhal_bsp.a(alt_sys_init.o)
 .data          0x00000000000247f0        0x0 ../project_soft_bsp//libhal_bsp.a(altera_avalon_jtag_uart_fd.o)
 .data          0x00000000000247f0        0x0 ../project_soft_bsp//libhal_bsp.a(altera_avalon_jtag_uart_read.o)
 .data          0x00000000000247f0        0x0 ../project_soft_bsp//libhal_bsp.a(altera_avalon_jtag_uart_write.o)
 .data          0x00000000000247f0        0x0 ../project_soft_bsp//libhal_bsp.a(altera_avalon_timer_sc.o)
 .data          0x00000000000247f0        0x0 ../project_soft_bsp//libhal_bsp.a(alt_busy_sleep.o)
 .data          0x00000000000247f0        0x0 ../project_soft_bsp//libhal_bsp.a(alt_close.o)
 .data          0x00000000000247f0        0x0 ../project_soft_bsp//libhal_bsp.a(alt_dcache_flush_all.o)
 .data          0x00000000000247f0      0x1a8 ../project_soft_bsp//libhal_bsp.a(alt_dev.o)
                0x00000000000247f0                alt_dev_null
                0x0000000000024818                alt_fd_list
 .data          0x0000000000024998        0x0 ../project_soft_bsp//libhal_bsp.a(alt_dev_llist_insert.o)
 .data          0x0000000000024998        0x0 ../project_soft_bsp//libhal_bsp.a(alt_do_ctors.o)
 .data          0x0000000000024998        0x0 ../project_soft_bsp//libhal_bsp.a(alt_do_dtors.o)
 .data          0x0000000000024998        0x0 ../project_soft_bsp//libhal_bsp.a(alt_errno.o)
 .data          0x0000000000024998        0x0 ../project_soft_bsp//libhal_bsp.a(alt_exception_entry.o)
 .data          0x0000000000024998        0x0 ../project_soft_bsp//libhal_bsp.a(alt_icache_flush_all.o)
 .data          0x0000000000024998        0x0 ../project_soft_bsp//libhal_bsp.a(alt_instruction_exception_entry.o)
 .data          0x0000000000024998        0x0 ../project_soft_bsp//libhal_bsp.a(alt_io_redirect.o)
 .data          0x0000000000024998        0x0 ../project_soft_bsp//libhal_bsp.a(alt_open.o)
 .data          0x0000000000024998        0x0 ../project_soft_bsp//libhal_bsp.a(alt_release_fd.o)
 .data          0x0000000000024998        0x0 ../project_soft_bsp//libhal_bsp.a(alt_tick.o)
 .data          0x0000000000024998        0x0 ../project_soft_bsp//libhal_bsp.a(altera_nios2_gen2_irq.o)
 .data          0x0000000000024998        0x0 ../project_soft_bsp//libhal_bsp.a(alt_find_dev.o)
 .data          0x0000000000024998        0x0 ../project_soft_bsp//libhal_bsp.a(alt_find_file.o)
 .data          0x0000000000024998        0x0 ../project_soft_bsp//libhal_bsp.a(alt_get_fd.o)
 .data          0x0000000000024998        0x0 ../project_soft_bsp//libhal_bsp.a(alt_icache_flush.o)
 .data          0x0000000000024998        0x0 /home/lheywang/intelFPGA_lite/18.1/nios2eds/bin/gnu/H-x86_64-pc-linux-gnu/bin/../lib/gcc/nios2-elf/5.3.0/../../../../../H-x86_64-pc-linux-gnu/nios2-elf/lib/libsmallc.a(lib_a-atexit.o)
 .data          0x0000000000024998        0x0 /home/lheywang/intelFPGA_lite/18.1/nios2eds/bin/gnu/H-x86_64-pc-linux-gnu/bin/../lib/gcc/nios2-elf/5.3.0/../../../../../H-x86_64-pc-linux-gnu/nios2-elf/lib/libsmallc.a(lib_a-exit.o)
 .data          0x0000000000024998        0x0 /home/lheywang/intelFPGA_lite/18.1/nios2eds/bin/gnu/H-x86_64-pc-linux-gnu/bin/../lib/gcc/nios2-elf/5.3.0/../../../../../H-x86_64-pc-linux-gnu/nios2-elf/lib/libsmallc.a(lib_a-memcmp.o)
 .data          0x0000000000024998        0x0 /home/lheywang/intelFPGA_lite/18.1/nios2eds/bin/gnu/H-x86_64-pc-linux-gnu/bin/../lib/gcc/nios2-elf/5.3.0/../../../../../H-x86_64-pc-linux-gnu/nios2-elf/lib/libsmallc.a(lib_a-__atexit.o)
 .data          0x0000000000024998        0x0 /home/lheywang/intelFPGA_lite/18.1/nios2eds/bin/gnu/H-x86_64-pc-linux-gnu/bin/../lib/gcc/nios2-elf/5.3.0/../../../../../H-x86_64-pc-linux-gnu/nios2-elf/lib/libsmallc.a(lib_a-__call_atexit.o)
 .data          0x0000000000024998        0x0 ../project_soft_bsp//libhal_bsp.a(alt_exit.o)
                0x000000000002c998                _gp = ABSOLUTE ((. + 0x8000))
                [!provide]                        PROVIDE (gp, _gp)
 *(.rwdata .rwdata.*)
 *(.sdata .sdata.* .gnu.linkonce.s.*)
 .sdata._global_impure_ptr
                0x0000000000024998        0x4 /home/lheywang/intelFPGA_lite/18.1/nios2eds/bin/gnu/H-x86_64-pc-linux-gnu/bin/../lib/gcc/nios2-elf/5.3.0/../../../../../H-x86_64-pc-linux-gnu/nios2-elf/lib/libsmallc.a(lib_a-impure.o)
                0x0000000000024998                _global_impure_ptr
 .sdata._impure_ptr
                0x000000000002499c        0x4 /home/lheywang/intelFPGA_lite/18.1/nios2eds/bin/gnu/H-x86_64-pc-linux-gnu/bin/../lib/gcc/nios2-elf/5.3.0/../../../../../H-x86_64-pc-linux-gnu/nios2-elf/lib/libsmallc.a(lib_a-impure.o)
                0x000000000002499c                _impure_ptr
 .sdata         0x00000000000249a0        0x4 ../project_soft_bsp//libhal_bsp.a(alt_irq_vars.o)
                0x00000000000249a0                alt_priority_mask
 .sdata         0x00000000000249a4       0x14 ../project_soft_bsp//libhal_bsp.a(alt_dev.o)
                0x00000000000249a4                alt_fs_list
                0x00000000000249ac                alt_dev_list
                0x00000000000249b4                alt_max_fd
 .sdata         0x00000000000249b8        0x4 ../project_soft_bsp//libhal_bsp.a(alt_errno.o)
                0x00000000000249b8                alt_errno
 .sdata         0x00000000000249bc        0x8 ../project_soft_bsp//libhal_bsp.a(alt_tick.o)
                0x00000000000249bc                alt_alarm_list
 *(.sdata2 .sdata2.* .gnu.linkonce.s2.*)
                0x00000000000249c4                . = ALIGN (0x4)
                0x00000000000249c4                _edata = ABSOLUTE (.)
                [!provide]                        PROVIDE (edata, ABSOLUTE (.))
                0x00000000000249c4                PROVIDE (__ram_rwdata_end, ABSOLUTE (.))
                0x00000000000249c4                PROVIDE (__flash_rwdata_start, LOADADDR (.rwdata))

.bss            0x00000000000257cc      0x170
                0x00000000000257cc                __bss_start = ABSOLUTE (.)
                [!provide]                        PROVIDE (__sbss_start, ABSOLUTE (.))
                [!provide]                        PROVIDE (___sbss_start, ABSOLUTE (.))
 *(.dynsbss)
 *(.sbss .sbss.* .gnu.linkonce.sb.*)
 .sbss          0x00000000000257cc        0x4 obj/default/ISR/ISR.o
 .sbss          0x00000000000257d0       0x10 obj/default/ISR/timer1ms/timer1ms.o
 .sbss          0x00000000000257e0       0x10 obj/default/buzzer/buzzer.o
 .sbss          0x00000000000257f0        0x4 obj/default/init/init.o
 .sbss          0x00000000000257f4        0x4 /home/lheywang/intelFPGA_lite/18.1/nios2eds/bin/gnu/H-x86_64-pc-linux-gnu/bin/../lib/gcc/nios2-elf/5.3.0/../../../../../H-x86_64-pc-linux-gnu/nios2-elf/lib/libsmallc.a(lib_a-int_errno.o)
                0x00000000000257f4                errno
 .sbss          0x00000000000257f8        0x4 ../project_soft_bsp//libhal_bsp.a(alt_irq_vars.o)
                0x00000000000257f8                alt_irq_active
 .sbss          0x00000000000257fc        0xc ../project_soft_bsp//libhal_bsp.a(alt_main.o)
                0x00000000000257fc                alt_argc
                0x0000000000025800                alt_argv
                0x0000000000025804                alt_envp
 .sbss          0x0000000000025808        0x4 ../project_soft_bsp//libhal_bsp.a(alt_instruction_exception_entry.o)
                0x0000000000025808                alt_instruction_exception_handler
 .sbss          0x000000000002580c        0x8 ../project_soft_bsp//libhal_bsp.a(alt_tick.o)
                0x000000000002580c                _alt_tick_rate
                0x0000000000025810                _alt_nticks
 *(.sbss2 .sbss2.* .gnu.linkonce.sb2.*)
 *(.scommon)
                [!provide]                        PROVIDE (__sbss_end, ABSOLUTE (.))
                [!provide]                        PROVIDE (___sbss_end, ABSOLUTE (.))
 *(.dynbss)
 *(.bss .bss.* .gnu.linkonce.b.*)
 .bss           0x0000000000025814        0x0 ../project_soft_bsp//obj/HAL/src/crt0.o
 .bss           0x0000000000025814        0x0 obj/default/ISR/ISR.o
 .bss           0x0000000000025814        0x0 obj/default/ISR/timer1ms/timer1ms.o
 .bss           0x0000000000025814        0x0 obj/default/ISR/timer1s/timer1s.o
 .bss           0x0000000000025814        0x0 obj/default/buzzer/buzzer.o
 .bss           0x0000000000025814        0x0 obj/default/buzzer/songs/astronomia/astronomia.o
 .bss           0x0000000000025814        0x0 obj/default/buzzer/songs/baby-shark/baby-shark.o
 .bss           0x0000000000025814        0x0 obj/default/buzzer/songs/crazy-frog/crazy-frog.o
 .bss           0x0000000000025814        0x0 obj/default/buzzer/songs/elise/elise.o
 .bss           0x0000000000025814        0x0 obj/default/hex/hex.o
 .bss           0x0000000000025814        0x0 obj/default/init/init.o
 .bss           0x0000000000025814        0x0 obj/default/leds/leds.o
 .bss           0x0000000000025814        0x0 obj/default/main.o
 .bss           0x0000000000025814        0x0 obj/default/time/ptime.o
 .bss           0x0000000000025814        0x0 /home/lheywang/intelFPGA_lite/18.1/nios2eds/bin/gnu/H-x86_64-pc-linux-gnu/bin/../lib/gcc/nios2-elf/5.3.0/../../../../../H-x86_64-pc-linux-gnu/nios2-elf/lib/libsmallc.a(lib_a-printf.o)
 .bss           0x0000000000025814        0x0 /home/lheywang/intelFPGA_lite/18.1/nios2eds/bin/gnu/H-x86_64-pc-linux-gnu/bin/../lib/gcc/nios2-elf/5.3.0/../../../../../H-x86_64-pc-linux-gnu/nios2-elf/lib/libsmallc.a(lib_a-puts.o)
 .bss           0x0000000000025814        0x0 /home/lheywang/intelFPGA_lite/18.1/nios2eds/bin/gnu/H-x86_64-pc-linux-gnu/bin/../lib/gcc/nios2-elf/5.3.0/../../../../../H-x86_64-pc-linux-gnu/nios2-elf/lib/libsmallc.a(lib_a-sprintf.o)
 .bss           0x0000000000025814        0x0 /home/lheywang/intelFPGA_lite/18.1/nios2eds/bin/gnu/H-x86_64-pc-linux-gnu/bin/../lib/gcc/nios2-elf/5.3.0/../../../../../H-x86_64-pc-linux-gnu/nios2-elf/lib/libsmallc.a(lib_a-strlen.o)
 .bss           0x0000000000025814        0x0 /home/lheywang/intelFPGA_lite/18.1/nios2eds/bin/gnu/H-x86_64-pc-linux-gnu/bin/../lib/gcc/nios2-elf/5.3.0/../../../../../H-x86_64-pc-linux-gnu/nios2-elf/lib/libsmallc.a(lib_a-svfprintf.o)
 .bss           0x0000000000025814        0x0 /home/lheywang/intelFPGA_lite/18.1/nios2eds/bin/gnu/H-x86_64-pc-linux-gnu/bin/../lib/gcc/nios2-elf/5.3.0/../../../../../H-x86_64-pc-linux-gnu/nios2-elf/lib/libsmallc.a(lib_a-vfprintf.o)
 .bss           0x0000000000025814        0x0 /home/lheywang/intelFPGA_lite/18.1/nios2eds/bin/gnu/H-x86_64-pc-linux-gnu/bin/../lib/gcc/nios2-elf/5.3.0/../../../../../H-x86_64-pc-linux-gnu/nios2-elf/lib/libsmallc.a(lib_a-fvwrite_small_dev.o)
 .bss           0x0000000000025814        0x0 /home/lheywang/intelFPGA_lite/18.1/nios2eds/bin/gnu/H-x86_64-pc-linux-gnu/bin/../lib/gcc/nios2-elf/5.3.0/../../../../../H-x86_64-pc-linux-gnu/nios2-elf/lib/libsmallc.a(lib_a-fvwrite_small_str.o)
 .bss           0x0000000000025814        0x0 /home/lheywang/intelFPGA_lite/18.1/nios2eds/bin/gnu/H-x86_64-pc-linux-gnu/bin/../lib/gcc/nios2-elf/5.3.0/../../../../../H-x86_64-pc-linux-gnu/nios2-elf/lib/libsmallc.a(lib_a-impure.o)
 .bss           0x0000000000025814        0x0 /home/lheywang/intelFPGA_lite/18.1/nios2eds/bin/gnu/H-x86_64-pc-linux-gnu/bin/../lib/gcc/nios2-elf/5.3.0/../../../../../H-x86_64-pc-linux-gnu/nios2-elf/lib/libsmallc.a(lib_a-memmove.o)
 .bss           0x0000000000025814        0x0 /home/lheywang/intelFPGA_lite/18.1/nios2eds/bin/gnu/H-x86_64-pc-linux-gnu/bin/../lib/gcc/nios2-elf/5.3.0/../../../../../H-x86_64-pc-linux-gnu/nios2-elf/lib/libsmallc.a(lib_a-writer.o)
 .bss           0x0000000000025814        0x0 /home/lheywang/intelFPGA_lite/18.1/nios2eds/bin/gnu/H-x86_64-pc-linux-gnu/bin/../lib/gcc/nios2-elf/5.3.0/../../../../../H-x86_64-pc-linux-gnu/nios2-elf/lib/libsmallc.a(lib_a-int_errno.o)
 .bss           0x0000000000025814        0x0 /home/lheywang/intelFPGA_lite/18.1/nios2eds/bin/gnu/H-x86_64-pc-linux-gnu/bin/../lib/gcc/nios2-elf/5.3.0/libgcc.a(lib2-divmod.o)
 .bss           0x0000000000025814        0x0 ../project_soft_bsp//libhal_bsp.a(alt_iic.o)
 .bss           0x0000000000025814        0x0 ../project_soft_bsp//libhal_bsp.a(alt_iic_isr_register.o)
 .bss           0x0000000000025814        0x0 ../project_soft_bsp//libhal_bsp.a(alt_irq_entry.o)
 .bss           0x0000000000025814        0x0 ../project_soft_bsp//libhal_bsp.a(alt_irq_handler.o)
 .bss           0x0000000000025814        0x0 ../project_soft_bsp//libhal_bsp.a(alt_irq_vars.o)
 .bss           0x0000000000025814        0x0 ../project_soft_bsp//libhal_bsp.a(alt_load.o)
 .bss           0x0000000000025814        0x0 ../project_soft_bsp//libhal_bsp.a(alt_main.o)
 .bss           0x0000000000025814        0x0 ../project_soft_bsp//libhal_bsp.a(alt_usleep.o)
 .bss           0x0000000000025814        0x0 ../project_soft_bsp//libhal_bsp.a(alt_write.o)
 .bss           0x0000000000025814        0x0 ../project_soft_bsp//libhal_bsp.a(alt_sys_init.o)
 .bss           0x0000000000025814        0x0 ../project_soft_bsp//libhal_bsp.a(altera_avalon_jtag_uart_fd.o)
 .bss           0x0000000000025814        0x0 ../project_soft_bsp//libhal_bsp.a(altera_avalon_jtag_uart_read.o)
 .bss           0x0000000000025814        0x0 ../project_soft_bsp//libhal_bsp.a(altera_avalon_jtag_uart_write.o)
 .bss           0x0000000000025814        0x0 ../project_soft_bsp//libhal_bsp.a(altera_avalon_timer_sc.o)
 .bss           0x0000000000025814        0x0 ../project_soft_bsp//libhal_bsp.a(alt_busy_sleep.o)
 .bss           0x0000000000025814        0x0 ../project_soft_bsp//libhal_bsp.a(alt_close.o)
 .bss           0x0000000000025814        0x0 ../project_soft_bsp//libhal_bsp.a(alt_dcache_flush_all.o)
 .bss           0x0000000000025814        0x0 ../project_soft_bsp//libhal_bsp.a(alt_dev.o)
 .bss           0x0000000000025814        0x0 ../project_soft_bsp//libhal_bsp.a(alt_dev_llist_insert.o)
 .bss           0x0000000000025814        0x0 ../project_soft_bsp//libhal_bsp.a(alt_do_ctors.o)
 .bss           0x0000000000025814        0x0 ../project_soft_bsp//libhal_bsp.a(alt_do_dtors.o)
 .bss           0x0000000000025814        0x0 ../project_soft_bsp//libhal_bsp.a(alt_errno.o)
 .bss           0x0000000000025814        0x0 ../project_soft_bsp//libhal_bsp.a(alt_exception_entry.o)
 .bss           0x0000000000025814        0x0 ../project_soft_bsp//libhal_bsp.a(alt_icache_flush_all.o)
 .bss           0x0000000000025814        0x0 ../project_soft_bsp//libhal_bsp.a(alt_instruction_exception_entry.o)
 .bss           0x0000000000025814        0x0 ../project_soft_bsp//libhal_bsp.a(alt_io_redirect.o)
 .bss           0x0000000000025814        0x0 ../project_soft_bsp//libhal_bsp.a(alt_open.o)
 .bss           0x0000000000025814        0x0 ../project_soft_bsp//libhal_bsp.a(alt_release_fd.o)
 .bss           0x0000000000025814        0x0 ../project_soft_bsp//libhal_bsp.a(alt_tick.o)
 .bss           0x0000000000025814        0x0 ../project_soft_bsp//libhal_bsp.a(altera_nios2_gen2_irq.o)
 .bss           0x0000000000025814        0x0 ../project_soft_bsp//libhal_bsp.a(alt_find_dev.o)
 .bss           0x0000000000025814        0x0 ../project_soft_bsp//libhal_bsp.a(alt_find_file.o)
 .bss           0x0000000000025814        0x0 ../project_soft_bsp//libhal_bsp.a(alt_get_fd.o)
 .bss           0x0000000000025814        0x0 ../project_soft_bsp//libhal_bsp.a(alt_icache_flush.o)
 .bss           0x0000000000025814        0x0 /home/lheywang/intelFPGA_lite/18.1/nios2eds/bin/gnu/H-x86_64-pc-linux-gnu/bin/../lib/gcc/nios2-elf/5.3.0/../../../../../H-x86_64-pc-linux-gnu/nios2-elf/lib/libsmallc.a(lib_a-atexit.o)
 .bss           0x0000000000025814        0x0 /home/lheywang/intelFPGA_lite/18.1/nios2eds/bin/gnu/H-x86_64-pc-linux-gnu/bin/../lib/gcc/nios2-elf/5.3.0/../../../../../H-x86_64-pc-linux-gnu/nios2-elf/lib/libsmallc.a(lib_a-exit.o)
 .bss           0x0000000000025814        0x0 /home/lheywang/intelFPGA_lite/18.1/nios2eds/bin/gnu/H-x86_64-pc-linux-gnu/bin/../lib/gcc/nios2-elf/5.3.0/../../../../../H-x86_64-pc-linux-gnu/nios2-elf/lib/libsmallc.a(lib_a-memcmp.o)
 .bss           0x0000000000025814        0x0 /home/lheywang/intelFPGA_lite/18.1/nios2eds/bin/gnu/H-x86_64-pc-linux-gnu/bin/../lib/gcc/nios2-elf/5.3.0/../../../../../H-x86_64-pc-linux-gnu/nios2-elf/lib/libsmallc.a(lib_a-__atexit.o)
 .bss           0x0000000000025814        0x0 /home/lheywang/intelFPGA_lite/18.1/nios2eds/bin/gnu/H-x86_64-pc-linux-gnu/bin/../lib/gcc/nios2-elf/5.3.0/../../../../../H-x86_64-pc-linux-gnu/nios2-elf/lib/libsmallc.a(lib_a-__call_atexit.o)
 .bss           0x0000000000025814        0x0 ../project_soft_bsp//libhal_bsp.a(alt_exit.o)
 *(COMMON)
 COMMON         0x0000000000025814       0x28 obj/default/ISR/ISR.o
                0x0000000000025814                defsong
 COMMON         0x000000000002583c      0x100 ../project_soft_bsp//libhal_bsp.a(alt_irq_handler.o)
                0x000000000002583c                alt_irq
                0x000000000002593c                . = ALIGN (0x4)
                0x000000000002593c                __bss_end = ABSOLUTE (.)

.MEMOIRE_ONCHIP
                0x000000000002593c        0x0
                [!provide]                        PROVIDE (_alt_partition_MEMOIRE_ONCHIP_start, ABSOLUTE (.))
 *(.MEMOIRE_ONCHIP .MEMOIRE_ONCHIP. MEMOIRE_ONCHIP.*)
                0x000000000002593c                . = ALIGN (0x4)
                [!provide]                        PROVIDE (_alt_partition_MEMOIRE_ONCHIP_end, ABSOLUTE (.))
                0x000000000002593c                _end = ABSOLUTE (.)
                0x000000000002593c                end = ABSOLUTE (.)
                0x000000000002593c                __alt_stack_base = ABSOLUTE (.)
                [!provide]                        PROVIDE (_alt_partition_MEMOIRE_ONCHIP_load_addr, LOADADDR (.MEMOIRE_ONCHIP))

.stab
 *(.stab)

.stabstr
 *(.stabstr)

.stab.excl
 *(.stab.excl)

.stab.exclstr
 *(.stab.exclstr)

.stab.index
 *(.stab.index)

.stab.indexstr
 *(.stab.indexstr)

.comment        0x0000000000000000       0x23
 *(.comment)
 .comment       0x0000000000000000       0x23 obj/default/ISR/ISR.o
                                         0x24 (size before relaxing)
 .comment       0x0000000000000023       0x24 obj/default/ISR/timer1ms/timer1ms.o
 .comment       0x0000000000000023       0x24 obj/default/ISR/timer1s/timer1s.o
 .comment       0x0000000000000023       0x24 obj/default/buzzer/buzzer.o
 .comment       0x0000000000000023       0x24 obj/default/buzzer/songs/astronomia/astronomia.o
 .comment       0x0000000000000023       0x24 obj/default/buzzer/songs/baby-shark/baby-shark.o
 .comment       0x0000000000000023       0x24 obj/default/buzzer/songs/crazy-frog/crazy-frog.o
 .comment       0x0000000000000023       0x24 obj/default/buzzer/songs/elise/elise.o
 .comment       0x0000000000000023       0x24 obj/default/hex/hex.o
 .comment       0x0000000000000023       0x24 obj/default/init/init.o
 .comment       0x0000000000000023       0x24 obj/default/leds/leds.o
 .comment       0x0000000000000023       0x24 obj/default/main.o
 .comment       0x0000000000000023       0x24 obj/default/time/ptime.o
 .comment       0x0000000000000023       0x24 /home/lheywang/intelFPGA_lite/18.1/nios2eds/bin/gnu/H-x86_64-pc-linux-gnu/bin/../lib/gcc/nios2-elf/5.3.0/../../../../../H-x86_64-pc-linux-gnu/nios2-elf/lib/libsmallc.a(lib_a-printf.o)
 .comment       0x0000000000000023       0x24 /home/lheywang/intelFPGA_lite/18.1/nios2eds/bin/gnu/H-x86_64-pc-linux-gnu/bin/../lib/gcc/nios2-elf/5.3.0/../../../../../H-x86_64-pc-linux-gnu/nios2-elf/lib/libsmallc.a(lib_a-puts.o)
 .comment       0x0000000000000023       0x24 /home/lheywang/intelFPGA_lite/18.1/nios2eds/bin/gnu/H-x86_64-pc-linux-gnu/bin/../lib/gcc/nios2-elf/5.3.0/../../../../../H-x86_64-pc-linux-gnu/nios2-elf/lib/libsmallc.a(lib_a-sprintf.o)
 .comment       0x0000000000000023       0x24 /home/lheywang/intelFPGA_lite/18.1/nios2eds/bin/gnu/H-x86_64-pc-linux-gnu/bin/../lib/gcc/nios2-elf/5.3.0/../../../../../H-x86_64-pc-linux-gnu/nios2-elf/lib/libsmallc.a(lib_a-strlen.o)
 .comment       0x0000000000000023       0x24 /home/lheywang/intelFPGA_lite/18.1/nios2eds/bin/gnu/H-x86_64-pc-linux-gnu/bin/../lib/gcc/nios2-elf/5.3.0/../../../../../H-x86_64-pc-linux-gnu/nios2-elf/lib/libsmallc.a(lib_a-svfprintf.o)
 .comment       0x0000000000000023       0x24 /home/lheywang/intelFPGA_lite/18.1/nios2eds/bin/gnu/H-x86_64-pc-linux-gnu/bin/../lib/gcc/nios2-elf/5.3.0/../../../../../H-x86_64-pc-linux-gnu/nios2-elf/lib/libsmallc.a(lib_a-vfprintf.o)
 .comment       0x0000000000000023       0x24 /home/lheywang/intelFPGA_lite/18.1/nios2eds/bin/gnu/H-x86_64-pc-linux-gnu/bin/../lib/gcc/nios2-elf/5.3.0/../../../../../H-x86_64-pc-linux-gnu/nios2-elf/lib/libsmallc.a(lib_a-fvwrite_small_dev.o)
 .comment       0x0000000000000023       0x24 /home/lheywang/intelFPGA_lite/18.1/nios2eds/bin/gnu/H-x86_64-pc-linux-gnu/bin/../lib/gcc/nios2-elf/5.3.0/../../../../../H-x86_64-pc-linux-gnu/nios2-elf/lib/libsmallc.a(lib_a-fvwrite_small_str.o)
 .comment       0x0000000000000023       0x24 /home/lheywang/intelFPGA_lite/18.1/nios2eds/bin/gnu/H-x86_64-pc-linux-gnu/bin/../lib/gcc/nios2-elf/5.3.0/../../../../../H-x86_64-pc-linux-gnu/nios2-elf/lib/libsmallc.a(lib_a-impure.o)
 .comment       0x0000000000000023       0x24 /home/lheywang/intelFPGA_lite/18.1/nios2eds/bin/gnu/H-x86_64-pc-linux-gnu/bin/../lib/gcc/nios2-elf/5.3.0/../../../../../H-x86_64-pc-linux-gnu/nios2-elf/lib/libsmallc.a(lib_a-memmove.o)
 .comment       0x0000000000000023       0x24 /home/lheywang/intelFPGA_lite/18.1/nios2eds/bin/gnu/H-x86_64-pc-linux-gnu/bin/../lib/gcc/nios2-elf/5.3.0/../../../../../H-x86_64-pc-linux-gnu/nios2-elf/lib/libsmallc.a(lib_a-writer.o)
 .comment       0x0000000000000023       0x24 /home/lheywang/intelFPGA_lite/18.1/nios2eds/bin/gnu/H-x86_64-pc-linux-gnu/bin/../lib/gcc/nios2-elf/5.3.0/../../../../../H-x86_64-pc-linux-gnu/nios2-elf/lib/libsmallc.a(lib_a-int_errno.o)
 .comment       0x0000000000000023       0x24 /home/lheywang/intelFPGA_lite/18.1/nios2eds/bin/gnu/H-x86_64-pc-linux-gnu/bin/../lib/gcc/nios2-elf/5.3.0/libgcc.a(lib2-divmod.o)
 .comment       0x0000000000000023       0x24 ../project_soft_bsp//libhal_bsp.a(alt_iic.o)
 .comment       0x0000000000000023       0x24 ../project_soft_bsp//libhal_bsp.a(alt_iic_isr_register.o)
 .comment       0x0000000000000023       0x24 ../project_soft_bsp//libhal_bsp.a(alt_irq_handler.o)
 .comment       0x0000000000000023       0x24 ../project_soft_bsp//libhal_bsp.a(alt_irq_vars.o)
 .comment       0x0000000000000023       0x24 ../project_soft_bsp//libhal_bsp.a(alt_load.o)
 .comment       0x0000000000000023       0x24 ../project_soft_bsp//libhal_bsp.a(alt_main.o)
 .comment       0x0000000000000023       0x24 ../project_soft_bsp//libhal_bsp.a(alt_usleep.o)
 .comment       0x0000000000000023       0x24 ../project_soft_bsp//libhal_bsp.a(alt_write.o)
 .comment       0x0000000000000023       0x24 ../project_soft_bsp//libhal_bsp.a(alt_sys_init.o)
 .comment       0x0000000000000023       0x24 ../project_soft_bsp//libhal_bsp.a(altera_avalon_jtag_uart_fd.o)
 .comment       0x0000000000000023       0x24 ../project_soft_bsp//libhal_bsp.a(altera_avalon_jtag_uart_read.o)
 .comment       0x0000000000000023       0x24 ../project_soft_bsp//libhal_bsp.a(altera_avalon_jtag_uart_write.o)
 .comment       0x0000000000000023       0x24 ../project_soft_bsp//libhal_bsp.a(altera_avalon_timer_sc.o)
 .comment       0x0000000000000023       0x24 ../project_soft_bsp//libhal_bsp.a(alt_busy_sleep.o)
 .comment       0x0000000000000023       0x24 ../project_soft_bsp//libhal_bsp.a(alt_close.o)
 .comment       0x0000000000000023       0x24 ../project_soft_bsp//libhal_bsp.a(alt_dcache_flush_all.o)
 .comment       0x0000000000000023       0x24 ../project_soft_bsp//libhal_bsp.a(alt_dev.o)
 .comment       0x0000000000000023       0x24 ../project_soft_bsp//libhal_bsp.a(alt_dev_llist_insert.o)
 .comment       0x0000000000000023       0x24 ../project_soft_bsp//libhal_bsp.a(alt_do_ctors.o)
 .comment       0x0000000000000023       0x24 ../project_soft_bsp//libhal_bsp.a(alt_do_dtors.o)
 .comment       0x0000000000000023       0x24 ../project_soft_bsp//libhal_bsp.a(alt_errno.o)
 .comment       0x0000000000000023       0x24 ../project_soft_bsp//libhal_bsp.a(alt_icache_flush_all.o)
 .comment       0x0000000000000023       0x24 ../project_soft_bsp//libhal_bsp.a(alt_instruction_exception_entry.o)
 .comment       0x0000000000000023       0x24 ../project_soft_bsp//libhal_bsp.a(alt_io_redirect.o)
 .comment       0x0000000000000023       0x24 ../project_soft_bsp//libhal_bsp.a(alt_open.o)
 .comment       0x0000000000000023       0x24 ../project_soft_bsp//libhal_bsp.a(alt_release_fd.o)
 .comment       0x0000000000000023       0x24 ../project_soft_bsp//libhal_bsp.a(alt_tick.o)
 .comment       0x0000000000000023       0x24 ../project_soft_bsp//libhal_bsp.a(altera_nios2_gen2_irq.o)
 .comment       0x0000000000000023       0x24 ../project_soft_bsp//libhal_bsp.a(alt_find_dev.o)
 .comment       0x0000000000000023       0x24 ../project_soft_bsp//libhal_bsp.a(alt_find_file.o)
 .comment       0x0000000000000023       0x24 ../project_soft_bsp//libhal_bsp.a(alt_get_fd.o)
 .comment       0x0000000000000023       0x24 ../project_soft_bsp//libhal_bsp.a(alt_icache_flush.o)
 .comment       0x0000000000000023       0x24 /home/lheywang/intelFPGA_lite/18.1/nios2eds/bin/gnu/H-x86_64-pc-linux-gnu/bin/../lib/gcc/nios2-elf/5.3.0/../../../../../H-x86_64-pc-linux-gnu/nios2-elf/lib/libsmallc.a(lib_a-atexit.o)
 .comment       0x0000000000000023       0x24 /home/lheywang/intelFPGA_lite/18.1/nios2eds/bin/gnu/H-x86_64-pc-linux-gnu/bin/../lib/gcc/nios2-elf/5.3.0/../../../../../H-x86_64-pc-linux-gnu/nios2-elf/lib/libsmallc.a(lib_a-exit.o)
 .comment       0x0000000000000023       0x24 /home/lheywang/intelFPGA_lite/18.1/nios2eds/bin/gnu/H-x86_64-pc-linux-gnu/bin/../lib/gcc/nios2-elf/5.3.0/../../../../../H-x86_64-pc-linux-gnu/nios2-elf/lib/libsmallc.a(lib_a-memcmp.o)
 .comment       0x0000000000000023       0x24 /home/lheywang/intelFPGA_lite/18.1/nios2eds/bin/gnu/H-x86_64-pc-linux-gnu/bin/../lib/gcc/nios2-elf/5.3.0/../../../../../H-x86_64-pc-linux-gnu/nios2-elf/lib/libsmallc.a(lib_a-__atexit.o)
 .comment       0x0000000000000023       0x24 /home/lheywang/intelFPGA_lite/18.1/nios2eds/bin/gnu/H-x86_64-pc-linux-gnu/bin/../lib/gcc/nios2-elf/5.3.0/../../../../../H-x86_64-pc-linux-gnu/nios2-elf/lib/libsmallc.a(lib_a-__call_atexit.o)
 .comment       0x0000000000000023       0x24 ../project_soft_bsp//libhal_bsp.a(alt_exit.o)

.debug
 *(.debug)

.line
 *(.line)

.debug_srcinfo
 *(.debug_srcinfo)

.debug_sfnames
 *(.debug_sfnames)

.debug_aranges  0x0000000000000000      0x890
 *(.debug_aranges)
 .debug_aranges
                0x0000000000000000       0x28 ../project_soft_bsp//obj/HAL/src/crt0.o
 .debug_aranges
                0x0000000000000028       0x20 obj/default/ISR/ISR.o
 .debug_aranges
                0x0000000000000048       0x20 obj/default/ISR/timer1ms/timer1ms.o
 .debug_aranges
                0x0000000000000068       0x20 obj/default/ISR/timer1s/timer1s.o
 .debug_aranges
                0x0000000000000088       0x20 obj/default/buzzer/buzzer.o
 .debug_aranges
                0x00000000000000a8       0x18 obj/default/buzzer/songs/astronomia/astronomia.o
 .debug_aranges
                0x00000000000000c0       0x18 obj/default/buzzer/songs/baby-shark/baby-shark.o
 .debug_aranges
                0x00000000000000d8       0x18 obj/default/buzzer/songs/crazy-frog/crazy-frog.o
 .debug_aranges
                0x00000000000000f0       0x18 obj/default/buzzer/songs/elise/elise.o
 .debug_aranges
                0x0000000000000108       0x20 obj/default/hex/hex.o
 .debug_aranges
                0x0000000000000128       0x20 obj/default/init/init.o
 .debug_aranges
                0x0000000000000148       0x20 obj/default/leds/leds.o
 .debug_aranges
                0x0000000000000168       0x20 obj/default/main.o
 .debug_aranges
                0x0000000000000188       0x20 obj/default/time/ptime.o
 .debug_aranges
                0x00000000000001a8       0x28 /home/lheywang/intelFPGA_lite/18.1/nios2eds/bin/gnu/H-x86_64-pc-linux-gnu/bin/../lib/gcc/nios2-elf/5.3.0/../../../../../H-x86_64-pc-linux-gnu/nios2-elf/lib/libsmallc.a(lib_a-printf.o)
 .debug_aranges
                0x00000000000001d0       0x28 /home/lheywang/intelFPGA_lite/18.1/nios2eds/bin/gnu/H-x86_64-pc-linux-gnu/bin/../lib/gcc/nios2-elf/5.3.0/../../../../../H-x86_64-pc-linux-gnu/nios2-elf/lib/libsmallc.a(lib_a-puts.o)
 .debug_aranges
                0x00000000000001f8       0x28 /home/lheywang/intelFPGA_lite/18.1/nios2eds/bin/gnu/H-x86_64-pc-linux-gnu/bin/../lib/gcc/nios2-elf/5.3.0/../../../../../H-x86_64-pc-linux-gnu/nios2-elf/lib/libsmallc.a(lib_a-sprintf.o)
 .debug_aranges
                0x0000000000000220       0x20 /home/lheywang/intelFPGA_lite/18.1/nios2eds/bin/gnu/H-x86_64-pc-linux-gnu/bin/../lib/gcc/nios2-elf/5.3.0/../../../../../H-x86_64-pc-linux-gnu/nios2-elf/lib/libsmallc.a(lib_a-strlen.o)
 .debug_aranges
                0x0000000000000240       0x30 /home/lheywang/intelFPGA_lite/18.1/nios2eds/bin/gnu/H-x86_64-pc-linux-gnu/bin/../lib/gcc/nios2-elf/5.3.0/../../../../../H-x86_64-pc-linux-gnu/nios2-elf/lib/libsmallc.a(lib_a-svfprintf.o)
 .debug_aranges
                0x0000000000000270       0x30 /home/lheywang/intelFPGA_lite/18.1/nios2eds/bin/gnu/H-x86_64-pc-linux-gnu/bin/../lib/gcc/nios2-elf/5.3.0/../../../../../H-x86_64-pc-linux-gnu/nios2-elf/lib/libsmallc.a(lib_a-vfprintf.o)
 .debug_aranges
                0x00000000000002a0       0x20 /home/lheywang/intelFPGA_lite/18.1/nios2eds/bin/gnu/H-x86_64-pc-linux-gnu/bin/../lib/gcc/nios2-elf/5.3.0/../../../../../H-x86_64-pc-linux-gnu/nios2-elf/lib/libsmallc.a(lib_a-fvwrite_small_dev.o)
 .debug_aranges
                0x00000000000002c0       0x20 /home/lheywang/intelFPGA_lite/18.1/nios2eds/bin/gnu/H-x86_64-pc-linux-gnu/bin/../lib/gcc/nios2-elf/5.3.0/../../../../../H-x86_64-pc-linux-gnu/nios2-elf/lib/libsmallc.a(lib_a-fvwrite_small_str.o)
 .debug_aranges
                0x00000000000002e0       0x18 /home/lheywang/intelFPGA_lite/18.1/nios2eds/bin/gnu/H-x86_64-pc-linux-gnu/bin/../lib/gcc/nios2-elf/5.3.0/../../../../../H-x86_64-pc-linux-gnu/nios2-elf/lib/libsmallc.a(lib_a-impure.o)
 .debug_aranges
                0x00000000000002f8       0x20 /home/lheywang/intelFPGA_lite/18.1/nios2eds/bin/gnu/H-x86_64-pc-linux-gnu/bin/../lib/gcc/nios2-elf/5.3.0/../../../../../H-x86_64-pc-linux-gnu/nios2-elf/lib/libsmallc.a(lib_a-memmove.o)
 .debug_aranges
                0x0000000000000318       0x20 /home/lheywang/intelFPGA_lite/18.1/nios2eds/bin/gnu/H-x86_64-pc-linux-gnu/bin/../lib/gcc/nios2-elf/5.3.0/../../../../../H-x86_64-pc-linux-gnu/nios2-elf/lib/libsmallc.a(lib_a-writer.o)
 .debug_aranges
                0x0000000000000338       0x18 /home/lheywang/intelFPGA_lite/18.1/nios2eds/bin/gnu/H-x86_64-pc-linux-gnu/bin/../lib/gcc/nios2-elf/5.3.0/../../../../../H-x86_64-pc-linux-gnu/nios2-elf/lib/libsmallc.a(lib_a-int_errno.o)
 .debug_aranges
                0x0000000000000350       0x20 /home/lheywang/intelFPGA_lite/18.1/nios2eds/bin/gnu/H-x86_64-pc-linux-gnu/bin/../lib/gcc/nios2-elf/5.3.0/libgcc.a(lib2-divmod.o)
 .debug_aranges
                0x0000000000000370       0x20 ../project_soft_bsp//libhal_bsp.a(alt_iic.o)
 .debug_aranges
                0x0000000000000390       0x20 ../project_soft_bsp//libhal_bsp.a(alt_iic_isr_register.o)
 .debug_aranges
                0x00000000000003b0       0x30 ../project_soft_bsp//libhal_bsp.a(alt_irq_entry.o)
 .debug_aranges
                0x00000000000003e0       0x20 ../project_soft_bsp//libhal_bsp.a(alt_irq_handler.o)
 .debug_aranges
                0x0000000000000400       0x18 ../project_soft_bsp//libhal_bsp.a(alt_irq_vars.o)
 .debug_aranges
                0x0000000000000418       0x20 ../project_soft_bsp//libhal_bsp.a(alt_load.o)
 .debug_aranges
                0x0000000000000438       0x20 ../project_soft_bsp//libhal_bsp.a(alt_main.o)
 .debug_aranges
                0x0000000000000458       0x20 ../project_soft_bsp//libhal_bsp.a(alt_usleep.o)
 .debug_aranges
                0x0000000000000478       0x20 ../project_soft_bsp//libhal_bsp.a(alt_write.o)
 .debug_aranges
                0x0000000000000498       0x20 ../project_soft_bsp//libhal_bsp.a(alt_sys_init.o)
 .debug_aranges
                0x00000000000004b8       0x20 ../project_soft_bsp//libhal_bsp.a(altera_avalon_jtag_uart_fd.o)
 .debug_aranges
                0x00000000000004d8       0x20 ../project_soft_bsp//libhal_bsp.a(altera_avalon_jtag_uart_read.o)
 .debug_aranges
                0x00000000000004f8       0x20 ../project_soft_bsp//libhal_bsp.a(altera_avalon_jtag_uart_write.o)
 .debug_aranges
                0x0000000000000518       0x20 ../project_soft_bsp//libhal_bsp.a(altera_avalon_timer_sc.o)
 .debug_aranges
                0x0000000000000538       0x20 ../project_soft_bsp//libhal_bsp.a(alt_busy_sleep.o)
 .debug_aranges
                0x0000000000000558       0x20 ../project_soft_bsp//libhal_bsp.a(alt_close.o)
 .debug_aranges
                0x0000000000000578       0x20 ../project_soft_bsp//libhal_bsp.a(alt_dcache_flush_all.o)
 .debug_aranges
                0x0000000000000598       0x20 ../project_soft_bsp//libhal_bsp.a(alt_dev.o)
 .debug_aranges
                0x00000000000005b8       0x20 ../project_soft_bsp//libhal_bsp.a(alt_dev_llist_insert.o)
 .debug_aranges
                0x00000000000005d8       0x20 ../project_soft_bsp//libhal_bsp.a(alt_do_ctors.o)
 .debug_aranges
                0x00000000000005f8       0x20 ../project_soft_bsp//libhal_bsp.a(alt_do_dtors.o)
 .debug_aranges
                0x0000000000000618       0x18 ../project_soft_bsp//libhal_bsp.a(alt_errno.o)
 .debug_aranges
                0x0000000000000630       0x38 ../project_soft_bsp//libhal_bsp.a(alt_exception_entry.o)
 .debug_aranges
                0x0000000000000668       0x20 ../project_soft_bsp//libhal_bsp.a(alt_icache_flush_all.o)
 .debug_aranges
                0x0000000000000688       0x28 ../project_soft_bsp//libhal_bsp.a(alt_instruction_exception_entry.o)
 .debug_aranges
                0x00000000000006b0       0x20 ../project_soft_bsp//libhal_bsp.a(alt_io_redirect.o)
 .debug_aranges
                0x00000000000006d0       0x20 ../project_soft_bsp//libhal_bsp.a(alt_open.o)
 .debug_aranges
                0x00000000000006f0       0x20 ../project_soft_bsp//libhal_bsp.a(alt_release_fd.o)
 .debug_aranges
                0x0000000000000710       0x20 ../project_soft_bsp//libhal_bsp.a(alt_tick.o)
 .debug_aranges
                0x0000000000000730       0x20 ../project_soft_bsp//libhal_bsp.a(altera_nios2_gen2_irq.o)
 .debug_aranges
                0x0000000000000750       0x20 ../project_soft_bsp//libhal_bsp.a(alt_find_dev.o)
 .debug_aranges
                0x0000000000000770       0x20 ../project_soft_bsp//libhal_bsp.a(alt_find_file.o)
 .debug_aranges
                0x0000000000000790       0x20 ../project_soft_bsp//libhal_bsp.a(alt_get_fd.o)
 .debug_aranges
                0x00000000000007b0       0x20 ../project_soft_bsp//libhal_bsp.a(alt_icache_flush.o)
 .debug_aranges
                0x00000000000007d0       0x20 /home/lheywang/intelFPGA_lite/18.1/nios2eds/bin/gnu/H-x86_64-pc-linux-gnu/bin/../lib/gcc/nios2-elf/5.3.0/../../../../../H-x86_64-pc-linux-gnu/nios2-elf/lib/libsmallc.a(lib_a-atexit.o)
 .debug_aranges
                0x00000000000007f0       0x20 /home/lheywang/intelFPGA_lite/18.1/nios2eds/bin/gnu/H-x86_64-pc-linux-gnu/bin/../lib/gcc/nios2-elf/5.3.0/../../../../../H-x86_64-pc-linux-gnu/nios2-elf/lib/libsmallc.a(lib_a-exit.o)
 .debug_aranges
                0x0000000000000810       0x20 /home/lheywang/intelFPGA_lite/18.1/nios2eds/bin/gnu/H-x86_64-pc-linux-gnu/bin/../lib/gcc/nios2-elf/5.3.0/../../../../../H-x86_64-pc-linux-gnu/nios2-elf/lib/libsmallc.a(lib_a-memcmp.o)
 .debug_aranges
                0x0000000000000830       0x20 /home/lheywang/intelFPGA_lite/18.1/nios2eds/bin/gnu/H-x86_64-pc-linux-gnu/bin/../lib/gcc/nios2-elf/5.3.0/../../../../../H-x86_64-pc-linux-gnu/nios2-elf/lib/libsmallc.a(lib_a-__atexit.o)
 .debug_aranges
                0x0000000000000850       0x20 /home/lheywang/intelFPGA_lite/18.1/nios2eds/bin/gnu/H-x86_64-pc-linux-gnu/bin/../lib/gcc/nios2-elf/5.3.0/../../../../../H-x86_64-pc-linux-gnu/nios2-elf/lib/libsmallc.a(lib_a-__call_atexit.o)
 .debug_aranges
                0x0000000000000870       0x20 ../project_soft_bsp//libhal_bsp.a(alt_exit.o)

.debug_pubnames
 *(.debug_pubnames)

.debug_info     0x0000000000000000     0xc082
 *(.debug_info .gnu.linkonce.wi.*)
 .debug_info    0x0000000000000000       0x6e ../project_soft_bsp//obj/HAL/src/crt0.o
 .debug_info    0x000000000000006e      0x14f obj/default/ISR/ISR.o
 .debug_info    0x00000000000001bd      0x132 obj/default/ISR/timer1ms/timer1ms.o
 .debug_info    0x00000000000002ef      0x27f obj/default/ISR/timer1s/timer1s.o
 .debug_info    0x000000000000056e      0x6c8 obj/default/buzzer/buzzer.o
 .debug_info    0x0000000000000c36      0x321 obj/default/buzzer/songs/astronomia/astronomia.o
 .debug_info    0x0000000000000f57      0x322 obj/default/buzzer/songs/baby-shark/baby-shark.o
 .debug_info    0x0000000000001279      0x321 obj/default/buzzer/songs/crazy-frog/crazy-frog.o
 .debug_info    0x000000000000159a      0x322 obj/default/buzzer/songs/elise/elise.o
 .debug_info    0x00000000000018bc      0x209 obj/default/hex/hex.o
 .debug_info    0x0000000000001ac5      0x244 obj/default/init/init.o
 .debug_info    0x0000000000001d09       0xb5 obj/default/leds/leds.o
 .debug_info    0x0000000000001dbe      0x313 obj/default/main.o
 .debug_info    0x00000000000020d1      0x1d0 obj/default/time/ptime.o
 .debug_info    0x00000000000022a1      0x699 /home/lheywang/intelFPGA_lite/18.1/nios2eds/bin/gnu/H-x86_64-pc-linux-gnu/bin/../lib/gcc/nios2-elf/5.3.0/../../../../../H-x86_64-pc-linux-gnu/nios2-elf/lib/libsmallc.a(lib_a-printf.o)
 .debug_info    0x000000000000293a      0x66d /home/lheywang/intelFPGA_lite/18.1/nios2eds/bin/gnu/H-x86_64-pc-linux-gnu/bin/../lib/gcc/nios2-elf/5.3.0/../../../../../H-x86_64-pc-linux-gnu/nios2-elf/lib/libsmallc.a(lib_a-puts.o)
 .debug_info    0x0000000000002fa7      0x7d9 /home/lheywang/intelFPGA_lite/18.1/nios2eds/bin/gnu/H-x86_64-pc-linux-gnu/bin/../lib/gcc/nios2-elf/5.3.0/../../../../../H-x86_64-pc-linux-gnu/nios2-elf/lib/libsmallc.a(lib_a-sprintf.o)
 .debug_info    0x0000000000003780       0xc9 /home/lheywang/intelFPGA_lite/18.1/nios2eds/bin/gnu/H-x86_64-pc-linux-gnu/bin/../lib/gcc/nios2-elf/5.3.0/../../../../../H-x86_64-pc-linux-gnu/nios2-elf/lib/libsmallc.a(lib_a-strlen.o)
 .debug_info    0x0000000000003849      0xb2b /home/lheywang/intelFPGA_lite/18.1/nios2eds/bin/gnu/H-x86_64-pc-linux-gnu/bin/../lib/gcc/nios2-elf/5.3.0/../../../../../H-x86_64-pc-linux-gnu/nios2-elf/lib/libsmallc.a(lib_a-svfprintf.o)
 .debug_info    0x0000000000004374      0xb2b /home/lheywang/intelFPGA_lite/18.1/nios2eds/bin/gnu/H-x86_64-pc-linux-gnu/bin/../lib/gcc/nios2-elf/5.3.0/../../../../../H-x86_64-pc-linux-gnu/nios2-elf/lib/libsmallc.a(lib_a-vfprintf.o)
 .debug_info    0x0000000000004e9f      0x62b /home/lheywang/intelFPGA_lite/18.1/nios2eds/bin/gnu/H-x86_64-pc-linux-gnu/bin/../lib/gcc/nios2-elf/5.3.0/../../../../../H-x86_64-pc-linux-gnu/nios2-elf/lib/libsmallc.a(lib_a-fvwrite_small_dev.o)
 .debug_info    0x00000000000054ca      0x700 /home/lheywang/intelFPGA_lite/18.1/nios2eds/bin/gnu/H-x86_64-pc-linux-gnu/bin/../lib/gcc/nios2-elf/5.3.0/../../../../../H-x86_64-pc-linux-gnu/nios2-elf/lib/libsmallc.a(lib_a-fvwrite_small_str.o)
 .debug_info    0x0000000000005bca      0x5a9 /home/lheywang/intelFPGA_lite/18.1/nios2eds/bin/gnu/H-x86_64-pc-linux-gnu/bin/../lib/gcc/nios2-elf/5.3.0/../../../../../H-x86_64-pc-linux-gnu/nios2-elf/lib/libsmallc.a(lib_a-impure.o)
 .debug_info    0x0000000000006173      0x10b /home/lheywang/intelFPGA_lite/18.1/nios2eds/bin/gnu/H-x86_64-pc-linux-gnu/bin/../lib/gcc/nios2-elf/5.3.0/../../../../../H-x86_64-pc-linux-gnu/nios2-elf/lib/libsmallc.a(lib_a-memmove.o)
 .debug_info    0x000000000000627e      0x630 /home/lheywang/intelFPGA_lite/18.1/nios2eds/bin/gnu/H-x86_64-pc-linux-gnu/bin/../lib/gcc/nios2-elf/5.3.0/../../../../../H-x86_64-pc-linux-gnu/nios2-elf/lib/libsmallc.a(lib_a-writer.o)
 .debug_info    0x00000000000068ae       0x8a /home/lheywang/intelFPGA_lite/18.1/nios2eds/bin/gnu/H-x86_64-pc-linux-gnu/bin/../lib/gcc/nios2-elf/5.3.0/../../../../../H-x86_64-pc-linux-gnu/nios2-elf/lib/libsmallc.a(lib_a-int_errno.o)
 .debug_info    0x0000000000006938      0x2c6 /home/lheywang/intelFPGA_lite/18.1/nios2eds/bin/gnu/H-x86_64-pc-linux-gnu/bin/../lib/gcc/nios2-elf/5.3.0/libgcc.a(lib2-divmod.o)
 .debug_info    0x0000000000006bfe      0x350 ../project_soft_bsp//libhal_bsp.a(alt_iic.o)
 .debug_info    0x0000000000006f4e      0x1ef ../project_soft_bsp//libhal_bsp.a(alt_iic_isr_register.o)
 .debug_info    0x000000000000713d       0x77 ../project_soft_bsp//libhal_bsp.a(alt_irq_entry.o)
 .debug_info    0x00000000000071b4      0x187 ../project_soft_bsp//libhal_bsp.a(alt_irq_handler.o)
 .debug_info    0x000000000000733b       0x88 ../project_soft_bsp//libhal_bsp.a(alt_irq_vars.o)
 .debug_info    0x00000000000073c3      0x145 ../project_soft_bsp//libhal_bsp.a(alt_load.o)
 .debug_info    0x0000000000007508      0x131 ../project_soft_bsp//libhal_bsp.a(alt_main.o)
 .debug_info    0x0000000000007639       0xb0 ../project_soft_bsp//libhal_bsp.a(alt_usleep.o)
 .debug_info    0x00000000000076e9      0x4b7 ../project_soft_bsp//libhal_bsp.a(alt_write.o)
 .debug_info    0x0000000000007ba0      0x3df ../project_soft_bsp//libhal_bsp.a(alt_sys_init.o)
 .debug_info    0x0000000000007f7f      0x3a7 ../project_soft_bsp//libhal_bsp.a(altera_avalon_jtag_uart_fd.o)
 .debug_info    0x0000000000008326      0x1b2 ../project_soft_bsp//libhal_bsp.a(altera_avalon_jtag_uart_read.o)
 .debug_info    0x00000000000084d8      0x195 ../project_soft_bsp//libhal_bsp.a(altera_avalon_jtag_uart_write.o)
 .debug_info    0x000000000000866d      0x226 ../project_soft_bsp//libhal_bsp.a(altera_avalon_timer_sc.o)
 .debug_info    0x0000000000008893       0xd7 ../project_soft_bsp//libhal_bsp.a(alt_busy_sleep.o)
 .debug_info    0x000000000000896a      0x321 ../project_soft_bsp//libhal_bsp.a(alt_close.o)
 .debug_info    0x0000000000008c8b       0x92 ../project_soft_bsp//libhal_bsp.a(alt_dcache_flush_all.o)
 .debug_info    0x0000000000008d1d      0x49c ../project_soft_bsp//libhal_bsp.a(alt_dev.o)
 .debug_info    0x00000000000091b9      0x1a9 ../project_soft_bsp//libhal_bsp.a(alt_dev_llist_insert.o)
 .debug_info    0x0000000000009362       0x83 ../project_soft_bsp//libhal_bsp.a(alt_do_ctors.o)
 .debug_info    0x00000000000093e5       0x83 ../project_soft_bsp//libhal_bsp.a(alt_do_dtors.o)
 .debug_info    0x0000000000009468       0xa6 ../project_soft_bsp//libhal_bsp.a(alt_errno.o)
 .debug_info    0x000000000000950e       0x7d ../project_soft_bsp//libhal_bsp.a(alt_exception_entry.o)
 .debug_info    0x000000000000958b       0x92 ../project_soft_bsp//libhal_bsp.a(alt_icache_flush_all.o)
 .debug_info    0x000000000000961d      0x1e7 ../project_soft_bsp//libhal_bsp.a(alt_instruction_exception_entry.o)
 .debug_info    0x0000000000009804      0x4a5 ../project_soft_bsp//libhal_bsp.a(alt_io_redirect.o)
 .debug_info    0x0000000000009ca9      0x3bb ../project_soft_bsp//libhal_bsp.a(alt_open.o)
 .debug_info    0x000000000000a064      0x2b0 ../project_soft_bsp//libhal_bsp.a(alt_release_fd.o)
 .debug_info    0x000000000000a314      0x299 ../project_soft_bsp//libhal_bsp.a(alt_tick.o)
 .debug_info    0x000000000000a5ad       0x92 ../project_soft_bsp//libhal_bsp.a(altera_nios2_gen2_irq.o)
 .debug_info    0x000000000000a63f      0x2e9 ../project_soft_bsp//libhal_bsp.a(alt_find_dev.o)
 .debug_info    0x000000000000a928      0x2e6 ../project_soft_bsp//libhal_bsp.a(alt_find_file.o)
 .debug_info    0x000000000000ac0e      0x310 ../project_soft_bsp//libhal_bsp.a(alt_get_fd.o)
 .debug_info    0x000000000000af1e       0xdc ../project_soft_bsp//libhal_bsp.a(alt_icache_flush.o)
 .debug_info    0x000000000000affa       0xfe /home/lheywang/intelFPGA_lite/18.1/nios2eds/bin/gnu/H-x86_64-pc-linux-gnu/bin/../lib/gcc/nios2-elf/5.3.0/../../../../../H-x86_64-pc-linux-gnu/nios2-elf/lib/libsmallc.a(lib_a-atexit.o)
 .debug_info    0x000000000000b0f8       0xe5 /home/lheywang/intelFPGA_lite/18.1/nios2eds/bin/gnu/H-x86_64-pc-linux-gnu/bin/../lib/gcc/nios2-elf/5.3.0/../../../../../H-x86_64-pc-linux-gnu/nios2-elf/lib/libsmallc.a(lib_a-exit.o)
 .debug_info    0x000000000000b1dd       0xf4 /home/lheywang/intelFPGA_lite/18.1/nios2eds/bin/gnu/H-x86_64-pc-linux-gnu/bin/../lib/gcc/nios2-elf/5.3.0/../../../../../H-x86_64-pc-linux-gnu/nios2-elf/lib/libsmallc.a(lib_a-memcmp.o)
 .debug_info    0x000000000000b2d1      0x64a /home/lheywang/intelFPGA_lite/18.1/nios2eds/bin/gnu/H-x86_64-pc-linux-gnu/bin/../lib/gcc/nios2-elf/5.3.0/../../../../../H-x86_64-pc-linux-gnu/nios2-elf/lib/libsmallc.a(lib_a-__atexit.o)
 .debug_info    0x000000000000b91b      0x67b /home/lheywang/intelFPGA_lite/18.1/nios2eds/bin/gnu/H-x86_64-pc-linux-gnu/bin/../lib/gcc/nios2-elf/5.3.0/../../../../../H-x86_64-pc-linux-gnu/nios2-elf/lib/libsmallc.a(lib_a-__call_atexit.o)
 .debug_info    0x000000000000bf96       0xec ../project_soft_bsp//libhal_bsp.a(alt_exit.o)

.debug_abbrev   0x0000000000000000     0x40d3
 *(.debug_abbrev)
 .debug_abbrev  0x0000000000000000       0x12 ../project_soft_bsp//obj/HAL/src/crt0.o
 .debug_abbrev  0x0000000000000012       0xfd obj/default/ISR/ISR.o
 .debug_abbrev  0x000000000000010f       0x92 obj/default/ISR/timer1ms/timer1ms.o
 .debug_abbrev  0x00000000000001a1      0x129 obj/default/ISR/timer1s/timer1s.o
 .debug_abbrev  0x00000000000002ca      0x1b4 obj/default/buzzer/buzzer.o
 .debug_abbrev  0x000000000000047e       0xa2 obj/default/buzzer/songs/astronomia/astronomia.o
 .debug_abbrev  0x0000000000000520       0xb3 obj/default/buzzer/songs/baby-shark/baby-shark.o
 .debug_abbrev  0x00000000000005d3       0xa2 obj/default/buzzer/songs/crazy-frog/crazy-frog.o
 .debug_abbrev  0x0000000000000675       0xb3 obj/default/buzzer/songs/elise/elise.o
 .debug_abbrev  0x0000000000000728      0x109 obj/default/hex/hex.o
 .debug_abbrev  0x0000000000000831      0x12c obj/default/init/init.o
 .debug_abbrev  0x000000000000095d       0x80 obj/default/leds/leds.o
 .debug_abbrev  0x00000000000009dd      0x129 obj/default/main.o
 .debug_abbrev  0x0000000000000b06       0xf4 obj/default/time/ptime.o
 .debug_abbrev  0x0000000000000bfa      0x1ee /home/lheywang/intelFPGA_lite/18.1/nios2eds/bin/gnu/H-x86_64-pc-linux-gnu/bin/../lib/gcc/nios2-elf/5.3.0/../../../../../H-x86_64-pc-linux-gnu/nios2-elf/lib/libsmallc.a(lib_a-printf.o)
 .debug_abbrev  0x0000000000000de8      0x1d6 /home/lheywang/intelFPGA_lite/18.1/nios2eds/bin/gnu/H-x86_64-pc-linux-gnu/bin/../lib/gcc/nios2-elf/5.3.0/../../../../../H-x86_64-pc-linux-gnu/nios2-elf/lib/libsmallc.a(lib_a-puts.o)
 .debug_abbrev  0x0000000000000fbe      0x1d8 /home/lheywang/intelFPGA_lite/18.1/nios2eds/bin/gnu/H-x86_64-pc-linux-gnu/bin/../lib/gcc/nios2-elf/5.3.0/../../../../../H-x86_64-pc-linux-gnu/nios2-elf/lib/libsmallc.a(lib_a-sprintf.o)
 .debug_abbrev  0x0000000000001196       0x7f /home/lheywang/intelFPGA_lite/18.1/nios2eds/bin/gnu/H-x86_64-pc-linux-gnu/bin/../lib/gcc/nios2-elf/5.3.0/../../../../../H-x86_64-pc-linux-gnu/nios2-elf/lib/libsmallc.a(lib_a-strlen.o)
 .debug_abbrev  0x0000000000001215      0x2a1 /home/lheywang/intelFPGA_lite/18.1/nios2eds/bin/gnu/H-x86_64-pc-linux-gnu/bin/../lib/gcc/nios2-elf/5.3.0/../../../../../H-x86_64-pc-linux-gnu/nios2-elf/lib/libsmallc.a(lib_a-svfprintf.o)
 .debug_abbrev  0x00000000000014b6      0x2a1 /home/lheywang/intelFPGA_lite/18.1/nios2eds/bin/gnu/H-x86_64-pc-linux-gnu/bin/../lib/gcc/nios2-elf/5.3.0/../../../../../H-x86_64-pc-linux-gnu/nios2-elf/lib/libsmallc.a(lib_a-vfprintf.o)
 .debug_abbrev  0x0000000000001757      0x1bc /home/lheywang/intelFPGA_lite/18.1/nios2eds/bin/gnu/H-x86_64-pc-linux-gnu/bin/../lib/gcc/nios2-elf/5.3.0/../../../../../H-x86_64-pc-linux-gnu/nios2-elf/lib/libsmallc.a(lib_a-fvwrite_small_dev.o)
 .debug_abbrev  0x0000000000001913      0x1b5 /home/lheywang/intelFPGA_lite/18.1/nios2eds/bin/gnu/H-x86_64-pc-linux-gnu/bin/../lib/gcc/nios2-elf/5.3.0/../../../../../H-x86_64-pc-linux-gnu/nios2-elf/lib/libsmallc.a(lib_a-fvwrite_small_str.o)
 .debug_abbrev  0x0000000000001ac8      0x14a /home/lheywang/intelFPGA_lite/18.1/nios2eds/bin/gnu/H-x86_64-pc-linux-gnu/bin/../lib/gcc/nios2-elf/5.3.0/../../../../../H-x86_64-pc-linux-gnu/nios2-elf/lib/libsmallc.a(lib_a-impure.o)
 .debug_abbrev  0x0000000000001c12       0x8d /home/lheywang/intelFPGA_lite/18.1/nios2eds/bin/gnu/H-x86_64-pc-linux-gnu/bin/../lib/gcc/nios2-elf/5.3.0/../../../../../H-x86_64-pc-linux-gnu/nios2-elf/lib/libsmallc.a(lib_a-memmove.o)
 .debug_abbrev  0x0000000000001c9f      0x1a6 /home/lheywang/intelFPGA_lite/18.1/nios2eds/bin/gnu/H-x86_64-pc-linux-gnu/bin/../lib/gcc/nios2-elf/5.3.0/../../../../../H-x86_64-pc-linux-gnu/nios2-elf/lib/libsmallc.a(lib_a-writer.o)
 .debug_abbrev  0x0000000000001e45       0x37 /home/lheywang/intelFPGA_lite/18.1/nios2eds/bin/gnu/H-x86_64-pc-linux-gnu/bin/../lib/gcc/nios2-elf/5.3.0/../../../../../H-x86_64-pc-linux-gnu/nios2-elf/lib/libsmallc.a(lib_a-int_errno.o)
 .debug_abbrev  0x0000000000001e7c      0x10e /home/lheywang/intelFPGA_lite/18.1/nios2eds/bin/gnu/H-x86_64-pc-linux-gnu/bin/../lib/gcc/nios2-elf/5.3.0/libgcc.a(lib2-divmod.o)
 .debug_abbrev  0x0000000000001f8a      0x163 ../project_soft_bsp//libhal_bsp.a(alt_iic.o)
 .debug_abbrev  0x00000000000020ed      0x169 ../project_soft_bsp//libhal_bsp.a(alt_iic_isr_register.o)
 .debug_abbrev  0x0000000000002256       0x12 ../project_soft_bsp//libhal_bsp.a(alt_irq_entry.o)
 .debug_abbrev  0x0000000000002268      0x122 ../project_soft_bsp//libhal_bsp.a(alt_irq_handler.o)
 .debug_abbrev  0x000000000000238a       0x40 ../project_soft_bsp//libhal_bsp.a(alt_irq_vars.o)
 .debug_abbrev  0x00000000000023ca       0x9f ../project_soft_bsp//libhal_bsp.a(alt_load.o)
 .debug_abbrev  0x0000000000002469       0xba ../project_soft_bsp//libhal_bsp.a(alt_main.o)
 .debug_abbrev  0x0000000000002523       0x60 ../project_soft_bsp//libhal_bsp.a(alt_usleep.o)
 .debug_abbrev  0x0000000000002583      0x133 ../project_soft_bsp//libhal_bsp.a(alt_write.o)
 .debug_abbrev  0x00000000000026b6      0x157 ../project_soft_bsp//libhal_bsp.a(alt_sys_init.o)
 .debug_abbrev  0x000000000000280d       0xf7 ../project_soft_bsp//libhal_bsp.a(altera_avalon_jtag_uart_fd.o)
 .debug_abbrev  0x0000000000002904       0xd5 ../project_soft_bsp//libhal_bsp.a(altera_avalon_jtag_uart_read.o)
 .debug_abbrev  0x00000000000029d9       0xd5 ../project_soft_bsp//libhal_bsp.a(altera_avalon_jtag_uart_write.o)
 .debug_abbrev  0x0000000000002aae      0x155 ../project_soft_bsp//libhal_bsp.a(altera_avalon_timer_sc.o)
 .debug_abbrev  0x0000000000002c03       0x7e ../project_soft_bsp//libhal_bsp.a(alt_busy_sleep.o)
 .debug_abbrev  0x0000000000002c81      0x11f ../project_soft_bsp//libhal_bsp.a(alt_close.o)
 .debug_abbrev  0x0000000000002da0       0x42 ../project_soft_bsp//libhal_bsp.a(alt_dcache_flush_all.o)
 .debug_abbrev  0x0000000000002de2       0xd9 ../project_soft_bsp//libhal_bsp.a(alt_dev.o)
 .debug_abbrev  0x0000000000002ebb      0x114 ../project_soft_bsp//libhal_bsp.a(alt_dev_llist_insert.o)
 .debug_abbrev  0x0000000000002fcf       0x79 ../project_soft_bsp//libhal_bsp.a(alt_do_ctors.o)
 .debug_abbrev  0x0000000000003048       0x79 ../project_soft_bsp//libhal_bsp.a(alt_do_dtors.o)
 .debug_abbrev  0x00000000000030c1       0x5a ../project_soft_bsp//libhal_bsp.a(alt_errno.o)
 .debug_abbrev  0x000000000000311b       0x12 ../project_soft_bsp//libhal_bsp.a(alt_exception_entry.o)
 .debug_abbrev  0x000000000000312d       0x42 ../project_soft_bsp//libhal_bsp.a(alt_icache_flush_all.o)
 .debug_abbrev  0x000000000000316f       0xdc ../project_soft_bsp//libhal_bsp.a(alt_instruction_exception_entry.o)
 .debug_abbrev  0x000000000000324b      0x114 ../project_soft_bsp//libhal_bsp.a(alt_io_redirect.o)
 .debug_abbrev  0x000000000000335f      0x148 ../project_soft_bsp//libhal_bsp.a(alt_open.o)
 .debug_abbrev  0x00000000000034a7       0xde ../project_soft_bsp//libhal_bsp.a(alt_release_fd.o)
 .debug_abbrev  0x0000000000003585      0x15a ../project_soft_bsp//libhal_bsp.a(alt_tick.o)
 .debug_abbrev  0x00000000000036df       0x42 ../project_soft_bsp//libhal_bsp.a(altera_nios2_gen2_irq.o)
 .debug_abbrev  0x0000000000003721       0xf0 ../project_soft_bsp//libhal_bsp.a(alt_find_dev.o)
 .debug_abbrev  0x0000000000003811       0xf0 ../project_soft_bsp//libhal_bsp.a(alt_find_file.o)
 .debug_abbrev  0x0000000000003901      0x10d ../project_soft_bsp//libhal_bsp.a(alt_get_fd.o)
 .debug_abbrev  0x0000000000003a0e       0x8c ../project_soft_bsp//libhal_bsp.a(alt_icache_flush.o)
 .debug_abbrev  0x0000000000003a9a       0xaa /home/lheywang/intelFPGA_lite/18.1/nios2eds/bin/gnu/H-x86_64-pc-linux-gnu/bin/../lib/gcc/nios2-elf/5.3.0/../../../../../H-x86_64-pc-linux-gnu/nios2-elf/lib/libsmallc.a(lib_a-atexit.o)
 .debug_abbrev  0x0000000000003b44       0x8b /home/lheywang/intelFPGA_lite/18.1/nios2eds/bin/gnu/H-x86_64-pc-linux-gnu/bin/../lib/gcc/nios2-elf/5.3.0/../../../../../H-x86_64-pc-linux-gnu/nios2-elf/lib/libsmallc.a(lib_a-exit.o)
 .debug_abbrev  0x0000000000003bcf       0x7f /home/lheywang/intelFPGA_lite/18.1/nios2eds/bin/gnu/H-x86_64-pc-linux-gnu/bin/../lib/gcc/nios2-elf/5.3.0/../../../../../H-x86_64-pc-linux-gnu/nios2-elf/lib/libsmallc.a(lib_a-memcmp.o)
 .debug_abbrev  0x0000000000003c4e      0x1e6 /home/lheywang/intelFPGA_lite/18.1/nios2eds/bin/gnu/H-x86_64-pc-linux-gnu/bin/../lib/gcc/nios2-elf/5.3.0/../../../../../H-x86_64-pc-linux-gnu/nios2-elf/lib/libsmallc.a(lib_a-__atexit.o)
 .debug_abbrev  0x0000000000003e34      0x1f6 /home/lheywang/intelFPGA_lite/18.1/nios2eds/bin/gnu/H-x86_64-pc-linux-gnu/bin/../lib/gcc/nios2-elf/5.3.0/../../../../../H-x86_64-pc-linux-gnu/nios2-elf/lib/libsmallc.a(lib_a-__call_atexit.o)
 .debug_abbrev  0x000000000000402a       0xa9 ../project_soft_bsp//libhal_bsp.a(alt_exit.o)

.debug_line     0x0000000000000000     0x49a0
 *(.debug_line)
 .debug_line    0x0000000000000000       0x6c ../project_soft_bsp//obj/HAL/src/crt0.o
 .debug_line    0x000000000000006c       0xe7 obj/default/ISR/ISR.o
 .debug_line    0x0000000000000153      0x161 obj/default/ISR/timer1ms/timer1ms.o
 .debug_line    0x00000000000002b4       0xff obj/default/ISR/timer1s/timer1s.o
 .debug_line    0x00000000000003b3      0x26b obj/default/buzzer/buzzer.o
 .debug_line    0x000000000000061e       0x93 obj/default/buzzer/songs/astronomia/astronomia.o
 .debug_line    0x00000000000006b1       0x93 obj/default/buzzer/songs/baby-shark/baby-shark.o
 .debug_line    0x0000000000000744       0x93 obj/default/buzzer/songs/crazy-frog/crazy-frog.o
 .debug_line    0x00000000000007d7       0x7f obj/default/buzzer/songs/elise/elise.o
 .debug_line    0x0000000000000856      0x1a9 obj/default/hex/hex.o
 .debug_line    0x00000000000009ff      0x150 obj/default/init/init.o
 .debug_line    0x0000000000000b4f       0x74 obj/default/leds/leds.o
 .debug_line    0x0000000000000bc3      0x217 obj/default/main.o
 .debug_line    0x0000000000000dda       0xf5 obj/default/time/ptime.o
 .debug_line    0x0000000000000ecf      0x200 /home/lheywang/intelFPGA_lite/18.1/nios2eds/bin/gnu/H-x86_64-pc-linux-gnu/bin/../lib/gcc/nios2-elf/5.3.0/../../../../../H-x86_64-pc-linux-gnu/nios2-elf/lib/libsmallc.a(lib_a-printf.o)
 .debug_line    0x00000000000010cf      0x203 /home/lheywang/intelFPGA_lite/18.1/nios2eds/bin/gnu/H-x86_64-pc-linux-gnu/bin/../lib/gcc/nios2-elf/5.3.0/../../../../../H-x86_64-pc-linux-gnu/nios2-elf/lib/libsmallc.a(lib_a-puts.o)
 .debug_line    0x00000000000012d2      0x20d /home/lheywang/intelFPGA_lite/18.1/nios2eds/bin/gnu/H-x86_64-pc-linux-gnu/bin/../lib/gcc/nios2-elf/5.3.0/../../../../../H-x86_64-pc-linux-gnu/nios2-elf/lib/libsmallc.a(lib_a-sprintf.o)
 .debug_line    0x00000000000014df      0x159 /home/lheywang/intelFPGA_lite/18.1/nios2eds/bin/gnu/H-x86_64-pc-linux-gnu/bin/../lib/gcc/nios2-elf/5.3.0/../../../../../H-x86_64-pc-linux-gnu/nios2-elf/lib/libsmallc.a(lib_a-strlen.o)
 .debug_line    0x0000000000001638      0x34f /home/lheywang/intelFPGA_lite/18.1/nios2eds/bin/gnu/H-x86_64-pc-linux-gnu/bin/../lib/gcc/nios2-elf/5.3.0/../../../../../H-x86_64-pc-linux-gnu/nios2-elf/lib/libsmallc.a(lib_a-svfprintf.o)
 .debug_line    0x0000000000001987      0x34f /home/lheywang/intelFPGA_lite/18.1/nios2eds/bin/gnu/H-x86_64-pc-linux-gnu/bin/../lib/gcc/nios2-elf/5.3.0/../../../../../H-x86_64-pc-linux-gnu/nios2-elf/lib/libsmallc.a(lib_a-vfprintf.o)
 .debug_line    0x0000000000001cd6      0x1ed /home/lheywang/intelFPGA_lite/18.1/nios2eds/bin/gnu/H-x86_64-pc-linux-gnu/bin/../lib/gcc/nios2-elf/5.3.0/../../../../../H-x86_64-pc-linux-gnu/nios2-elf/lib/libsmallc.a(lib_a-fvwrite_small_dev.o)
 .debug_line    0x0000000000001ec3      0x1fb /home/lheywang/intelFPGA_lite/18.1/nios2eds/bin/gnu/H-x86_64-pc-linux-gnu/bin/../lib/gcc/nios2-elf/5.3.0/../../../../../H-x86_64-pc-linux-gnu/nios2-elf/lib/libsmallc.a(lib_a-fvwrite_small_str.o)
 .debug_line    0x00000000000020be      0x153 /home/lheywang/intelFPGA_lite/18.1/nios2eds/bin/gnu/H-x86_64-pc-linux-gnu/bin/../lib/gcc/nios2-elf/5.3.0/../../../../../H-x86_64-pc-linux-gnu/nios2-elf/lib/libsmallc.a(lib_a-impure.o)
 .debug_line    0x0000000000002211      0x168 /home/lheywang/intelFPGA_lite/18.1/nios2eds/bin/gnu/H-x86_64-pc-linux-gnu/bin/../lib/gcc/nios2-elf/5.3.0/../../../../../H-x86_64-pc-linux-gnu/nios2-elf/lib/libsmallc.a(lib_a-memmove.o)
 .debug_line    0x0000000000002379      0x1ea /home/lheywang/intelFPGA_lite/18.1/nios2eds/bin/gnu/H-x86_64-pc-linux-gnu/bin/../lib/gcc/nios2-elf/5.3.0/../../../../../H-x86_64-pc-linux-gnu/nios2-elf/lib/libsmallc.a(lib_a-writer.o)
 .debug_line    0x0000000000002563       0x5c /home/lheywang/intelFPGA_lite/18.1/nios2eds/bin/gnu/H-x86_64-pc-linux-gnu/bin/../lib/gcc/nios2-elf/5.3.0/../../../../../H-x86_64-pc-linux-gnu/nios2-elf/lib/libsmallc.a(lib_a-int_errno.o)
 .debug_line    0x00000000000025bf      0x102 /home/lheywang/intelFPGA_lite/18.1/nios2eds/bin/gnu/H-x86_64-pc-linux-gnu/bin/../lib/gcc/nios2-elf/5.3.0/libgcc.a(lib2-divmod.o)
 .debug_line    0x00000000000026c1       0xeb ../project_soft_bsp//libhal_bsp.a(alt_iic.o)
 .debug_line    0x00000000000027ac       0xdb ../project_soft_bsp//libhal_bsp.a(alt_iic_isr_register.o)
 .debug_line    0x0000000000002887       0x6b ../project_soft_bsp//libhal_bsp.a(alt_irq_entry.o)
 .debug_line    0x00000000000028f2       0xaa ../project_soft_bsp//libhal_bsp.a(alt_irq_handler.o)
 .debug_line    0x000000000000299c       0x50 ../project_soft_bsp//libhal_bsp.a(alt_irq_vars.o)
 .debug_line    0x00000000000029ec       0x8e ../project_soft_bsp//libhal_bsp.a(alt_load.o)
 .debug_line    0x0000000000002a7a       0xa4 ../project_soft_bsp//libhal_bsp.a(alt_main.o)
 .debug_line    0x0000000000002b1e       0xbe ../project_soft_bsp//libhal_bsp.a(alt_usleep.o)
 .debug_line    0x0000000000002bdc      0x1fd ../project_soft_bsp//libhal_bsp.a(alt_write.o)
 .debug_line    0x0000000000002dd9      0x142 ../project_soft_bsp//libhal_bsp.a(alt_sys_init.o)
 .debug_line    0x0000000000002f1b      0x112 ../project_soft_bsp//libhal_bsp.a(altera_avalon_jtag_uart_fd.o)
 .debug_line    0x000000000000302d       0xfd ../project_soft_bsp//libhal_bsp.a(altera_avalon_jtag_uart_read.o)
 .debug_line    0x000000000000312a       0xf4 ../project_soft_bsp//libhal_bsp.a(altera_avalon_jtag_uart_write.o)
 .debug_line    0x000000000000321e       0xfd ../project_soft_bsp//libhal_bsp.a(altera_avalon_timer_sc.o)
 .debug_line    0x000000000000331b       0xa0 ../project_soft_bsp//libhal_bsp.a(alt_busy_sleep.o)
 .debug_line    0x00000000000033bb      0x176 ../project_soft_bsp//libhal_bsp.a(alt_close.o)
 .debug_line    0x0000000000003531       0x51 ../project_soft_bsp//libhal_bsp.a(alt_dcache_flush_all.o)
 .debug_line    0x0000000000003582      0x109 ../project_soft_bsp//libhal_bsp.a(alt_dev.o)