Archive member included to satisfy reference by file (symbol)

/home/lheywang/intelFPGA_lite/18.1/nios2eds/bin/gnu/H-x86_64-pc-linux-gnu/bin/../lib/gcc/nios2-elf/5.3.0/../../../../../H-x86_64-pc-linux-gnu/nios2-elf/lib/libsmallc.a(lib_a-printf.o)
                              obj/default/hello_world.o (printf)
/home/lheywang/intelFPGA_lite/18.1/nios2eds/bin/gnu/H-x86_64-pc-linux-gnu/bin/../lib/gcc/nios2-elf/5.3.0/../../../../../H-x86_64-pc-linux-gnu/nios2-elf/lib/libsmallc.a(lib_a-puts.o)
                              obj/default/hello_world.o (puts)
/home/lheywang/intelFPGA_lite/18.1/nios2eds/bin/gnu/H-x86_64-pc-linux-gnu/bin/../lib/gcc/nios2-elf/5.3.0/../../../../../H-x86_64-pc-linux-gnu/nios2-elf/lib/libsmallc.a(lib_a-sprintf.o)
                              obj/default/time/ptime.o (sprintf)
/home/lheywang/intelFPGA_lite/18.1/nios2eds/bin/gnu/H-x86_64-pc-linux-gnu/bin/../lib/gcc/nios2-elf/5.3.0/../../../../../H-x86_64-pc-linux-gnu/nios2-elf/lib/libsmallc.a(lib_a-strlen.o)
                              /home/lheywang/intelFPGA_lite/18.1/nios2eds/bin/gnu/H-x86_64-pc-linux-gnu/bin/../lib/gcc/nios2-elf/5.3.0/../../../../../H-x86_64-pc-linux-gnu/nios2-elf/lib/libsmallc.a(lib_a-puts.o) (strlen)
/home/lheywang/intelFPGA_lite/18.1/nios2eds/bin/gnu/H-x86_64-pc-linux-gnu/bin/../lib/gcc/nios2-elf/5.3.0/../../../../../H-x86_64-pc-linux-gnu/nios2-elf/lib/libsmallc.a(lib_a-svfprintf.o)
                              /home/lheywang/intelFPGA_lite/18.1/nios2eds/bin/gnu/H-x86_64-pc-linux-gnu/bin/../lib/gcc/nios2-elf/5.3.0/../../../../../H-x86_64-pc-linux-gnu/nios2-elf/lib/libsmallc.a(lib_a-sprintf.o) (___svfprintf_internal_r)
/home/lheywang/intelFPGA_lite/18.1/nios2eds/bin/gnu/H-x86_64-pc-linux-gnu/bin/../lib/gcc/nios2-elf/5.3.0/../../../../../H-x86_64-pc-linux-gnu/nios2-elf/lib/libsmallc.a(lib_a-vfprintf.o)
                              /home/lheywang/intelFPGA_lite/18.1/nios2eds/bin/gnu/H-x86_64-pc-linux-gnu/bin/../lib/gcc/nios2-elf/5.3.0/../../../../../H-x86_64-pc-linux-gnu/nios2-elf/lib/libsmallc.a(lib_a-printf.o) (___vfprintf_internal_r)
/home/lheywang/intelFPGA_lite/18.1/nios2eds/bin/gnu/H-x86_64-pc-linux-gnu/bin/../lib/gcc/nios2-elf/5.3.0/../../../../../H-x86_64-pc-linux-gnu/nios2-elf/lib/libsmallc.a(lib_a-fvwrite_small_dev.o)
                              /home/lheywang/intelFPGA_lite/18.1/nios2eds/bin/gnu/H-x86_64-pc-linux-gnu/bin/../lib/gcc/nios2-elf/5.3.0/../../../../../H-x86_64-pc-linux-gnu/nios2-elf/lib/libsmallc.a(lib_a-printf.o) (__sfvwrite_small_dev)
/home/lheywang/intelFPGA_lite/18.1/nios2eds/bin/gnu/H-x86_64-pc-linux-gnu/bin/../lib/gcc/nios2-elf/5.3.0/../../../../../H-x86_64-pc-linux-gnu/nios2-elf/lib/libsmallc.a(lib_a-fvwrite_small_str.o)
                              /home/lheywang/intelFPGA_lite/18.1/nios2eds/bin/gnu/H-x86_64-pc-linux-gnu/bin/../lib/gcc/nios2-elf/5.3.0/../../../../../H-x86_64-pc-linux-gnu/nios2-elf/lib/libsmallc.a(lib_a-sprintf.o) (__sfvwrite_small_str)
/home/lheywang/intelFPGA_lite/18.1/nios2eds/bin/gnu/H-x86_64-pc-linux-gnu/bin/../lib/gcc/nios2-elf/5.3.0/../../../../../H-x86_64-pc-linux-gnu/nios2-elf/lib/libsmallc.a(lib_a-impure.o)
                              /home/lheywang/intelFPGA_lite/18.1/nios2eds/bin/gnu/H-x86_64-pc-linux-gnu/bin/../lib/gcc/nios2-elf/5.3.0/../../../../../H-x86_64-pc-linux-gnu/nios2-elf/lib/libsmallc.a(lib_a-printf.o) (_impure_ptr)
/home/lheywang/intelFPGA_lite/18.1/nios2eds/bin/gnu/H-x86_64-pc-linux-gnu/bin/../lib/gcc/nios2-elf/5.3.0/../../../../../H-x86_64-pc-linux-gnu/nios2-elf/lib/libsmallc.a(lib_a-memmove.o)
                              /home/lheywang/intelFPGA_lite/18.1/nios2eds/bin/gnu/H-x86_64-pc-linux-gnu/bin/../lib/gcc/nios2-elf/5.3.0/../../../../../H-x86_64-pc-linux-gnu/nios2-elf/lib/libsmallc.a(lib_a-fvwrite_small_str.o) (memmove)
/home/lheywang/intelFPGA_lite/18.1/nios2eds/bin/gnu/H-x86_64-pc-linux-gnu/bin/../lib/gcc/nios2-elf/5.3.0/../../../../../H-x86_64-pc-linux-gnu/nios2-elf/lib/libsmallc.a(lib_a-writer.o)
                              /home/lheywang/intelFPGA_lite/18.1/nios2eds/bin/gnu/H-x86_64-pc-linux-gnu/bin/../lib/gcc/nios2-elf/5.3.0/../../../../../H-x86_64-pc-linux-gnu/nios2-elf/lib/libsmallc.a(lib_a-fvwrite_small_dev.o) (_write_r)
/home/lheywang/intelFPGA_lite/18.1/nios2eds/bin/gnu/H-x86_64-pc-linux-gnu/bin/../lib/gcc/nios2-elf/5.3.0/../../../../../H-x86_64-pc-linux-gnu/nios2-elf/lib/libsmallc.a(lib_a-int_errno.o)
                              /home/lheywang/intelFPGA_lite/18.1/nios2eds/bin/gnu/H-x86_64-pc-linux-gnu/bin/../lib/gcc/nios2-elf/5.3.0/../../../../../H-x86_64-pc-linux-gnu/nios2-elf/lib/libsmallc.a(lib_a-writer.o) (errno)
/home/lheywang/intelFPGA_lite/18.1/nios2eds/bin/gnu/H-x86_64-pc-linux-gnu/bin/../lib/gcc/nios2-elf/5.3.0/libgcc.a(lib2-divmod.o)
                              /home/lheywang/intelFPGA_lite/18.1/nios2eds/bin/gnu/H-x86_64-pc-linux-gnu/bin/../lib/gcc/nios2-elf/5.3.0/../../../../../H-x86_64-pc-linux-gnu/nios2-elf/lib/libsmallc.a(lib_a-svfprintf.o) (__udivsi3)
../project_soft_bsp//libhal_bsp.a(alt_iic.o)
[...]
Memory Configuration

Name             Origin             Length             Attributes
reset            0x0000000000020000 0x0000000000000020
MEMOIRE_ONCHIP   0x0000000000020020 0x000000000001dfe0
*default*        0x0000000000000000 0xffffffffffffffff

Linker script and memory map

LOAD ../project_soft_bsp//obj/HAL/src/crt0.o
LOAD obj/default/buzzer/buzzer.o
LOAD obj/default/hello_world.o
LOAD obj/default/hex/hex.o
LOAD obj/default/time/ptime.o
LOAD /home/lheywang/intelFPGA_lite/18.1/nios2eds/bin/gnu/H-x86_64-pc-linux-gnu/bin/../lib/gcc/nios2-elf/5.3.0/../../../../../H-x86_64-pc-linux-gnu/nios2-elf/lib/libstdc++.a
LOAD /home/lheywang/intelFPGA_lite/18.1/nios2eds/bin/gnu/H-x86_64-pc-linux-gnu/bin/../lib/gcc/nios2-elf/5.3.0/../../../../../H-x86_64-pc-linux-gnu/nios2-elf/lib/libm.a
LOAD /home/lheywang/intelFPGA_lite/18.1/nios2eds/bin/gnu/H-x86_64-pc-linux-gnu/bin/../lib/gcc/nios2-elf/5.3.0/libgcc.a
START GROUP
LOAD /home/lheywang/intelFPGA_lite/18.1/nios2eds/bin/gnu/H-x86_64-pc-linux-gnu/bin/../lib/gcc/nios2-elf/5.3.0/../../../../../H-x86_64-pc-linux-gnu/nios2-elf/lib/libsmallc.a
LOAD /home/lheywang/intelFPGA_lite/18.1/nios2eds/bin/gnu/H-x86_64-pc-linux-gnu/bin/../lib/gcc/nios2-elf/5.3.0/libgcc.a
LOAD ../project_soft_bsp//libhal_bsp.a
LOAD /home/lheywang/intelFPGA_lite/18.1/nios2eds/bin/gnu/H-x86_64-pc-linux-gnu/bin/../lib/gcc/nios2-elf/5.3.0/../../../../../H-x86_64-pc-linux-gnu/nios2-elf/lib/libm.a
END GROUP
LOAD /home/lheywang/intelFPGA_lite/18.1/nios2eds/bin/gnu/H-x86_64-pc-linux-gnu/bin/../lib/gcc/nios2-elf/5.3.0/libgcc.a
                0x0000000000020000                __alt_mem_MEMOIRE_ONCHIP = 0x20000

.entry          0x0000000000020000       0x20
 *(.entry)
 .entry         0x0000000000020000       0x20 ../project_soft_bsp//obj/HAL/src/crt0.o
                0x0000000000020000                __reset

.exceptions     0x0000000000020020      0x224
                0x0000000000020020                PROVIDE (__ram_exceptions_start, ABSOLUTE (.))
                0x0000000000020020                . = ALIGN (0x20)
 *(.irq)
 *(.exceptions.entry.label)
 .exceptions.entry.label
                0x0000000000020020        0x0 ../project_soft_bsp//libhal_bsp.a(alt_irq_entry.o)
                0x0000000000020020                alt_irq_entry
 .exceptions.entry.label
                0x0000000000020020        0x0 ../project_soft_bsp//libhal_bsp.a(alt_exception_entry.o)
                0x0000000000020020                alt_exception
 *(.exceptions.entry.user)
 *(.exceptions.entry.ecc_fatal)
 *(.exceptions.entry)
 .exceptions.entry
                0x0000000000020020       0x54 ../project_soft_bsp//libhal_bsp.a(alt_exception_entry.o)
 *(.exceptions.irqtest.user)
 *(.exceptions.irqtest)
 .exceptions.irqtest
                0x0000000000020074       0x10 ../project_soft_bsp//libhal_bsp.a(alt_irq_entry.o)
 *(.exceptions.irqhandler.user)
 *(.exceptions.irqhandler)
 .exceptions.irqhandler
                0x0000000000020084        0x4 ../project_soft_bsp//libhal_bsp.a(alt_irq_entry.o)
 *(.exceptions.irqreturn.user)
 *(.exceptions.irqreturn)
 .exceptions.irqreturn
                0x0000000000020088        0x4 ../project_soft_bsp//libhal_bsp.a(alt_irq_entry.o)
 *(.exceptions.notirq.label)
 .exceptions.notirq.label
                0x000000000002008c        0x0 ../project_soft_bsp//libhal_bsp.a(alt_irq_entry.o)
 *(.exceptions.notirq.user)
 *(.exceptions.notirq)
 .exceptions.notirq
                0x000000000002008c        0x8 ../project_soft_bsp//libhal_bsp.a(alt_exception_entry.o)
 *(.exceptions.soft.user)
 *(.exceptions.soft)
 *(.exceptions.unknown.user)
 *(.exceptions.unknown)
 .exceptions.unknown
                0x0000000000020094       0x14 ../project_soft_bsp//libhal_bsp.a(alt_exception_entry.o)
 *(.exceptions.exit.label)
 .exceptions.exit.label
                0x00000000000200a8        0x0 ../project_soft_bsp//libhal_bsp.a(alt_irq_entry.o)
 .exceptions.exit.label
                0x00000000000200a8        0x0 ../project_soft_bsp//libhal_bsp.a(alt_exception_entry.o)
 *(.exceptions.exit.user)
 *(.exceptions.exit)
 .exceptions.exit
                0x00000000000200a8       0x54 ../project_soft_bsp//libhal_bsp.a(alt_exception_entry.o)
 *(.exceptions)
 .exceptions    0x00000000000200fc       0xd4 ../project_soft_bsp//libhal_bsp.a(alt_irq_handler.o)
                0x00000000000200fc                alt_irq_handler
 .exceptions    0x00000000000201d0       0x74 ../project_soft_bsp//libhal_bsp.a(alt_instruction_exception_entry.o)
                0x00000000000201d0                alt_instruction_exception_entry
                0x0000000000020244                PROVIDE (__ram_exceptions_end, ABSOLUTE (.))
                0x0000000000020020                PROVIDE (__flash_exceptions_start, LOADADDR (.exceptions))

.text           0x0000000000020244     0x352c
                [!provide]                        PROVIDE (stext, ABSOLUTE (.))
 *(.interp)
 *(.hash)
 *(.dynsym)
 *(.dynstr)
 *(.gnu.version)
 *(.gnu.version_d)
 *(.gnu.version_r)
 *(.rel.init)
 *(.rela.init)
 *(.rel.text .rel.text.* .rel.gnu.linkonce.t.*)
 *(.rela.text .rela.text.* .rela.gnu.linkonce.t.*)
 *(.rel.fini)
 *(.rela.fini)
 *(.rel.rodata .rel.rodata.* .rel.gnu.linkonce.r.*)
 *(.rela.rodata .rela.rodata.* .rela.gnu.linkonce.r.*)
 *(.rel.data .rel.data.* .rel.gnu.linkonce.d.*)
 *(.rela.data .rela.data.* .rela.gnu.linkonce.d.*)
 *(.rel.tdata .rel.tdata.* .rel.gnu.linkonce.td.*)
 *(.rela.tdata .rela.tdata.* .rela.gnu.linkonce.td.*)
 *(.rel.tbss .rel.tbss.* .rel.gnu.linkonce.tb.*)
 *(.rela.tbss .rela.tbss.* .rela.gnu.linkonce.tb.*)
 *(.rel.ctors)
 *(.rela.ctors)
 *(.rel.dtors)
 *(.rela.dtors)
 *(.rel.got)
 *(.rela.got)
 *(.rel.sdata .rel.sdata.* .rel.gnu.linkonce.s.*)
 *(.rela.sdata .rela.sdata.* .rela.gnu.linkonce.s.*)
 *(.rel.sbss .rel.sbss.* .rel.gnu.linkonce.sb.*)
 *(.rela.sbss .rela.sbss.* .rela.gnu.linkonce.sb.*)
 *(.rel.sdata2 .rel.sdata2.* .rel.gnu.linkonce.s2.*)
 *(.rela.sdata2 .rela.sdata2.* .rela.gnu.linkonce.s2.*)
 *(.rel.sbss2 .rel.sbss2.* .rel.gnu.linkonce.sb2.*)
 *(.rela.sbss2 .rela.sbss2.* .rela.gnu.linkonce.sb2.*)
 *(.rel.bss .rel.bss.* .rel.gnu.linkonce.b.*)
 *(.rela.bss .rela.bss.* .rela.gnu.linkonce.b.*)
 *(.rel.plt)
 *(.rela.plt)
 *(.rel.dyn)
 *(.init)
 *(.plt)
 *(.text .stub .text.* .gnu.linkonce.t.*)
 .text          0x0000000000020244       0x3c ../project_soft_bsp//obj/HAL/src/crt0.o
                0x0000000000020244                _start
 .text          0x0000000000020280      0x2a8 obj/default/buzzer/buzzer.o
                0x0000000000020280                buzzer_set_note
                0x00000000000202a8                buzzer_set_volume
                0x00000000000202e8                buzzer_enable
                0x000000000002030c                buzzer_disable
                0x0000000000020328                buzzer_set_duration
                0x0000000000020368                buzzer_play
                0x0000000000020438                buzzer_play_song
                0x0000000000020504                buzzer_stop_song
 .text          0x0000000000020528      0x174 obj/default/hello_world.o
                0x0000000000020564                main
 .text          0x000000000002069c      0x400 obj/default/hex/hex.o
                0x000000000002069c                char27seg
                0x00000000000208e4                hex_display
 .text          0x0000000000020a9c      0x114 obj/default/time/ptime.o
                0x0000000000020a9c                time_increment
                0x0000000000020b08                time_print
 .text          0x0000000000020bb0        0x0 /home/lheywang/intelFPGA_lite/18.1/nios2eds/bin/gnu/H-x86_64-pc-linux-gnu/bin/../lib/gcc/nios2-elf/5.3.0/../../../../../H-x86_64-pc-linux-gnu/nios2-elf/lib/libsmallc.a(lib_a-printf.o)
 .text._printf_r
                0x0000000000020bb0       0x3c /home/lheywang/intelFPGA_lite/18.1/nios2eds/bin/gnu/H-x86_64-pc-linux-gnu/bin/../lib/gcc/nios2-elf/5.3.0/../../../../../H-x86_64-pc-linux-gnu/nios2-elf/lib/libsmallc.a(lib_a-printf.o)
                0x0000000000020bb0                _printf_r
 .text.printf   0x0000000000020bec       0x4c /home/lheywang/intelFPGA_lite/18.1/nios2eds/bin/gnu/H-x86_64-pc-linux-gnu/bin/../lib/gcc/nios2-elf/5.3.0/../../../../../H-x86_64-pc-linux-gnu/nios2-elf/lib/libsmallc.a(lib_a-printf.o)
                0x0000000000020bec                printf
 .text          0x0000000000020c38        0x0 /home/lheywang/intelFPGA_lite/18.1/nios2eds/bin/gnu/H-x86_64-pc-linux-gnu/bin/../lib/gcc/nios2-elf/5.3.0/../../../../../H-x86_64-pc-linux-gnu/nios2-elf/lib/libsmallc.a(lib_a-puts.o)
 .text._puts_r  0x0000000000020c38       0x80 /home/lheywang/intelFPGA_lite/18.1/nios2eds/bin/gnu/H-x86_64-pc-linux-gnu/bin/../lib/gcc/nios2-elf/5.3.0/../../../../../H-x86_64-pc-linux-gnu/nios2-elf/lib/libsmallc.a(lib_a-puts.o)
                0x0000000000020c38                _puts_r
 .text.puts     0x0000000000020cb8       0x14 /home/lheywang/intelFPGA_lite/18.1/nios2eds/bin/gnu/H-x86_64-pc-linux-gnu/bin/../lib/gcc/nios2-elf/5.3.0/../../../../../H-x86_64-pc-linux-gnu/nios2-elf/lib/libsmallc.a(lib_a-puts.o)
                0x0000000000020cb8                puts
 .text          0x0000000000020ccc        0x0 /home/lheywang/intelFPGA_lite/18.1/nios2eds/bin/gnu/H-x86_64-pc-linux-gnu/bin/../lib/gcc/nios2-elf/5.3.0/../../../../../H-x86_64-pc-linux-gnu/nios2-elf/lib/libsmallc.a(lib_a-sprintf.o)
 .text._sprintf_r
                0x0000000000020ccc       0x64 /home/lheywang/intelFPGA_lite/18.1/nios2eds/bin/gnu/H-x86_64-pc-linux-gnu/bin/../lib/gcc/nios2-elf/5.3.0/../../../../../H-x86_64-pc-linux-gnu/nios2-elf/lib/libsmallc.a(lib_a-sprintf.o)
                0x0000000000020ccc                _sprintf_r
 .text.sprintf  0x0000000000020d30       0x78 /home/lheywang/intelFPGA_lite/18.1/nios2eds/bin/gnu/H-x86_64-pc-linux-gnu/bin/../lib/gcc/nios2-elf/5.3.0/../../../../../H-x86_64-pc-linux-gnu/nios2-elf/lib/libsmallc.a(lib_a-sprintf.o)
                0x0000000000020d30                sprintf
 .text          0x0000000000020da8        0x0 /home/lheywang/intelFPGA_lite/18.1/nios2eds/bin/gnu/H-x86_64-pc-linux-gnu/bin/../lib/gcc/nios2-elf/5.3.0/../../../../../H-x86_64-pc-linux-gnu/nios2-elf/lib/libsmallc.a(lib_a-strlen.o)
 .text.strlen   0x0000000000020da8       0x1c /home/lheywang/intelFPGA_lite/18.1/nios2eds/bin/gnu/H-x86_64-pc-linux-gnu/bin/../lib/gcc/nios2-elf/5.3.0/../../../../../H-x86_64-pc-linux-gnu/nios2-elf/lib/libsmallc.a(lib_a-strlen.o)
                0x0000000000020da8                strlen
 .text          0x0000000000020dc4        0x0 /home/lheywang/intelFPGA_lite/18.1/nios2eds/bin/gnu/H-x86_64-pc-linux-gnu/bin/../lib/gcc/nios2-elf/5.3.0/../../../../../H-x86_64-pc-linux-gnu/nios2-elf/lib/libsmallc.a(lib_a-svfprintf.o)
 .text.print_repeat
                0x0000000000020dc4       0x6c /home/lheywang/intelFPGA_lite/18.1/nios2eds/bin/gnu/H-x86_64-pc-linux-gnu/bin/../lib/gcc/nios2-elf/5.3.0/../../../../../H-x86_64-pc-linux-gnu/nios2-elf/lib/libsmallc.a(lib_a-svfprintf.o)
 .text.___svfprintf_internal_r
                0x0000000000020e30      0x524 /home/lheywang/intelFPGA_lite/18.1/nios2eds/bin/gnu/H-x86_64-pc-linux-gnu/bin/../lib/gcc/nios2-elf/5.3.0/../../../../../H-x86_64-pc-linux-gnu/nios2-elf/lib/libsmallc.a(lib_a-svfprintf.o)
                0x0000000000020e30                ___svfprintf_internal_r
 .text.__vfprintf_internal_unused
                0x0000000000021354       0x1c /home/lheywang/intelFPGA_lite/18.1/nios2eds/bin/gnu/H-x86_64-pc-linux-gnu/bin/../lib/gcc/nios2-elf/5.3.0/../../../../../H-x86_64-pc-linux-gnu/nios2-elf/lib/libsmallc.a(lib_a-svfprintf.o)
                0x0000000000021354                __vfprintf_internal_unused
 .text          0x0000000000021370        0x0 /home/lheywang/intelFPGA_lite/18.1/nios2eds/bin/gnu/H-x86_64-pc-linux-gnu/bin/../lib/gcc/nios2-elf/5.3.0/../../../../../H-x86_64-pc-linux-gnu/nios2-elf/lib/libsmallc.a(lib_a-vfprintf.o)
 .text.print_repeat
                0x0000000000021370       0x6c /home/lheywang/intelFPGA_lite/18.1/nios2eds/bin/gnu/H-x86_64-pc-linux-gnu/bin/../lib/gcc/nios2-elf/5.3.0/../../../../../H-x86_64-pc-linux-gnu/nios2-elf/lib/libsmallc.a(lib_a-vfprintf.o)
 .text.___vfprintf_internal_r
                0x00000000000213dc      0x524 /home/lheywang/intelFPGA_lite/18.1/nios2eds/bin/gnu/H-x86_64-pc-linux-gnu/bin/../lib/gcc/nios2-elf/5.3.0/../../../../../H-x86_64-pc-linux-gnu/nios2-elf/lib/libsmallc.a(lib_a-vfprintf.o)
                0x00000000000213dc                ___vfprintf_internal_r
 .text.__vfprintf_internal
                0x0000000000021900       0x1c /home/lheywang/intelFPGA_lite/18.1/nios2eds/bin/gnu/H-x86_64-pc-linux-gnu/bin/../lib/gcc/nios2-elf/5.3.0/../../../../../H-x86_64-pc-linux-gnu/nios2-elf/lib/libsmallc.a(lib_a-vfprintf.o)
                0x0000000000021900                __vfprintf_internal
 .text          0x000000000002191c        0x0 /home/lheywang/intelFPGA_lite/18.1/nios2eds/bin/gnu/H-x86_64-pc-linux-gnu/bin/../lib/gcc/nios2-elf/5.3.0/../../../../../H-x86_64-pc-linux-gnu/nios2-elf/lib/libsmallc.a(lib_a-fvwrite_small_dev.o)
 .text.__sfvwrite_small_dev
                0x000000000002191c       0xb8 /home/lheywang/intelFPGA_lite/18.1/nios2eds/bin/gnu/H-x86_64-pc-linux-gnu/bin/../lib/gcc/nios2-elf/5.3.0/../../../../../H-x86_64-pc-linux-gnu/nios2-elf/lib/libsmallc.a(lib_a-fvwrite_small_dev.o)
                0x000000000002191c                __sfvwrite_small_dev
 .text          0x00000000000219d4        0x0 /home/lheywang/intelFPGA_lite/18.1/nios2eds/bin/gnu/H-x86_64-pc-linux-gnu/bin/../lib/gcc/nios2-elf/5.3.0/../../../../../H-x86_64-pc-linux-gnu/nios2-elf/lib/libsmallc.a(lib_a-fvwrite_small_str.o)
 .text.__sfvwrite_small_str
                0x00000000000219d4       0xa8 /home/lheywang/intelFPGA_lite/18.1/nios2eds/bin/gnu/H-x86_64-pc-linux-gnu/bin/../lib/gcc/nios2-elf/5.3.0/../../../../../H-x86_64-pc-linux-gnu/nios2-elf/lib/libsmallc.a(lib_a-fvwrite_small_str.o)
                0x00000000000219d4                __sfvwrite_small_str
 .text          0x0000000000021a7c        0x0 /home/lheywang/intelFPGA_lite/18.1/nios2eds/bin/gnu/H-x86_64-pc-linux-gnu/bin/../lib/gcc/nios2-elf/5.3.0/../../../../../H-x86_64-pc-linux-gnu/nios2-elf/lib/libsmallc.a(lib_a-impure.o)
 .text          0x0000000000021a7c        0x0 /home/lheywang/intelFPGA_lite/18.1/nios2eds/bin/gnu/H-x86_64-pc-linux-gnu/bin/../lib/gcc/nios2-elf/5.3.0/../../../../../H-x86_64-pc-linux-gnu/nios2-elf/lib/libsmallc.a(lib_a-memmove.o)
 .text.memmove  0x0000000000021a7c       0x60 /home/lheywang/intelFPGA_lite/18.1/nios2eds/bin/gnu/H-x86_64-pc-linux-gnu/bin/../lib/gcc/nios2-elf/5.3.0/../../../../../H-x86_64-pc-linux-gnu/nios2-elf/lib/libsmallc.a(lib_a-memmove.o)
                0x0000000000021a7c                memmove
 .text          0x0000000000021adc        0x0 /home/lheywang/intelFPGA_lite/18.1/nios2eds/bin/gnu/H-x86_64-pc-linux-gnu/bin/../lib/gcc/nios2-elf/5.3.0/../../../../../H-x86_64-pc-linux-gnu/nios2-elf/lib/libsmallc.a(lib_a-writer.o)
 .text._write_r
                0x0000000000021adc       0x58 /home/lheywang/intelFPGA_lite/18.1/nios2eds/bin/gnu/H-x86_64-pc-linux-gnu/bin/../lib/gcc/nios2-elf/5.3.0/../../../../../H-x86_64-pc-linux-gnu/nios2-elf/lib/libsmallc.a(lib_a-writer.o)
                0x0000000000021adc                _write_r
 .text          0x0000000000021b34        0x0 /home/lheywang/intelFPGA_lite/18.1/nios2eds/bin/gnu/H-x86_64-pc-linux-gnu/bin/../lib/gcc/nios2-elf/5.3.0/../../../../../H-x86_64-pc-linux-gnu/nios2-elf/lib/libsmallc.a(lib_a-int_errno.o)
 .text          0x0000000000021b34      0x1b4 /home/lheywang/intelFPGA_lite/18.1/nios2eds/bin/gnu/H-x86_64-pc-linux-gnu/bin/../lib/gcc/nios2-elf/5.3.0/libgcc.a(lib2-divmod.o)
                0x0000000000021b34                __divsi3
                0x0000000000021bb8                __modsi3
                0x0000000000021c2c                __udivsi3
                0x0000000000021c90                __umodsi3
 .text          0x0000000000021ce8      0x1b0 ../project_soft_bsp//libhal_bsp.a(alt_iic.o)
                0x0000000000021ce8                alt_ic_isr_register
                0x0000000000021d38                alt_ic_irq_enable
                0x0000000000021dc0                alt_ic_irq_disable
                0x0000000000021e4c                alt_ic_irq_enabled
 .text          0x0000000000021e98       0xf0 ../project_soft_bsp//libhal_bsp.a(alt_iic_isr_register.o)
                0x0000000000021e98                alt_iic_isr_register
 .text          0x0000000000021f88        0x0 ../project_soft_bsp//libhal_bsp.a(alt_irq_entry.o)
 .text          0x0000000000021f88        0x0 ../project_soft_bsp//libhal_bsp.a(alt_irq_handler.o)
 .text          0x0000000000021f88        0x0 ../project_soft_bsp//libhal_bsp.a(alt_irq_vars.o)
 .text          0x0000000000021f88       0xec ../project_soft_bsp//libhal_bsp.a(alt_load.o)
                0x0000000000021ff0                alt_load
 .text          0x0000000000022074       0x7c ../project_soft_bsp//libhal_bsp.a(alt_main.o)
                0x0000000000022074                alt_main
 .text          0x00000000000220f0       0x30 ../project_soft_bsp//libhal_bsp.a(alt_usleep.o)
                0x00000000000220f0                usleep
 .text          0x0000000000022120      0x134 ../project_soft_bsp//libhal_bsp.a(alt_write.o)
                0x000000000002215c                write
 .text          0x0000000000022254       0xbc ../project_soft_bsp//libhal_bsp.a(alt_sys_init.o)
                0x0000000000022288                alt_irq_init
                0x00000000000222c0                alt_sys_init
 .text          0x0000000000022310       0xc0 ../project_soft_bsp//libhal_bsp.a(altera_avalon_jtag_uart_fd.o)
                0x0000000000022310                altera_avalon_jtag_uart_read_fd
                0x0000000000022370                altera_avalon_jtag_uart_write_fd
 .text          0x00000000000223d0       0xec ../project_soft_bsp//libhal_bsp.a(altera_avalon_jtag_uart_read.o)
                0x00000000000223d0                altera_avalon_jtag_uart_read
 .text          0x00000000000224bc       0x94 ../project_soft_bsp//libhal_bsp.a(altera_avalon_jtag_uart_write.o)
                0x00000000000224bc                altera_avalon_jtag_uart_write
 .text          0x0000000000022550       0xf4 ../project_soft_bsp//libhal_bsp.a(altera_avalon_timer_sc.o)
                0x00000000000225c8                alt_avalon_timer_sc_init
 .text          0x0000000000022644      0x158 ../project_soft_bsp//libhal_bsp.a(alt_busy_sleep.o)
                0x0000000000022644                alt_busy_sleep
 .text          0x000000000002279c      0x10c ../project_soft_bsp//libhal_bsp.a(alt_close.o)
                0x00000000000227d8                close
 .text          0x00000000000228a8       0x20 ../project_soft_bsp//libhal_bsp.a(alt_dcache_flush_all.o)
                0x00000000000228a8                alt_dcache_flush_all
 .text          0x00000000000228c8       0x2c ../project_soft_bsp//libhal_bsp.a(alt_dev.o)
 .text          0x00000000000228f4       0xe0 ../project_soft_bsp//libhal_bsp.a(alt_dev_llist_insert.o)
                0x0000000000022930                alt_dev_llist_insert
 .text          0x00000000000229d4       0x60 ../project_soft_bsp//libhal_bsp.a(alt_do_ctors.o)
                0x00000000000229d4                _do_ctors
 .text          0x0000000000022a34       0x60 ../project_soft_bsp//libhal_bsp.a(alt_do_dtors.o)
                0x0000000000022a34                _do_dtors
 .text          0x0000000000022a94        0x0 ../project_soft_bsp//libhal_bsp.a(alt_errno.o)
 .text          0x0000000000022a94        0x0 ../project_soft_bsp//libhal_bsp.a(alt_exception_entry.o)
 .text          0x0000000000022a94       0x34 ../project_soft_bsp//libhal_bsp.a(alt_icache_flush_all.o)
                0x0000000000022a94                alt_icache_flush_all
 .text          0x0000000000022ac8       0x9c ../project_soft_bsp//libhal_bsp.a(alt_instruction_exception_entry.o)
                0x0000000000022ac8                alt_exception_cause_generated_bad_addr
 .text          0x0000000000022b64      0x140 ../project_soft_bsp//libhal_bsp.a(alt_io_redirect.o)
                0x0000000000022c28                alt_io_redirect
 .text          0x0000000000022ca4      0x254 ../project_soft_bsp//libhal_bsp.a(alt_open.o)
                0x0000000000022da4                open
 .text          0x0000000000022ef8       0x64 ../project_soft_bsp//libhal_bsp.a(alt_release_fd.o)
                0x0000000000022ef8                alt_release_fd
 .text          0x0000000000022f5c      0x1a4 ../project_soft_bsp//libhal_bsp.a(alt_tick.o)
                0x0000000000022f5c                alt_alarm_stop
                0x0000000000022ff8                alt_tick
 .text          0x0000000000023100       0x24 ../project_soft_bsp//libhal_bsp.a(altera_nios2_gen2_irq.o)
                0x0000000000023100                altera_nios2_gen2_irq_init
 .text          0x0000000000023124       0x90 ../project_soft_bsp//libhal_bsp.a(alt_find_dev.o)
                0x0000000000023124                alt_find_dev
 .text          0x00000000000231b4      0x108 ../project_soft_bsp//libhal_bsp.a(alt_find_file.o)
                0x00000000000231b4                alt_find_file
 .text          0x00000000000232bc       0xa4 ../project_soft_bsp//libhal_bsp.a(alt_get_fd.o)
                0x00000000000232bc                alt_get_fd
 .text          0x0000000000023360       0x90 ../project_soft_bsp//libhal_bsp.a(alt_icache_flush.o)
                0x0000000000023360                alt_icache_flush
 .text          0x00000000000233f0        0x0 /home/lheywang/intelFPGA_lite/18.1/nios2eds/bin/gnu/H-x86_64-pc-linux-gnu/bin/../lib/gcc/nios2-elf/5.3.0/../../../../../H-x86_64-pc-linux-gnu/nios2-elf/lib/libsmallc.a(lib_a-atexit.o)
 .text.atexit   0x00000000000233f0       0x14 /home/lheywang/intelFPGA_lite/18.1/nios2eds/bin/gnu/H-x86_64-pc-linux-gnu/bin/../lib/gcc/nios2-elf/5.3.0/../../../../../H-x86_64-pc-linux-gnu/nios2-elf/lib/libsmallc.a(lib_a-atexit.o)
                0x00000000000233f0                atexit
 .text          0x0000000000023404        0x0 /home/lheywang/intelFPGA_lite/18.1/nios2eds/bin/gnu/H-x86_64-pc-linux-gnu/bin/../lib/gcc/nios2-elf/5.3.0/../../../../../H-x86_64-pc-linux-gnu/nios2-elf/lib/libsmallc.a(lib_a-exit.o)
 .text.exit     0x0000000000023404       0x20 /home/lheywang/intelFPGA_lite/18.1/nios2eds/bin/gnu/H-x86_64-pc-linux-gnu/bin/../lib/gcc/nios2-elf/5.3.0/../../../../../H-x86_64-pc-linux-gnu/nios2-elf/lib/libsmallc.a(lib_a-exit.o)
                0x0000000000023404                exit
 .text          0x0000000000023424        0x0 /home/lheywang/intelFPGA_lite/18.1/nios2eds/bin/gnu/H-x86_64-pc-linux-gnu/bin/../lib/gcc/nios2-elf/5.3.0/../../../../../H-x86_64-pc-linux-gnu/nios2-elf/lib/libsmallc.a(lib_a-memcmp.o)
 .text.memcmp   0x0000000000023424       0x30 /home/lheywang/intelFPGA_lite/18.1/nios2eds/bin/gnu/H-x86_64-pc-linux-gnu/bin/../lib/gcc/nios2-elf/5.3.0/../../../../../H-x86_64-pc-linux-gnu/nios2-elf/lib/libsmallc.a(lib_a-memcmp.o)
                0x0000000000023424                memcmp
 .text          0x0000000000023454        0x0 /home/lheywang/intelFPGA_lite/18.1/nios2eds/bin/gnu/H-x86_64-pc-linux-gnu/bin/../lib/gcc/nios2-elf/5.3.0/../../../../../H-x86_64-pc-linux-gnu/nios2-elf/lib/libsmallc.a(lib_a-__atexit.o)
 .text.__register_exitproc
                0x0000000000023454      0x158 /home/lheywang/intelFPGA_lite/18.1/nios2eds/bin/gnu/H-x86_64-pc-linux-gnu/bin/../lib/gcc/nios2-elf/5.3.0/../../../../../H-x86_64-pc-linux-gnu/nios2-elf/lib/libsmallc.a(lib_a-__atexit.o)
                0x0000000000023454                __register_exitproc
 .text          0x00000000000235ac        0x0 /home/lheywang/intelFPGA_lite/18.1/nios2eds/bin/gnu/H-x86_64-pc-linux-gnu/bin/../lib/gcc/nios2-elf/5.3.0/../../../../../H-x86_64-pc-linux-gnu/nios2-elf/lib/libsmallc.a(lib_a-__call_atexit.o)
 .text.__call_exitprocs
                0x00000000000235ac      0x190 /home/lheywang/intelFPGA_lite/18.1/nios2eds/bin/gnu/H-x86_64-pc-linux-gnu/bin/../lib/gcc/nios2-elf/5.3.0/../../../../../H-x86_64-pc-linux-gnu/nios2-elf/lib/libsmallc.a(lib_a-__call_atexit.o)
                0x00000000000235ac                __call_exitprocs
 .text          0x000000000002373c       0x34 ../project_soft_bsp//libhal_bsp.a(alt_exit.o)
                0x000000000002373c                _exit
 *(.gnu.warning.*)
 *(.fini)
                [!provide]                        PROVIDE (__etext, ABSOLUTE (.))
                [!provide]                        PROVIDE (_etext, ABSOLUTE (.))
                [!provide]                        PROVIDE (etext, ABSOLUTE (.))
 *(.eh_frame_hdr)
                0x0000000000023770                . = ALIGN (0x4)
                [!provide]                        PROVIDE (__preinit_array_start, ABSOLUTE (.))
 *(.preinit_array)
                [!provide]                        PROVIDE (__preinit_array_end, ABSOLUTE (.))
                [!provide]                        PROVIDE (__init_array_start, ABSOLUTE (.))
 *(.init_array)
                [!provide]                        PROVIDE (__init_array_end, ABSOLUTE (.))
                [!provide]                        PROVIDE (__fini_array_start, ABSOLUTE (.))
 *(.fini_array)
                [!provide]                        PROVIDE (__fini_array_end, ABSOLUTE (.))
 *(.eh_frame)
 *(.gcc_except_table .gcc_except_table.*)
 *(.dynamic)
                0x0000000000023770                PROVIDE (__CTOR_LIST__, ABSOLUTE (.))
 *(.ctors)
 *(SORT(.ctors.*))
                0x0000000000023770                PROVIDE (__CTOR_END__, ABSOLUTE (.))
                0x0000000000023770                PROVIDE (__DTOR_LIST__, ABSOLUTE (.))
 *(.dtors)
 *(SORT(.dtors.*))
                0x0000000000023770                PROVIDE (__DTOR_END__, ABSOLUTE (.))
 *(.jcr)
                0x0000000000023770                . = ALIGN (0x4)

.rodata         0x0000000000023770      0x130
                0x0000000000023770                PROVIDE (__ram_rodata_start, ABSOLUTE (.))
                0x0000000000023770                . = ALIGN (0x4)
 *(.rodata .rodata.* .gnu.linkonce.r.*)
 .rodata.str1.4
                0x0000000000023770       0x96 obj/default/hello_world.o
 *fill*         0x0000000000023806        0x2 
 .rodata        0x0000000000023808       0x58 obj/default/hex/hex.o
 .rodata.str1.4
                0x0000000000023860        0xc obj/default/time/ptime.o
                                          0xb (size before relaxing)
 .rodata.str1.4
                0x000000000002386c        0x2 /home/lheywang/intelFPGA_lite/18.1/nios2eds/bin/gnu/H-x86_64-pc-linux-gnu/bin/../lib/gcc/nios2-elf/5.3.0/../../../../../H-x86_64-pc-linux-gnu/nios2-elf/lib/libsmallc.a(lib_a-puts.o)
 .rodata        0x000000000002386c       0x11 ../project_soft_bsp//libhal_bsp.a(alt_main.o)
 *fill*         0x000000000002387d        0x3 
 .rodata        0x0000000000023880       0x11 ../project_soft_bsp//libhal_bsp.a(alt_sys_init.o)
 *fill*         0x0000000000023891        0x3 
 .rodata        0x0000000000023894        0xa ../project_soft_bsp//libhal_bsp.a(alt_dev.o)
 *(.rodata1)
                0x00000000000238a0                . = ALIGN (0x4)
 *fill*         0x000000000002389e        0x2 
                0x00000000000238a0                PROVIDE (__ram_rodata_end, ABSOLUTE (.))
                0x0000000000023770                PROVIDE (__flash_rodata_start, LOADADDR (.rodata))

.rwdata         0x00000000000238a0      0x360 load address 0x0000000000023c00
                0x00000000000238a0                PROVIDE (__ram_rwdata_start, ABSOLUTE (.))
                0x00000000000238a0                . = ALIGN (0x4)
 *(.got.plt)
 *(.got)
 *(.data1)
 *(.data .data.* .gnu.linkonce.d.*)
 .data          0x00000000000238a0        0x0 ../project_soft_bsp//obj/HAL/src/crt0.o
 .data          0x00000000000238a0        0x0 obj/default/buzzer/buzzer.o
 .data          0x00000000000238a0       0x80 obj/default/hello_world.o
                0x00000000000238a0                CrazyFrog
                0x00000000000238b8                crazy_frog_data
 .data          0x0000000000023920        0x0 obj/default/hex/hex.o
 .data          0x0000000000023920        0x0 obj/default/time/ptime.o
 .data          0x0000000000023920        0x0 /home/lheywang/intelFPGA_lite/18.1/nios2eds/bin/gnu/H-x86_64-pc-linux-gnu/bin/../lib/gcc/nios2-elf/5.3.0/../../../../../H-x86_64-pc-linux-gnu/nios2-elf/lib/libsmallc.a(lib_a-printf.o)
 .data          0x0000000000023920        0x0 /home/lheywang/intelFPGA_lite/18.1/nios2eds/bin/gnu/H-x86_64-pc-linux-gnu/bin/../lib/gcc/nios2-elf/5.3.0/../../../../../H-x86_64-pc-linux-gnu/nios2-elf/lib/libsmallc.a(lib_a-puts.o)
 .data          0x0000000000023920        0x0 /home/lheywang/intelFPGA_lite/18.1/nios2eds/bin/gnu/H-x86_64-pc-linux-gnu/bin/../lib/gcc/nios2-elf/5.3.0/../../../../../H-x86_64-pc-linux-gnu/nios2-elf/lib/libsmallc.a(lib_a-sprintf.o)
 .data          0x0000000000023920        0x0 /home/lheywang/intelFPGA_lite/18.1/nios2eds/bin/gnu/H-x86_64-pc-linux-gnu/bin/../lib/gcc/nios2-elf/5.3.0/../../../../../H-x86_64-pc-linux-gnu/nios2-elf/lib/libsmallc.a(lib_a-strlen.o)
 .data          0x0000000000023920        0x0 /home/lheywang/intelFPGA_lite/18.1/nios2eds/bin/gnu/H-x86_64-pc-linux-gnu/bin/../lib/gcc/nios2-elf/5.3.0/../../../../../H-x86_64-pc-linux-gnu/nios2-elf/lib/libsmallc.a(lib_a-svfprintf.o)
 .data          0x0000000000023920        0x0 /home/lheywang/intelFPGA_lite/18.1/nios2eds/bin/gnu/H-x86_64-pc-linux-gnu/bin/../lib/gcc/nios2-elf/5.3.0/../../../../../H-x86_64-pc-linux-gnu/nios2-elf/lib/libsmallc.a(lib_a-vfprintf.o)
 .data          0x0000000000023920        0x0 /home/lheywang/intelFPGA_lite/18.1/nios2eds/bin/gnu/H-x86_64-pc-linux-gnu/bin/../lib/gcc/nios2-elf/5.3.0/../../../../../H-x86_64-pc-linux-gnu/nios2-elf/lib/libsmallc.a(lib_a-fvwrite_small_dev.o)
 .data          0x0000000000023920        0x0 /home/lheywang/intelFPGA_lite/18.1/nios2eds/bin/gnu/H-x86_64-pc-linux-gnu/bin/../lib/gcc/nios2-elf/5.3.0/../../../../../H-x86_64-pc-linux-gnu/nios2-elf/lib/libsmallc.a(lib_a-fvwrite_small_str.o)
 .data          0x0000000000023920        0x0 /home/lheywang/intelFPGA_lite/18.1/nios2eds/bin/gnu/H-x86_64-pc-linux-gnu/bin/../lib/gcc/nios2-elf/5.3.0/../../../../../H-x86_64-pc-linux-gnu/nios2-elf/lib/libsmallc.a(lib_a-impure.o)
 .data.impure_data
                0x0000000000023920       0xe0 /home/lheywang/intelFPGA_lite/18.1/nios2eds/bin/gnu/H-x86_64-pc-linux-gnu/bin/../lib/gcc/nios2-elf/5.3.0/../../../../../H-x86_64-pc-linux-gnu/nios2-elf/lib/libsmallc.a(lib_a-impure.o)
 .data          0x0000000000023a00        0x0 /home/lheywang/intelFPGA_lite/18.1/nios2eds/bin/gnu/H-x86_64-pc-linux-gnu/bin/../lib/gcc/nios2-elf/5.3.0/../../../../../H-x86_64-pc-linux-gnu/nios2-elf/lib/libsmallc.a(lib_a-memmove.o)
 .data          0x0000000000023a00        0x0 /home/lheywang/intelFPGA_lite/18.1/nios2eds/bin/gnu/H-x86_64-pc-linux-gnu/bin/../lib/gcc/nios2-elf/5.3.0/../../../../../H-x86_64-pc-linux-gnu/nios2-elf/lib/libsmallc.a(lib_a-writer.o)
 .data          0x0000000000023a00        0x0 /home/lheywang/intelFPGA_lite/18.1/nios2eds/bin/gnu/H-x86_64-pc-linux-gnu/bin/../lib/gcc/nios2-elf/5.3.0/../../../../../H-x86_64-pc-linux-gnu/nios2-elf/lib/libsmallc.a(lib_a-int_errno.o)
 .data          0x0000000000023a00        0x0 /home/lheywang/intelFPGA_lite/18.1/nios2eds/bin/gnu/H-x86_64-pc-linux-gnu/bin/../lib/gcc/nios2-elf/5.3.0/libgcc.a(lib2-divmod.o)
 .data          0x0000000000023a00        0x0 ../project_soft_bsp//libhal_bsp.a(alt_iic.o)
 .data          0x0000000000023a00        0x0 ../project_soft_bsp//libhal_bsp.a(alt_iic_isr_register.o)
 .data          0x0000000000023a00        0x0 ../project_soft_bsp//libhal_bsp.a(alt_irq_entry.o)
 .data          0x0000000000023a00        0x0 ../project_soft_bsp//libhal_bsp.a(alt_irq_handler.o)
 .data          0x0000000000023a00        0x0 ../project_soft_bsp//libhal_bsp.a(alt_irq_vars.o)
 .data          0x0000000000023a00        0x0 ../project_soft_bsp//libhal_bsp.a(alt_load.o)
 .data          0x0000000000023a00        0x0 ../project_soft_bsp//libhal_bsp.a(alt_main.o)
 .data          0x0000000000023a00        0x0 ../project_soft_bsp//libhal_bsp.a(alt_usleep.o)
 .data          0x0000000000023a00        0x0 ../project_soft_bsp//libhal_bsp.a(alt_write.o)
 .data          0x0000000000023a00       0x2c ../project_soft_bsp//libhal_bsp.a(alt_sys_init.o)
 .data          0x0000000000023a2c        0x0 ../project_soft_bsp//libhal_bsp.a(altera_avalon_jtag_uart_fd.o)
 .data          0x0000000000023a2c        0x0 ../project_soft_bsp//libhal_bsp.a(altera_avalon_jtag_uart_read.o)
 .data          0x0000000000023a2c        0x0 ../project_soft_bsp//libhal_bsp.a(altera_avalon_jtag_uart_write.o)
 .data          0x0000000000023a2c        0x0 ../project_soft_bsp//libhal_bsp.a(altera_avalon_timer_sc.o)
 .data          0x0000000000023a2c        0x0 ../project_soft_bsp//libhal_bsp.a(alt_busy_sleep.o)
 .data          0x0000000000023a2c        0x0 ../project_soft_bsp//libhal_bsp.a(alt_close.o)
 .data          0x0000000000023a2c        0x0 ../project_soft_bsp//libhal_bsp.a(alt_dcache_flush_all.o)
 .data          0x0000000000023a2c      0x1a8 ../project_soft_bsp//libhal_bsp.a(alt_dev.o)
                0x0000000000023a2c                alt_dev_null
                0x0000000000023a54                alt_fd_list
 .data          0x0000000000023bd4        0x0 ../project_soft_bsp//libhal_bsp.a(alt_dev_llist_insert.o)
 .data          0x0000000000023bd4        0x0 ../project_soft_bsp//libhal_bsp.a(alt_do_ctors.o)
 .data          0x0000000000023bd4        0x0 ../project_soft_bsp//libhal_bsp.a(alt_do_dtors.o)
 .data          0x0000000000023bd4        0x0 ../project_soft_bsp//libhal_bsp.a(alt_errno.o)
 .data          0x0000000000023bd4        0x0 ../project_soft_bsp//libhal_bsp.a(alt_exception_entry.o)
 .data          0x0000000000023bd4        0x0 ../project_soft_bsp//libhal_bsp.a(alt_icache_flush_all.o)
 .data          0x0000000000023bd4        0x0 ../project_soft_bsp//libhal_bsp.a(alt_instruction_exception_entry.o)
 .data          0x0000000000023bd4        0x0 ../project_soft_bsp//libhal_bsp.a(alt_io_redirect.o)
 .data          0x0000000000023bd4        0x0 ../project_soft_bsp//libhal_bsp.a(alt_open.o)
 .data          0x0000000000023bd4        0x0 ../project_soft_bsp//libhal_bsp.a(alt_release_fd.o)
 .data          0x0000000000023bd4        0x0 ../project_soft_bsp//libhal_bsp.a(alt_tick.o)
 .data          0x0000000000023bd4        0x0 ../project_soft_bsp//libhal_bsp.a(altera_nios2_gen2_irq.o)
 .data          0x0000000000023bd4        0x0 ../project_soft_bsp//libhal_bsp.a(alt_find_dev.o)
 .data          0x0000000000023bd4        0x0 ../project_soft_bsp//libhal_bsp.a(alt_find_file.o)
 .data          0x0000000000023bd4        0x0 ../project_soft_bsp//libhal_bsp.a(alt_get_fd.o)
 .data          0x0000000000023bd4        0x0 ../project_soft_bsp//libhal_bsp.a(alt_icache_flush.o)
 .data          0x0000000000023bd4        0x0 /home/lheywang/intelFPGA_lite/18.1/nios2eds/bin/gnu/H-x86_64-pc-linux-gnu/bin/../lib/gcc/nios2-elf/5.3.0/../../../../../H-x86_64-pc-linux-gnu/nios2-elf/lib/libsmallc.a(lib_a-atexit.o)
 .data          0x0000000000023bd4        0x0 /home/lheywang/intelFPGA_lite/18.1/nios2eds/bin/gnu/H-x86_64-pc-linux-gnu/bin/../lib/gcc/nios2-elf/5.3.0/../../../../../H-x86_64-pc-linux-gnu/nios2-elf/lib/libsmallc.a(lib_a-exit.o)
 .data          0x0000000000023bd4        0x0 /home/lheywang/intelFPGA_lite/18.1/nios2eds/bin/gnu/H-x86_64-pc-linux-gnu/bin/../lib/gcc/nios2-elf/5.3.0/../../../../../H-x86_64-pc-linux-gnu/nios2-elf/lib/libsmallc.a(lib_a-memcmp.o)
 .data          0x0000000000023bd4        0x0 /home/lheywang/intelFPGA_lite/18.1/nios2eds/bin/gnu/H-x86_64-pc-linux-gnu/bin/../lib/gcc/nios2-elf/5.3.0/../../../../../H-x86_64-pc-linux-gnu/nios2-elf/lib/libsmallc.a(lib_a-__atexit.o)
 .data          0x0000000000023bd4        0x0 /home/lheywang/intelFPGA_lite/18.1/nios2eds/bin/gnu/H-x86_64-pc-linux-gnu/bin/../lib/gcc/nios2-elf/5.3.0/../../../../../H-x86_64-pc-linux-gnu/nios2-elf/lib/libsmallc.a(lib_a-__call_atexit.o)
 .data          0x0000000000023bd4        0x0 ../project_soft_bsp//libhal_bsp.a(alt_exit.o)
                0x000000000002bbd4                _gp = ABSOLUTE ((. + 0x8000))
                [!provide]                        PROVIDE (gp, _gp)
 *(.rwdata .rwdata.*)
 *(.sdata .sdata.* .gnu.linkonce.s.*)
 .sdata._global_impure_ptr
                0x0000000000023bd4        0x4 /home/lheywang/intelFPGA_lite/18.1/nios2eds/bin/gnu/H-x86_64-pc-linux-gnu/bin/../lib/gcc/nios2-elf/5.3.0/../../../../../H-x86_64-pc-linux-gnu/nios2-elf/lib/libsmallc.a(lib_a-impure.o)
                0x0000000000023bd4                _global_impure_ptr
 .sdata._impure_ptr
                0x0000000000023bd8        0x4 /home/lheywang/intelFPGA_lite/18.1/nios2eds/bin/gnu/H-x86_64-pc-linux-gnu/bin/../lib/gcc/nios2-elf/5.3.0/../../../../../H-x86_64-pc-linux-gnu/nios2-elf/lib/libsmallc.a(lib_a-impure.o)
                0x0000000000023bd8                _impure_ptr
 .sdata         0x0000000000023bdc        0x4 ../project_soft_bsp//libhal_bsp.a(alt_irq_vars.o)
                0x0000000000023bdc                alt_priority_mask
 .sdata         0x0000000000023be0       0x14 ../project_soft_bsp//libhal_bsp.a(alt_dev.o)
                0x0000000000023be0                alt_fs_list
                0x0000000000023be8                alt_dev_list
                0x0000000000023bf0                alt_max_fd
 .sdata         0x0000000000023bf4        0x4 ../project_soft_bsp//libhal_bsp.a(alt_errno.o)
                0x0000000000023bf4                alt_errno
 .sdata         0x0000000000023bf8        0x8 ../project_soft_bsp//libhal_bsp.a(alt_tick.o)
                0x0000000000023bf8                alt_alarm_list
 *(.sdata2 .sdata2.* .gnu.linkonce.s2.*)
                0x0000000000023c00                . = ALIGN (0x4)
                0x0000000000023c00                _edata = ABSOLUTE (.)
                [!provide]                        PROVIDE (edata, ABSOLUTE (.))
                0x0000000000023c00                PROVIDE (__ram_rwdata_end, ABSOLUTE (.))
                0x0000000000023c00                PROVIDE (__flash_rwdata_start, LOADADDR (.rwdata))

.bss            0x0000000000023f60      0x128
                0x0000000000023f60                __bss_start = ABSOLUTE (.)
                [!provide]                        PROVIDE (__sbss_start, ABSOLUTE (.))
                [!provide]                        PROVIDE (___sbss_start, ABSOLUTE (.))
 *(.dynsbss)
 *(.sbss .sbss.* .gnu.linkonce.sb.*)
 .sbss          0x0000000000023f60        0x8 obj/default/buzzer/buzzer.o
 .sbss          0x0000000000023f68        0x4 /home/lheywang/intelFPGA_lite/18.1/nios2eds/bin/gnu/H-x86_64-pc-linux-gnu/bin/../lib/gcc/nios2-elf/5.3.0/../../../../../H-x86_64-pc-linux-gnu/nios2-elf/lib/libsmallc.a(lib_a-int_errno.o)
                0x0000000000023f68                errno
 .sbss          0x0000000000023f6c        0x4 ../project_soft_bsp//libhal_bsp.a(alt_irq_vars.o)
                0x0000000000023f6c                alt_irq_active
 .sbss          0x0000000000023f70        0xc ../project_soft_bsp//libhal_bsp.a(alt_main.o)
                0x0000000000023f70                alt_argc
                0x0000000000023f74                alt_argv
                0x0000000000023f78                alt_envp
 .sbss          0x0000000000023f7c        0x4 ../project_soft_bsp//libhal_bsp.a(alt_instruction_exception_entry.o)
                0x0000000000023f7c                alt_instruction_exception_handler
 .sbss          0x0000000000023f80        0x8 ../project_soft_bsp//libhal_bsp.a(alt_tick.o)
                0x0000000000023f80                _alt_tick_rate
                0x0000000000023f84                _alt_nticks
 *(.sbss2 .sbss2.* .gnu.linkonce.sb2.*)
 *(.scommon)
                [!provide]                        PROVIDE (__sbss_end, ABSOLUTE (.))
                [!provide]                        PROVIDE (___sbss_end, ABSOLUTE (.))
 *(.dynbss)
 *(.bss .bss.* .gnu.linkonce.b.*)
 .bss           0x0000000000023f88        0x0 ../project_soft_bsp//obj/HAL/src/crt0.o
 .bss           0x0000000000023f88        0x0 obj/default/buzzer/buzzer.o
 .bss           0x0000000000023f88        0x0 obj/default/hello_world.o
 .bss           0x0000000000023f88        0x0 obj/default/hex/hex.o
 .bss           0x0000000000023f88        0x0 obj/default/time/ptime.o
 .bss           0x0000000000023f88        0x0 /home/lheywang/intelFPGA_lite/18.1/nios2eds/bin/gnu/H-x86_64-pc-linux-gnu/bin/../lib/gcc/nios2-elf/5.3.0/../../../../../H-x86_64-pc-linux-gnu/nios2-elf/lib/libsmallc.a(lib_a-printf.o)
 .bss           0x0000000000023f88        0x0 /home/lheywang/intelFPGA_lite/18.1/nios2eds/bin/gnu/H-x86_64-pc-linux-gnu/bin/../lib/gcc/nios2-elf/5.3.0/../../../../../H-x86_64-pc-linux-gnu/nios2-elf/lib/libsmallc.a(lib_a-puts.o)
 .bss           0x0000000000023f88        0x0 /home/lheywang/intelFPGA_lite/18.1/nios2eds/bin/gnu/H-x86_64-pc-linux-gnu/bin/../lib/gcc/nios2-elf/5.3.0/../../../../../H-x86_64-pc-linux-gnu/nios2-elf/lib/libsmallc.a(lib_a-sprintf.o)
 .bss           0x0000000000023f88        0x0 /home/lheywang/intelFPGA_lite/18.1/nios2eds/bin/gnu/H-x86_64-pc-linux-gnu/bin/../lib/gcc/nios2-elf/5.3.0/../../../../../H-x86_64-pc-linux-gnu/nios2-elf/lib/libsmallc.a(lib_a-strlen.o)
 .bss           0x0000000000023f88        0x0 /home/lheywang/intelFPGA_lite/18.1/nios2eds/bin/gnu/H-x86_64-pc-linux-gnu/bin/../lib/gcc/nios2-elf/5.3.0/../../../../../H-x86_64-pc-linux-gnu/nios2-elf/lib/libsmallc.a(lib_a-svfprintf.o)
 .bss           0x0000000000023f88        0x0 /home/lheywang/intelFPGA_lite/18.1/nios2eds/bin/gnu/H-x86_64-pc-linux-gnu/bin/../lib/gcc/nios2-elf/5.3.0/../../../../../H-x86_64-pc-linux-gnu/nios2-elf/lib/libsmallc.a(lib_a-vfprintf.o)
 .bss           0x0000000000023f88        0x0 /home/lheywang/intelFPGA_lite/18.1/nios2eds/bin/gnu/H-x86_64-pc-linux-gnu/bin/../lib/gcc/nios2-elf/5.3.0/../../../../../H-x86_64-pc-linux-gnu/nios2-elf/lib/libsmallc.a(lib_a-fvwrite_small_dev.o)
 .bss           0x0000000000023f88        0x0 /home/lheywang/intelFPGA_lite/18.1/nios2eds/bin/gnu/H-x86_64-pc-linux-gnu/bin/../lib/gcc/nios2-elf/5.3.0/../../../../../H-x86_64-pc-linux-gnu/nios2-elf/lib/libsmallc.a(lib_a-fvwrite_small_str.o)
 .bss           0x0000000000023f88        0x0 /home/lheywang/intelFPGA_lite/18.1/nios2eds/bin/gnu/H-x86_64-pc-linux-gnu/bin/../lib/gcc/nios2-elf/5.3.0/../../../../../H-x86_64-pc-linux-gnu/nios2-elf/lib/libsmallc.a(lib_a-impure.o)
 .bss           0x0000000000023f88        0x0 /home/lheywang/intelFPGA_lite/18.1/nios2eds/bin/gnu/H-x86_64-pc-linux-gnu/bin/../lib/gcc/nios2-elf/5.3.0/../../../../../H-x86_64-pc-linux-gnu/nios2-elf/lib/libsmallc.a(lib_a-memmove.o)
 .bss           0x0000000000023f88        0x0 /home/lheywang/intelFPGA_lite/18.1/nios2eds/bin/gnu/H-x86_64-pc-linux-gnu/bin/../lib/gcc/nios2-elf/5.3.0/../../../../../H-x86_64-pc-linux-gnu/nios2-elf/lib/libsmallc.a(lib_a-writer.o)
 .bss           0x0000000000023f88        0x0 /home/lheywang/intelFPGA_lite/18.1/nios2eds/bin/gnu/H-x86_64-pc-linux-gnu/bin/../lib/gcc/nios2-elf/5.3.0/../../../../../H-x86_64-pc-linux-gnu/nios2-elf/lib/libsmallc.a(lib_a-int_errno.o)
 .bss           0x0000000000023f88        0x0 /home/lheywang/intelFPGA_lite/18.1/nios2eds/bin/gnu/H-x86_64-pc-linux-gnu/bin/../lib/gcc/nios2-elf/5.3.0/libgcc.a(lib2-divmod.o)
 .bss           0x0000000000023f88        0x0 ../project_soft_bsp//libhal_bsp.a(alt_iic.o)
 .bss           0x0000000000023f88        0x0 ../project_soft_bsp//libhal_bsp.a(alt_iic_isr_register.o)
 .bss           0x0000000000023f88        0x0 ../project_soft_bsp//libhal_bsp.a(alt_irq_entry.o)
 .bss           0x0000000000023f88        0x0 ../project_soft_bsp//libhal_bsp.a(alt_irq_handler.o)
 .bss           0x0000000000023f88        0x0 ../project_soft_bsp//libhal_bsp.a(alt_irq_vars.o)
 .bss           0x0000000000023f88        0x0 ../project_soft_bsp//libhal_bsp.a(alt_load.o)
 .bss           0x0000000000023f88        0x0 ../project_soft_bsp//libhal_bsp.a(alt_main.o)
 .bss           0x0000000000023f88        0x0 ../project_soft_bsp//libhal_bsp.a(alt_usleep.o)
 .bss           0x0000000000023f88        0x0 ../project_soft_bsp//libhal_bsp.a(alt_write.o)
 .bss           0x0000000000023f88        0x0 ../project_soft_bsp//libhal_bsp.a(alt_sys_init.o)
 .bss           0x0000000000023f88        0x0 ../project_soft_bsp//libhal_bsp.a(altera_avalon_jtag_uart_fd.o)
 .bss           0x0000000000023f88        0x0 ../project_soft_bsp//libhal_bsp.a(altera_avalon_jtag_uart_read.o)
 .bss           0x0000000000023f88        0x0 ../project_soft_bsp//libhal_bsp.a(altera_avalon_jtag_uart_write.o)
 .bss           0x0000000000023f88        0x0 ../project_soft_bsp//libhal_bsp.a(altera_avalon_timer_sc.o)
 .bss           0x0000000000023f88        0x0 ../project_soft_bsp//libhal_bsp.a(alt_busy_sleep.o)
 .bss           0x0000000000023f88        0x0 ../project_soft_bsp//libhal_bsp.a(alt_close.o)
 .bss           0x0000000000023f88        0x0 ../project_soft_bsp//libhal_bsp.a(alt_dcache_flush_all.o)
 .bss           0x0000000000023f88        0x0 ../project_soft_bsp//libhal_bsp.a(alt_dev.o)
 .bss           0x0000000000023f88        0x0 ../project_soft_bsp//libhal_bsp.a(alt_dev_llist_insert.o)
 .bss           0x0000000000023f88        0x0 ../project_soft_bsp//libhal_bsp.a(alt_do_ctors.o)
 .bss           0x0000000000023f88        0x0 ../project_soft_bsp//libhal_bsp.a(alt_do_dtors.o)
 .bss           0x0000000000023f88        0x0 ../project_soft_bsp//libhal_bsp.a(alt_errno.o)
 .bss           0x0000000000023f88        0x0 ../project_soft_bsp//libhal_bsp.a(alt_exception_entry.o)
 .bss           0x0000000000023f88        0x0 ../project_soft_bsp//libhal_bsp.a(alt_icache_flush_all.o)
 .bss           0x0000000000023f88        0x0 ../project_soft_bsp//libhal_bsp.a(alt_instruction_exception_entry.o)
 .bss           0x0000000000023f88        0x0 ../project_soft_bsp//libhal_bsp.a(alt_io_redirect.o)
 .bss           0x0000000000023f88        0x0 ../project_soft_bsp//libhal_bsp.a(alt_open.o)
 .bss           0x0000000000023f88        0x0 ../project_soft_bsp//libhal_bsp.a(alt_release_fd.o)
 .bss           0x0000000000023f88        0x0 ../project_soft_bsp//libhal_bsp.a(alt_tick.o)
 .bss           0x0000000000023f88        0x0 ../project_soft_bsp//libhal_bsp.a(altera_nios2_gen2_irq.o)
 .bss           0x0000000000023f88        0x0 ../project_soft_bsp//libhal_bsp.a(alt_find_dev.o)
 .bss           0x0000000000023f88        0x0 ../project_soft_bsp//libhal_bsp.a(alt_find_file.o)
 .bss           0x0000000000023f88        0x0 ../project_soft_bsp//libhal_bsp.a(alt_get_fd.o)
 .bss           0x0000000000023f88        0x0 ../project_soft_bsp//libhal_bsp.a(alt_icache_flush.o)
 .bss           0x0000000000023f88        0x0 /home/lheywang/intelFPGA_lite/18.1/nios2eds/bin/gnu/H-x86_64-pc-linux-gnu/bin/../lib/gcc/nios2-elf/5.3.0/../../../../../H-x86_64-pc-linux-gnu/nios2-elf/lib/libsmallc.a(lib_a-atexit.o)
 .bss           0x0000000000023f88        0x0 /home/lheywang/intelFPGA_lite/18.1/nios2eds/bin/gnu/H-x86_64-pc-linux-gnu/bin/../lib/gcc/nios2-elf/5.3.0/../../../../../H-x86_64-pc-linux-gnu/nios2-elf/lib/libsmallc.a(lib_a-exit.o)
 .bss           0x0000000000023f88        0x0 /home/lheywang/intelFPGA_lite/18.1/nios2eds/bin/gnu/H-x86_64-pc-linux-gnu/bin/../lib/gcc/nios2-elf/5.3.0/../../../../../H-x86_64-pc-linux-gnu/nios2-elf/lib/libsmallc.a(lib_a-memcmp.o)
 .bss           0x0000000000023f88        0x0 /home/lheywang/intelFPGA_lite/18.1/nios2eds/bin/gnu/H-x86_64-pc-linux-gnu/bin/../lib/gcc/nios2-elf/5.3.0/../../../../../H-x86_64-pc-linux-gnu/nios2-elf/lib/libsmallc.a(lib_a-__atexit.o)
 .bss           0x0000000000023f88        0x0 /home/lheywang/intelFPGA_lite/18.1/nios2eds/bin/gnu/H-x86_64-pc-linux-gnu/bin/../lib/gcc/nios2-elf/5.3.0/../../../../../H-x86_64-pc-linux-gnu/nios2-elf/lib/libsmallc.a(lib_a-__call_atexit.o)
 .bss           0x0000000000023f88        0x0 ../project_soft_bsp//libhal_bsp.a(alt_exit.o)
 *(COMMON)
 COMMON         0x0000000000023f88      0x100 ../project_soft_bsp//libhal_bsp.a(alt_irq_handler.o)
                0x0000000000023f88                alt_irq
                0x0000000000024088                . = ALIGN (0x4)
                0x0000000000024088                __bss_end = ABSOLUTE (.)

.MEMOIRE_ONCHIP
                0x0000000000024088        0x0
                [!provide]                        PROVIDE (_alt_partition_MEMOIRE_ONCHIP_start, ABSOLUTE (.))
 *(.MEMOIRE_ONCHIP .MEMOIRE_ONCHIP. MEMOIRE_ONCHIP.*)
                0x0000000000024088                . = ALIGN (0x4)
                [!provide]                        PROVIDE (_alt_partition_MEMOIRE_ONCHIP_end, ABSOLUTE (.))
                0x0000000000024088                _end = ABSOLUTE (.)
                0x0000000000024088                end = ABSOLUTE (.)
                0x0000000000024088                __alt_stack_base = ABSOLUTE (.)
                [!provide]                        PROVIDE (_alt_partition_MEMOIRE_ONCHIP_load_addr, LOADADDR (.MEMOIRE_ONCHIP))

.stab
 *(.stab)

.stabstr
 *(.stabstr)

.stab.excl
 *(.stab.excl)

.stab.exclstr
 *(.stab.exclstr)

.stab.index
 *(.stab.index)

.stab.indexstr
 *(.stab.indexstr)

.comment        0x0000000000000000       0x23
 *(.comment)
 .comment       0x0000000000000000       0x23 obj/default/buzzer/buzzer.o
                                         0x24 (size before relaxing)
 .comment       0x0000000000000023       0x24 obj/default/hello_world.o
 .comment       0x0000000000000023       0x24 obj/default/hex/hex.o
 .comment       0x0000000000000023       0x24 obj/default/time/ptime.o
 .comment       0x0000000000000023       0x24 /home/lheywang/intelFPGA_lite/18.1/nios2eds/bin/gnu/H-x86_64-pc-linux-gnu/bin/../lib/gcc/nios2-elf/5.3.0/../../../../../H-x86_64-pc-linux-gnu/nios2-elf/lib/libsmallc.a(lib_a-printf.o)
 .comment       0x0000000000000023       0x24 /home/lheywang/intelFPGA_lite/18.1/nios2eds/bin/gnu/H-x86_64-pc-linux-gnu/bin/../lib/gcc/nios2-elf/5.3.0/../../../../../H-x86_64-pc-linux-gnu/nios2-elf/lib/libsmallc.a(lib_a-puts.o)
 .comment       0x0000000000000023       0x24 /home/lheywang/intelFPGA_lite/18.1/nios2eds/bin/gnu/H-x86_64-pc-linux-gnu/bin/../lib/gcc/nios2-elf/5.3.0/../../../../../H-x86_64-pc-linux-gnu/nios2-elf/lib/libsmallc.a(lib_a-sprintf.o)
 .comment       0x0000000000000023       0x24 /home/lheywang/intelFPGA_lite/18.1/nios2eds/bin/gnu/H-x86_64-pc-linux-gnu/bin/../lib/gcc/nios2-elf/5.3.0/../../../../../H-x86_64-pc-linux-gnu/nios2-elf/lib/libsmallc.a(lib_a-strlen.o)
 .comment       0x0000000000000023       0x24 /home/lheywang/intelFPGA_lite/18.1/nios2eds/bin/gnu/H-x86_64-pc-linux-gnu/bin/../lib/gcc/nios2-elf/5.3.0/../../../../../H-x86_64-pc-linux-gnu/nios2-elf/lib/libsmallc.a(lib_a-svfprintf.o)
 .comment       0x0000000000000023       0x24 /home/lheywang/intelFPGA_lite/18.1/nios2eds/bin/gnu/H-x86_64-pc-linux-gnu/bin/../lib/gcc/nios2-elf/5.3.0/../../../../../H-x86_64-pc-linux-gnu/nios2-elf/lib/libsmallc.a(lib_a-vfprintf.o)
 .comment       0x0000000000000023       0x24 /home/lheywang/intelFPGA_lite/18.1/nios2eds/bin/gnu/H-x86_64-pc-linux-gnu/bin/../lib/gcc/nios2-elf/5.3.0/../../../../../H-x86_64-pc-linux-gnu/nios2-elf/lib/libsmallc.a(lib_a-fvwrite_small_dev.o)
 .comment       0x0000000000000023       0x24 /home/lheywang/intelFPGA_lite/18.1/nios2eds/bin/gnu/H-x86_64-pc-linux-gnu/bin/../lib/gcc/nios2-elf/5.3.0/../../../../../H-x86_64-pc-linux-gnu/nios2-elf/lib/libsmallc.a(lib_a-fvwrite_small_str.o)
 .comment       0x0000000000000023       0x24 /home/lheywang/intelFPGA_lite/18.1/nios2eds/bin/gnu/H-x86_64-pc-linux-gnu/bin/../lib/gcc/nios2-elf/5.3.0/../../../../../H-x86_64-pc-linux-gnu/nios2-elf/lib/libsmallc.a(lib_a-impure.o)
 .comment       0x0000000000000023       0x24 /home/lheywang/intelFPGA_lite/18.1/nios2eds/bin/gnu/H-x86_64-pc-linux-gnu/bin/../lib/gcc/nios2-elf/5.3.0/../../../../../H-x86_64-pc-linux-gnu/nios2-elf/lib/libsmallc.a(lib_a-memmove.o)
 .comment       0x0000000000000023       0x24 /home/lheywang/intelFPGA_lite/18.1/nios2eds/bin/gnu/H-x86_64-pc-linux-gnu/bin/../lib/gcc/nios2-elf/5.3.0/../../../../../H-x86_64-pc-linux-gnu/nios2-elf/lib/libsmallc.a(lib_a-writer.o)
 .comment       0x0000000000000023       0x24 /home/lheywang/intelFPGA_lite/18.1/nios2eds/bin/gnu/H-x86_64-pc-linux-gnu/bin/../lib/gcc/nios2-elf/5.3.0/../../../../../H-x86_64-pc-linux-gnu/nios2-elf/lib/libsmallc.a(lib_a-int_errno.o)
 .comment       0x0000000000000023       0x24 /home/lheywang/intelFPGA_lite/18.1/nios2eds/bin/gnu/H-x86_64-pc-linux-gnu/bin/../lib/gcc/nios2-elf/5.3.0/libgcc.a(lib2-divmod.o)
 .comment       0x0000000000000023       0x24 ../project_soft_bsp//libhal_bsp.a(alt_iic.o)
 .comment       0x0000000000000023       0x24 ../project_soft_bsp//libhal_bsp.a(alt_iic_isr_register.o)
 .comment       0x0000000000000023       0x24 ../project_soft_bsp//libhal_bsp.a(alt_irq_handler.o)
 .comment       0x0000000000000023       0x24 ../project_soft_bsp//libhal_bsp.a(alt_irq_vars.o)
 .comment       0x0000000000000023       0x24 ../project_soft_bsp//libhal_bsp.a(alt_load.o)
 .comment       0x0000000000000023       0x24 ../project_soft_bsp//libhal_bsp.a(alt_main.o)
 .comment       0x0000000000000023       0x24 ../project_soft_bsp//libhal_bsp.a(alt_usleep.o)
 .comment       0x0000000000000023       0x24 ../project_soft_bsp//libhal_bsp.a(alt_write.o)
 .comment       0x0000000000000023       0x24 ../project_soft_bsp//libhal_bsp.a(alt_sys_init.o)
 .comment       0x0000000000000023       0x24 ../project_soft_bsp//libhal_bsp.a(altera_avalon_jtag_uart_fd.o)
 .comment       0x0000000000000023       0x24 ../project_soft_bsp//libhal_bsp.a(altera_avalon_jtag_uart_read.o)
 .comment       0x0000000000000023       0x24 ../project_soft_bsp//libhal_bsp.a(altera_avalon_jtag_uart_write.o)
 .comment       0x0000000000000023       0x24 ../project_soft_bsp//libhal_bsp.a(altera_avalon_timer_sc.o)
 .comment       0x0000000000000023       0x24 ../project_soft_bsp//libhal_bsp.a(alt_busy_sleep.o)
 .comment       0x0000000000000023       0x24 ../project_soft_bsp//libhal_bsp.a(alt_close.o)
 .comment       0x0000000000000023       0x24 ../project_soft_bsp//libhal_bsp.a(alt_dcache_flush_all.o)
 .comment       0x0000000000000023       0x24 ../project_soft_bsp//libhal_bsp.a(alt_dev.o)
 .comment       0x0000000000000023       0x24 ../project_soft_bsp//libhal_bsp.a(alt_dev_llist_insert.o)
 .comment       0x0000000000000023       0x24 ../project_soft_bsp//libhal_bsp.a(alt_do_ctors.o)
 .comment       0x0000000000000023       0x24 ../project_soft_bsp//libhal_bsp.a(alt_do_dtors.o)
 .comment       0x0000000000000023       0x24 ../project_soft_bsp//libhal_bsp.a(alt_errno.o)
 .comment       0x0000000000000023       0x24 ../project_soft_bsp//libhal_bsp.a(alt_icache_flush_all.o)
 .comment       0x0000000000000023       0x24 ../project_soft_bsp//libhal_bsp.a(alt_instruction_exception_entry.o)
 .comment       0x0000000000000023       0x24 ../project_soft_bsp//libhal_bsp.a(alt_io_redirect.o)
 .comment       0x0000000000000023       0x24 ../project_soft_bsp//libhal_bsp.a(alt_open.o)
 .comment       0x0000000000000023       0x24 ../project_soft_bsp//libhal_bsp.a(alt_release_fd.o)
 .comment       0x0000000000000023       0x24 ../project_soft_bsp//libhal_bsp.a(alt_tick.o)
 .comment       0x0000000000000023       0x24 ../project_soft_bsp//libhal_bsp.a(altera_nios2_gen2_irq.o)
 .comment       0x0000000000000023       0x24 ../project_soft_bsp//libhal_bsp.a(alt_find_dev.o)
 .comment       0x0000000000000023       0x24 ../project_soft_bsp//libhal_bsp.a(alt_find_file.o)
 .comment       0x0000000000000023       0x24 ../project_soft_bsp//libhal_bsp.a(alt_get_fd.o)
 .comment       0x0000000000000023       0x24 ../project_soft_bsp//libhal_bsp.a(alt_icache_flush.o)
 .comment       0x0000000000000023       0x24 /home/lheywang/intelFPGA_lite/18.1/nios2eds/bin/gnu/H-x86_64-pc-linux-gnu/bin/../lib/gcc/nios2-elf/5.3.0/../../../../../H-x86_64-pc-linux-gnu/nios2-elf/lib/libsmallc.a(lib_a-atexit.o)
 .comment       0x0000000000000023       0x24 /home/lheywang/intelFPGA_lite/18.1/nios2eds/bin/gnu/H-x86_64-pc-linux-gnu/bin/../lib/gcc/nios2-elf/5.3.0/../../../../../H-x86_64-pc-linux-gnu/nios2-elf/lib/libsmallc.a(lib_a-exit.o)
 .comment       0x0000000000000023       0x24 /home/lheywang/intelFPGA_lite/18.1/nios2eds/bin/gnu/H-x86_64-pc-linux-gnu/bin/../lib/gcc/nios2-elf/5.3.0/../../../../../H-x86_64-pc-linux-gnu/nios2-elf/lib/libsmallc.a(lib_a-memcmp.o)
 .comment       0x0000000000000023       0x24 /home/lheywang/intelFPGA_lite/18.1/nios2eds/bin/gnu/H-x86_64-pc-linux-gnu/bin/../lib/gcc/nios2-elf/5.3.0/../../../../../H-x86_64-pc-linux-gnu/nios2-elf/lib/libsmallc.a(lib_a-__atexit.o)
 .comment       0x0000000000000023       0x24 /home/lheywang/intelFPGA_lite/18.1/nios2eds/bin/gnu/H-x86_64-pc-linux-gnu/bin/../lib/gcc/nios2-elf/5.3.0/../../../../../H-x86_64-pc-linux-gnu/nios2-elf/lib/libsmallc.a(lib_a-__call_atexit.o)
 .comment       0x0000000000000023       0x24 ../project_soft_bsp//libhal_bsp.a(alt_exit.o)

.debug
 *(.debug)

.line
 *(.line)

.debug_srcinfo
 *(.debug_srcinfo)

.debug_sfnames
 *(.debug_sfnames)

.debug_aranges  0x0000000000000000      0x790
 *(.debug_aranges)
 .debug_aranges
                0x0000000000000000       0x28 ../project_soft_bsp//obj/HAL/src/crt0.o
 .debug_aranges
                0x0000000000000028       0x20 obj/default/buzzer/buzzer.o
 .debug_aranges
                0x0000000000000048       0x20 obj/default/hello_world.o
 .debug_aranges
                0x0000000000000068       0x20 obj/default/hex/hex.o
 .debug_aranges
                0x0000000000000088       0x20 obj/default/time/ptime.o
 .debug_aranges
                0x00000000000000a8       0x28 /home/lheywang/intelFPGA_lite/18.1/nios2eds/bin/gnu/H-x86_64-pc-linux-gnu/bin/../lib/gcc/nios2-elf/5.3.0/../../../../../H-x86_64-pc-linux-gnu/nios2-elf/lib/libsmallc.a(lib_a-printf.o)
 .debug_aranges
                0x00000000000000d0       0x28 /home/lheywang/intelFPGA_lite/18.1/nios2eds/bin/gnu/H-x86_64-pc-linux-gnu/bin/../lib/gcc/nios2-elf/5.3.0/../../../../../H-x86_64-pc-linux-gnu/nios2-elf/lib/libsmallc.a(lib_a-puts.o)
 .debug_aranges
                0x00000000000000f8       0x28 /home/lheywang/intelFPGA_lite/18.1/nios2eds/bin/gnu/H-x86_64-pc-linux-gnu/bin/../lib/gcc/nios2-elf/5.3.0/../../../../../H-x86_64-pc-linux-gnu/nios2-elf/lib/libsmallc.a(lib_a-sprintf.o)
 .debug_aranges
                0x0000000000000120       0x20 /home/lheywang/intelFPGA_lite/18.1/nios2eds/bin/gnu/H-x86_64-pc-linux-gnu/bin/../lib/gcc/nios2-elf/5.3.0/../../../../../H-x86_64-pc-linux-gnu/nios2-elf/lib/libsmallc.a(lib_a-strlen.o)
 .debug_aranges
                0x0000000000000140       0x30 /home/lheywang/intelFPGA_lite/18.1/nios2eds/bin/gnu/H-x86_64-pc-linux-gnu/bin/../lib/gcc/nios2-elf/5.3.0/../../../../../H-x86_64-pc-linux-gnu/nios2-elf/lib/libsmallc.a(lib_a-svfprintf.o)
 .debug_aranges
                0x0000000000000170       0x30 /home/lheywang/intelFPGA_lite/18.1/nios2eds/bin/gnu/H-x86_64-pc-linux-gnu/bin/../lib/gcc/nios2-elf/5.3.0/../../../../../H-x86_64-pc-linux-gnu/nios2-elf/lib/libsmallc.a(lib_a-vfprintf.o)
 .debug_aranges
                0x00000000000001a0       0x20 /home/lheywang/intelFPGA_lite/18.1/nios2eds/bin/gnu/H-x86_64-pc-linux-gnu/bin/../lib/gcc/nios2-elf/5.3.0/../../../../../H-x86_64-pc-linux-gnu/nios2-elf/lib/libsmallc.a(lib_a-fvwrite_small_dev.o)
 .debug_aranges
                0x00000000000001c0       0x20 /home/lheywang/intelFPGA_lite/18.1/nios2eds/bin/gnu/H-x86_64-pc-linux-gnu/bin/../lib/gcc/nios2-elf/5.3.0/../../../../../H-x86_64-pc-linux-gnu/nios2-elf/lib/libsmallc.a(lib_a-fvwrite_small_str.o)
 .debug_aranges
                0x00000000000001e0       0x18 /home/lheywang/intelFPGA_lite/18.1/nios2eds/bin/gnu/H-x86_64-pc-linux-gnu/bin/../lib/gcc/nios2-elf/5.3.0/../../../../../H-x86_64-pc-linux-gnu/nios2-elf/lib/libsmallc.a(lib_a-impure.o)
 .debug_aranges
                0x00000000000001f8       0x20 /home/lheywang/intelFPGA_lite/18.1/nios2eds/bin/gnu/H-x86_64-pc-linux-gnu/bin/../lib/gcc/nios2-elf/5.3.0/../../../../../H-x86_64-pc-linux-gnu/nios2-elf/lib/libsmallc.a(lib_a-memmove.o)
 .debug_aranges
                0x0000000000000218       0x20 /home/lheywang/intelFPGA_lite/18.1/nios2eds/bin/gnu/H-x86_64-pc-linux-gnu/bin/../lib/gcc/nios2-elf/5.3.0/../../../../../H-x86_64-pc-linux-gnu/nios2-elf/lib/libsmallc.a(lib_a-writer.o)
 .debug_aranges
                0x0000000000000238       0x18 /home/lheywang/intelFPGA_lite/18.1/nios2eds/bin/gnu/H-x86_64-pc-linux-gnu/bin/../lib/gcc/nios2-elf/5.3.0/../../../../../H-x86_64-pc-linux-gnu/nios2-elf/lib/libsmallc.a(lib_a-int_errno.o)
 .debug_aranges
                0x0000000000000250       0x20 /home/lheywang/intelFPGA_lite/18.1/nios2eds/bin/gnu/H-x86_64-pc-linux-gnu/bin/../lib/gcc/nios2-elf/5.3.0/libgcc.a(lib2-divmod.o)
 .debug_aranges
                0x0000000000000270       0x20 ../project_soft_bsp//libhal_bsp.a(alt_iic.o)
 .debug_aranges
                0x0000000000000290       0x20 ../project_soft_bsp//libhal_bsp.a(alt_iic_isr_register.o)
 .debug_aranges
                0x00000000000002b0       0x30 ../project_soft_bsp//libhal_bsp.a(alt_irq_entry.o)
 .debug_aranges
                0x00000000000002e0       0x20 ../project_soft_bsp//libhal_bsp.a(alt_irq_handler.o)
 .debug_aranges
                0x0000000000000300       0x18 ../project_soft_bsp//libhal_bsp.a(alt_irq_vars.o)
 .debug_aranges
                0x0000000000000318       0x20 ../project_soft_bsp//libhal_bsp.a(alt_load.o)
 .debug_aranges
                0x0000000000000338       0x20 ../project_soft_bsp//libhal_bsp.a(alt_main.o)
 .debug_aranges
                0x0000000000000358       0x20 ../project_soft_bsp//libhal_bsp.a(alt_usleep.o)
 .debug_aranges
                0x0000000000000378       0x20 ../project_soft_bsp//libhal_bsp.a(alt_write.o)
 .debug_aranges
                0x0000000000000398       0x20 ../project_soft_bsp//libhal_bsp.a(alt_sys_init.o)
 .debug_aranges
                0x00000000000003b8       0x20 ../project_soft_bsp//libhal_bsp.a(altera_avalon_jtag_uart_fd.o)
 .debug_aranges
                0x00000000000003d8       0x20 ../project_soft_bsp//libhal_bsp.a(altera_avalon_jtag_uart_read.o)
 .debug_aranges
                0x00000000000003f8       0x20 ../project_soft_bsp//libhal_bsp.a(altera_avalon_jtag_uart_write.o)
 .debug_aranges
                0x0000000000000418       0x20 ../project_soft_bsp//libhal_bsp.a(altera_avalon_timer_sc.o)
 .debug_aranges
                0x0000000000000438       0x20 ../project_soft_bsp//libhal_bsp.a(alt_busy_sleep.o)
 .debug_aranges
                0x0000000000000458       0x20 ../project_soft_bsp//libhal_bsp.a(alt_close.o)
 .debug_aranges
                0x0000000000000478       0x20 ../project_soft_bsp//libhal_bsp.a(alt_dcache_flush_all.o)
 .debug_aranges
                0x0000000000000498       0x20 ../project_soft_bsp//libhal_bsp.a(alt_dev.o)
 .debug_aranges
                0x00000000000004b8       0x20 ../project_soft_bsp//libhal_bsp.a(alt_dev_llist_insert.o)
 .debug_aranges
                0x00000000000004d8       0x20 ../project_soft_bsp//libhal_bsp.a(alt_do_ctors.o)
 .debug_aranges
                0x00000000000004f8       0x20 ../project_soft_bsp//libhal_bsp.a(alt_do_dtors.o)
 .debug_aranges
                0x0000000000000518       0x18 ../project_soft_bsp//libhal_bsp.a(alt_errno.o)
 .debug_aranges
                0x0000000000000530       0x38 ../project_soft_bsp//libhal_bsp.a(alt_exception_entry.o)
 .debug_aranges
                0x0000000000000568       0x20 ../project_soft_bsp//libhal_bsp.a(alt_icache_flush_all.o)
 .debug_aranges
                0x0000000000000588       0x28 ../project_soft_bsp//libhal_bsp.a(alt_instruction_exception_entry.o)
 .debug_aranges
                0x00000000000005b0       0x20 ../project_soft_bsp//libhal_bsp.a(alt_io_redirect.o)
 .debug_aranges
                0x00000000000005d0       0x20 ../project_soft_bsp//libhal_bsp.a(alt_open.o)
 .debug_aranges
                0x00000000000005f0       0x20 ../project_soft_bsp//libhal_bsp.a(alt_release_fd.o)
 .debug_aranges
                0x0000000000000610       0x20 ../project_soft_bsp//libhal_bsp.a(alt_tick.o)
 .debug_aranges
                0x0000000000000630       0x20 ../project_soft_bsp//libhal_bsp.a(altera_nios2_gen2_irq.o)
 .debug_aranges
                0x0000000000000650       0x20 ../project_soft_bsp//libhal_bsp.a(alt_find_dev.o)
 .debug_aranges
                0x0000000000000670       0x20 ../project_soft_bsp//libhal_bsp.a(alt_find_file.o)
 .debug_aranges
                0x0000000000000690       0x20 ../project_soft_bsp//libhal_bsp.a(alt_get_fd.o)
 .debug_aranges
                0x00000000000006b0       0x20 ../project_soft_bsp//libhal_bsp.a(alt_icache_flush.o)
 .debug_aranges
                0x00000000000006d0       0x20 /home/lheywang/intelFPGA_lite/18.1/nios2eds/bin/gnu/H-x86_64-pc-linux-gnu/bin/../lib/gcc/nios2-elf/5.3.0/../../../../../H-x86_64-pc-linux-gnu/nios2-elf/lib/libsmallc.a(lib_a-atexit.o)
 .debug_aranges
                0x00000000000006f0       0x20 /home/lheywang/intelFPGA_lite/18.1/nios2eds/bin/gnu/H-x86_64-pc-linux-gnu/bin/../lib/gcc/nios2-elf/5.3.0/../../../../../H-x86_64-pc-linux-gnu/nios2-elf/lib/libsmallc.a(lib_a-exit.o)
 .debug_aranges
                0x0000000000000710       0x20 /home/lheywang/intelFPGA_lite/18.1/nios2eds/bin/gnu/H-x86_64-pc-linux-gnu/bin/../lib/gcc/nios2-elf/5.3.0/../../../../../H-x86_64-pc-linux-gnu/nios2-elf/lib/libsmallc.a(lib_a-memcmp.o)
 .debug_aranges
                0x0000000000000730       0x20 /home/lheywang/intelFPGA_lite/18.1/nios2eds/bin/gnu/H-x86_64-pc-linux-gnu/bin/../lib/gcc/nios2-elf/5.3.0/../../../../../H-x86_64-pc-linux-gnu/nios2-elf/lib/libsmallc.a(lib_a-__atexit.o)
 .debug_aranges
                0x0000000000000750       0x20 /home/lheywang/intelFPGA_lite/18.1/nios2eds/bin/gnu/H-x86_64-pc-linux-gnu/bin/../lib/gcc/nios2-elf/5.3.0/../../../../../H-x86_64-pc-linux-gnu/nios2-elf/lib/libsmallc.a(lib_a-__call_atexit.o)
 .debug_aranges
                0x0000000000000770       0x20 ../project_soft_bsp//libhal_bsp.a(alt_exit.o)

.debug_pubnames
 *(.debug_pubnames)

.debug_info     0x0000000000000000     0xad57
 *(.debug_info .gnu.linkonce.wi.*)
 .debug_info    0x0000000000000000       0x6e ../project_soft_bsp//obj/HAL/src/crt0.o
 .debug_info    0x000000000000006e      0x664 obj/default/buzzer/buzzer.o
 .debug_info    0x00000000000006d2      0x4f2 obj/default/hello_world.o
 .debug_info    0x0000000000000bc4      0x209 obj/default/hex/hex.o
 .debug_info    0x0000000000000dcd      0x1a9 obj/default/time/ptime.o
 .debug_info    0x0000000000000f76      0x699 /home/lheywang/intelFPGA_lite/18.1/nios2eds/bin/gnu/H-x86_64-pc-linux-gnu/bin/../lib/gcc/nios2-elf/5.3.0/../../../../../H-x86_64-pc-linux-gnu/nios2-elf/lib/libsmallc.a(lib_a-printf.o)
 .debug_info    0x000000000000160f      0x66d /home/lheywang/intelFPGA_lite/18.1/nios2eds/bin/gnu/H-x86_64-pc-linux-gnu/bin/../lib/gcc/nios2-elf/5.3.0/../../../../../H-x86_64-pc-linux-gnu/nios2-elf/lib/libsmallc.a(lib_a-puts.o)
 .debug_info    0x0000000000001c7c      0x7d9 /home/lheywang/intelFPGA_lite/18.1/nios2eds/bin/gnu/H-x86_64-pc-linux-gnu/bin/../lib/gcc/nios2-elf/5.3.0/../../../../../H-x86_64-pc-linux-gnu/nios2-elf/lib/libsmallc.a(lib_a-sprintf.o)
 .debug_info    0x0000000000002455       0xc9 /home/lheywang/intelFPGA_lite/18.1/nios2eds/bin/gnu/H-x86_64-pc-linux-gnu/bin/../lib/gcc/nios2-elf/5.3.0/../../../../../H-x86_64-pc-linux-gnu/nios2-elf/lib/libsmallc.a(lib_a-strlen.o)
 .debug_info    0x000000000000251e      0xb2b /home/lheywang/intelFPGA_lite/18.1/nios2eds/bin/gnu/H-x86_64-pc-linux-gnu/bin/../lib/gcc/nios2-elf/5.3.0/../../../../../H-x86_64-pc-linux-gnu/nios2-elf/lib/libsmallc.a(lib_a-svfprintf.o)
 .debug_info    0x0000000000003049      0xb2b /home/lheywang/intelFPGA_lite/18.1/nios2eds/bin/gnu/H-x86_64-pc-linux-gnu/bin/../lib/gcc/nios2-elf/5.3.0/../../../../../H-x86_64-pc-linux-gnu/nios2-elf/lib/libsmallc.a(lib_a-vfprintf.o)
 .debug_info    0x0000000000003b74      0x62b /home/lheywang/intelFPGA_lite/18.1/nios2eds/bin/gnu/H-x86_64-pc-linux-gnu/bin/../lib/gcc/nios2-elf/5.3.0/../../../../../H-x86_64-pc-linux-gnu/nios2-elf/lib/libsmallc.a(lib_a-fvwrite_small_dev.o)
 .debug_info    0x000000000000419f      0x700 /home/lheywang/intelFPGA_lite/18.1/nios2eds/bin/gnu/H-x86_64-pc-linux-gnu/bin/../lib/gcc/nios2-elf/5.3.0/../../../../../H-x86_64-pc-linux-gnu/nios2-elf/lib/libsmallc.a(lib_a-fvwrite_small_str.o)
 .debug_info    0x000000000000489f      0x5a9 /home/lheywang/intelFPGA_lite/18.1/nios2eds/bin/gnu/H-x86_64-pc-linux-gnu/bin/../lib/gcc/nios2-elf/5.3.0/../../../../../H-x86_64-pc-linux-gnu/nios2-elf/lib/libsmallc.a(lib_a-impure.o)
 .debug_info    0x0000000000004e48      0x10b /home/lheywang/intelFPGA_lite/18.1/nios2eds/bin/gnu/H-x86_64-pc-linux-gnu/bin/../lib/gcc/nios2-elf/5.3.0/../../../../../H-x86_64-pc-linux-gnu/nios2-elf/lib/libsmallc.a(lib_a-memmove.o)
 .debug_info    0x0000000000004f53      0x630 /home/lheywang/intelFPGA_lite/18.1/nios2eds/bin/gnu/H-x86_64-pc-linux-gnu/bin/../lib/gcc/nios2-elf/5.3.0/../../../../../H-x86_64-pc-linux-gnu/nios2-elf/lib/libsmallc.a(lib_a-writer.o)
 .debug_info    0x0000000000005583       0x8a /home/lheywang/intelFPGA_lite/18.1/nios2eds/bin/gnu/H-x86_64-pc-linux-gnu/bin/../lib/gcc/nios2-elf/5.3.0/../../../../../H-x86_64-pc-linux-gnu/nios2-elf/lib/libsmallc.a(lib_a-int_errno.o)
 .debug_info    0x000000000000560d      0x2c6 /home/lheywang/intelFPGA_lite/18.1/nios2eds/bin/gnu/H-x86_64-pc-linux-gnu/bin/../lib/gcc/nios2-elf/5.3.0/libgcc.a(lib2-divmod.o)
 .debug_info    0x00000000000058d3      0x350 ../project_soft_bsp//libhal_bsp.a(alt_iic.o)
 .debug_info    0x0000000000005c23      0x1ef ../project_soft_bsp//libhal_bsp.a(alt_iic_isr_register.o)
 .debug_info    0x0000000000005e12       0x77 ../project_soft_bsp//libhal_bsp.a(alt_irq_entry.o)
 .debug_info    0x0000000000005e89      0x187 ../project_soft_bsp//libhal_bsp.a(alt_irq_handler.o)
 .debug_info    0x0000000000006010       0x88 ../project_soft_bsp//libhal_bsp.a(alt_irq_vars.o)
 .debug_info    0x0000000000006098      0x145 ../project_soft_bsp//libhal_bsp.a(alt_load.o)
 .debug_info    0x00000000000061dd      0x131 ../project_soft_bsp//libhal_bsp.a(alt_main.o)
 .debug_info    0x000000000000630e       0xb0 ../project_soft_bsp//libhal_bsp.a(alt_usleep.o)
 .debug_info    0x00000000000063be      0x4b7 ../project_soft_bsp//libhal_bsp.a(alt_write.o)
 .debug_info    0x0000000000006875      0x3df ../project_soft_bsp//libhal_bsp.a(alt_sys_init.o)
 .debug_info    0x0000000000006c54      0x3a7 ../project_soft_bsp//libhal_bsp.a(altera_avalon_jtag_uart_fd.o)
 .debug_info    0x0000000000006ffb      0x1b2 ../project_soft_bsp//libhal_bsp.a(altera_avalon_jtag_uart_read.o)
 .debug_info    0x00000000000071ad      0x195 ../project_soft_bsp//libhal_bsp.a(altera_avalon_jtag_uart_write.o)
 .debug_info    0x0000000000007342      0x226 ../project_soft_bsp//libhal_bsp.a(altera_avalon_timer_sc.o)
 .debug_info    0x0000000000007568       0xd7 ../project_soft_bsp//libhal_bsp.a(alt_busy_sleep.o)
 .debug_info    0x000000000000763f      0x321 ../project_soft_bsp//libhal_bsp.a(alt_close.o)
 .debug_info    0x0000000000007960       0x92 ../project_soft_bsp//libhal_bsp.a(alt_dcache_flush_all.o)
 .debug_info    0x00000000000079f2      0x49c ../project_soft_bsp//libhal_bsp.a(alt_dev.o)
 .debug_info    0x0000000000007e8e      0x1a9 ../project_soft_bsp//libhal_bsp.a(alt_dev_llist_insert.o)
 .debug_info    0x0000000000008037       0x83 ../project_soft_bsp//libhal_bsp.a(alt_do_ctors.o)
 .debug_info    0x00000000000080ba       0x83 ../project_soft_bsp//libhal_bsp.a(alt_do_dtors.o)
 .debug_info    0x000000000000813d       0xa6 ../project_soft_bsp//libhal_bsp.a(alt_errno.o)
 .debug_info    0x00000000000081e3       0x7d ../project_soft_bsp//libhal_bsp.a(alt_exception_entry.o)
 .debug_info    0x0000000000008260       0x92 ../project_soft_bsp//libhal_bsp.a(alt_icache_flush_all.o)
 .debug_info    0x00000000000082f2      0x1e7 ../project_soft_bsp//libhal_bsp.a(alt_instruction_exception_entry.o)
 .debug_info    0x00000000000084d9      0x4a5 ../project_soft_bsp//libhal_bsp.a(alt_io_redirect.o)
 .debug_info    0x000000000000897e      0x3bb ../project_soft_bsp//libhal_bsp.a(alt_open.o)
 .debug_info    0x0000000000008d39      0x2b0 ../project_soft_bsp//libhal_bsp.a(alt_release_fd.o)
 .debug_info    0x0000000000008fe9      0x299 ../project_soft_bsp//libhal_bsp.a(alt_tick.o)
 .debug_info    0x0000000000009282       0x92 ../project_soft_bsp//libhal_bsp.a(altera_nios2_gen2_irq.o)
 .debug_info    0x0000000000009314      0x2e9 ../project_soft_bsp//libhal_bsp.a(alt_find_dev.o)
 .debug_info    0x00000000000095fd      0x2e6 ../project_soft_bsp//libhal_bsp.a(alt_find_file.o)
 .debug_info    0x00000000000098e3      0x310 ../project_soft_bsp//libhal_bsp.a(alt_get_fd.o)
 .debug_info    0x0000000000009bf3       0xdc ../project_soft_bsp//libhal_bsp.a(alt_icache_flush.o)
 .debug_info    0x0000000000009ccf       0xfe /home/lheywang/intelFPGA_lite/18.1/nios2eds/bin/gnu/H-x86_64-pc-linux-gnu/bin/../lib/gcc/nios2-elf/5.3.0/../../../../../H-x86_64-pc-linux-gnu/nios2-elf/lib/libsmallc.a(lib_a-atexit.o)
 .debug_info    0x0000000000009dcd       0xe5 /home/lheywang/intelFPGA_lite/18.1/nios2eds/bin/gnu/H-x86_64-pc-linux-gnu/bin/../lib/gcc/nios2-elf/5.3.0/../../../../../H-x86_64-pc-linux-gnu/nios2-elf/lib/libsmallc.a(lib_a-exit.o)
 .debug_info    0x0000000000009eb2       0xf4 /home/lheywang/intelFPGA_lite/18.1/nios2eds/bin/gnu/H-x86_64-pc-linux-gnu/bin/../lib/gcc/nios2-elf/5.3.0/../../../../../H-x86_64-pc-linux-gnu/nios2-elf/lib/libsmallc.a(lib_a-memcmp.o)
 .debug_info    0x0000000000009fa6      0x64a /home/lheywang/intelFPGA_lite/18.1/nios2eds/bin/gnu/H-x86_64-pc-linux-gnu/bin/../lib/gcc/nios2-elf/5.3.0/../../../../../H-x86_64-pc-linux-gnu/nios2-elf/lib/libsmallc.a(lib_a-__atexit.o)
 .debug_info    0x000000000000a5f0      0x67b /home/lheywang/intelFPGA_lite/18.1/nios2eds/bin/gnu/H-x86_64-pc-linux-gnu/bin/../lib/gcc/nios2-elf/5.3.0/../../../../../H-x86_64-pc-linux-gnu/nios2-elf/lib/libsmallc.a(lib_a-__call_atexit.o)
 .debug_info    0x000000000000ac6b       0xec ../project_soft_bsp//libhal_bsp.a(alt_exit.o)

.debug_abbrev   0x0000000000000000     0x39d3
 *(.debug_abbrev)
 .debug_abbrev  0x0000000000000000       0x12 ../project_soft_bsp//obj/HAL/src/crt0.o
 .debug_abbrev  0x0000000000000012      0x196 obj/default/buzzer/buzzer.o
 .debug_abbrev  0x00000000000001a8      0x164 obj/default/hello_world.o
 .debug_abbrev  0x000000000000030c      0x109 obj/default/hex/hex.o
 .debug_abbrev  0x0000000000000415       0xe5 obj/default/time/ptime.o
 .debug_abbrev  0x00000000000004fa      0x1ee /home/lheywang/intelFPGA_lite/18.1/nios2eds/bin/gnu/H-x86_64-pc-linux-gnu/bin/../lib/gcc/nios2-elf/5.3.0/../../../../../H-x86_64-pc-linux-gnu/nios2-elf/lib/libsmallc.a(lib_a-printf.o)
 .debug_abbrev  0x00000000000006e8      0x1d6 /home/lheywang/intelFPGA_lite/18.1/nios2eds/bin/gnu/H-x86_64-pc-linux-gnu/bin/../lib/gcc/nios2-elf/5.3.0/../../../../../H-x86_64-pc-linux-gnu/nios2-elf/lib/libsmallc.a(lib_a-puts.o)
 .debug_abbrev  0x00000000000008be      0x1d8 /home/lheywang/intelFPGA_lite/18.1/nios2eds/bin/gnu/H-x86_64-pc-linux-gnu/bin/../lib/gcc/nios2-elf/5.3.0/../../../../../H-x86_64-pc-linux-gnu/nios2-elf/lib/libsmallc.a(lib_a-sprintf.o)
 .debug_abbrev  0x0000000000000a96       0x7f /home/lheywang/intelFPGA_lite/18.1/nios2eds/bin/gnu/H-x86_64-pc-linux-gnu/bin/../lib/gcc/nios2-elf/5.3.0/../../../../../H-x86_64-pc-linux-gnu/nios2-elf/lib/libsmallc.a(lib_a-strlen.o)
 .debug_abbrev  0x0000000000000b15      0x2a1 /home/lheywang/intelFPGA_lite/18.1/nios2eds/bin/gnu/H-x86_64-pc-linux-gnu/bin/../lib/gcc/nios2-elf/5.3.0/../../../../../H-x86_64-pc-linux-gnu/nios2-elf/lib/libsmallc.a(lib_a-svfprintf.o)
 .debug_abbrev  0x0000000000000db6      0x2a1 /home/lheywang/intelFPGA_lite/18.1/nios2eds/bin/gnu/H-x86_64-pc-linux-gnu/bin/../lib/gcc/nios2-elf/5.3.0/../../../../../H-x86_64-pc-linux-gnu/nios2-elf/lib/libsmallc.a(lib_a-vfprintf.o)
 .debug_abbrev  0x0000000000001057      0x1bc /home/lheywang/intelFPGA_lite/18.1/nios2eds/bin/gnu/H-x86_64-pc-linux-gnu/bin/../lib/gcc/nios2-elf/5.3.0/../../../../../H-x86_64-pc-linux-gnu/nios2-elf/lib/libsmallc.a(lib_a-fvwrite_small_dev.o)
 .debug_abbrev  0x0000000000001213      0x1b5 /home/lheywang/intelFPGA_lite/18.1/nios2eds/bin/gnu/H-x86_64-pc-linux-gnu/bin/../lib/gcc/nios2-elf/5.3.0/../../../../../H-x86_64-pc-linux-gnu/nios2-elf/lib/libsmallc.a(lib_a-fvwrite_small_str.o)
 .debug_abbrev  0x00000000000013c8      0x14a /home/lheywang/intelFPGA_lite/18.1/nios2eds/bin/gnu/H-x86_64-pc-linux-gnu/bin/../lib/gcc/nios2-elf/5.3.0/../../../../../H-x86_64-pc-linux-gnu/nios2-elf/lib/libsmallc.a(lib_a-impure.o)
 .debug_abbrev  0x0000000000001512       0x8d /home/lheywang/intelFPGA_lite/18.1/nios2eds/bin/gnu/H-x86_64-pc-linux-gnu/bin/../lib/gcc/nios2-elf/5.3.0/../../../../../H-x86_64-pc-linux-gnu/nios2-elf/lib/libsmallc.a(lib_a-memmove.o)
 .debug_abbrev  0x000000000000159f      0x1a6 /home/lheywang/intelFPGA_lite/18.1/nios2eds/bin/gnu/H-x86_64-pc-linux-gnu/bin/../lib/gcc/nios2-elf/5.3.0/../../../../../H-x86_64-pc-linux-gnu/nios2-elf/lib/libsmallc.a(lib_a-writer.o)
 .debug_abbrev  0x0000000000001745       0x37 /home/lheywang/intelFPGA_lite/18.1/nios2eds/bin/gnu/H-x86_64-pc-linux-gnu/bin/../lib/gcc/nios2-elf/5.3.0/../../../../../H-x86_64-pc-linux-gnu/nios2-elf/lib/libsmallc.a(lib_a-int_errno.o)
 .debug_abbrev  0x000000000000177c      0x10e /home/lheywang/intelFPGA_lite/18.1/nios2eds/bin/gnu/H-x86_64-pc-linux-gnu/bin/../lib/gcc/nios2-elf/5.3.0/libgcc.a(lib2-divmod.o)
 .debug_abbrev  0x000000000000188a      0x163 ../project_soft_bsp//libhal_bsp.a(alt_iic.o)
 .debug_abbrev  0x00000000000019ed      0x169 ../project_soft_bsp//libhal_bsp.a(alt_iic_isr_register.o)
 .debug_abbrev  0x0000000000001b56       0x12 ../project_soft_bsp//libhal_bsp.a(alt_irq_entry.o)
 .debug_abbrev  0x0000000000001b68      0x122 ../project_soft_bsp//libhal_bsp.a(alt_irq_handler.o)
 .debug_abbrev  0x0000000000001c8a       0x40 ../project_soft_bsp//libhal_bsp.a(alt_irq_vars.o)
 .debug_abbrev  0x0000000000001cca       0x9f ../project_soft_bsp//libhal_bsp.a(alt_load.o)
 .debug_abbrev  0x0000000000001d69       0xba ../project_soft_bsp//libhal_bsp.a(alt_main.o)
 .debug_abbrev  0x0000000000001e23       0x60 ../project_soft_bsp//libhal_bsp.a(alt_usleep.o)
 .debug_abbrev  0x0000000000001e83      0x133 ../project_soft_bsp//libhal_bsp.a(alt_write.o)
 .debug_abbrev  0x0000000000001fb6      0x157 ../project_soft_bsp//libhal_bsp.a(alt_sys_init.o)
 .debug_abbrev  0x000000000000210d       0xf7 ../project_soft_bsp//libhal_bsp.a(altera_avalon_jtag_uart_fd.o)
 .debug_abbrev  0x0000000000002204       0xd5 ../project_soft_bsp//libhal_bsp.a(altera_avalon_jtag_uart_read.o)
 .debug_abbrev  0x00000000000022d9       0xd5 ../project_soft_bsp//libhal_bsp.a(altera_avalon_jtag_uart_write.o)
 .debug_abbrev  0x00000000000023ae      0x155 ../project_soft_bsp//libhal_bsp.a(altera_avalon_timer_sc.o)
 .debug_abbrev  0x0000000000002503       0x7e ../project_soft_bsp//libhal_bsp.a(alt_busy_sleep.o)
 .debug_abbrev  0x0000000000002581      0x11f ../project_soft_bsp//libhal_bsp.a(alt_close.o)
 .debug_abbrev  0x00000000000026a0       0x42 ../project_soft_bsp//libhal_bsp.a(alt_dcache_flush_all.o)
 .debug_abbrev  0x00000000000026e2       0xd9 ../project_soft_bsp//libhal_bsp.a(alt_dev.o)
 .debug_abbrev  0x00000000000027bb      0x114 ../project_soft_bsp//libhal_bsp.a(alt_dev_llist_insert.o)
 .debug_abbrev  0x00000000000028cf       0x79 ../project_soft_bsp//libhal_bsp.a(alt_do_ctors.o)
 .debug_abbrev  0x0000000000002948       0x79 ../project_soft_bsp//libhal_bsp.a(alt_do_dtors.o)
 .debug_abbrev  0x00000000000029c1       0x5a ../project_soft_bsp//libhal_bsp.a(alt_errno.o)
 .debug_abbrev  0x0000000000002a1b       0x12 ../project_soft_bsp//libhal_bsp.a(alt_exception_entry.o)
 .debug_abbrev  0x0000000000002a2d       0x42 ../project_soft_bsp//libhal_bsp.a(alt_icache_flush_all.o)
 .debug_abbrev  0x0000000000002a6f       0xdc ../project_soft_bsp//libhal_bsp.a(alt_instruction_exception_entry.o)
 .debug_abbrev  0x0000000000002b4b      0x114 ../project_soft_bsp//libhal_bsp.a(alt_io_redirect.o)
 .debug_abbrev  0x0000000000002c5f      0x148 ../project_soft_bsp//libhal_bsp.a(alt_open.o)
 .debug_abbrev  0x0000000000002da7       0xde ../project_soft_bsp//libhal_bsp.a(alt_release_fd.o)
 .debug_abbrev  0x0000000000002e85      0x15a ../project_soft_bsp//libhal_bsp.a(alt_tick.o)
 .debug_abbrev  0x0000000000002fdf       0x42 ../project_soft_bsp//libhal_bsp.a(altera_nios2_gen2_irq.o)
 .debug_abbrev  0x0000000000003021       0xf0 ../project_soft_bsp//libhal_bsp.a(alt_find_dev.o)
 .debug_abbrev  0x0000000000003111       0xf0 ../project_soft_bsp//libhal_bsp.a(alt_find_file.o)
 .debug_abbrev  0x0000000000003201      0x10d ../project_soft_bsp//libhal_bsp.a(alt_get_fd.o)
 .debug_abbrev  0x000000000000330e       0x8c ../project_soft_bsp//libhal_bsp.a(alt_icache_flush.o)
 .debug_abbrev  0x000000000000339a       0xaa /home/lheywang/intelFPGA_lite/18.1/nios2eds/bin/gnu/H-x86_64-pc-linux-gnu/bin/../lib/gcc/nios2-elf/5.3.0/../../../../../H-x86_64-pc-linux-gnu/nios2-elf/lib/libsmallc.a(lib_a-atexit.o)
 .debug_abbrev  0x0000000000003444       0x8b /home/lheywang/intelFPGA_lite/18.1/nios2eds/bin/gnu/H-x86_64-pc-linux-gnu/bin/../lib/gcc/nios2-elf/5.3.0/../../../../../H-x86_64-pc-linux-gnu/nios2-elf/lib/libsmallc.a(lib_a-exit.o)
 .debug_abbrev  0x00000000000034cf       0x7f /home/lheywang/intelFPGA_lite/18.1/nios2eds/bin/gnu/H-x86_64-pc-linux-gnu/bin/../lib/gcc/nios2-elf/5.3.0/../../../../../H-x86_64-pc-linux-gnu/nios2-elf/lib/libsmallc.a(lib_a-memcmp.o)
 .debug_abbrev  0x000000000000354e      0x1e6 /home/lheywang/intelFPGA_lite/18.1/nios2eds/bin/gnu/H-x86_64-pc-linux-gnu/bin/../lib/gcc/nios2-elf/5.3.0/../../../../../H-x86_64-pc-linux-gnu/nios2-elf/lib/libsmallc.a(lib_a-__atexit.o)
 .debug_abbrev  0x0000000000003734      0x1f6 /home/lheywang/intelFPGA_lite/18.1/nios2eds/bin/gnu/H-x86_64-pc-linux-gnu/bin/../lib/gcc/nios2-elf/5.3.0/../../../../../H-x86_64-pc-linux-gnu/nios2-elf/lib/libsmallc.a(lib_a-__call_atexit.o)
 .debug_abbrev  0x000000000000392a       0xa9 ../project_soft_bsp//libhal_bsp.a(alt_exit.o)

.debug_line     0x0000000000000000     0x4231
 *(.debug_line)
 .debug_line    0x0000000000000000       0x6c ../project_soft_bsp//obj/HAL/src/crt0.o
 .debug_line    0x000000000000006c      0x25e obj/default/buzzer/buzzer.o
 .debug_line    0x00000000000002ca      0x20e obj/default/hello_world.o
 .debug_line    0x00000000000004d8      0x1a9 obj/default/hex/hex.o
 .debug_line    0x0000000000000681       0xdf obj/default/time/ptime.o
 .debug_line    0x0000000000000760      0x200 /home/lheywang/intelFPGA_lite/18.1/nios2eds/bin/gnu/H-x86_64-pc-linux-gnu/bin/../lib/gcc/nios2-elf/5.3.0/../../../../../H-x86_64-pc-linux-gnu/nios2-elf/lib/libsmallc.a(lib_a-printf.o)
 .debug_line    0x0000000000000960      0x203 /home/lheywang/intelFPGA_lite/18.1/nios2eds/bin/gnu/H-x86_64-pc-linux-gnu/bin/../lib/gcc/nios2-elf/5.3.0/../../../../../H-x86_64-pc-linux-gnu/nios2-elf/lib/libsmallc.a(lib_a-puts.o)
 .debug_line    0x0000000000000b63      0x20d /home/lheywang/intelFPGA_lite/18.1/nios2eds/bin/gnu/H-x86_64-pc-linux-gnu/bin/../lib/gcc/nios2-elf/5.3.0/../../../../../H-x86_64-pc-linux-gnu/nios2-elf/lib/libsmallc.a(lib_a-sprintf.o)
 .debug_line    0x0000000000000d70      0x159 /home/lheywang/intelFPGA_lite/18.1/nios2eds/bin/gnu/H-x86_64-pc-linux-gnu/bin/../lib/gcc/nios2-elf/5.3.0/../../../../../H-x86_64-pc-linux-gnu/nios2-elf/lib/libsmallc.a(lib_a-strlen.o)
 .debug_line    0x0000000000000ec9      0x34f /home/lheywang/intelFPGA_lite/18.1/nios2eds/bin/gnu/H-x86_64-pc-linux-gnu/bin/../lib/gcc/nios2-elf/5.3.0/../../../../../H-x86_64-pc-linux-gnu/nios2-elf/lib/libsmallc.a(lib_a-svfprintf.o)
 .debug_line    0x0000000000001218      0x34f /home/lheywang/intelFPGA_lite/18.1/nios2eds/bin/gnu/H-x86_64-pc-linux-gnu/bin/../lib/gcc/nios2-elf/5.3.0/../../../../../H-x86_64-pc-linux-gnu/nios2-elf/lib/libsmallc.a(lib_a-vfprintf.o)
 .debug_line    0x0000000000001567      0x1ed /home/lheywang/intelFPGA_lite/18.1/nios2eds/bin/gnu/H-x86_64-pc-linux-gnu/bin/../lib/gcc/nios2-elf/5.3.0/../../../../../H-x86_64-pc-linux-gnu/nios2-elf/lib/libsmallc.a(lib_a-fvwrite_small_dev.o)
 .debug_line    0x0000000000001754      0x1fb /home/lheywang/intelFPGA_lite/18.1/nios2eds/bin/gnu/H-x86_64-pc-linux-gnu/bin/../lib/gcc/nios2-elf/5.3.0/../../../../../H-x86_64-pc-linux-gnu/nios2-elf/lib/libsmallc.a(lib_a-fvwrite_small_str.o)
 .debug_line    0x000000000000194f      0x153 /home/lheywang/intelFPGA_lite/18.1/nios2eds/bin/gnu/H-x86_64-pc-linux-gnu/bin/../lib/gcc/nios2-elf/5.3.0/../../../../../H-x86_64-pc-linux-gnu/nios2-elf/lib/libsmallc.a(lib_a-impure.o)
 .debug_line    0x0000000000001aa2      0x168 /home/lheywang/intelFPGA_lite/18.1/nios2eds/bin/gnu/H-x86_64-pc-linux-gnu/bin/../lib/gcc/nios2-elf/5.3.0/../../../../../H-x86_64-pc-linux-gnu/nios2-elf/lib/libsmallc.a(lib_a-memmove.o)
 .debug_line    0x0000000000001c0a      0x1ea /home/lheywang/intelFPGA_lite/18.1/nios2eds/bin/gnu/H-x86_64-pc-linux-gnu/bin/../lib/gcc/nios2-elf/5.3.0/../../../../../H-x86_64-pc-linux-gnu/nios2-elf/lib/libsmallc.a(lib_a-writer.o)
 .debug_line    0x0000000000001df4       0x5c /home/lheywang/intelFPGA_lite/18.1/nios2eds/bin/gnu/H-x86_64-pc-linux-gnu/bin/../lib/gcc/nios2-elf/5.3.0/../../../../../H-x86_64-pc-linux-gnu/nios2-elf/lib/libsmallc.a(lib_a-int_errno.o)
 .debug_line    0x0000000000001e50      0x102 /home/lheywang/intelFPGA_lite/18.1/nios2eds/bin/gnu/H-x86_64-pc-linux-gnu/bin/../lib/gcc/nios2-elf/5.3.0/libgcc.a(lib2-divmod.o)
 .debug_line    0x0000000000001f52       0xeb ../project_soft_bsp//libhal_bsp.a(alt_iic.o)
 .debug_line    0x000000000000203d       0xdb ../project_soft_bsp//libhal_bsp.a(alt_iic_isr_register.o)
 .debug_line    0x0000000000002118       0x6b ../project_soft_bsp//libhal_bsp.a(alt_irq_entry.o)
 .debug_line    0x0000000000002183       0xaa ../project_soft_bsp//libhal_bsp.a(alt_irq_handler.o)
 .debug_line    0x000000000000222d       0x50 ../project_soft_bsp//libhal_bsp.a(alt_irq_vars.o)
 .debug_line    0x000000000000227d       0x8e ../project_soft_bsp//libhal_bsp.a(alt_load.o)
 .debug_line    0x000000000000230b       0xa4 ../project_soft_bsp//libhal_bsp.a(alt_main.o)
 .debug_line    0x00000000000023af       0xbe ../project_soft_bsp//libhal_bsp.a(alt_usleep.o)
 .debug_line    0x000000000000246d      0x1fd ../project_soft_bsp//libhal_bsp.a(alt_write.o)
 .debug_line    0x000000000000266a      0x142 ../project_soft_bsp//libhal_bsp.a(alt_sys_init.o)
 .debug_line    0x00000000000027ac      0x112 ../project_soft_bsp//libhal_bsp.a(altera_avalon_jtag_uart_fd.o)
 .debug_line    0x00000000000028be       0xfd ../project_soft_bsp//libhal_bsp.a(altera_avalon_jtag_uart_read.o)
 .debug_line    0x00000000000029bb       0xf4 ../project_soft_bsp//libhal_bsp.a(altera_avalon_jtag_uart_write.o)
 .debug_line    0x0000000000002aaf       0xfd ../project_soft_bsp//libhal_bsp.a(altera_avalon_timer_sc.o)
 .debug_line    0x0000000000002bac       0xa0 ../project_soft_bsp//libhal_bsp.a(alt_busy_sleep.o)
 .debug_line    0x0000000000002c4c      0x176 ../project_soft_bsp//libhal_bsp.a(alt_close.o)
 .debug_line    0x0000000000002dc2       0x51 ../project_soft_bsp//libhal_bsp.a(alt_dcache_flush_all.o)
 .debug_line    0x0000000000002e13      0x109 ../project_soft_bsp//libhal_bsp.a(alt_dev.o)
 .debug_line    0x0000000000002f1c       0xcf ../project_soft_bsp//libhal_bsp.a(alt_dev_llist_insert.o)
 .debug_line    0x0000000000002feb       0x59 ../project_soft_bsp//libhal_bsp.a(alt_do_ctors.o)
 .debug_line    0x0000000000003044       0x59 ../project_soft_bsp//libhal_bsp.a(alt_do_dtors.o)
 .debug_line    0x000000000000309d       0x51 ../project_soft_bsp//libhal_bsp.a(alt_errno.o)
 .debug_line    0x00000000000030ee       0xb3 ../project_soft_bsp//libhal_bsp.a(alt_exception_entry.o)
 .debug_line    0x00000000000031a1       0x50 ../project_soft_bsp//libhal_bsp.a(alt_icache_flush_all.o)
 .debug_line    0x00000000000031f1       0xba ../project_soft_bsp//libhal_bsp.a(alt_instruction_exception_entry.o)
 .debug_line    0x00000000000032ab      0x144 ../project_soft_bsp//libhal_bsp.a(alt_io_redirect.o)
 .debug_line    0x00000000000033ef      0x128 ../project_soft_bsp//libhal_bsp.a(alt_open.o)
 .debug_line    0x0000000000003517       0xae ../project_soft_bsp//libhal_bsp.a(alt_release_fd.o)
 .debug_line    0x00000000000035c5       0xff ../project_soft_bsp//libhal_bsp.a(alt_tick.o)
 .debug_line    0x00000000000036c4       0x51 ../project_soft_bsp//libhal_bsp.a(altera_nios2_gen2_irq.o)
 .debug_line    0x0000000000003715       0xb5 ../project_soft_bsp//libhal_bsp.a(alt_find_dev.o)
 .debug_line    0x00000000000037ca       0xd1 ../project_soft_bsp//libhal_bsp.a(alt_find_file.o)
 .debug_line    0x000000000000389b       0xd4 ../project_soft_bsp//libhal_bsp.a(alt_get_fd.o)
 .debug_line    0x000000000000396f       0x81 ../project_soft_bsp//libhal_bsp.a(alt_icache_flush.o)
 .debug_line    0x00000000000039f0       0xe4 /home/lheywang/intelFPGA_lite/18.1/nios2eds/bin/gnu/H-x86_64-pc-linux-gnu/bin/../lib/gcc/nios2-elf/5.3.0/../../../../../H-x86_64-pc-linux-gnu/nios2-elf/lib/libsmallc.a(lib_a-atexit.o)
 .debug_line    0x0000000000003ad4      0x156 /home/lheywang/intelFPGA_lite/18.1/nios2eds/bin/gnu/H-x86_64-pc-linux-gnu/bin/../lib/gcc/nios2-elf/5.3.0/../../../../../H-x86_64-pc-linux-gnu/nios2-elf/lib/libsmallc.a(lib_a-exit.o)
 .debug_line    0x0000000000003c2a      0x15d /home/lheywang/intelFPGA_lite/18.1/nios2eds/bin/gnu/H-x86_64-pc-linux-gnu/bin/../lib/gcc/nios2-elf/5.3.0/../../../../../H-x86_64-pc-linux-gnu/nios2-elf/lib/libsmallc.a(lib_a-memcmp.o)
 .debug_line    0x0000000000003d87      0x20a /home/lheywang/intelFPGA_lite/18.1/nios2eds/bin/gnu/H-x86_64-pc-linux-gnu/bin/../lib/gcc/nios2-elf/5.3.0/../../../../../H-x86_64-pc-linux-gnu/nios2-elf/lib/libsmallc.a(lib_a-__atexit.o)
 .debug_line    0x0000000000003f91      0x22f /home/lheywang/intelFPGA_lite/18.1/nios2eds/bin/gnu/H-x86_64-pc-linux-gnu/bin/../lib/gcc/nios2-elf/5.3.0/../../../../../H-x86_64-pc-linux-gnu/nios2-elf/lib/libsmallc.a(lib_a-__call_atexit.o)
 .debug_line    0x00000000000041c0       0x71 ../project_soft_bsp//libhal_bsp.a(alt_exit.o)

.debug_frame    0x0000000000000000      0xf5c
 *(.debug_frame)
 .debug_frame   0x0000000000000000       0xec obj/default/buzzer/buzzer.o
 .debug_frame   0x00000000000000ec       0x50 obj/default/hello_world.o
 .debug_frame   0x000000000000013c       0x88 obj/default/hex/hex.o
 .debug_frame   0x00000000000001c4       0x4c obj/default/time/ptime.o
 .debug_frame   0x0000000000000210       0x48 /home/lheywang/intelFPGA_lite/18.1/nios2eds/bin/gnu/H-x86_64-pc-linux-gnu/bin/../lib/gcc/nios2-elf/5.3.0/../../../../../H-x86_64-pc-linux-gnu/nios2-elf/lib/libsmallc.a(lib_a-printf.o)
 .debug_frame   0x0000000000000258       0x48 /home/lheywang/intelFPGA_lite/18.1/nios2eds/bin/gnu/H-x86_64-pc-linux-gnu/bin/../lib/gcc/nios2-elf/5.3.0/../../../../../H-x86_64-pc-linux-gnu/nios2-elf/lib/libsmallc.a(lib_a-puts.o)
 .debug_frame   0x00000000000002a0       0x48 /home/lheywang/intelFPGA_lite/18.1/nios2eds/bin/gnu/H-x86_64-pc-linux-gnu/bin/../lib/gcc/nios2-elf/5.3.0/../../../../../H-x86_64-pc-linux-gnu/nios2-elf/lib/libsmallc.a(lib_a-sprintf.o)
 .debug_frame   0x00000000000002e8       0x20 /home/lheywang/intelFPGA_lite/18.1/nios2eds/bin/gnu/H-x86_64-pc-linux-gnu/bin/../lib/gcc/nios2-elf/5.3.0/../../../../../H-x86_64-pc-linux-gnu/nios2-elf/lib/libsmallc.a(lib_a-strlen.o)
 .debug_frame   0x0000000000000308       0x8c /home/lheywang/intelFPGA_lite/18.1/nios2eds/bin/gnu/H-x86_64-pc-linux-gnu/bin/../lib/gcc/nios2-elf/5.3.0/../../../../../H-x86_64-pc-linux-gnu/nios2-elf/lib/libsmallc.a(lib_a-svfprintf.o)
 .debug_frame   0x0000000000000394       0x8c /home/lheywang/intelFPGA_lite/18.1/nios2eds/bin/gnu/H-x86_64-pc-linux-gnu/bin/../lib/gcc/nios2-elf/5.3.0/../../../../../H-x86_64-pc-linux-gnu/nios2-elf/lib/libsmallc.a(lib_a-vfprintf.o)
 .debug_frame   0x0000000000000420       0x58 /home/lheywang/intelFPGA_lite/18.1/nios2eds/bin/gnu/H-x86_64-pc-linux-gnu/bin/../lib/gcc/nios2-elf/5.3.0/../../../../../H-x86_64-pc-linux-gnu/nios2-elf/lib/libsmallc.a(lib_a-fvwrite_small_dev.o)
 .debug_frame   0x0000000000000478       0x44 /home/lheywang/intelFPGA_lite/18.1/nios2eds/bin/gnu/H-x86_64-pc-linux-gnu/bin/../lib/gcc/nios2-elf/5.3.0/../../../../../H-x86_64-pc-linux-gnu/nios2-elf/lib/libsmallc.a(lib_a-fvwrite_small_str.o)
 .debug_frame   0x00000000000004bc       0x20 /home/lheywang/intelFPGA_lite/18.1/nios2eds/bin/gnu/H-x86_64-pc-linux-gnu/bin/../lib/gcc/nios2-elf/5.3.0/../../../../../H-x86_64-pc-linux-gnu/nios2-elf/lib/libsmallc.a(lib_a-memmove.o)
 .debug_frame   0x00000000000004dc       0x38 /home/lheywang/intelFPGA_lite/18.1/nios2eds/bin/gnu/H-x86_64-pc-linux-gnu/bin/../lib/gcc/nios2-elf/5.3.0/../../../../../H-x86_64-pc-linux-gnu/nios2-elf/lib/libsmallc.a(lib_a-writer.o)
 .debug_frame   0x0000000000000514       0x50 /home/lheywang/intelFPGA_lite/18.1/nios2eds/bin/gnu/H-x86_64-pc-linux-gnu/bin/../lib/gcc/nios2-elf/5.3.0/libgcc.a(lib2-divmod.o)
 .debug_frame   0x0000000000000564       0xa4 ../project_soft_bsp//libhal_bsp.a(alt_iic.o)
 .debug_frame   0x0000000000000608       0x38 ../project_soft_bsp//libhal_bsp.a(alt_iic_isr_register.o)
 .debug_frame   0x0000000000000640       0x38 ../project_soft_bsp//libhal_bsp.a(alt_irq_handler.o)
 .debug_frame   0x0000000000000678       0x5c ../project_soft_bsp//libhal_bsp.a(alt_load.o)
 .debug_frame   0x00000000000006d4       0x2c ../project_soft_bsp//libhal_bsp.a(alt_main.o)
 .debug_frame   0x0000000000000700       0x38 ../project_soft_bsp//libhal_bsp.a(alt_usleep.o)
 .debug_frame   0x0000000000000738       0x60 ../project_soft_bsp//libhal_bsp.a(alt_write.o)
 .debug_frame   0x0000000000000798       0x88 ../project_soft_bsp//libhal_bsp.a(alt_sys_init.o)
 .debug_frame   0x0000000000000820       0x60 ../project_soft_bsp//libhal_bsp.a(altera_avalon_jtag_uart_fd.o)
 .debug_frame   0x0000000000000880       0x34 ../project_soft_bsp//libhal_bsp.a(altera_avalon_jtag_uart_read.o)
 .debug_frame   0x00000000000008b4       0x34 ../project_soft_bsp//libhal_bsp.a(altera_avalon_jtag_uart_write.o)
 .debug_frame   0x00000000000008e8       0x60 ../project_soft_bsp//libhal_bsp.a(altera_avalon_timer_sc.o)
 .debug_frame   0x0000000000000948       0x38 ../project_soft_bsp//libhal_bsp.a(alt_busy_sleep.o)
 .debug_frame   0x0000000000000980       0x60 ../project_soft_bsp//libhal_bsp.a(alt_close.o)
 .debug_frame   0x00000000000009e0       0x34 ../project_soft_bsp//libhal_bsp.a(alt_dcache_flush_all.o)
 .debug_frame   0x0000000000000a14       0x34 ../project_soft_bsp//libhal_bsp.a(alt_dev.o)
 .debug_frame   0x0000000000000a48       0x60 ../project_soft_bsp//libhal_bsp.a(alt_dev_llist_insert.o)
 .debug_frame   0x0000000000000aa8       0x38 ../project_soft_bsp//libhal_bsp.a(alt_do_ctors.o)
 .debug_frame   0x0000000000000ae0       0x38 ../project_soft_bsp//libhal_bsp.a(alt_do_dtors.o)