Archive member included to satisfy reference by file (symbol)

/home/lheywang/intelFPGA_lite/18.1/nios2eds/bin/gnu/H-x86_64-pc-linux-gnu/bin/../lib/gcc/nios2-elf/5.3.0/../../../../../H-x86_64-pc-linux-gnu/nios2-elf/lib/libsmallc.a(lib_a-printf.o)
                              obj/default/hello_world.o (printf)
/home/lheywang/intelFPGA_lite/18.1/nios2eds/bin/gnu/H-x86_64-pc-linux-gnu/bin/../lib/gcc/nios2-elf/5.3.0/../../../../../H-x86_64-pc-linux-gnu/nios2-elf/lib/libsmallc.a(lib_a-puts.o)
                              obj/default/hello_world.o (puts)
/home/lheywang/intelFPGA_lite/18.1/nios2eds/bin/gnu/H-x86_64-pc-linux-gnu/bin/../lib/gcc/nios2-elf/5.3.0/../../../../../H-x86_64-pc-linux-gnu/nios2-elf/lib/libsmallc.a(lib_a-sprintf.o)
                              obj/default/time/ptime.o (sprintf)
/home/lheywang/intelFPGA_lite/18.1/nios2eds/bin/gnu/H-x86_64-pc-linux-gnu/bin/../lib/gcc/nios2-elf/5.3.0/../../../../../H-x86_64-pc-linux-gnu/nios2-elf/lib/libsmallc.a(lib_a-strlen.o)
                              /home/lheywang/intelFPGA_lite/18.1/nios2eds/bin/gnu/H-x86_64-pc-linux-gnu/bin/../lib/gcc/nios2-elf/5.3.0/../../../../../H-x86_64-pc-linux-gnu/nios2-elf/lib/libsmallc.a(lib_a-puts.o) (strlen)
/home/lheywang/intelFPGA_lite/18.1/nios2eds/bin/gnu/H-x86_64-pc-linux-gnu/bin/../lib/gcc/nios2-elf/5.3.0/../../../../../H-x86_64-pc-linux-gnu/nios2-elf/lib/libsmallc.a(lib_a-svfprintf.o)
                              /home/lheywang/intelFPGA_lite/18.1/nios2eds/bin/gnu/H-x86_64-pc-linux-gnu/bin/../lib/gcc/nios2-elf/5.3.0/../../../../../H-x86_64-pc-linux-gnu/nios2-elf/lib/libsmallc.a(lib_a-sprintf.o) (___svfprintf_internal_r)
/home/lheywang/intelFPGA_lite/18.1/nios2eds/bin/gnu/H-x86_64-pc-linux-gnu/bin/../lib/gcc/nios2-elf/5.3.0/../../../../../H-x86_64-pc-linux-gnu/nios2-elf/lib/libsmallc.a(lib_a-vfprintf.o)
                              /home/lheywang/intelFPGA_lite/18.1/nios2eds/bin/gnu/H-x86_64-pc-linux-gnu/bin/../lib/gcc/nios2-elf/5.3.0/../../../../../H-x86_64-pc-linux-gnu/nios2-elf/lib/libsmallc.a(lib_a-printf.o) (___vfprintf_internal_r)
/home/lheywang/intelFPGA_lite/18.1/nios2eds/bin/gnu/H-x86_64-pc-linux-gnu/bin/../lib/gcc/nios2-elf/5.3.0/../../../../../H-x86_64-pc-linux-gnu/nios2-elf/lib/libsmallc.a(lib_a-fvwrite_small_dev.o)
                              /home/lheywang/intelFPGA_lite/18.1/nios2eds/bin/gnu/H-x86_64-pc-linux-gnu/bin/../lib/gcc/nios2-elf/5.3.0/../../../../../H-x86_64-pc-linux-gnu/nios2-elf/lib/libsmallc.a(lib_a-printf.o) (__sfvwrite_small_dev)
/home/lheywang/intelFPGA_lite/18.1/nios2eds/bin/gnu/H-x86_64-pc-linux-gnu/bin/../lib/gcc/nios2-elf/5.3.0/../../../../../H-x86_64-pc-linux-gnu/nios2-elf/lib/libsmallc.a(lib_a-fvwrite_small_str.o)
                              /home/lheywang/intelFPGA_lite/18.1/nios2eds/bin/gnu/H-x86_64-pc-linux-gnu/bin/../lib/gcc/nios2-elf/5.3.0/../../../../../H-x86_64-pc-linux-gnu/nios2-elf/lib/libsmallc.a(lib_a-sprintf.o) (__sfvwrite_small_str)
/home/lheywang/intelFPGA_lite/18.1/nios2eds/bin/gnu/H-x86_64-pc-linux-gnu/bin/../lib/gcc/nios2-elf/5.3.0/../../../../../H-x86_64-pc-linux-gnu/nios2-elf/lib/libsmallc.a(lib_a-impure.o)
                              /home/lheywang/intelFPGA_lite/18.1/nios2eds/bin/gnu/H-x86_64-pc-linux-gnu/bin/../lib/gcc/nios2-elf/5.3.0/../../../../../H-x86_64-pc-linux-gnu/nios2-elf/lib/libsmallc.a(lib_a-printf.o) (_impure_ptr)
/home/lheywang/intelFPGA_lite/18.1/nios2eds/bin/gnu/H-x86_64-pc-linux-gnu/bin/../lib/gcc/nios2-elf/5.3.0/../../../../../H-x86_64-pc-linux-gnu/nios2-elf/lib/libsmallc.a(lib_a-memmove.o)
                              /home/lheywang/intelFPGA_lite/18.1/nios2eds/bin/gnu/H-x86_64-pc-linux-gnu/bin/../lib/gcc/nios2-elf/5.3.0/../../../../../H-x86_64-pc-linux-gnu/nios2-elf/lib/libsmallc.a(lib_a-fvwrite_small_str.o) (memmove)
/home/lheywang/intelFPGA_lite/18.1/nios2eds/bin/gnu/H-x86_64-pc-linux-gnu/bin/../lib/gcc/nios2-elf/5.3.0/../../../../../H-x86_64-pc-linux-gnu/nios2-elf/lib/libsmallc.a(lib_a-writer.o)
                              /home/lheywang/intelFPGA_lite/18.1/nios2eds/bin/gnu/H-x86_64-pc-linux-gnu/bin/../lib/gcc/nios2-elf/5.3.0/../../../../../H-x86_64-pc-linux-gnu/nios2-elf/lib/libsmallc.a(lib_a-fvwrite_small_dev.o) (_write_r)
/home/lheywang/intelFPGA_lite/18.1/nios2eds/bin/gnu/H-x86_64-pc-linux-gnu/bin/../lib/gcc/nios2-elf/5.3.0/../../../../../H-x86_64-pc-linux-gnu/nios2-elf/lib/libsmallc.a(lib_a-int_errno.o)
                              /home/lheywang/intelFPGA_lite/18.1/nios2eds/bin/gnu/H-x86_64-pc-linux-gnu/bin/../lib/gcc/nios2-elf/5.3.0/../../../../../H-x86_64-pc-linux-gnu/nios2-elf/lib/libsmallc.a(lib_a-writer.o) (errno)
/home/lheywang/intelFPGA_lite/18.1/nios2eds/bin/gnu/H-x86_64-pc-linux-gnu/bin/../lib/gcc/nios2-elf/5.3.0/libgcc.a(lib2-divmod.o)
                              /home/lheywang/intelFPGA_lite/18.1/nios2eds/bin/gnu/H-x86_64-pc-linux-gnu/bin/../lib/gcc/nios2-elf/5.3.0/../../../../../H-x86_64-pc-linux-gnu/nios2-elf/lib/libsmallc.a(lib_a-svfprintf.o) (__udivsi3)
../project_soft_bsp//libhal_bsp.a(alt_iic.o)
[...]
Memory Configuration

Name             Origin             Length             Attributes
reset            0x0000000000020000 0x0000000000000020
MEMOIRE_ONCHIP   0x0000000000020020 0x000000000001dfe0
*default*        0x0000000000000000 0xffffffffffffffff

Linker script and memory map

LOAD ../project_soft_bsp//obj/HAL/src/crt0.o
LOAD obj/default/buzzer/buzzer.o
LOAD obj/default/buzzer/songs/anissa/anissa.o
LOAD obj/default/buzzer/songs/astronomia/astronomia.o
LOAD obj/default/buzzer/songs/baby-shark/baby-shark.o
LOAD obj/default/buzzer/songs/crazy-frog/crazy-frog.o
LOAD obj/default/buzzer/songs/elise/elise.o
LOAD obj/default/buzzer/songs/happy-birthday/happy-birthday.o
LOAD obj/default/hello_world.o
LOAD obj/default/hex/hex.o
LOAD obj/default/time/ptime.o
LOAD /home/lheywang/intelFPGA_lite/18.1/nios2eds/bin/gnu/H-x86_64-pc-linux-gnu/bin/../lib/gcc/nios2-elf/5.3.0/../../../../../H-x86_64-pc-linux-gnu/nios2-elf/lib/libstdc++.a
LOAD /home/lheywang/intelFPGA_lite/18.1/nios2eds/bin/gnu/H-x86_64-pc-linux-gnu/bin/../lib/gcc/nios2-elf/5.3.0/../../../../../H-x86_64-pc-linux-gnu/nios2-elf/lib/libm.a
LOAD /home/lheywang/intelFPGA_lite/18.1/nios2eds/bin/gnu/H-x86_64-pc-linux-gnu/bin/../lib/gcc/nios2-elf/5.3.0/libgcc.a
START GROUP
LOAD /home/lheywang/intelFPGA_lite/18.1/nios2eds/bin/gnu/H-x86_64-pc-linux-gnu/bin/../lib/gcc/nios2-elf/5.3.0/../../../../../H-x86_64-pc-linux-gnu/nios2-elf/lib/libsmallc.a
LOAD /home/lheywang/intelFPGA_lite/18.1/nios2eds/bin/gnu/H-x86_64-pc-linux-gnu/bin/../lib/gcc/nios2-elf/5.3.0/libgcc.a
LOAD ../project_soft_bsp//libhal_bsp.a
LOAD /home/lheywang/intelFPGA_lite/18.1/nios2eds/bin/gnu/H-x86_64-pc-linux-gnu/bin/../lib/gcc/nios2-elf/5.3.0/../../../../../H-x86_64-pc-linux-gnu/nios2-elf/lib/libm.a
END GROUP
LOAD /home/lheywang/intelFPGA_lite/18.1/nios2eds/bin/gnu/H-x86_64-pc-linux-gnu/bin/../lib/gcc/nios2-elf/5.3.0/libgcc.a
                0x0000000000020000                __alt_mem_MEMOIRE_ONCHIP = 0x20000

.entry          0x0000000000020000       0x20
 *(.entry)
 .entry         0x0000000000020000       0x20 ../project_soft_bsp//obj/HAL/src/crt0.o
                0x0000000000020000                __reset

.exceptions     0x0000000000020020      0x224
                0x0000000000020020                PROVIDE (__ram_exceptions_start, ABSOLUTE (.))
                0x0000000000020020                . = ALIGN (0x20)
 *(.irq)
 *(.exceptions.entry.label)
 .exceptions.entry.label
                0x0000000000020020        0x0 ../project_soft_bsp//libhal_bsp.a(alt_irq_entry.o)
                0x0000000000020020                alt_irq_entry
 .exceptions.entry.label
                0x0000000000020020        0x0 ../project_soft_bsp//libhal_bsp.a(alt_exception_entry.o)
                0x0000000000020020                alt_exception
 *(.exceptions.entry.user)
 *(.exceptions.entry.ecc_fatal)
 *(.exceptions.entry)
 .exceptions.entry
                0x0000000000020020       0x54 ../project_soft_bsp//libhal_bsp.a(alt_exception_entry.o)
 *(.exceptions.irqtest.user)
 *(.exceptions.irqtest)
 .exceptions.irqtest
                0x0000000000020074       0x10 ../project_soft_bsp//libhal_bsp.a(alt_irq_entry.o)
 *(.exceptions.irqhandler.user)
 *(.exceptions.irqhandler)
 .exceptions.irqhandler
                0x0000000000020084        0x4 ../project_soft_bsp//libhal_bsp.a(alt_irq_entry.o)
 *(.exceptions.irqreturn.user)
 *(.exceptions.irqreturn)
 .exceptions.irqreturn
                0x0000000000020088        0x4 ../project_soft_bsp//libhal_bsp.a(alt_irq_entry.o)
 *(.exceptions.notirq.label)
 .exceptions.notirq.label
                0x000000000002008c        0x0 ../project_soft_bsp//libhal_bsp.a(alt_irq_entry.o)
 *(.exceptions.notirq.user)
 *(.exceptions.notirq)
 .exceptions.notirq
                0x000000000002008c        0x8 ../project_soft_bsp//libhal_bsp.a(alt_exception_entry.o)
 *(.exceptions.soft.user)
 *(.exceptions.soft)
 *(.exceptions.unknown.user)
 *(.exceptions.unknown)
 .exceptions.unknown
                0x0000000000020094       0x14 ../project_soft_bsp//libhal_bsp.a(alt_exception_entry.o)
 *(.exceptions.exit.label)
 .exceptions.exit.label
                0x00000000000200a8        0x0 ../project_soft_bsp//libhal_bsp.a(alt_irq_entry.o)
 .exceptions.exit.label
                0x00000000000200a8        0x0 ../project_soft_bsp//libhal_bsp.a(alt_exception_entry.o)
 *(.exceptions.exit.user)
 *(.exceptions.exit)
 .exceptions.exit
                0x00000000000200a8       0x54 ../project_soft_bsp//libhal_bsp.a(alt_exception_entry.o)
 *(.exceptions)
 .exceptions    0x00000000000200fc       0xd4 ../project_soft_bsp//libhal_bsp.a(alt_irq_handler.o)
                0x00000000000200fc                alt_irq_handler
 .exceptions    0x00000000000201d0       0x74 ../project_soft_bsp//libhal_bsp.a(alt_instruction_exception_entry.o)
                0x00000000000201d0                alt_instruction_exception_entry
                0x0000000000020244                PROVIDE (__ram_exceptions_end, ABSOLUTE (.))
                0x0000000000020020                PROVIDE (__flash_exceptions_start, LOADADDR (.exceptions))

.text           0x0000000000020244     0x354c
                [!provide]                        PROVIDE (stext, ABSOLUTE (.))
 *(.interp)
 *(.hash)
 *(.dynsym)
 *(.dynstr)
 *(.gnu.version)
 *(.gnu.version_d)
 *(.gnu.version_r)
 *(.rel.init)
 *(.rela.init)
 *(.rel.text .rel.text.* .rel.gnu.linkonce.t.*)
 *(.rela.text .rela.text.* .rela.gnu.linkonce.t.*)
 *(.rel.fini)
 *(.rela.fini)
 *(.rel.rodata .rel.rodata.* .rel.gnu.linkonce.r.*)
 *(.rela.rodata .rela.rodata.* .rela.gnu.linkonce.r.*)
 *(.rel.data .rel.data.* .rel.gnu.linkonce.d.*)
 *(.rela.data .rela.data.* .rela.gnu.linkonce.d.*)
 *(.rel.tdata .rel.tdata.* .rel.gnu.linkonce.td.*)
 *(.rela.tdata .rela.tdata.* .rela.gnu.linkonce.td.*)
 *(.rel.tbss .rel.tbss.* .rel.gnu.linkonce.tb.*)
 *(.rela.tbss .rela.tbss.* .rela.gnu.linkonce.tb.*)
 *(.rel.ctors)
 *(.rela.ctors)
 *(.rel.dtors)
 *(.rela.dtors)
 *(.rel.got)
 *(.rela.got)
 *(.rel.sdata .rel.sdata.* .rel.gnu.linkonce.s.*)
 *(.rela.sdata .rela.sdata.* .rela.gnu.linkonce.s.*)
 *(.rel.sbss .rel.sbss.* .rel.gnu.linkonce.sb.*)
 *(.rela.sbss .rela.sbss.* .rela.gnu.linkonce.sb.*)
 *(.rel.sdata2 .rel.sdata2.* .rel.gnu.linkonce.s2.*)
 *(.rela.sdata2 .rela.sdata2.* .rela.gnu.linkonce.s2.*)
 *(.rel.sbss2 .rel.sbss2.* .rel.gnu.linkonce.sb2.*)
 *(.rela.sbss2 .rela.sbss2.* .rela.gnu.linkonce.sb2.*)
 *(.rel.bss .rel.bss.* .rel.gnu.linkonce.b.*)
 *(.rela.bss .rela.bss.* .rela.gnu.linkonce.b.*)
 *(.rel.plt)
 *(.rela.plt)
 *(.rel.dyn)
 *(.init)
 *(.plt)
 *(.text .stub .text.* .gnu.linkonce.t.*)
 .text          0x0000000000020244       0x3c ../project_soft_bsp//obj/HAL/src/crt0.o
                0x0000000000020244                _start
 .text          0x0000000000020280      0x2e4 obj/default/buzzer/buzzer.o
                0x0000000000020280                buzzer_enable
                0x00000000000202a4                buzzer_disable
                0x00000000000202c0                buzzer_set_note
                0x00000000000202e8                buzzer_set_volume
                0x0000000000020328                buzzer_set_duration
                0x0000000000020368                buzzer_play
                0x000000000002046c                buzzer_play_song
                0x0000000000020540                buzzer_stop_song
 .text          0x0000000000020564        0x0 obj/default/buzzer/songs/anissa/anissa.o
 .text          0x0000000000020564        0x0 obj/default/buzzer/songs/astronomia/astronomia.o
 .text          0x0000000000020564        0x0 obj/default/buzzer/songs/baby-shark/baby-shark.o
 .text          0x0000000000020564        0x0 obj/default/buzzer/songs/crazy-frog/crazy-frog.o
 .text          0x0000000000020564        0x0 obj/default/buzzer/songs/elise/elise.o
 .text          0x0000000000020564        0x0 obj/default/buzzer/songs/happy-birthday/happy-birthday.o
 .text          0x0000000000020564      0x158 obj/default/hello_world.o
                0x0000000000020584                main
 .text          0x00000000000206bc      0x400 obj/default/hex/hex.o
                0x00000000000206bc                char27seg
                0x0000000000020904                hex_display
 .text          0x0000000000020abc      0x114 obj/default/time/ptime.o
                0x0000000000020abc                time_increment
                0x0000000000020b28                time_print
 .text          0x0000000000020bd0        0x0 /home/lheywang/intelFPGA_lite/18.1/nios2eds/bin/gnu/H-x86_64-pc-linux-gnu/bin/../lib/gcc/nios2-elf/5.3.0/../../../../../H-x86_64-pc-linux-gnu/nios2-elf/lib/libsmallc.a(lib_a-printf.o)
 .text._printf_r
                0x0000000000020bd0       0x3c /home/lheywang/intelFPGA_lite/18.1/nios2eds/bin/gnu/H-x86_64-pc-linux-gnu/bin/../lib/gcc/nios2-elf/5.3.0/../../../../../H-x86_64-pc-linux-gnu/nios2-elf/lib/libsmallc.a(lib_a-printf.o)
                0x0000000000020bd0                _printf_r
 .text.printf   0x0000000000020c0c       0x4c /home/lheywang/intelFPGA_lite/18.1/nios2eds/bin/gnu/H-x86_64-pc-linux-gnu/bin/../lib/gcc/nios2-elf/5.3.0/../../../../../H-x86_64-pc-linux-gnu/nios2-elf/lib/libsmallc.a(lib_a-printf.o)
                0x0000000000020c0c                printf
 .text          0x0000000000020c58        0x0 /home/lheywang/intelFPGA_lite/18.1/nios2eds/bin/gnu/H-x86_64-pc-linux-gnu/bin/../lib/gcc/nios2-elf/5.3.0/../../../../../H-x86_64-pc-linux-gnu/nios2-elf/lib/libsmallc.a(lib_a-puts.o)
 .text._puts_r  0x0000000000020c58       0x80 /home/lheywang/intelFPGA_lite/18.1/nios2eds/bin/gnu/H-x86_64-pc-linux-gnu/bin/../lib/gcc/nios2-elf/5.3.0/../../../../../H-x86_64-pc-linux-gnu/nios2-elf/lib/libsmallc.a(lib_a-puts.o)
                0x0000000000020c58                _puts_r
 .text.puts     0x0000000000020cd8       0x14 /home/lheywang/intelFPGA_lite/18.1/nios2eds/bin/gnu/H-x86_64-pc-linux-gnu/bin/../lib/gcc/nios2-elf/5.3.0/../../../../../H-x86_64-pc-linux-gnu/nios2-elf/lib/libsmallc.a(lib_a-puts.o)
                0x0000000000020cd8                puts
 .text          0x0000000000020cec        0x0 /home/lheywang/intelFPGA_lite/18.1/nios2eds/bin/gnu/H-x86_64-pc-linux-gnu/bin/../lib/gcc/nios2-elf/5.3.0/../../../../../H-x86_64-pc-linux-gnu/nios2-elf/lib/libsmallc.a(lib_a-sprintf.o)
 .text._sprintf_r
                0x0000000000020cec       0x64 /home/lheywang/intelFPGA_lite/18.1/nios2eds/bin/gnu/H-x86_64-pc-linux-gnu/bin/../lib/gcc/nios2-elf/5.3.0/../../../../../H-x86_64-pc-linux-gnu/nios2-elf/lib/libsmallc.a(lib_a-sprintf.o)
                0x0000000000020cec                _sprintf_r
 .text.sprintf  0x0000000000020d50       0x78 /home/lheywang/intelFPGA_lite/18.1/nios2eds/bin/gnu/H-x86_64-pc-linux-gnu/bin/../lib/gcc/nios2-elf/5.3.0/../../../../../H-x86_64-pc-linux-gnu/nios2-elf/lib/libsmallc.a(lib_a-sprintf.o)
                0x0000000000020d50                sprintf
 .text          0x0000000000020dc8        0x0 /home/lheywang/intelFPGA_lite/18.1/nios2eds/bin/gnu/H-x86_64-pc-linux-gnu/bin/../lib/gcc/nios2-elf/5.3.0/../../../../../H-x86_64-pc-linux-gnu/nios2-elf/lib/libsmallc.a(lib_a-strlen.o)
 .text.strlen   0x0000000000020dc8       0x1c /home/lheywang/intelFPGA_lite/18.1/nios2eds/bin/gnu/H-x86_64-pc-linux-gnu/bin/../lib/gcc/nios2-elf/5.3.0/../../../../../H-x86_64-pc-linux-gnu/nios2-elf/lib/libsmallc.a(lib_a-strlen.o)
                0x0000000000020dc8                strlen
 .text          0x0000000000020de4        0x0 /home/lheywang/intelFPGA_lite/18.1/nios2eds/bin/gnu/H-x86_64-pc-linux-gnu/bin/../lib/gcc/nios2-elf/5.3.0/../../../../../H-x86_64-pc-linux-gnu/nios2-elf/lib/libsmallc.a(lib_a-svfprintf.o)
 .text.print_repeat
                0x0000000000020de4       0x6c /home/lheywang/intelFPGA_lite/18.1/nios2eds/bin/gnu/H-x86_64-pc-linux-gnu/bin/../lib/gcc/nios2-elf/5.3.0/../../../../../H-x86_64-pc-linux-gnu/nios2-elf/lib/libsmallc.a(lib_a-svfprintf.o)
 .text.___svfprintf_internal_r
                0x0000000000020e50      0x524 /home/lheywang/intelFPGA_lite/18.1/nios2eds/bin/gnu/H-x86_64-pc-linux-gnu/bin/../lib/gcc/nios2-elf/5.3.0/../../../../../H-x86_64-pc-linux-gnu/nios2-elf/lib/libsmallc.a(lib_a-svfprintf.o)
                0x0000000000020e50                ___svfprintf_internal_r
 .text.__vfprintf_internal_unused
                0x0000000000021374       0x1c /home/lheywang/intelFPGA_lite/18.1/nios2eds/bin/gnu/H-x86_64-pc-linux-gnu/bin/../lib/gcc/nios2-elf/5.3.0/../../../../../H-x86_64-pc-linux-gnu/nios2-elf/lib/libsmallc.a(lib_a-svfprintf.o)
                0x0000000000021374                __vfprintf_internal_unused
 .text          0x0000000000021390        0x0 /home/lheywang/intelFPGA_lite/18.1/nios2eds/bin/gnu/H-x86_64-pc-linux-gnu/bin/../lib/gcc/nios2-elf/5.3.0/../../../../../H-x86_64-pc-linux-gnu/nios2-elf/lib/libsmallc.a(lib_a-vfprintf.o)
 .text.print_repeat
                0x0000000000021390       0x6c /home/lheywang/intelFPGA_lite/18.1/nios2eds/bin/gnu/H-x86_64-pc-linux-gnu/bin/../lib/gcc/nios2-elf/5.3.0/../../../../../H-x86_64-pc-linux-gnu/nios2-elf/lib/libsmallc.a(lib_a-vfprintf.o)
 .text.___vfprintf_internal_r
                0x00000000000213fc      0x524 /home/lheywang/intelFPGA_lite/18.1/nios2eds/bin/gnu/H-x86_64-pc-linux-gnu/bin/../lib/gcc/nios2-elf/5.3.0/../../../../../H-x86_64-pc-linux-gnu/nios2-elf/lib/libsmallc.a(lib_a-vfprintf.o)
                0x00000000000213fc                ___vfprintf_internal_r
 .text.__vfprintf_internal
                0x0000000000021920       0x1c /home/lheywang/intelFPGA_lite/18.1/nios2eds/bin/gnu/H-x86_64-pc-linux-gnu/bin/../lib/gcc/nios2-elf/5.3.0/../../../../../H-x86_64-pc-linux-gnu/nios2-elf/lib/libsmallc.a(lib_a-vfprintf.o)
                0x0000000000021920                __vfprintf_internal
 .text          0x000000000002193c        0x0 /home/lheywang/intelFPGA_lite/18.1/nios2eds/bin/gnu/H-x86_64-pc-linux-gnu/bin/../lib/gcc/nios2-elf/5.3.0/../../../../../H-x86_64-pc-linux-gnu/nios2-elf/lib/libsmallc.a(lib_a-fvwrite_small_dev.o)
 .text.__sfvwrite_small_dev
                0x000000000002193c       0xb8 /home/lheywang/intelFPGA_lite/18.1/nios2eds/bin/gnu/H-x86_64-pc-linux-gnu/bin/../lib/gcc/nios2-elf/5.3.0/../../../../../H-x86_64-pc-linux-gnu/nios2-elf/lib/libsmallc.a(lib_a-fvwrite_small_dev.o)
                0x000000000002193c                __sfvwrite_small_dev
 .text          0x00000000000219f4        0x0 /home/lheywang/intelFPGA_lite/18.1/nios2eds/bin/gnu/H-x86_64-pc-linux-gnu/bin/../lib/gcc/nios2-elf/5.3.0/../../../../../H-x86_64-pc-linux-gnu/nios2-elf/lib/libsmallc.a(lib_a-fvwrite_small_str.o)
 .text.__sfvwrite_small_str
                0x00000000000219f4       0xa8 /home/lheywang/intelFPGA_lite/18.1/nios2eds/bin/gnu/H-x86_64-pc-linux-gnu/bin/../lib/gcc/nios2-elf/5.3.0/../../../../../H-x86_64-pc-linux-gnu/nios2-elf/lib/libsmallc.a(lib_a-fvwrite_small_str.o)
                0x00000000000219f4                __sfvwrite_small_str
 .text          0x0000000000021a9c        0x0 /home/lheywang/intelFPGA_lite/18.1/nios2eds/bin/gnu/H-x86_64-pc-linux-gnu/bin/../lib/gcc/nios2-elf/5.3.0/../../../../../H-x86_64-pc-linux-gnu/nios2-elf/lib/libsmallc.a(lib_a-impure.o)
 .text          0x0000000000021a9c        0x0 /home/lheywang/intelFPGA_lite/18.1/nios2eds/bin/gnu/H-x86_64-pc-linux-gnu/bin/../lib/gcc/nios2-elf/5.3.0/../../../../../H-x86_64-pc-linux-gnu/nios2-elf/lib/libsmallc.a(lib_a-memmove.o)
 .text.memmove  0x0000000000021a9c       0x60 /home/lheywang/intelFPGA_lite/18.1/nios2eds/bin/gnu/H-x86_64-pc-linux-gnu/bin/../lib/gcc/nios2-elf/5.3.0/../../../../../H-x86_64-pc-linux-gnu/nios2-elf/lib/libsmallc.a(lib_a-memmove.o)
                0x0000000000021a9c                memmove
 .text          0x0000000000021afc        0x0 /home/lheywang/intelFPGA_lite/18.1/nios2eds/bin/gnu/H-x86_64-pc-linux-gnu/bin/../lib/gcc/nios2-elf/5.3.0/../../../../../H-x86_64-pc-linux-gnu/nios2-elf/lib/libsmallc.a(lib_a-writer.o)
 .text._write_r
                0x0000000000021afc       0x58 /home/lheywang/intelFPGA_lite/18.1/nios2eds/bin/gnu/H-x86_64-pc-linux-gnu/bin/../lib/gcc/nios2-elf/5.3.0/../../../../../H-x86_64-pc-linux-gnu/nios2-elf/lib/libsmallc.a(lib_a-writer.o)
                0x0000000000021afc                _write_r
 .text          0x0000000000021b54        0x0 /home/lheywang/intelFPGA_lite/18.1/nios2eds/bin/gnu/H-x86_64-pc-linux-gnu/bin/../lib/gcc/nios2-elf/5.3.0/../../../../../H-x86_64-pc-linux-gnu/nios2-elf/lib/libsmallc.a(lib_a-int_errno.o)
 .text          0x0000000000021b54      0x1b4 /home/lheywang/intelFPGA_lite/18.1/nios2eds/bin/gnu/H-x86_64-pc-linux-gnu/bin/../lib/gcc/nios2-elf/5.3.0/libgcc.a(lib2-divmod.o)
                0x0000000000021b54                __divsi3
                0x0000000000021bd8                __modsi3
                0x0000000000021c4c                __udivsi3
                0x0000000000021cb0                __umodsi3
 .text          0x0000000000021d08      0x1b0 ../project_soft_bsp//libhal_bsp.a(alt_iic.o)
                0x0000000000021d08                alt_ic_isr_register
                0x0000000000021d58                alt_ic_irq_enable
                0x0000000000021de0                alt_ic_irq_disable
                0x0000000000021e6c                alt_ic_irq_enabled
 .text          0x0000000000021eb8       0xf0 ../project_soft_bsp//libhal_bsp.a(alt_iic_isr_register.o)
                0x0000000000021eb8                alt_iic_isr_register
 .text          0x0000000000021fa8        0x0 ../project_soft_bsp//libhal_bsp.a(alt_irq_entry.o)
 .text          0x0000000000021fa8        0x0 ../project_soft_bsp//libhal_bsp.a(alt_irq_handler.o)
 .text          0x0000000000021fa8        0x0 ../project_soft_bsp//libhal_bsp.a(alt_irq_vars.o)
 .text          0x0000000000021fa8       0xec ../project_soft_bsp//libhal_bsp.a(alt_load.o)
                0x0000000000022010                alt_load
 .text          0x0000000000022094       0x7c ../project_soft_bsp//libhal_bsp.a(alt_main.o)
                0x0000000000022094                alt_main
 .text          0x0000000000022110       0x30 ../project_soft_bsp//libhal_bsp.a(alt_usleep.o)
                0x0000000000022110                usleep
 .text          0x0000000000022140      0x134 ../project_soft_bsp//libhal_bsp.a(alt_write.o)
                0x000000000002217c                write
 .text          0x0000000000022274       0xbc ../project_soft_bsp//libhal_bsp.a(alt_sys_init.o)
                0x00000000000222a8                alt_irq_init
                0x00000000000222e0                alt_sys_init
 .text          0x0000000000022330       0xc0 ../project_soft_bsp//libhal_bsp.a(altera_avalon_jtag_uart_fd.o)
                0x0000000000022330                altera_avalon_jtag_uart_read_fd
                0x0000000000022390                altera_avalon_jtag_uart_write_fd
 .text          0x00000000000223f0       0xec ../project_soft_bsp//libhal_bsp.a(altera_avalon_jtag_uart_read.o)
                0x00000000000223f0                altera_avalon_jtag_uart_read
 .text          0x00000000000224dc       0x94 ../project_soft_bsp//libhal_bsp.a(altera_avalon_jtag_uart_write.o)
                0x00000000000224dc                altera_avalon_jtag_uart_write
 .text          0x0000000000022570       0xf4 ../project_soft_bsp//libhal_bsp.a(altera_avalon_timer_sc.o)
                0x00000000000225e8                alt_avalon_timer_sc_init
 .text          0x0000000000022664      0x158 ../project_soft_bsp//libhal_bsp.a(alt_busy_sleep.o)
                0x0000000000022664                alt_busy_sleep
 .text          0x00000000000227bc      0x10c ../project_soft_bsp//libhal_bsp.a(alt_close.o)
                0x00000000000227f8                close
 .text          0x00000000000228c8       0x20 ../project_soft_bsp//libhal_bsp.a(alt_dcache_flush_all.o)
                0x00000000000228c8                alt_dcache_flush_all
 .text          0x00000000000228e8       0x2c ../project_soft_bsp//libhal_bsp.a(alt_dev.o)
 .text          0x0000000000022914       0xe0 ../project_soft_bsp//libhal_bsp.a(alt_dev_llist_insert.o)
                0x0000000000022950                alt_dev_llist_insert
 .text          0x00000000000229f4       0x60 ../project_soft_bsp//libhal_bsp.a(alt_do_ctors.o)
                0x00000000000229f4                _do_ctors
 .text          0x0000000000022a54       0x60 ../project_soft_bsp//libhal_bsp.a(alt_do_dtors.o)
                0x0000000000022a54                _do_dtors
 .text          0x0000000000022ab4        0x0 ../project_soft_bsp//libhal_bsp.a(alt_errno.o)
 .text          0x0000000000022ab4        0x0 ../project_soft_bsp//libhal_bsp.a(alt_exception_entry.o)
 .text          0x0000000000022ab4       0x34 ../project_soft_bsp//libhal_bsp.a(alt_icache_flush_all.o)
                0x0000000000022ab4                alt_icache_flush_all
 .text          0x0000000000022ae8       0x9c ../project_soft_bsp//libhal_bsp.a(alt_instruction_exception_entry.o)
                0x0000000000022ae8                alt_exception_cause_generated_bad_addr
 .text          0x0000000000022b84      0x140 ../project_soft_bsp//libhal_bsp.a(alt_io_redirect.o)
                0x0000000000022c48                alt_io_redirect
 .text          0x0000000000022cc4      0x254 ../project_soft_bsp//libhal_bsp.a(alt_open.o)
                0x0000000000022dc4                open
 .text          0x0000000000022f18       0x64 ../project_soft_bsp//libhal_bsp.a(alt_release_fd.o)
                0x0000000000022f18                alt_release_fd
 .text          0x0000000000022f7c      0x1a4 ../project_soft_bsp//libhal_bsp.a(alt_tick.o)
                0x0000000000022f7c                alt_alarm_stop
                0x0000000000023018                alt_tick
 .text          0x0000000000023120       0x24 ../project_soft_bsp//libhal_bsp.a(altera_nios2_gen2_irq.o)
                0x0000000000023120                altera_nios2_gen2_irq_init
 .text          0x0000000000023144       0x90 ../project_soft_bsp//libhal_bsp.a(alt_find_dev.o)
                0x0000000000023144                alt_find_dev
 .text          0x00000000000231d4      0x108 ../project_soft_bsp//libhal_bsp.a(alt_find_file.o)
                0x00000000000231d4                alt_find_file
 .text          0x00000000000232dc       0xa4 ../project_soft_bsp//libhal_bsp.a(alt_get_fd.o)
                0x00000000000232dc                alt_get_fd
 .text          0x0000000000023380       0x90 ../project_soft_bsp//libhal_bsp.a(alt_icache_flush.o)
                0x0000000000023380                alt_icache_flush
 .text          0x0000000000023410        0x0 /home/lheywang/intelFPGA_lite/18.1/nios2eds/bin/gnu/H-x86_64-pc-linux-gnu/bin/../lib/gcc/nios2-elf/5.3.0/../../../../../H-x86_64-pc-linux-gnu/nios2-elf/lib/libsmallc.a(lib_a-atexit.o)
 .text.atexit   0x0000000000023410       0x14 /home/lheywang/intelFPGA_lite/18.1/nios2eds/bin/gnu/H-x86_64-pc-linux-gnu/bin/../lib/gcc/nios2-elf/5.3.0/../../../../../H-x86_64-pc-linux-gnu/nios2-elf/lib/libsmallc.a(lib_a-atexit.o)
                0x0000000000023410                atexit
 .text          0x0000000000023424        0x0 /home/lheywang/intelFPGA_lite/18.1/nios2eds/bin/gnu/H-x86_64-pc-linux-gnu/bin/../lib/gcc/nios2-elf/5.3.0/../../../../../H-x86_64-pc-linux-gnu/nios2-elf/lib/libsmallc.a(lib_a-exit.o)
 .text.exit     0x0000000000023424       0x20 /home/lheywang/intelFPGA_lite/18.1/nios2eds/bin/gnu/H-x86_64-pc-linux-gnu/bin/../lib/gcc/nios2-elf/5.3.0/../../../../../H-x86_64-pc-linux-gnu/nios2-elf/lib/libsmallc.a(lib_a-exit.o)
                0x0000000000023424                exit
 .text          0x0000000000023444        0x0 /home/lheywang/intelFPGA_lite/18.1/nios2eds/bin/gnu/H-x86_64-pc-linux-gnu/bin/../lib/gcc/nios2-elf/5.3.0/../../../../../H-x86_64-pc-linux-gnu/nios2-elf/lib/libsmallc.a(lib_a-memcmp.o)
 .text.memcmp   0x0000000000023444       0x30 /home/lheywang/intelFPGA_lite/18.1/nios2eds/bin/gnu/H-x86_64-pc-linux-gnu/bin/../lib/gcc/nios2-elf/5.3.0/../../../../../H-x86_64-pc-linux-gnu/nios2-elf/lib/libsmallc.a(lib_a-memcmp.o)
                0x0000000000023444                memcmp
 .text          0x0000000000023474        0x0 /home/lheywang/intelFPGA_lite/18.1/nios2eds/bin/gnu/H-x86_64-pc-linux-gnu/bin/../lib/gcc/nios2-elf/5.3.0/../../../../../H-x86_64-pc-linux-gnu/nios2-elf/lib/libsmallc.a(lib_a-__atexit.o)
 .text.__register_exitproc
                0x0000000000023474      0x158 /home/lheywang/intelFPGA_lite/18.1/nios2eds/bin/gnu/H-x86_64-pc-linux-gnu/bin/../lib/gcc/nios2-elf/5.3.0/../../../../../H-x86_64-pc-linux-gnu/nios2-elf/lib/libsmallc.a(lib_a-__atexit.o)
                0x0000000000023474                __register_exitproc
 .text          0x00000000000235cc        0x0 /home/lheywang/intelFPGA_lite/18.1/nios2eds/bin/gnu/H-x86_64-pc-linux-gnu/bin/../lib/gcc/nios2-elf/5.3.0/../../../../../H-x86_64-pc-linux-gnu/nios2-elf/lib/libsmallc.a(lib_a-__call_atexit.o)
 .text.__call_exitprocs
                0x00000000000235cc      0x190 /home/lheywang/intelFPGA_lite/18.1/nios2eds/bin/gnu/H-x86_64-pc-linux-gnu/bin/../lib/gcc/nios2-elf/5.3.0/../../../../../H-x86_64-pc-linux-gnu/nios2-elf/lib/libsmallc.a(lib_a-__call_atexit.o)
                0x00000000000235cc                __call_exitprocs
 .text          0x000000000002375c       0x34 ../project_soft_bsp//libhal_bsp.a(alt_exit.o)
                0x000000000002375c                _exit
 *(.gnu.warning.*)
 *(.fini)
                [!provide]                        PROVIDE (__etext, ABSOLUTE (.))
                [!provide]                        PROVIDE (_etext, ABSOLUTE (.))
                [!provide]                        PROVIDE (etext, ABSOLUTE (.))
 *(.eh_frame_hdr)
                0x0000000000023790                . = ALIGN (0x4)
                [!provide]                        PROVIDE (__preinit_array_start, ABSOLUTE (.))
 *(.preinit_array)
                [!provide]                        PROVIDE (__preinit_array_end, ABSOLUTE (.))
                [!provide]                        PROVIDE (__init_array_start, ABSOLUTE (.))
 *(.init_array)
                [!provide]                        PROVIDE (__init_array_end, ABSOLUTE (.))
                [!provide]                        PROVIDE (__fini_array_start, ABSOLUTE (.))
 *(.fini_array)
                [!provide]                        PROVIDE (__fini_array_end, ABSOLUTE (.))
 *(.eh_frame)
 *(.gcc_except_table .gcc_except_table.*)
 *(.dynamic)
                0x0000000000023790                PROVIDE (__CTOR_LIST__, ABSOLUTE (.))
 *(.ctors)
 *(SORT(.ctors.*))
                0x0000000000023790                PROVIDE (__CTOR_END__, ABSOLUTE (.))
                0x0000000000023790                PROVIDE (__DTOR_LIST__, ABSOLUTE (.))
 *(.dtors)
 *(SORT(.dtors.*))
                0x0000000000023790                PROVIDE (__DTOR_END__, ABSOLUTE (.))
 *(.jcr)
                0x0000000000023790                . = ALIGN (0x4)

.rodata         0x0000000000023790      0x644
                0x0000000000023790                PROVIDE (__ram_rodata_start, ABSOLUTE (.))
                0x0000000000023790                . = ALIGN (0x4)
 *(.rodata .rodata.* .gnu.linkonce.r.*)
 .rodata        0x0000000000023790       0xfc obj/default/buzzer/songs/anissa/anissa.o
                0x0000000000023790                Anissa
                0x00000000000237b8                anissa_data
 .rodata        0x000000000002388c       0xd4 obj/default/buzzer/songs/astronomia/astronomia.o
                0x000000000002388c                astronomia_data
 .rodata        0x0000000000023960       0xd4 obj/default/buzzer/songs/baby-shark/baby-shark.o
                0x0000000000023960                baby_shark_data
 .rodata        0x0000000000023a34       0xfc obj/default/buzzer/songs/crazy-frog/crazy-frog.o
                0x0000000000023a34                CrazyFrog
                0x0000000000023a5c                crazy_frog_data
 .rodata        0x0000000000023b30       0xd4 obj/default/buzzer/songs/elise/elise.o
                0x0000000000023b30                elise_data
 .rodata        0x0000000000023c04       0xd4 obj/default/buzzer/songs/happy-birthday/happy-birthday.o
                0x0000000000023c04                happy_birthday_data
 .rodata.str1.4
                0x0000000000023cd8       0x62 obj/default/hello_world.o
 *fill*         0x0000000000023d3a        0x2 
 .rodata        0x0000000000023d3c       0x58 obj/default/hex/hex.o
 .rodata.str1.4
                0x0000000000023d94        0xc obj/default/time/ptime.o
                                          0xb (size before relaxing)
 .rodata.str1.4
                0x0000000000023da0        0x2 /home/lheywang/intelFPGA_lite/18.1/nios2eds/bin/gnu/H-x86_64-pc-linux-gnu/bin/../lib/gcc/nios2-elf/5.3.0/../../../../../H-x86_64-pc-linux-gnu/nios2-elf/lib/libsmallc.a(lib_a-puts.o)
 .rodata        0x0000000000023da0       0x11 ../project_soft_bsp//libhal_bsp.a(alt_main.o)
 *fill*         0x0000000000023db1        0x3 
 .rodata        0x0000000000023db4       0x11 ../project_soft_bsp//libhal_bsp.a(alt_sys_init.o)
 *fill*         0x0000000000023dc5        0x3 
 .rodata        0x0000000000023dc8        0xa ../project_soft_bsp//libhal_bsp.a(alt_dev.o)
 *(.rodata1)
                0x0000000000023dd4                . = ALIGN (0x4)
 *fill*         0x0000000000023dd2        0x2 
                0x0000000000023dd4                PROVIDE (__ram_rodata_end, ABSOLUTE (.))
                0x0000000000023790                PROVIDE (__flash_rodata_start, LOADADDR (.rodata))

.rwdata         0x0000000000023dd4      0x380 load address 0x0000000000024154
                0x0000000000023dd4                PROVIDE (__ram_rwdata_start, ABSOLUTE (.))
                0x0000000000023dd4                . = ALIGN (0x4)
 *(.got.plt)
 *(.got)
 *(.data1)
 *(.data .data.* .gnu.linkonce.d.*)
 .data          0x0000000000023dd4        0x0 ../project_soft_bsp//obj/HAL/src/crt0.o
 .data          0x0000000000023dd4        0x0 obj/default/buzzer/buzzer.o
 .data          0x0000000000023dd4        0x0 obj/default/buzzer/songs/anissa/anissa.o
 .data          0x0000000000023dd4       0x28 obj/default/buzzer/songs/astronomia/astronomia.o
                0x0000000000023dd4                Astronomia
 .data          0x0000000000023dfc       0x28 obj/default/buzzer/songs/baby-shark/baby-shark.o
                0x0000000000023dfc                BabySHark
 .data          0x0000000000023e24        0x0 obj/default/buzzer/songs/crazy-frog/crazy-frog.o
 .data          0x0000000000023e24       0x28 obj/default/buzzer/songs/elise/elise.o
                0x0000000000023e24                Elise
 .data          0x0000000000023e4c       0x28 obj/default/buzzer/songs/happy-birthday/happy-birthday.o
                0x0000000000023e4c                HappyBirthday
 .data          0x0000000000023e74        0x0 obj/default/hello_world.o
 .data          0x0000000000023e74        0x0 obj/default/hex/hex.o
 .data          0x0000000000023e74        0x0 obj/default/time/ptime.o
 .data          0x0000000000023e74        0x0 /home/lheywang/intelFPGA_lite/18.1/nios2eds/bin/gnu/H-x86_64-pc-linux-gnu/bin/../lib/gcc/nios2-elf/5.3.0/../../../../../H-x86_64-pc-linux-gnu/nios2-elf/lib/libsmallc.a(lib_a-printf.o)
 .data          0x0000000000023e74        0x0 /home/lheywang/intelFPGA_lite/18.1/nios2eds/bin/gnu/H-x86_64-pc-linux-gnu/bin/../lib/gcc/nios2-elf/5.3.0/../../../../../H-x86_64-pc-linux-gnu/nios2-elf/lib/libsmallc.a(lib_a-puts.o)
 .data          0x0000000000023e74        0x0 /home/lheywang/intelFPGA_lite/18.1/nios2eds/bin/gnu/H-x86_64-pc-linux-gnu/bin/../lib/gcc/nios2-elf/5.3.0/../../../../../H-x86_64-pc-linux-gnu/nios2-elf/lib/libsmallc.a(lib_a-sprintf.o)
 .data          0x0000000000023e74        0x0 /home/lheywang/intelFPGA_lite/18.1/nios2eds/bin/gnu/H-x86_64-pc-linux-gnu/bin/../lib/gcc/nios2-elf/5.3.0/../../../../../H-x86_64-pc-linux-gnu/nios2-elf/lib/libsmallc.a(lib_a-strlen.o)
 .data          0x0000000000023e74        0x0 /home/lheywang/intelFPGA_lite/18.1/nios2eds/bin/gnu/H-x86_64-pc-linux-gnu/bin/../lib/gcc/nios2-elf/5.3.0/../../../../../H-x86_64-pc-linux-gnu/nios2-elf/lib/libsmallc.a(lib_a-svfprintf.o)
 .data          0x0000000000023e74        0x0 /home/lheywang/intelFPGA_lite/18.1/nios2eds/bin/gnu/H-x86_64-pc-linux-gnu/bin/../lib/gcc/nios2-elf/5.3.0/../../../../../H-x86_64-pc-linux-gnu/nios2-elf/lib/libsmallc.a(lib_a-vfprintf.o)
 .data          0x0000000000023e74        0x0 /home/lheywang/intelFPGA_lite/18.1/nios2eds/bin/gnu/H-x86_64-pc-linux-gnu/bin/../lib/gcc/nios2-elf/5.3.0/../../../../../H-x86_64-pc-linux-gnu/nios2-elf/lib/libsmallc.a(lib_a-fvwrite_small_dev.o)
 .data          0x0000000000023e74        0x0 /home/lheywang/intelFPGA_lite/18.1/nios2eds/bin/gnu/H-x86_64-pc-linux-gnu/bin/../lib/gcc/nios2-elf/5.3.0/../../../../../H-x86_64-pc-linux-gnu/nios2-elf/lib/libsmallc.a(lib_a-fvwrite_small_str.o)
 .data          0x0000000000023e74        0x0 /home/lheywang/intelFPGA_lite/18.1/nios2eds/bin/gnu/H-x86_64-pc-linux-gnu/bin/../lib/gcc/nios2-elf/5.3.0/../../../../../H-x86_64-pc-linux-gnu/nios2-elf/lib/libsmallc.a(lib_a-impure.o)
 .data.impure_data
                0x0000000000023e74       0xe0 /home/lheywang/intelFPGA_lite/18.1/nios2eds/bin/gnu/H-x86_64-pc-linux-gnu/bin/../lib/gcc/nios2-elf/5.3.0/../../../../../H-x86_64-pc-linux-gnu/nios2-elf/lib/libsmallc.a(lib_a-impure.o)
 .data          0x0000000000023f54        0x0 /home/lheywang/intelFPGA_lite/18.1/nios2eds/bin/gnu/H-x86_64-pc-linux-gnu/bin/../lib/gcc/nios2-elf/5.3.0/../../../../../H-x86_64-pc-linux-gnu/nios2-elf/lib/libsmallc.a(lib_a-memmove.o)
 .data          0x0000000000023f54        0x0 /home/lheywang/intelFPGA_lite/18.1/nios2eds/bin/gnu/H-x86_64-pc-linux-gnu/bin/../lib/gcc/nios2-elf/5.3.0/../../../../../H-x86_64-pc-linux-gnu/nios2-elf/lib/libsmallc.a(lib_a-writer.o)
 .data          0x0000000000023f54        0x0 /home/lheywang/intelFPGA_lite/18.1/nios2eds/bin/gnu/H-x86_64-pc-linux-gnu/bin/../lib/gcc/nios2-elf/5.3.0/../../../../../H-x86_64-pc-linux-gnu/nios2-elf/lib/libsmallc.a(lib_a-int_errno.o)
 .data          0x0000000000023f54        0x0 /home/lheywang/intelFPGA_lite/18.1/nios2eds/bin/gnu/H-x86_64-pc-linux-gnu/bin/../lib/gcc/nios2-elf/5.3.0/libgcc.a(lib2-divmod.o)
 .data          0x0000000000023f54        0x0 ../project_soft_bsp//libhal_bsp.a(alt_iic.o)
 .data          0x0000000000023f54        0x0 ../project_soft_bsp//libhal_bsp.a(alt_iic_isr_register.o)
 .data          0x0000000000023f54        0x0 ../project_soft_bsp//libhal_bsp.a(alt_irq_entry.o)
 .data          0x0000000000023f54        0x0 ../project_soft_bsp//libhal_bsp.a(alt_irq_handler.o)
 .data          0x0000000000023f54        0x0 ../project_soft_bsp//libhal_bsp.a(alt_irq_vars.o)
 .data          0x0000000000023f54        0x0 ../project_soft_bsp//libhal_bsp.a(alt_load.o)
 .data          0x0000000000023f54        0x0 ../project_soft_bsp//libhal_bsp.a(alt_main.o)
 .data          0x0000000000023f54        0x0 ../project_soft_bsp//libhal_bsp.a(alt_usleep.o)
 .data          0x0000000000023f54        0x0 ../project_soft_bsp//libhal_bsp.a(alt_write.o)
 .data          0x0000000000023f54       0x2c ../project_soft_bsp//libhal_bsp.a(alt_sys_init.o)
 .data          0x0000000000023f80        0x0 ../project_soft_bsp//libhal_bsp.a(altera_avalon_jtag_uart_fd.o)
 .data          0x0000000000023f80        0x0 ../project_soft_bsp//libhal_bsp.a(altera_avalon_jtag_uart_read.o)
 .data          0x0000000000023f80        0x0 ../project_soft_bsp//libhal_bsp.a(altera_avalon_jtag_uart_write.o)
 .data          0x0000000000023f80        0x0 ../project_soft_bsp//libhal_bsp.a(altera_avalon_timer_sc.o)
 .data          0x0000000000023f80        0x0 ../project_soft_bsp//libhal_bsp.a(alt_busy_sleep.o)
 .data          0x0000000000023f80        0x0 ../project_soft_bsp//libhal_bsp.a(alt_close.o)
 .data          0x0000000000023f80        0x0 ../project_soft_bsp//libhal_bsp.a(alt_dcache_flush_all.o)
 .data          0x0000000000023f80      0x1a8 ../project_soft_bsp//libhal_bsp.a(alt_dev.o)
                0x0000000000023f80                alt_dev_null
                0x0000000000023fa8                alt_fd_list
 .data          0x0000000000024128        0x0 ../project_soft_bsp//libhal_bsp.a(alt_dev_llist_insert.o)
 .data          0x0000000000024128        0x0 ../project_soft_bsp//libhal_bsp.a(alt_do_ctors.o)
 .data          0x0000000000024128        0x0 ../project_soft_bsp//libhal_bsp.a(alt_do_dtors.o)
 .data          0x0000000000024128        0x0 ../project_soft_bsp//libhal_bsp.a(alt_errno.o)
 .data          0x0000000000024128        0x0 ../project_soft_bsp//libhal_bsp.a(alt_exception_entry.o)
 .data          0x0000000000024128        0x0 ../project_soft_bsp//libhal_bsp.a(alt_icache_flush_all.o)
 .data          0x0000000000024128        0x0 ../project_soft_bsp//libhal_bsp.a(alt_instruction_exception_entry.o)
 .data          0x0000000000024128        0x0 ../project_soft_bsp//libhal_bsp.a(alt_io_redirect.o)
 .data          0x0000000000024128        0x0 ../project_soft_bsp//libhal_bsp.a(alt_open.o)
 .data          0x0000000000024128        0x0 ../project_soft_bsp//libhal_bsp.a(alt_release_fd.o)
 .data          0x0000000000024128        0x0 ../project_soft_bsp//libhal_bsp.a(alt_tick.o)
 .data          0x0000000000024128        0x0 ../project_soft_bsp//libhal_bsp.a(altera_nios2_gen2_irq.o)
 .data          0x0000000000024128        0x0 ../project_soft_bsp//libhal_bsp.a(alt_find_dev.o)
 .data          0x0000000000024128        0x0 ../project_soft_bsp//libhal_bsp.a(alt_find_file.o)
 .data          0x0000000000024128        0x0 ../project_soft_bsp//libhal_bsp.a(alt_get_fd.o)
 .data          0x0000000000024128        0x0 ../project_soft_bsp//libhal_bsp.a(alt_icache_flush.o)
 .data          0x0000000000024128        0x0 /home/lheywang/intelFPGA_lite/18.1/nios2eds/bin/gnu/H-x86_64-pc-linux-gnu/bin/../lib/gcc/nios2-elf/5.3.0/../../../../../H-x86_64-pc-linux-gnu/nios2-elf/lib/libsmallc.a(lib_a-atexit.o)
 .data          0x0000000000024128        0x0 /home/lheywang/intelFPGA_lite/18.1/nios2eds/bin/gnu/H-x86_64-pc-linux-gnu/bin/../lib/gcc/nios2-elf/5.3.0/../../../../../H-x86_64-pc-linux-gnu/nios2-elf/lib/libsmallc.a(lib_a-exit.o)
 .data          0x0000000000024128        0x0 /home/lheywang/intelFPGA_lite/18.1/nios2eds/bin/gnu/H-x86_64-pc-linux-gnu/bin/../lib/gcc/nios2-elf/5.3.0/../../../../../H-x86_64-pc-linux-gnu/nios2-elf/lib/libsmallc.a(lib_a-memcmp.o)
 .data          0x0000000000024128        0x0 /home/lheywang/intelFPGA_lite/18.1/nios2eds/bin/gnu/H-x86_64-pc-linux-gnu/bin/../lib/gcc/nios2-elf/5.3.0/../../../../../H-x86_64-pc-linux-gnu/nios2-elf/lib/libsmallc.a(lib_a-__atexit.o)
 .data          0x0000000000024128        0x0 /home/lheywang/intelFPGA_lite/18.1/nios2eds/bin/gnu/H-x86_64-pc-linux-gnu/bin/../lib/gcc/nios2-elf/5.3.0/../../../../../H-x86_64-pc-linux-gnu/nios2-elf/lib/libsmallc.a(lib_a-__call_atexit.o)
 .data          0x0000000000024128        0x0 ../project_soft_bsp//libhal_bsp.a(alt_exit.o)
                0x000000000002c128                _gp = ABSOLUTE ((. + 0x8000))
                [!provide]                        PROVIDE (gp, _gp)
 *(.rwdata .rwdata.*)
 *(.sdata .sdata.* .gnu.linkonce.s.*)
 .sdata._global_impure_ptr
                0x0000000000024128        0x4 /home/lheywang/intelFPGA_lite/18.1/nios2eds/bin/gnu/H-x86_64-pc-linux-gnu/bin/../lib/gcc/nios2-elf/5.3.0/../../../../../H-x86_64-pc-linux-gnu/nios2-elf/lib/libsmallc.a(lib_a-impure.o)
                0x0000000000024128                _global_impure_ptr
 .sdata._impure_ptr
                0x000000000002412c        0x4 /home/lheywang/intelFPGA_lite/18.1/nios2eds/bin/gnu/H-x86_64-pc-linux-gnu/bin/../lib/gcc/nios2-elf/5.3.0/../../../../../H-x86_64-pc-linux-gnu/nios2-elf/lib/libsmallc.a(lib_a-impure.o)
                0x000000000002412c                _impure_ptr
 .sdata         0x0000000000024130        0x4 ../project_soft_bsp//libhal_bsp.a(alt_irq_vars.o)
                0x0000000000024130                alt_priority_mask
 .sdata         0x0000000000024134       0x14 ../project_soft_bsp//libhal_bsp.a(alt_dev.o)
                0x0000000000024134                alt_fs_list
                0x000000000002413c                alt_dev_list
                0x0000000000024144                alt_max_fd
 .sdata         0x0000000000024148        0x4 ../project_soft_bsp//libhal_bsp.a(alt_errno.o)
                0x0000000000024148                alt_errno
 .sdata         0x000000000002414c        0x8 ../project_soft_bsp//libhal_bsp.a(alt_tick.o)
                0x000000000002414c                alt_alarm_list
 *(.sdata2 .sdata2.* .gnu.linkonce.s2.*)
                0x0000000000024154                . = ALIGN (0x4)
                0x0000000000024154                _edata = ABSOLUTE (.)
                [!provide]                        PROVIDE (edata, ABSOLUTE (.))
                0x0000000000024154                PROVIDE (__ram_rwdata_end, ABSOLUTE (.))
                0x0000000000024154                PROVIDE (__flash_rwdata_start, LOADADDR (.rwdata))

.bss            0x00000000000244d4      0x158
                0x00000000000244d4                __bss_start = ABSOLUTE (.)
                [!provide]                        PROVIDE (__sbss_start, ABSOLUTE (.))
                [!provide]                        PROVIDE (___sbss_start, ABSOLUTE (.))
 *(.dynsbss)
 *(.sbss .sbss.* .gnu.linkonce.sb.*)
 .sbss          0x00000000000244d4       0x10 obj/default/buzzer/buzzer.o
 .sbss          0x00000000000244e4        0x4 /home/lheywang/intelFPGA_lite/18.1/nios2eds/bin/gnu/H-x86_64-pc-linux-gnu/bin/../lib/gcc/nios2-elf/5.3.0/../../../../../H-x86_64-pc-linux-gnu/nios2-elf/lib/libsmallc.a(lib_a-int_errno.o)
                0x00000000000244e4                errno
 .sbss          0x00000000000244e8        0x4 ../project_soft_bsp//libhal_bsp.a(alt_irq_vars.o)
                0x00000000000244e8                alt_irq_active
 .sbss          0x00000000000244ec        0xc ../project_soft_bsp//libhal_bsp.a(alt_main.o)
                0x00000000000244ec                alt_argc
                0x00000000000244f0                alt_argv
                0x00000000000244f4                alt_envp
 .sbss          0x00000000000244f8        0x4 ../project_soft_bsp//libhal_bsp.a(alt_instruction_exception_entry.o)
                0x00000000000244f8                alt_instruction_exception_handler
 .sbss          0x00000000000244fc        0x8 ../project_soft_bsp//libhal_bsp.a(alt_tick.o)
                0x00000000000244fc                _alt_tick_rate
                0x0000000000024500                _alt_nticks
 *(.sbss2 .sbss2.* .gnu.linkonce.sb2.*)
 *(.scommon)
                [!provide]                        PROVIDE (__sbss_end, ABSOLUTE (.))
                [!provide]                        PROVIDE (___sbss_end, ABSOLUTE (.))
 *(.dynbss)
 *(.bss .bss.* .gnu.linkonce.b.*)
 .bss           0x0000000000024504        0x0 ../project_soft_bsp//obj/HAL/src/crt0.o
 .bss           0x0000000000024504        0x0 obj/default/buzzer/buzzer.o
 .bss           0x0000000000024504        0x0 obj/default/buzzer/songs/anissa/anissa.o
 .bss           0x0000000000024504        0x0 obj/default/buzzer/songs/astronomia/astronomia.o
 .bss           0x0000000000024504        0x0 obj/default/buzzer/songs/baby-shark/baby-shark.o
 .bss           0x0000000000024504        0x0 obj/default/buzzer/songs/crazy-frog/crazy-frog.o
 .bss           0x0000000000024504        0x0 obj/default/buzzer/songs/elise/elise.o
 .bss           0x0000000000024504        0x0 obj/default/buzzer/songs/happy-birthday/happy-birthday.o
 .bss           0x0000000000024504        0x0 obj/default/hello_world.o
 .bss           0x0000000000024504        0x0 obj/default/hex/hex.o
 .bss           0x0000000000024504        0x0 obj/default/time/ptime.o
 .bss           0x0000000000024504        0x0 /home/lheywang/intelFPGA_lite/18.1/nios2eds/bin/gnu/H-x86_64-pc-linux-gnu/bin/../lib/gcc/nios2-elf/5.3.0/../../../../../H-x86_64-pc-linux-gnu/nios2-elf/lib/libsmallc.a(lib_a-printf.o)
 .bss           0x0000000000024504        0x0 /home/lheywang/intelFPGA_lite/18.1/nios2eds/bin/gnu/H-x86_64-pc-linux-gnu/bin/../lib/gcc/nios2-elf/5.3.0/../../../../../H-x86_64-pc-linux-gnu/nios2-elf/lib/libsmallc.a(lib_a-puts.o)
 .bss           0x0000000000024504        0x0 /home/lheywang/intelFPGA_lite/18.1/nios2eds/bin/gnu/H-x86_64-pc-linux-gnu/bin/../lib/gcc/nios2-elf/5.3.0/../../../../../H-x86_64-pc-linux-gnu/nios2-elf/lib/libsmallc.a(lib_a-sprintf.o)
 .bss           0x0000000000024504        0x0 /home/lheywang/intelFPGA_lite/18.1/nios2eds/bin/gnu/H-x86_64-pc-linux-gnu/bin/../lib/gcc/nios2-elf/5.3.0/../../../../../H-x86_64-pc-linux-gnu/nios2-elf/lib/libsmallc.a(lib_a-strlen.o)
 .bss           0x0000000000024504        0x0 /home/lheywang/intelFPGA_lite/18.1/nios2eds/bin/gnu/H-x86_64-pc-linux-gnu/bin/../lib/gcc/nios2-elf/5.3.0/../../../../../H-x86_64-pc-linux-gnu/nios2-elf/lib/libsmallc.a(lib_a-svfprintf.o)
 .bss           0x0000000000024504        0x0 /home/lheywang/intelFPGA_lite/18.1/nios2eds/bin/gnu/H-x86_64-pc-linux-gnu/bin/../lib/gcc/nios2-elf/5.3.0/../../../../../H-x86_64-pc-linux-gnu/nios2-elf/lib/libsmallc.a(lib_a-vfprintf.o)
 .bss           0x0000000000024504        0x0 /home/lheywang/intelFPGA_lite/18.1/nios2eds/bin/gnu/H-x86_64-pc-linux-gnu/bin/../lib/gcc/nios2-elf/5.3.0/../../../../../H-x86_64-pc-linux-gnu/nios2-elf/lib/libsmallc.a(lib_a-fvwrite_small_dev.o)
 .bss           0x0000000000024504        0x0 /home/lheywang/intelFPGA_lite/18.1/nios2eds/bin/gnu/H-x86_64-pc-linux-gnu/bin/../lib/gcc/nios2-elf/5.3.0/../../../../../H-x86_64-pc-linux-gnu/nios2-elf/lib/libsmallc.a(lib_a-fvwrite_small_str.o)
 .bss           0x0000000000024504        0x0 /home/lheywang/intelFPGA_lite/18.1/nios2eds/bin/gnu/H-x86_64-pc-linux-gnu/bin/../lib/gcc/nios2-elf/5.3.0/../../../../../H-x86_64-pc-linux-gnu/nios2-elf/lib/libsmallc.a(lib_a-impure.o)
 .bss           0x0000000000024504        0x0 /home/lheywang/intelFPGA_lite/18.1/nios2eds/bin/gnu/H-x86_64-pc-linux-gnu/bin/../lib/gcc/nios2-elf/5.3.0/../../../../../H-x86_64-pc-linux-gnu/nios2-elf/lib/libsmallc.a(lib_a-memmove.o)
 .bss           0x0000000000024504        0x0 /home/lheywang/intelFPGA_lite/18.1/nios2eds/bin/gnu/H-x86_64-pc-linux-gnu/bin/../lib/gcc/nios2-elf/5.3.0/../../../../../H-x86_64-pc-linux-gnu/nios2-elf/lib/libsmallc.a(lib_a-writer.o)
 .bss           0x0000000000024504        0x0 /home/lheywang/intelFPGA_lite/18.1/nios2eds/bin/gnu/H-x86_64-pc-linux-gnu/bin/../lib/gcc/nios2-elf/5.3.0/../../../../../H-x86_64-pc-linux-gnu/nios2-elf/lib/libsmallc.a(lib_a-int_errno.o)
 .bss           0x0000000000024504        0x0 /home/lheywang/intelFPGA_lite/18.1/nios2eds/bin/gnu/H-x86_64-pc-linux-gnu/bin/../lib/gcc/nios2-elf/5.3.0/libgcc.a(lib2-divmod.o)
 .bss           0x0000000000024504        0x0 ../project_soft_bsp//libhal_bsp.a(alt_iic.o)
 .bss           0x0000000000024504        0x0 ../project_soft_bsp//libhal_bsp.a(alt_iic_isr_register.o)
 .bss           0x0000000000024504        0x0 ../project_soft_bsp//libhal_bsp.a(alt_irq_entry.o)
 .bss           0x0000000000024504        0x0 ../project_soft_bsp//libhal_bsp.a(alt_irq_handler.o)
 .bss           0x0000000000024504        0x0 ../project_soft_bsp//libhal_bsp.a(alt_irq_vars.o)
 .bss           0x0000000000024504        0x0 ../project_soft_bsp//libhal_bsp.a(alt_load.o)
 .bss           0x0000000000024504        0x0 ../project_soft_bsp//libhal_bsp.a(alt_main.o)
 .bss           0x0000000000024504        0x0 ../project_soft_bsp//libhal_bsp.a(alt_usleep.o)
 .bss           0x0000000000024504        0x0 ../project_soft_bsp//libhal_bsp.a(alt_write.o)
 .bss           0x0000000000024504        0x0 ../project_soft_bsp//libhal_bsp.a(alt_sys_init.o)
 .bss           0x0000000000024504        0x0 ../project_soft_bsp//libhal_bsp.a(altera_avalon_jtag_uart_fd.o)
 .bss           0x0000000000024504        0x0 ../project_soft_bsp//libhal_bsp.a(altera_avalon_jtag_uart_read.o)
 .bss           0x0000000000024504        0x0 ../project_soft_bsp//libhal_bsp.a(altera_avalon_jtag_uart_write.o)
 .bss           0x0000000000024504        0x0 ../project_soft_bsp//libhal_bsp.a(altera_avalon_timer_sc.o)
 .bss           0x0000000000024504        0x0 ../project_soft_bsp//libhal_bsp.a(alt_busy_sleep.o)
 .bss           0x0000000000024504        0x0 ../project_soft_bsp//libhal_bsp.a(alt_close.o)
 .bss           0x0000000000024504        0x0 ../project_soft_bsp//libhal_bsp.a(alt_dcache_flush_all.o)
 .bss           0x0000000000024504        0x0 ../project_soft_bsp//libhal_bsp.a(alt_dev.o)
 .bss           0x0000000000024504        0x0 ../project_soft_bsp//libhal_bsp.a(alt_dev_llist_insert.o)
 .bss           0x0000000000024504        0x0 ../project_soft_bsp//libhal_bsp.a(alt_do_ctors.o)
 .bss           0x0000000000024504        0x0 ../project_soft_bsp//libhal_bsp.a(alt_do_dtors.o)
 .bss           0x0000000000024504        0x0 ../project_soft_bsp//libhal_bsp.a(alt_errno.o)
 .bss           0x0000000000024504        0x0 ../project_soft_bsp//libhal_bsp.a(alt_exception_entry.o)
 .bss           0x0000000000024504        0x0 ../project_soft_bsp//libhal_bsp.a(alt_icache_flush_all.o)
 .bss           0x0000000000024504        0x0 ../project_soft_bsp//libhal_bsp.a(alt_instruction_exception_entry.o)
 .bss           0x0000000000024504        0x0 ../project_soft_bsp//libhal_bsp.a(alt_io_redirect.o)
 .bss           0x0000000000024504        0x0 ../project_soft_bsp//libhal_bsp.a(alt_open.o)
 .bss           0x0000000000024504        0x0 ../project_soft_bsp//libhal_bsp.a(alt_release_fd.o)
 .bss           0x0000000000024504        0x0 ../project_soft_bsp//libhal_bsp.a(alt_tick.o)
 .bss           0x0000000000024504        0x0 ../project_soft_bsp//libhal_bsp.a(altera_nios2_gen2_irq.o)
 .bss           0x0000000000024504        0x0 ../project_soft_bsp//libhal_bsp.a(alt_find_dev.o)
 .bss           0x0000000000024504        0x0 ../project_soft_bsp//libhal_bsp.a(alt_find_file.o)
 .bss           0x0000000000024504        0x0 ../project_soft_bsp//libhal_bsp.a(alt_get_fd.o)
 .bss           0x0000000000024504        0x0 ../project_soft_bsp//libhal_bsp.a(alt_icache_flush.o)
 .bss           0x0000000000024504        0x0 /home/lheywang/intelFPGA_lite/18.1/nios2eds/bin/gnu/H-x86_64-pc-linux-gnu/bin/../lib/gcc/nios2-elf/5.3.0/../../../../../H-x86_64-pc-linux-gnu/nios2-elf/lib/libsmallc.a(lib_a-atexit.o)
 .bss           0x0000000000024504        0x0 /home/lheywang/intelFPGA_lite/18.1/nios2eds/bin/gnu/H-x86_64-pc-linux-gnu/bin/../lib/gcc/nios2-elf/5.3.0/../../../../../H-x86_64-pc-linux-gnu/nios2-elf/lib/libsmallc.a(lib_a-exit.o)
 .bss           0x0000000000024504        0x0 /home/lheywang/intelFPGA_lite/18.1/nios2eds/bin/gnu/H-x86_64-pc-linux-gnu/bin/../lib/gcc/nios2-elf/5.3.0/../../../../../H-x86_64-pc-linux-gnu/nios2-elf/lib/libsmallc.a(lib_a-memcmp.o)
 .bss           0x0000000000024504        0x0 /home/lheywang/intelFPGA_lite/18.1/nios2eds/bin/gnu/H-x86_64-pc-linux-gnu/bin/../lib/gcc/nios2-elf/5.3.0/../../../../../H-x86_64-pc-linux-gnu/nios2-elf/lib/libsmallc.a(lib_a-__atexit.o)
 .bss           0x0000000000024504        0x0 /home/lheywang/intelFPGA_lite/18.1/nios2eds/bin/gnu/H-x86_64-pc-linux-gnu/bin/../lib/gcc/nios2-elf/5.3.0/../../../../../H-x86_64-pc-linux-gnu/nios2-elf/lib/libsmallc.a(lib_a-__call_atexit.o)
 .bss           0x0000000000024504        0x0 ../project_soft_bsp//libhal_bsp.a(alt_exit.o)
 *(COMMON)
 COMMON         0x0000000000024504       0x28 obj/default/buzzer/buzzer.o
                0x0000000000024504                defsong
 COMMON         0x000000000002452c      0x100 ../project_soft_bsp//libhal_bsp.a(alt_irq_handler.o)
                0x000000000002452c                alt_irq
                0x000000000002462c                . = ALIGN (0x4)
                0x000000000002462c                __bss_end = ABSOLUTE (.)

.MEMOIRE_ONCHIP
                0x000000000002462c        0x0
                [!provide]                        PROVIDE (_alt_partition_MEMOIRE_ONCHIP_start, ABSOLUTE (.))
 *(.MEMOIRE_ONCHIP .MEMOIRE_ONCHIP. MEMOIRE_ONCHIP.*)
                0x000000000002462c                . = ALIGN (0x4)
                [!provide]                        PROVIDE (_alt_partition_MEMOIRE_ONCHIP_end, ABSOLUTE (.))
                0x000000000002462c                _end = ABSOLUTE (.)
                0x000000000002462c                end = ABSOLUTE (.)
                0x000000000002462c                __alt_stack_base = ABSOLUTE (.)
                [!provide]                        PROVIDE (_alt_partition_MEMOIRE_ONCHIP_load_addr, LOADADDR (.MEMOIRE_ONCHIP))

.stab
 *(.stab)

.stabstr
 *(.stabstr)

.stab.excl
 *(.stab.excl)

.stab.exclstr
 *(.stab.exclstr)

.stab.index
 *(.stab.index)

.stab.indexstr
 *(.stab.indexstr)

.comment        0x0000000000000000       0x23
 *(.comment)
 .comment       0x0000000000000000       0x23 obj/default/buzzer/buzzer.o
                                         0x24 (size before relaxing)
 .comment       0x0000000000000023       0x24 obj/default/buzzer/songs/anissa/anissa.o
 .comment       0x0000000000000023       0x24 obj/default/buzzer/songs/astronomia/astronomia.o
 .comment       0x0000000000000023       0x24 obj/default/buzzer/songs/baby-shark/baby-shark.o
 .comment       0x0000000000000023       0x24 obj/default/buzzer/songs/crazy-frog/crazy-frog.o
 .comment       0x0000000000000023       0x24 obj/default/buzzer/songs/elise/elise.o
 .comment       0x0000000000000023       0x24 obj/default/buzzer/songs/happy-birthday/happy-birthday.o
 .comment       0x0000000000000023       0x24 obj/default/hello_world.o
 .comment       0x0000000000000023       0x24 obj/default/hex/hex.o
 .comment       0x0000000000000023       0x24 obj/default/time/ptime.o
 .comment       0x0000000000000023       0x24 /home/lheywang/intelFPGA_lite/18.1/nios2eds/bin/gnu/H-x86_64-pc-linux-gnu/bin/../lib/gcc/nios2-elf/5.3.0/../../../../../H-x86_64-pc-linux-gnu/nios2-elf/lib/libsmallc.a(lib_a-printf.o)
 .comment       0x0000000000000023       0x24 /home/lheywang/intelFPGA_lite/18.1/nios2eds/bin/gnu/H-x86_64-pc-linux-gnu/bin/../lib/gcc/nios2-elf/5.3.0/../../../../../H-x86_64-pc-linux-gnu/nios2-elf/lib/libsmallc.a(lib_a-puts.o)
 .comment       0x0000000000000023       0x24 /home/lheywang/intelFPGA_lite/18.1/nios2eds/bin/gnu/H-x86_64-pc-linux-gnu/bin/../lib/gcc/nios2-elf/5.3.0/../../../../../H-x86_64-pc-linux-gnu/nios2-elf/lib/libsmallc.a(lib_a-sprintf.o)
 .comment       0x0000000000000023       0x24 /home/lheywang/intelFPGA_lite/18.1/nios2eds/bin/gnu/H-x86_64-pc-linux-gnu/bin/../lib/gcc/nios2-elf/5.3.0/../../../../../H-x86_64-pc-linux-gnu/nios2-elf/lib/libsmallc.a(lib_a-strlen.o)
 .comment       0x0000000000000023       0x24 /home/lheywang/intelFPGA_lite/18.1/nios2eds/bin/gnu/H-x86_64-pc-linux-gnu/bin/../lib/gcc/nios2-elf/5.3.0/../../../../../H-x86_64-pc-linux-gnu/nios2-elf/lib/libsmallc.a(lib_a-svfprintf.o)
 .comment       0x0000000000000023       0x24 /home/lheywang/intelFPGA_lite/18.1/nios2eds/bin/gnu/H-x86_64-pc-linux-gnu/bin/../lib/gcc/nios2-elf/5.3.0/../../../../../H-x86_64-pc-linux-gnu/nios2-elf/lib/libsmallc.a(lib_a-vfprintf.o)
 .comment       0x0000000000000023       0x24 /home/lheywang/intelFPGA_lite/18.1/nios2eds/bin/gnu/H-x86_64-pc-linux-gnu/bin/../lib/gcc/nios2-elf/5.3.0/../../../../../H-x86_64-pc-linux-gnu/nios2-elf/lib/libsmallc.a(lib_a-fvwrite_small_dev.o)
 .comment       0x0000000000000023       0x24 /home/lheywang/intelFPGA_lite/18.1/nios2eds/bin/gnu/H-x86_64-pc-linux-gnu/bin/../lib/gcc/nios2-elf/5.3.0/../../../../../H-x86_64-pc-linux-gnu/nios2-elf/lib/libsmallc.a(lib_a-fvwrite_small_str.o)
 .comment       0x0000000000000023       0x24 /home/lheywang/intelFPGA_lite/18.1/nios2eds/bin/gnu/H-x86_64-pc-linux-gnu/bin/../lib/gcc/nios2-elf/5.3.0/../../../../../H-x86_64-pc-linux-gnu/nios2-elf/lib/libsmallc.a(lib_a-impure.o)
 .comment       0x0000000000000023       0x24 /home/lheywang/intelFPGA_lite/18.1/nios2eds/bin/gnu/H-x86_64-pc-linux-gnu/bin/../lib/gcc/nios2-elf/5.3.0/../../../../../H-x86_64-pc-linux-gnu/nios2-elf/lib/libsmallc.a(lib_a-memmove.o)
 .comment       0x0000000000000023       0x24 /home/lheywang/intelFPGA_lite/18.1/nios2eds/bin/gnu/H-x86_64-pc-linux-gnu/bin/../lib/gcc/nios2-elf/5.3.0/../../../../../H-x86_64-pc-linux-gnu/nios2-elf/lib/libsmallc.a(lib_a-writer.o)
 .comment       0x0000000000000023       0x24 /home/lheywang/intelFPGA_lite/18.1/nios2eds/bin/gnu/H-x86_64-pc-linux-gnu/bin/../lib/gcc/nios2-elf/5.3.0/../../../../../H-x86_64-pc-linux-gnu/nios2-elf/lib/libsmallc.a(lib_a-int_errno.o)
 .comment       0x0000000000000023       0x24 /home/lheywang/intelFPGA_lite/18.1/nios2eds/bin/gnu/H-x86_64-pc-linux-gnu/bin/../lib/gcc/nios2-elf/5.3.0/libgcc.a(lib2-divmod.o)
 .comment       0x0000000000000023       0x24 ../project_soft_bsp//libhal_bsp.a(alt_iic.o)
 .comment       0x0000000000000023       0x24 ../project_soft_bsp//libhal_bsp.a(alt_iic_isr_register.o)
 .comment       0x0000000000000023       0x24 ../project_soft_bsp//libhal_bsp.a(alt_irq_handler.o)
 .comment       0x0000000000000023       0x24 ../project_soft_bsp//libhal_bsp.a(alt_irq_vars.o)
 .comment       0x0000000000000023       0x24 ../project_soft_bsp//libhal_bsp.a(alt_load.o)
 .comment       0x0000000000000023       0x24 ../project_soft_bsp//libhal_bsp.a(alt_main.o)
 .comment       0x0000000000000023       0x24 ../project_soft_bsp//libhal_bsp.a(alt_usleep.o)
 .comment       0x0000000000000023       0x24 ../project_soft_bsp//libhal_bsp.a(alt_write.o)
 .comment       0x0000000000000023       0x24 ../project_soft_bsp//libhal_bsp.a(alt_sys_init.o)
 .comment       0x0000000000000023       0x24 ../project_soft_bsp//libhal_bsp.a(altera_avalon_jtag_uart_fd.o)
 .comment       0x0000000000000023       0x24 ../project_soft_bsp//libhal_bsp.a(altera_avalon_jtag_uart_read.o)
 .comment       0x0000000000000023       0x24 ../project_soft_bsp//libhal_bsp.a(altera_avalon_jtag_uart_write.o)
 .comment       0x0000000000000023       0x24 ../project_soft_bsp//libhal_bsp.a(altera_avalon_timer_sc.o)
 .comment       0x0000000000000023       0x24 ../project_soft_bsp//libhal_bsp.a(alt_busy_sleep.o)
 .comment       0x0000000000000023       0x24 ../project_soft_bsp//libhal_bsp.a(alt_close.o)
 .comment       0x0000000000000023       0x24 ../project_soft_bsp//libhal_bsp.a(alt_dcache_flush_all.o)
 .comment       0x0000000000000023       0x24 ../project_soft_bsp//libhal_bsp.a(alt_dev.o)
 .comment       0x0000000000000023       0x24 ../project_soft_bsp//libhal_bsp.a(alt_dev_llist_insert.o)
 .comment       0x0000000000000023       0x24 ../project_soft_bsp//libhal_bsp.a(alt_do_ctors.o)
 .comment       0x0000000000000023       0x24 ../project_soft_bsp//libhal_bsp.a(alt_do_dtors.o)
 .comment       0x0000000000000023       0x24 ../project_soft_bsp//libhal_bsp.a(alt_errno.o)
 .comment       0x0000000000000023       0x24 ../project_soft_bsp//libhal_bsp.a(alt_icache_flush_all.o)
 .comment       0x0000000000000023       0x24 ../project_soft_bsp//libhal_bsp.a(alt_instruction_exception_entry.o)
 .comment       0x0000000000000023       0x24 ../project_soft_bsp//libhal_bsp.a(alt_io_redirect.o)
 .comment       0x0000000000000023       0x24 ../project_soft_bsp//libhal_bsp.a(alt_open.o)
 .comment       0x0000000000000023       0x24 ../project_soft_bsp//libhal_bsp.a(alt_release_fd.o)
 .comment       0x0000000000000023       0x24 ../project_soft_bsp//libhal_bsp.a(alt_tick.o)
 .comment       0x0000000000000023       0x24 ../project_soft_bsp//libhal_bsp.a(altera_nios2_gen2_irq.o)
 .comment       0x0000000000000023       0x24 ../project_soft_bsp//libhal_bsp.a(alt_find_dev.o)
 .comment       0x0000000000000023       0x24 ../project_soft_bsp//libhal_bsp.a(alt_find_file.o)
 .comment       0x0000000000000023       0x24 ../project_soft_bsp//libhal_bsp.a(alt_get_fd.o)
 .comment       0x0000000000000023       0x24 ../project_soft_bsp//libhal_bsp.a(alt_icache_flush.o)
 .comment       0x0000000000000023       0x24 /home/lheywang/intelFPGA_lite/18.1/nios2eds/bin/gnu/H-x86_64-pc-linux-gnu/bin/../lib/gcc/nios2-elf/5.3.0/../../../../../H-x86_64-pc-linux-gnu/nios2-elf/lib/libsmallc.a(lib_a-atexit.o)
 .comment       0x0000000000000023       0x24 /home/lheywang/intelFPGA_lite/18.1/nios2eds/bin/gnu/H-x86_64-pc-linux-gnu/bin/../lib/gcc/nios2-elf/5.3.0/../../../../../H-x86_64-pc-linux-gnu/nios2-elf/lib/libsmallc.a(lib_a-exit.o)
 .comment       0x0000000000000023       0x24 /home/lheywang/intelFPGA_lite/18.1/nios2eds/bin/gnu/H-x86_64-pc-linux-gnu/bin/../lib/gcc/nios2-elf/5.3.0/../../../../../H-x86_64-pc-linux-gnu/nios2-elf/lib/libsmallc.a(lib_a-memcmp.o)
 .comment       0x0000000000000023       0x24 /home/lheywang/intelFPGA_lite/18.1/nios2eds/bin/gnu/H-x86_64-pc-linux-gnu/bin/../lib/gcc/nios2-elf/5.3.0/../../../../../H-x86_64-pc-linux-gnu/nios2-elf/lib/libsmallc.a(lib_a-__atexit.o)
 .comment       0x0000000000000023       0x24 /home/lheywang/intelFPGA_lite/18.1/nios2eds/bin/gnu/H-x86_64-pc-linux-gnu/bin/../lib/gcc/nios2-elf/5.3.0/../../../../../H-x86_64-pc-linux-gnu/nios2-elf/lib/libsmallc.a(lib_a-__call_atexit.o)
 .comment       0x0000000000000023       0x24 ../project_soft_bsp//libhal_bsp.a(alt_exit.o)

.debug
 *(.debug)

.line
 *(.line)

.debug_srcinfo
 *(.debug_srcinfo)

.debug_sfnames
 *(.debug_sfnames)

.debug_aranges  0x0000000000000000      0x820
 *(.debug_aranges)
 .debug_aranges
                0x0000000000000000       0x28 ../project_soft_bsp//obj/HAL/src/crt0.o
 .debug_aranges
                0x0000000000000028       0x20 obj/default/buzzer/buzzer.o
 .debug_aranges
                0x0000000000000048       0x18 obj/default/buzzer/songs/anissa/anissa.o
 .debug_aranges
                0x0000000000000060       0x18 obj/default/buzzer/songs/astronomia/astronomia.o
 .debug_aranges
                0x0000000000000078       0x18 obj/default/buzzer/songs/baby-shark/baby-shark.o
 .debug_aranges
                0x0000000000000090       0x18 obj/default/buzzer/songs/crazy-frog/crazy-frog.o
 .debug_aranges
                0x00000000000000a8       0x18 obj/default/buzzer/songs/elise/elise.o
 .debug_aranges
                0x00000000000000c0       0x18 obj/default/buzzer/songs/happy-birthday/happy-birthday.o
 .debug_aranges
                0x00000000000000d8       0x20 obj/default/hello_world.o
 .debug_aranges
                0x00000000000000f8       0x20 obj/default/hex/hex.o
 .debug_aranges
                0x0000000000000118       0x20 obj/default/time/ptime.o
 .debug_aranges
                0x0000000000000138       0x28 /home/lheywang/intelFPGA_lite/18.1/nios2eds/bin/gnu/H-x86_64-pc-linux-gnu/bin/../lib/gcc/nios2-elf/5.3.0/../../../../../H-x86_64-pc-linux-gnu/nios2-elf/lib/libsmallc.a(lib_a-printf.o)
 .debug_aranges
                0x0000000000000160       0x28 /home/lheywang/intelFPGA_lite/18.1/nios2eds/bin/gnu/H-x86_64-pc-linux-gnu/bin/../lib/gcc/nios2-elf/5.3.0/../../../../../H-x86_64-pc-linux-gnu/nios2-elf/lib/libsmallc.a(lib_a-puts.o)
 .debug_aranges
                0x0000000000000188       0x28 /home/lheywang/intelFPGA_lite/18.1/nios2eds/bin/gnu/H-x86_64-pc-linux-gnu/bin/../lib/gcc/nios2-elf/5.3.0/../../../../../H-x86_64-pc-linux-gnu/nios2-elf/lib/libsmallc.a(lib_a-sprintf.o)
 .debug_aranges
                0x00000000000001b0       0x20 /home/lheywang/intelFPGA_lite/18.1/nios2eds/bin/gnu/H-x86_64-pc-linux-gnu/bin/../lib/gcc/nios2-elf/5.3.0/../../../../../H-x86_64-pc-linux-gnu/nios2-elf/lib/libsmallc.a(lib_a-strlen.o)
 .debug_aranges
                0x00000000000001d0       0x30 /home/lheywang/intelFPGA_lite/18.1/nios2eds/bin/gnu/H-x86_64-pc-linux-gnu/bin/../lib/gcc/nios2-elf/5.3.0/../../../../../H-x86_64-pc-linux-gnu/nios2-elf/lib/libsmallc.a(lib_a-svfprintf.o)
 .debug_aranges
                0x0000000000000200       0x30 /home/lheywang/intelFPGA_lite/18.1/nios2eds/bin/gnu/H-x86_64-pc-linux-gnu/bin/../lib/gcc/nios2-elf/5.3.0/../../../../../H-x86_64-pc-linux-gnu/nios2-elf/lib/libsmallc.a(lib_a-vfprintf.o)
 .debug_aranges
                0x0000000000000230       0x20 /home/lheywang/intelFPGA_lite/18.1/nios2eds/bin/gnu/H-x86_64-pc-linux-gnu/bin/../lib/gcc/nios2-elf/5.3.0/../../../../../H-x86_64-pc-linux-gnu/nios2-elf/lib/libsmallc.a(lib_a-fvwrite_small_dev.o)
 .debug_aranges
                0x0000000000000250       0x20 /home/lheywang/intelFPGA_lite/18.1/nios2eds/bin/gnu/H-x86_64-pc-linux-gnu/bin/../lib/gcc/nios2-elf/5.3.0/../../../../../H-x86_64-pc-linux-gnu/nios2-elf/lib/libsmallc.a(lib_a-fvwrite_small_str.o)
 .debug_aranges
                0x0000000000000270       0x18 /home/lheywang/intelFPGA_lite/18.1/nios2eds/bin/gnu/H-x86_64-pc-linux-gnu/bin/../lib/gcc/nios2-elf/5.3.0/../../../../../H-x86_64-pc-linux-gnu/nios2-elf/lib/libsmallc.a(lib_a-impure.o)
 .debug_aranges
                0x0000000000000288       0x20 /home/lheywang/intelFPGA_lite/18.1/nios2eds/bin/gnu/H-x86_64-pc-linux-gnu/bin/../lib/gcc/nios2-elf/5.3.0/../../../../../H-x86_64-pc-linux-gnu/nios2-elf/lib/libsmallc.a(lib_a-memmove.o)
 .debug_aranges
                0x00000000000002a8       0x20 /home/lheywang/intelFPGA_lite/18.1/nios2eds/bin/gnu/H-x86_64-pc-linux-gnu/bin/../lib/gcc/nios2-elf/5.3.0/../../../../../H-x86_64-pc-linux-gnu/nios2-elf/lib/libsmallc.a(lib_a-writer.o)
 .debug_aranges
                0x00000000000002c8       0x18 /home/lheywang/intelFPGA_lite/18.1/nios2eds/bin/gnu/H-x86_64-pc-linux-gnu/bin/../lib/gcc/nios2-elf/5.3.0/../../../../../H-x86_64-pc-linux-gnu/nios2-elf/lib/libsmallc.a(lib_a-int_errno.o)
 .debug_aranges
                0x00000000000002e0       0x20 /home/lheywang/intelFPGA_lite/18.1/nios2eds/bin/gnu/H-x86_64-pc-linux-gnu/bin/../lib/gcc/nios2-elf/5.3.0/libgcc.a(lib2-divmod.o)
 .debug_aranges
                0x0000000000000300       0x20 ../project_soft_bsp//libhal_bsp.a(alt_iic.o)
 .debug_aranges
                0x0000000000000320       0x20 ../project_soft_bsp//libhal_bsp.a(alt_iic_isr_register.o)
 .debug_aranges
                0x0000000000000340       0x30 ../project_soft_bsp//libhal_bsp.a(alt_irq_entry.o)
 .debug_aranges
                0x0000000000000370       0x20 ../project_soft_bsp//libhal_bsp.a(alt_irq_handler.o)
 .debug_aranges
                0x0000000000000390       0x18 ../project_soft_bsp//libhal_bsp.a(alt_irq_vars.o)
 .debug_aranges
                0x00000000000003a8       0x20 ../project_soft_bsp//libhal_bsp.a(alt_load.o)
 .debug_aranges
                0x00000000000003c8       0x20 ../project_soft_bsp//libhal_bsp.a(alt_main.o)
 .debug_aranges
                0x00000000000003e8       0x20 ../project_soft_bsp//libhal_bsp.a(alt_usleep.o)
 .debug_aranges
                0x0000000000000408       0x20 ../project_soft_bsp//libhal_bsp.a(alt_write.o)
 .debug_aranges
                0x0000000000000428       0x20 ../project_soft_bsp//libhal_bsp.a(alt_sys_init.o)
 .debug_aranges
                0x0000000000000448       0x20 ../project_soft_bsp//libhal_bsp.a(altera_avalon_jtag_uart_fd.o)
 .debug_aranges
                0x0000000000000468       0x20 ../project_soft_bsp//libhal_bsp.a(altera_avalon_jtag_uart_read.o)
 .debug_aranges
                0x0000000000000488       0x20 ../project_soft_bsp//libhal_bsp.a(altera_avalon_jtag_uart_write.o)
 .debug_aranges
                0x00000000000004a8       0x20 ../project_soft_bsp//libhal_bsp.a(altera_avalon_timer_sc.o)
 .debug_aranges
                0x00000000000004c8       0x20 ../project_soft_bsp//libhal_bsp.a(alt_busy_sleep.o)
 .debug_aranges
                0x00000000000004e8       0x20 ../project_soft_bsp//libhal_bsp.a(alt_close.o)
 .debug_aranges
                0x0000000000000508       0x20 ../project_soft_bsp//libhal_bsp.a(alt_dcache_flush_all.o)
 .debug_aranges
                0x0000000000000528       0x20 ../project_soft_bsp//libhal_bsp.a(alt_dev.o)
 .debug_aranges
                0x0000000000000548       0x20 ../project_soft_bsp//libhal_bsp.a(alt_dev_llist_insert.o)
 .debug_aranges
                0x0000000000000568       0x20 ../project_soft_bsp//libhal_bsp.a(alt_do_ctors.o)
 .debug_aranges
                0x0000000000000588       0x20 ../project_soft_bsp//libhal_bsp.a(alt_do_dtors.o)
 .debug_aranges
                0x00000000000005a8       0x18 ../project_soft_bsp//libhal_bsp.a(alt_errno.o)
 .debug_aranges
                0x00000000000005c0       0x38 ../project_soft_bsp//libhal_bsp.a(alt_exception_entry.o)
 .debug_aranges
                0x00000000000005f8       0x20 ../project_soft_bsp//libhal_bsp.a(alt_icache_flush_all.o)
 .debug_aranges
                0x0000000000000618       0x28 ../project_soft_bsp//libhal_bsp.a(alt_instruction_exception_entry.o)
 .debug_aranges
                0x0000000000000640       0x20 ../project_soft_bsp//libhal_bsp.a(alt_io_redirect.o)
 .debug_aranges
                0x0000000000000660       0x20 ../project_soft_bsp//libhal_bsp.a(alt_open.o)
 .debug_aranges
                0x0000000000000680       0x20 ../project_soft_bsp//libhal_bsp.a(alt_release_fd.o)
 .debug_aranges
                0x00000000000006a0       0x20 ../project_soft_bsp//libhal_bsp.a(alt_tick.o)
 .debug_aranges
                0x00000000000006c0       0x20 ../project_soft_bsp//libhal_bsp.a(altera_nios2_gen2_irq.o)
 .debug_aranges
                0x00000000000006e0       0x20 ../project_soft_bsp//libhal_bsp.a(alt_find_dev.o)
 .debug_aranges
                0x0000000000000700       0x20 ../project_soft_bsp//libhal_bsp.a(alt_find_file.o)
 .debug_aranges
                0x0000000000000720       0x20 ../project_soft_bsp//libhal_bsp.a(alt_get_fd.o)
 .debug_aranges
                0x0000000000000740       0x20 ../project_soft_bsp//libhal_bsp.a(alt_icache_flush.o)
 .debug_aranges
                0x0000000000000760       0x20 /home/lheywang/intelFPGA_lite/18.1/nios2eds/bin/gnu/H-x86_64-pc-linux-gnu/bin/../lib/gcc/nios2-elf/5.3.0/../../../../../H-x86_64-pc-linux-gnu/nios2-elf/lib/libsmallc.a(lib_a-atexit.o)
 .debug_aranges
                0x0000000000000780       0x20 /home/lheywang/intelFPGA_lite/18.1/nios2eds/bin/gnu/H-x86_64-pc-linux-gnu/bin/../lib/gcc/nios2-elf/5.3.0/../../../../../H-x86_64-pc-linux-gnu/nios2-elf/lib/libsmallc.a(lib_a-exit.o)
 .debug_aranges
                0x00000000000007a0       0x20 /home/lheywang/intelFPGA_lite/18.1/nios2eds/bin/gnu/H-x86_64-pc-linux-gnu/bin/../lib/gcc/nios2-elf/5.3.0/../../../../../H-x86_64-pc-linux-gnu/nios2-elf/lib/libsmallc.a(lib_a-memcmp.o)
 .debug_aranges
                0x00000000000007c0       0x20 /home/lheywang/intelFPGA_lite/18.1/nios2eds/bin/gnu/H-x86_64-pc-linux-gnu/bin/../lib/gcc/nios2-elf/5.3.0/../../../../../H-x86_64-pc-linux-gnu/nios2-elf/lib/libsmallc.a(lib_a-__atexit.o)
 .debug_aranges
                0x00000000000007e0       0x20 /home/lheywang/intelFPGA_lite/18.1/nios2eds/bin/gnu/H-x86_64-pc-linux-gnu/bin/../lib/gcc/nios2-elf/5.3.0/../../../../../H-x86_64-pc-linux-gnu/nios2-elf/lib/libsmallc.a(lib_a-__call_atexit.o)
 .debug_aranges
                0x0000000000000800       0x20 ../project_soft_bsp//libhal_bsp.a(alt_exit.o)

.debug_pubnames
 *(.debug_pubnames)

.debug_info     0x0000000000000000     0xbeae
 *(.debug_info .gnu.linkonce.wi.*)
 .debug_info    0x0000000000000000       0x6e ../project_soft_bsp//obj/HAL/src/crt0.o
 .debug_info    0x000000000000006e      0x6dd obj/default/buzzer/buzzer.o
 .debug_info    0x000000000000074b      0x33a obj/default/buzzer/songs/anissa/anissa.o
 .debug_info    0x0000000000000a85      0x335 obj/default/buzzer/songs/astronomia/astronomia.o
 .debug_info    0x0000000000000dba      0x335 obj/default/buzzer/songs/baby-shark/baby-shark.o
 .debug_info    0x00000000000010ef      0x33a obj/default/buzzer/songs/crazy-frog/crazy-frog.o
 .debug_info    0x0000000000001429      0x335 obj/default/buzzer/songs/elise/elise.o
 .debug_info    0x000000000000175e      0x335 obj/default/buzzer/songs/happy-birthday/happy-birthday.o
 .debug_info    0x0000000000001a93      0x288 obj/default/hello_world.o
 .debug_info    0x0000000000001d1b      0x209 obj/default/hex/hex.o
 .debug_info    0x0000000000001f24      0x1a9 obj/default/time/ptime.o
 .debug_info    0x00000000000020cd      0x699 /home/lheywang/intelFPGA_lite/18.1/nios2eds/bin/gnu/H-x86_64-pc-linux-gnu/bin/../lib/gcc/nios2-elf/5.3.0/../../../../../H-x86_64-pc-linux-gnu/nios2-elf/lib/libsmallc.a(lib_a-printf.o)
 .debug_info    0x0000000000002766      0x66d /home/lheywang/intelFPGA_lite/18.1/nios2eds/bin/gnu/H-x86_64-pc-linux-gnu/bin/../lib/gcc/nios2-elf/5.3.0/../../../../../H-x86_64-pc-linux-gnu/nios2-elf/lib/libsmallc.a(lib_a-puts.o)
 .debug_info    0x0000000000002dd3      0x7d9 /home/lheywang/intelFPGA_lite/18.1/nios2eds/bin/gnu/H-x86_64-pc-linux-gnu/bin/../lib/gcc/nios2-elf/5.3.0/../../../../../H-x86_64-pc-linux-gnu/nios2-elf/lib/libsmallc.a(lib_a-sprintf.o)
 .debug_info    0x00000000000035ac       0xc9 /home/lheywang/intelFPGA_lite/18.1/nios2eds/bin/gnu/H-x86_64-pc-linux-gnu/bin/../lib/gcc/nios2-elf/5.3.0/../../../../../H-x86_64-pc-linux-gnu/nios2-elf/lib/libsmallc.a(lib_a-strlen.o)
 .debug_info    0x0000000000003675      0xb2b /home/lheywang/intelFPGA_lite/18.1/nios2eds/bin/gnu/H-x86_64-pc-linux-gnu/bin/../lib/gcc/nios2-elf/5.3.0/../../../../../H-x86_64-pc-linux-gnu/nios2-elf/lib/libsmallc.a(lib_a-svfprintf.o)
 .debug_info    0x00000000000041a0      0xb2b /home/lheywang/intelFPGA_lite/18.1/nios2eds/bin/gnu/H-x86_64-pc-linux-gnu/bin/../lib/gcc/nios2-elf/5.3.0/../../../../../H-x86_64-pc-linux-gnu/nios2-elf/lib/libsmallc.a(lib_a-vfprintf.o)
 .debug_info    0x0000000000004ccb      0x62b /home/lheywang/intelFPGA_lite/18.1/nios2eds/bin/gnu/H-x86_64-pc-linux-gnu/bin/../lib/gcc/nios2-elf/5.3.0/../../../../../H-x86_64-pc-linux-gnu/nios2-elf/lib/libsmallc.a(lib_a-fvwrite_small_dev.o)
 .debug_info    0x00000000000052f6      0x700 /home/lheywang/intelFPGA_lite/18.1/nios2eds/bin/gnu/H-x86_64-pc-linux-gnu/bin/../lib/gcc/nios2-elf/5.3.0/../../../../../H-x86_64-pc-linux-gnu/nios2-elf/lib/libsmallc.a(lib_a-fvwrite_small_str.o)
 .debug_info    0x00000000000059f6      0x5a9 /home/lheywang/intelFPGA_lite/18.1/nios2eds/bin/gnu/H-x86_64-pc-linux-gnu/bin/../lib/gcc/nios2-elf/5.3.0/../../../../../H-x86_64-pc-linux-gnu/nios2-elf/lib/libsmallc.a(lib_a-impure.o)
 .debug_info    0x0000000000005f9f      0x10b /home/lheywang/intelFPGA_lite/18.1/nios2eds/bin/gnu/H-x86_64-pc-linux-gnu/bin/../lib/gcc/nios2-elf/5.3.0/../../../../../H-x86_64-pc-linux-gnu/nios2-elf/lib/libsmallc.a(lib_a-memmove.o)
 .debug_info    0x00000000000060aa      0x630 /home/lheywang/intelFPGA_lite/18.1/nios2eds/bin/gnu/H-x86_64-pc-linux-gnu/bin/../lib/gcc/nios2-elf/5.3.0/../../../../../H-x86_64-pc-linux-gnu/nios2-elf/lib/libsmallc.a(lib_a-writer.o)
 .debug_info    0x00000000000066da       0x8a /home/lheywang/intelFPGA_lite/18.1/nios2eds/bin/gnu/H-x86_64-pc-linux-gnu/bin/../lib/gcc/nios2-elf/5.3.0/../../../../../H-x86_64-pc-linux-gnu/nios2-elf/lib/libsmallc.a(lib_a-int_errno.o)
 .debug_info    0x0000000000006764      0x2c6 /home/lheywang/intelFPGA_lite/18.1/nios2eds/bin/gnu/H-x86_64-pc-linux-gnu/bin/../lib/gcc/nios2-elf/5.3.0/libgcc.a(lib2-divmod.o)
 .debug_info    0x0000000000006a2a      0x350 ../project_soft_bsp//libhal_bsp.a(alt_iic.o)
 .debug_info    0x0000000000006d7a      0x1ef ../project_soft_bsp//libhal_bsp.a(alt_iic_isr_register.o)
 .debug_info    0x0000000000006f69       0x77 ../project_soft_bsp//libhal_bsp.a(alt_irq_entry.o)
 .debug_info    0x0000000000006fe0      0x187 ../project_soft_bsp//libhal_bsp.a(alt_irq_handler.o)
 .debug_info    0x0000000000007167       0x88 ../project_soft_bsp//libhal_bsp.a(alt_irq_vars.o)
 .debug_info    0x00000000000071ef      0x145 ../project_soft_bsp//libhal_bsp.a(alt_load.o)
 .debug_info    0x0000000000007334      0x131 ../project_soft_bsp//libhal_bsp.a(alt_main.o)
 .debug_info    0x0000000000007465       0xb0 ../project_soft_bsp//libhal_bsp.a(alt_usleep.o)
 .debug_info    0x0000000000007515      0x4b7 ../project_soft_bsp//libhal_bsp.a(alt_write.o)
 .debug_info    0x00000000000079cc      0x3df ../project_soft_bsp//libhal_bsp.a(alt_sys_init.o)
 .debug_info    0x0000000000007dab      0x3a7 ../project_soft_bsp//libhal_bsp.a(altera_avalon_jtag_uart_fd.o)
 .debug_info    0x0000000000008152      0x1b2 ../project_soft_bsp//libhal_bsp.a(altera_avalon_jtag_uart_read.o)
 .debug_info    0x0000000000008304      0x195 ../project_soft_bsp//libhal_bsp.a(altera_avalon_jtag_uart_write.o)
 .debug_info    0x0000000000008499      0x226 ../project_soft_bsp//libhal_bsp.a(altera_avalon_timer_sc.o)
 .debug_info    0x00000000000086bf       0xd7 ../project_soft_bsp//libhal_bsp.a(alt_busy_sleep.o)
 .debug_info    0x0000000000008796      0x321 ../project_soft_bsp//libhal_bsp.a(alt_close.o)
 .debug_info    0x0000000000008ab7       0x92 ../project_soft_bsp//libhal_bsp.a(alt_dcache_flush_all.o)
 .debug_info    0x0000000000008b49      0x49c ../project_soft_bsp//libhal_bsp.a(alt_dev.o)
 .debug_info    0x0000000000008fe5      0x1a9 ../project_soft_bsp//libhal_bsp.a(alt_dev_llist_insert.o)
 .debug_info    0x000000000000918e       0x83 ../project_soft_bsp//libhal_bsp.a(alt_do_ctors.o)
 .debug_info    0x0000000000009211       0x83 ../project_soft_bsp//libhal_bsp.a(alt_do_dtors.o)
 .debug_info    0x0000000000009294       0xa6 ../project_soft_bsp//libhal_bsp.a(alt_errno.o)
 .debug_info    0x000000000000933a       0x7d ../project_soft_bsp//libhal_bsp.a(alt_exception_entry.o)
 .debug_info    0x00000000000093b7       0x92 ../project_soft_bsp//libhal_bsp.a(alt_icache_flush_all.o)
 .debug_info    0x0000000000009449      0x1e7 ../project_soft_bsp//libhal_bsp.a(alt_instruction_exception_entry.o)
 .debug_info    0x0000000000009630      0x4a5 ../project_soft_bsp//libhal_bsp.a(alt_io_redirect.o)
 .debug_info    0x0000000000009ad5      0x3bb ../project_soft_bsp//libhal_bsp.a(alt_open.o)
 .debug_info    0x0000000000009e90      0x2b0 ../project_soft_bsp//libhal_bsp.a(alt_release_fd.o)
 .debug_info    0x000000000000a140      0x299 ../project_soft_bsp//libhal_bsp.a(alt_tick.o)
 .debug_info    0x000000000000a3d9       0x92 ../project_soft_bsp//libhal_bsp.a(altera_nios2_gen2_irq.o)
 .debug_info    0x000000000000a46b      0x2e9 ../project_soft_bsp//libhal_bsp.a(alt_find_dev.o)
 .debug_info    0x000000000000a754      0x2e6 ../project_soft_bsp//libhal_bsp.a(alt_find_file.o)
 .debug_info    0x000000000000aa3a      0x310 ../project_soft_bsp//libhal_bsp.a(alt_get_fd.o)
 .debug_info    0x000000000000ad4a       0xdc ../project_soft_bsp//libhal_bsp.a(alt_icache_flush.o)
 .debug_info    0x000000000000ae26       0xfe /home/lheywang/intelFPGA_lite/18.1/nios2eds/bin/gnu/H-x86_64-pc-linux-gnu/bin/../lib/gcc/nios2-elf/5.3.0/../../../../../H-x86_64-pc-linux-gnu/nios2-elf/lib/libsmallc.a(lib_a-atexit.o)
 .debug_info    0x000000000000af24       0xe5 /home/lheywang/intelFPGA_lite/18.1/nios2eds/bin/gnu/H-x86_64-pc-linux-gnu/bin/../lib/gcc/nios2-elf/5.3.0/../../../../../H-x86_64-pc-linux-gnu/nios2-elf/lib/libsmallc.a(lib_a-exit.o)
 .debug_info    0x000000000000b009       0xf4 /home/lheywang/intelFPGA_lite/18.1/nios2eds/bin/gnu/H-x86_64-pc-linux-gnu/bin/../lib/gcc/nios2-elf/5.3.0/../../../../../H-x86_64-pc-linux-gnu/nios2-elf/lib/libsmallc.a(lib_a-memcmp.o)
 .debug_info    0x000000000000b0fd      0x64a /home/lheywang/intelFPGA_lite/18.1/nios2eds/bin/gnu/H-x86_64-pc-linux-gnu/bin/../lib/gcc/nios2-elf/5.3.0/../../../../../H-x86_64-pc-linux-gnu/nios2-elf/lib/libsmallc.a(lib_a-__atexit.o)
 .debug_info    0x000000000000b747      0x67b /home/lheywang/intelFPGA_lite/18.1/nios2eds/bin/gnu/H-x86_64-pc-linux-gnu/bin/../lib/gcc/nios2-elf/5.3.0/../../../../../H-x86_64-pc-linux-gnu/nios2-elf/lib/libsmallc.a(lib_a-__call_atexit.o)
 .debug_info    0x000000000000bdc2       0xec ../project_soft_bsp//libhal_bsp.a(alt_exit.o)

.debug_abbrev   0x0000000000000000     0x3de7
 *(.debug_abbrev)
 .debug_abbrev  0x0000000000000000       0x12 ../project_soft_bsp//obj/HAL/src/crt0.o
 .debug_abbrev  0x0000000000000012      0x1b4 obj/default/buzzer/buzzer.o
 .debug_abbrev  0x00000000000001c6       0xa9 obj/default/buzzer/songs/anissa/anissa.o
 .debug_abbrev  0x000000000000026f       0xa9 obj/default/buzzer/songs/astronomia/astronomia.o
 .debug_abbrev  0x0000000000000318       0xa9 obj/default/buzzer/songs/baby-shark/baby-shark.o
 .debug_abbrev  0x00000000000003c1       0xa9 obj/default/buzzer/songs/crazy-frog/crazy-frog.o
 .debug_abbrev  0x000000000000046a       0xa9 obj/default/buzzer/songs/elise/elise.o
 .debug_abbrev  0x0000000000000513       0xa9 obj/default/buzzer/songs/happy-birthday/happy-birthday.o
 .debug_abbrev  0x00000000000005bc      0x164 obj/default/hello_world.o
 .debug_abbrev  0x0000000000000720      0x109 obj/default/hex/hex.o
 .debug_abbrev  0x0000000000000829       0xe5 obj/default/time/ptime.o
 .debug_abbrev  0x000000000000090e      0x1ee /home/lheywang/intelFPGA_lite/18.1/nios2eds/bin/gnu/H-x86_64-pc-linux-gnu/bin/../lib/gcc/nios2-elf/5.3.0/../../../../../H-x86_64-pc-linux-gnu/nios2-elf/lib/libsmallc.a(lib_a-printf.o)
 .debug_abbrev  0x0000000000000afc      0x1d6 /home/lheywang/intelFPGA_lite/18.1/nios2eds/bin/gnu/H-x86_64-pc-linux-gnu/bin/../lib/gcc/nios2-elf/5.3.0/../../../../../H-x86_64-pc-linux-gnu/nios2-elf/lib/libsmallc.a(lib_a-puts.o)
 .debug_abbrev  0x0000000000000cd2      0x1d8 /home/lheywang/intelFPGA_lite/18.1/nios2eds/bin/gnu/H-x86_64-pc-linux-gnu/bin/../lib/gcc/nios2-elf/5.3.0/../../../../../H-x86_64-pc-linux-gnu/nios2-elf/lib/libsmallc.a(lib_a-sprintf.o)
 .debug_abbrev  0x0000000000000eaa       0x7f /home/lheywang/intelFPGA_lite/18.1/nios2eds/bin/gnu/H-x86_64-pc-linux-gnu/bin/../lib/gcc/nios2-elf/5.3.0/../../../../../H-x86_64-pc-linux-gnu/nios2-elf/lib/libsmallc.a(lib_a-strlen.o)
 .debug_abbrev  0x0000000000000f29      0x2a1 /home/lheywang/intelFPGA_lite/18.1/nios2eds/bin/gnu/H-x86_64-pc-linux-gnu/bin/../lib/gcc/nios2-elf/5.3.0/../../../../../H-x86_64-pc-linux-gnu/nios2-elf/lib/libsmallc.a(lib_a-svfprintf.o)
 .debug_abbrev  0x00000000000011ca      0x2a1 /home/lheywang/intelFPGA_lite/18.1/nios2eds/bin/gnu/H-x86_64-pc-linux-gnu/bin/../lib/gcc/nios2-elf/5.3.0/../../../../../H-x86_64-pc-linux-gnu/nios2-elf/lib/libsmallc.a(lib_a-vfprintf.o)
 .debug_abbrev  0x000000000000146b      0x1bc /home/lheywang/intelFPGA_lite/18.1/nios2eds/bin/gnu/H-x86_64-pc-linux-gnu/bin/../lib/gcc/nios2-elf/5.3.0/../../../../../H-x86_64-pc-linux-gnu/nios2-elf/lib/libsmallc.a(lib_a-fvwrite_small_dev.o)
 .debug_abbrev  0x0000000000001627      0x1b5 /home/lheywang/intelFPGA_lite/18.1/nios2eds/bin/gnu/H-x86_64-pc-linux-gnu/bin/../lib/gcc/nios2-elf/5.3.0/../../../../../H-x86_64-pc-linux-gnu/nios2-elf/lib/libsmallc.a(lib_a-fvwrite_small_str.o)
 .debug_abbrev  0x00000000000017dc      0x14a /home/lheywang/intelFPGA_lite/18.1/nios2eds/bin/gnu/H-x86_64-pc-linux-gnu/bin/../lib/gcc/nios2-elf/5.3.0/../../../../../H-x86_64-pc-linux-gnu/nios2-elf/lib/libsmallc.a(lib_a-impure.o)
 .debug_abbrev  0x0000000000001926       0x8d /home/lheywang/intelFPGA_lite/18.1/nios2eds/bin/gnu/H-x86_64-pc-linux-gnu/bin/../lib/gcc/nios2-elf/5.3.0/../../../../../H-x86_64-pc-linux-gnu/nios2-elf/lib/libsmallc.a(lib_a-memmove.o)
 .debug_abbrev  0x00000000000019b3      0x1a6 /home/lheywang/intelFPGA_lite/18.1/nios2eds/bin/gnu/H-x86_64-pc-linux-gnu/bin/../lib/gcc/nios2-elf/5.3.0/../../../../../H-x86_64-pc-linux-gnu/nios2-elf/lib/libsmallc.a(lib_a-writer.o)
 .debug_abbrev  0x0000000000001b59       0x37 /home/lheywang/intelFPGA_lite/18.1/nios2eds/bin/gnu/H-x86_64-pc-linux-gnu/bin/../lib/gcc/nios2-elf/5.3.0/../../../../../H-x86_64-pc-linux-gnu/nios2-elf/lib/libsmallc.a(lib_a-int_errno.o)
 .debug_abbrev  0x0000000000001b90      0x10e /home/lheywang/intelFPGA_lite/18.1/nios2eds/bin/gnu/H-x86_64-pc-linux-gnu/bin/../lib/gcc/nios2-elf/5.3.0/libgcc.a(lib2-divmod.o)
 .debug_abbrev  0x0000000000001c9e      0x163 ../project_soft_bsp//libhal_bsp.a(alt_iic.o)
 .debug_abbrev  0x0000000000001e01      0x169 ../project_soft_bsp//libhal_bsp.a(alt_iic_isr_register.o)
 .debug_abbrev  0x0000000000001f6a       0x12 ../project_soft_bsp//libhal_bsp.a(alt_irq_entry.o)
 .debug_abbrev  0x0000000000001f7c      0x122 ../project_soft_bsp//libhal_bsp.a(alt_irq_handler.o)
 .debug_abbrev  0x000000000000209e       0x40 ../project_soft_bsp//libhal_bsp.a(alt_irq_vars.o)
 .debug_abbrev  0x00000000000020de       0x9f ../project_soft_bsp//libhal_bsp.a(alt_load.o)
 .debug_abbrev  0x000000000000217d       0xba ../project_soft_bsp//libhal_bsp.a(alt_main.o)
 .debug_abbrev  0x0000000000002237       0x60 ../project_soft_bsp//libhal_bsp.a(alt_usleep.o)
 .debug_abbrev  0x0000000000002297      0x133 ../project_soft_bsp//libhal_bsp.a(alt_write.o)
 .debug_abbrev  0x00000000000023ca      0x157 ../project_soft_bsp//libhal_bsp.a(alt_sys_init.o)
 .debug_abbrev  0x0000000000002521       0xf7 ../project_soft_bsp//libhal_bsp.a(altera_avalon_jtag_uart_fd.o)
 .debug_abbrev  0x0000000000002618       0xd5 ../project_soft_bsp//libhal_bsp.a(altera_avalon_jtag_uart_read.o)
 .debug_abbrev  0x00000000000026ed       0xd5 ../project_soft_bsp//libhal_bsp.a(altera_avalon_jtag_uart_write.o)
 .debug_abbrev  0x00000000000027c2      0x155 ../project_soft_bsp//libhal_bsp.a(altera_avalon_timer_sc.o)
 .debug_abbrev  0x0000000000002917       0x7e ../project_soft_bsp//libhal_bsp.a(alt_busy_sleep.o)
 .debug_abbrev  0x0000000000002995      0x11f ../project_soft_bsp//libhal_bsp.a(alt_close.o)
 .debug_abbrev  0x0000000000002ab4       0x42 ../project_soft_bsp//libhal_bsp.a(alt_dcache_flush_all.o)
 .debug_abbrev  0x0000000000002af6       0xd9 ../project_soft_bsp//libhal_bsp.a(alt_dev.o)
 .debug_abbrev  0x0000000000002bcf      0x114 ../project_soft_bsp//libhal_bsp.a(alt_dev_llist_insert.o)
 .debug_abbrev  0x0000000000002ce3       0x79 ../project_soft_bsp//libhal_bsp.a(alt_do_ctors.o)
 .debug_abbrev  0x0000000000002d5c       0x79 ../project_soft_bsp//libhal_bsp.a(alt_do_dtors.o)
 .debug_abbrev  0x0000000000002dd5       0x5a ../project_soft_bsp//libhal_bsp.a(alt_errno.o)
 .debug_abbrev  0x0000000000002e2f       0x12 ../project_soft_bsp//libhal_bsp.a(alt_exception_entry.o)
 .debug_abbrev  0x0000000000002e41       0x42 ../project_soft_bsp//libhal_bsp.a(alt_icache_flush_all.o)
 .debug_abbrev  0x0000000000002e83       0xdc ../project_soft_bsp//libhal_bsp.a(alt_instruction_exception_entry.o)
 .debug_abbrev  0x0000000000002f5f      0x114 ../project_soft_bsp//libhal_bsp.a(alt_io_redirect.o)
 .debug_abbrev  0x0000000000003073      0x148 ../project_soft_bsp//libhal_bsp.a(alt_open.o)
 .debug_abbrev  0x00000000000031bb       0xde ../project_soft_bsp//libhal_bsp.a(alt_release_fd.o)
 .debug_abbrev  0x0000000000003299      0x15a ../project_soft_bsp//libhal_bsp.a(alt_tick.o)
 .debug_abbrev  0x00000000000033f3       0x42 ../project_soft_bsp//libhal_bsp.a(altera_nios2_gen2_irq.o)
 .debug_abbrev  0x0000000000003435       0xf0 ../project_soft_bsp//libhal_bsp.a(alt_find_dev.o)
 .debug_abbrev  0x0000000000003525       0xf0 ../project_soft_bsp//libhal_bsp.a(alt_find_file.o)
 .debug_abbrev  0x0000000000003615      0x10d ../project_soft_bsp//libhal_bsp.a(alt_get_fd.o)
 .debug_abbrev  0x0000000000003722       0x8c ../project_soft_bsp//libhal_bsp.a(alt_icache_flush.o)
 .debug_abbrev  0x00000000000037ae       0xaa /home/lheywang/intelFPGA_lite/18.1/nios2eds/bin/gnu/H-x86_64-pc-linux-gnu/bin/../lib/gcc/nios2-elf/5.3.0/../../../../../H-x86_64-pc-linux-gnu/nios2-elf/lib/libsmallc.a(lib_a-atexit.o)
 .debug_abbrev  0x0000000000003858       0x8b /home/lheywang/intelFPGA_lite/18.1/nios2eds/bin/gnu/H-x86_64-pc-linux-gnu/bin/../lib/gcc/nios2-elf/5.3.0/../../../../../H-x86_64-pc-linux-gnu/nios2-elf/lib/libsmallc.a(lib_a-exit.o)
 .debug_abbrev  0x00000000000038e3       0x7f /home/lheywang/intelFPGA_lite/18.1/nios2eds/bin/gnu/H-x86_64-pc-linux-gnu/bin/../lib/gcc/nios2-elf/5.3.0/../../../../../H-x86_64-pc-linux-gnu/nios2-elf/lib/libsmallc.a(lib_a-memcmp.o)
 .debug_abbrev  0x0000000000003962      0x1e6 /home/lheywang/intelFPGA_lite/18.1/nios2eds/bin/gnu/H-x86_64-pc-linux-gnu/bin/../lib/gcc/nios2-elf/5.3.0/../../../../../H-x86_64-pc-linux-gnu/nios2-elf/lib/libsmallc.a(lib_a-__atexit.o)
 .debug_abbrev  0x0000000000003b48      0x1f6 /home/lheywang/intelFPGA_lite/18.1/nios2eds/bin/gnu/H-x86_64-pc-linux-gnu/bin/../lib/gcc/nios2-elf/5.3.0/../../../../../H-x86_64-pc-linux-gnu/nios2-elf/lib/libsmallc.a(lib_a-__call_atexit.o)
 .debug_abbrev  0x0000000000003d3e       0xa9 ../project_soft_bsp//libhal_bsp.a(alt_exit.o)

.debug_line     0x0000000000000000     0x45a8
 *(.debug_line)
 .debug_line    0x0000000000000000       0x6c ../project_soft_bsp//obj/HAL/src/crt0.o
 .debug_line    0x000000000000006c      0x26b obj/default/buzzer/buzzer.o
 .debug_line    0x00000000000002d7       0x83 obj/default/buzzer/songs/anissa/anissa.o
 .debug_line    0x000000000000035a       0x93 obj/default/buzzer/songs/astronomia/astronomia.o
 .debug_line    0x00000000000003ed       0x93 obj/default/buzzer/songs/baby-shark/baby-shark.o
 .debug_line    0x0000000000000480       0x93 obj/default/buzzer/songs/crazy-frog/crazy-frog.o
 .debug_line    0x0000000000000513       0x7f obj/default/buzzer/songs/elise/elise.o
 .debug_line    0x0000000000000592       0xa3 obj/default/buzzer/songs/happy-birthday/happy-birthday.o
 .debug_line    0x0000000000000635      0x21a obj/default/hello_world.o
 .debug_line    0x000000000000084f      0x1a9 obj/default/hex/hex.o
 .debug_line    0x00000000000009f8       0xdf obj/default/time/ptime.o
 .debug_line    0x0000000000000ad7      0x200 /home/lheywang/intelFPGA_lite/18.1/nios2eds/bin/gnu/H-x86_64-pc-linux-gnu/bin/../lib/gcc/nios2-elf/5.3.0/../../../../../H-x86_64-pc-linux-gnu/nios2-elf/lib/libsmallc.a(lib_a-printf.o)
 .debug_line    0x0000000000000cd7      0x203 /home/lheywang/intelFPGA_lite/18.1/nios2eds/bin/gnu/H-x86_64-pc-linux-gnu/bin/../lib/gcc/nios2-elf/5.3.0/../../../../../H-x86_64-pc-linux-gnu/nios2-elf/lib/libsmallc.a(lib_a-puts.o)
 .debug_line    0x0000000000000eda      0x20d /home/lheywang/intelFPGA_lite/18.1/nios2eds/bin/gnu/H-x86_64-pc-linux-gnu/bin/../lib/gcc/nios2-elf/5.3.0/../../../../../H-x86_64-pc-linux-gnu/nios2-elf/lib/libsmallc.a(lib_a-sprintf.o)
 .debug_line    0x00000000000010e7      0x159 /home/lheywang/intelFPGA_lite/18.1/nios2eds/bin/gnu/H-x86_64-pc-linux-gnu/bin/../lib/gcc/nios2-elf/5.3.0/../../../../../H-x86_64-pc-linux-gnu/nios2-elf/lib/libsmallc.a(lib_a-strlen.o)
 .debug_line    0x0000000000001240      0x34f /home/lheywang/intelFPGA_lite/18.1/nios2eds/bin/gnu/H-x86_64-pc-linux-gnu/bin/../lib/gcc/nios2-elf/5.3.0/../../../../../H-x86_64-pc-linux-gnu/nios2-elf/lib/libsmallc.a(lib_a-svfprintf.o)
 .debug_line    0x000000000000158f      0x34f /home/lheywang/intelFPGA_lite/18.1/nios2eds/bin/gnu/H-x86_64-pc-linux-gnu/bin/../lib/gcc/nios2-elf/5.3.0/../../../../../H-x86_64-pc-linux-gnu/nios2-elf/lib/libsmallc.a(lib_a-vfprintf.o)
 .debug_line    0x00000000000018de      0x1ed /home/lheywang/intelFPGA_lite/18.1/nios2eds/bin/gnu/H-x86_64-pc-linux-gnu/bin/../lib/gcc/nios2-elf/5.3.0/../../../../../H-x86_64-pc-linux-gnu/nios2-elf/lib/libsmallc.a(lib_a-fvwrite_small_dev.o)
 .debug_line    0x0000000000001acb      0x1fb /home/lheywang/intelFPGA_lite/18.1/nios2eds/bin/gnu/H-x86_64-pc-linux-gnu/bin/../lib/gcc/nios2-elf/5.3.0/../../../../../H-x86_64-pc-linux-gnu/nios2-elf/lib/libsmallc.a(lib_a-fvwrite_small_str.o)
 .debug_line    0x0000000000001cc6      0x153 /home/lheywang/intelFPGA_lite/18.1/nios2eds/bin/gnu/H-x86_64-pc-linux-gnu/bin/../lib/gcc/nios2-elf/5.3.0/../../../../../H-x86_64-pc-linux-gnu/nios2-elf/lib/libsmallc.a(lib_a-impure.o)
 .debug_line    0x0000000000001e19      0x168 /home/lheywang/intelFPGA_lite/18.1/nios2eds/bin/gnu/H-x86_64-pc-linux-gnu/bin/../lib/gcc/nios2-elf/5.3.0/../../../../../H-x86_64-pc-linux-gnu/nios2-elf/lib/libsmallc.a(lib_a-memmove.o)
 .debug_line    0x0000000000001f81      0x1ea /home/lheywang/intelFPGA_lite/18.1/nios2eds/bin/gnu/H-x86_64-pc-linux-gnu/bin/../lib/gcc/nios2-elf/5.3.0/../../../../../H-x86_64-pc-linux-gnu/nios2-elf/lib/libsmallc.a(lib_a-writer.o)
 .debug_line    0x000000000000216b       0x5c /home/lheywang/intelFPGA_lite/18.1/nios2eds/bin/gnu/H-x86_64-pc-linux-gnu/bin/../lib/gcc/nios2-elf/5.3.0/../../../../../H-x86_64-pc-linux-gnu/nios2-elf/lib/libsmallc.a(lib_a-int_errno.o)
 .debug_line    0x00000000000021c7      0x102 /home/lheywang/intelFPGA_lite/18.1/nios2eds/bin/gnu/H-x86_64-pc-linux-gnu/bin/../lib/gcc/nios2-elf/5.3.0/libgcc.a(lib2-divmod.o)
 .debug_line    0x00000000000022c9       0xeb ../project_soft_bsp//libhal_bsp.a(alt_iic.o)
 .debug_line    0x00000000000023b4       0xdb ../project_soft_bsp//libhal_bsp.a(alt_iic_isr_register.o)
 .debug_line    0x000000000000248f       0x6b ../project_soft_bsp//libhal_bsp.a(alt_irq_entry.o)
 .debug_line    0x00000000000024fa       0xaa ../project_soft_bsp//libhal_bsp.a(alt_irq_handler.o)
 .debug_line    0x00000000000025a4       0x50 ../project_soft_bsp//libhal_bsp.a(alt_irq_vars.o)
 .debug_line    0x00000000000025f4       0x8e ../project_soft_bsp//libhal_bsp.a(alt_load.o)
 .debug_line    0x0000000000002682       0xa4 ../project_soft_bsp//libhal_bsp.a(alt_main.o)
 .debug_line    0x0000000000002726       0xbe ../project_soft_bsp//libhal_bsp.a(alt_usleep.o)
 .debug_line    0x00000000000027e4      0x1fd ../project_soft_bsp//libhal_bsp.a(alt_write.o)
 .debug_line    0x00000000000029e1      0x142 ../project_soft_bsp//libhal_bsp.a(alt_sys_init.o)
 .debug_line    0x0000000000002b23      0x112 ../project_soft_bsp//libhal_bsp.a(altera_avalon_jtag_uart_fd.o)
 .debug_line    0x0000000000002c35       0xfd ../project_soft_bsp//libhal_bsp.a(altera_avalon_jtag_uart_read.o)
 .debug_line    0x0000000000002d32       0xf4 ../project_soft_bsp//libhal_bsp.a(altera_avalon_jtag_uart_write.o)
 .debug_line    0x0000000000002e26       0xfd ../project_soft_bsp//libhal_bsp.a(altera_avalon_timer_sc.o)
 .debug_line    0x0000000000002f23       0xa0 ../project_soft_bsp//libhal_bsp.a(alt_busy_sleep.o)
 .debug_line    0x0000000000002fc3      0x176 ../project_soft_bsp//libhal_bsp.a(alt_close.o)
 .debug_line    0x0000000000003139       0x51 ../project_soft_bsp//libhal_bsp.a(alt_dcache_flush_all.o)
 .debug_line    0x000000000000318a      0x109 ../project_soft_bsp//libhal_bsp.a(alt_dev.o)
 .debug_line    0x0000000000003293       0xcf ../project_soft_bsp//libhal_bsp.a(alt_dev_llist_insert.o)
 .debug_line    0x0000000000003362       0x59 ../project_soft_bsp//libhal_bsp.a(alt_do_ctors.o)
 .debug_line    0x00000000000033bb       0x59 ../project_soft_bsp//libhal_bsp.a(alt_do_dtors.o)
 .debug_line    0x0000000000003414       0x51 ../project_soft_bsp//libhal_bsp.a(alt_errno.o)
 .debug_line    0x0000000000003465       0xb3 ../project_soft_bsp//libhal_bsp.a(alt_exception_entry.o)
 .debug_line    0x0000000000003518       0x50 ../project_soft_bsp//libhal_bsp.a(alt_icache_flush_all.o)
 .debug_line    0x0000000000003568       0xba ../project_soft_bsp//libhal_bsp.a(alt_instruction_exception_entry.o)
 .debug_line    0x0000000000003622      0x144 ../project_soft_bsp//libhal_bsp.a(alt_io_redirect.o)
 .debug_line    0x0000000000003766      0x128 ../project_soft_bsp//libhal_bsp.a(alt_open.o)
 .debug_line    0x000000000000388e       0xae ../project_soft_bsp//libhal_bsp.a(alt_release_fd.o)
 .debug_line    0x000000000000393c       0xff ../project_soft_bsp//libhal_bsp.a(alt_tick.o)
 .debug_line    0x0000000000003a3b       0x51 ../project_soft_bsp//libhal_bsp.a(altera_nios2_gen2_irq.o)
 .debug_line    0x0000000000003a8c       0xb5 ../project_soft_bsp//libhal_bsp.a(alt_find_dev.o)
 .debug_line    0x0000000000003b41       0xd1 ../project_soft_bsp//libhal_bsp.a(alt_find_file.o)