Archive member included to satisfy reference by file (symbol)

/home/lheywang/intelFPGA_lite/18.1/nios2eds/bin/gnu/H-x86_64-pc-linux-gnu/bin/../lib/gcc/nios2-elf/5.3.0/../../../../../H-x86_64-pc-linux-gnu/nios2-elf/lib/libsmallc.a(lib_a-printf.o)
                              obj/default/hello_world.o (printf)
/home/lheywang/intelFPGA_lite/18.1/nios2eds/bin/gnu/H-x86_64-pc-linux-gnu/bin/../lib/gcc/nios2-elf/5.3.0/../../../../../H-x86_64-pc-linux-gnu/nios2-elf/lib/libsmallc.a(lib_a-puts.o)
                              obj/default/hello_world.o (puts)
/home/lheywang/intelFPGA_lite/18.1/nios2eds/bin/gnu/H-x86_64-pc-linux-gnu/bin/../lib/gcc/nios2-elf/5.3.0/../../../../../H-x86_64-pc-linux-gnu/nios2-elf/lib/libsmallc.a(lib_a-sprintf.o)
                              obj/default/time/ptime.o (sprintf)
/home/lheywang/intelFPGA_lite/18.1/nios2eds/bin/gnu/H-x86_64-pc-linux-gnu/bin/../lib/gcc/nios2-elf/5.3.0/../../../../../H-x86_64-pc-linux-gnu/nios2-elf/lib/libsmallc.a(lib_a-strlen.o)
                              /home/lheywang/intelFPGA_lite/18.1/nios2eds/bin/gnu/H-x86_64-pc-linux-gnu/bin/../lib/gcc/nios2-elf/5.3.0/../../../../../H-x86_64-pc-linux-gnu/nios2-elf/lib/libsmallc.a(lib_a-puts.o) (strlen)
/home/lheywang/intelFPGA_lite/18.1/nios2eds/bin/gnu/H-x86_64-pc-linux-gnu/bin/../lib/gcc/nios2-elf/5.3.0/../../../../../H-x86_64-pc-linux-gnu/nios2-elf/lib/libsmallc.a(lib_a-svfprintf.o)
                              /home/lheywang/intelFPGA_lite/18.1/nios2eds/bin/gnu/H-x86_64-pc-linux-gnu/bin/../lib/gcc/nios2-elf/5.3.0/../../../../../H-x86_64-pc-linux-gnu/nios2-elf/lib/libsmallc.a(lib_a-sprintf.o) (___svfprintf_internal_r)
/home/lheywang/intelFPGA_lite/18.1/nios2eds/bin/gnu/H-x86_64-pc-linux-gnu/bin/../lib/gcc/nios2-elf/5.3.0/../../../../../H-x86_64-pc-linux-gnu/nios2-elf/lib/libsmallc.a(lib_a-vfprintf.o)
                              /home/lheywang/intelFPGA_lite/18.1/nios2eds/bin/gnu/H-x86_64-pc-linux-gnu/bin/../lib/gcc/nios2-elf/5.3.0/../../../../../H-x86_64-pc-linux-gnu/nios2-elf/lib/libsmallc.a(lib_a-printf.o) (___vfprintf_internal_r)
/home/lheywang/intelFPGA_lite/18.1/nios2eds/bin/gnu/H-x86_64-pc-linux-gnu/bin/../lib/gcc/nios2-elf/5.3.0/../../../../../H-x86_64-pc-linux-gnu/nios2-elf/lib/libsmallc.a(lib_a-fvwrite_small_dev.o)
                              /home/lheywang/intelFPGA_lite/18.1/nios2eds/bin/gnu/H-x86_64-pc-linux-gnu/bin/../lib/gcc/nios2-elf/5.3.0/../../../../../H-x86_64-pc-linux-gnu/nios2-elf/lib/libsmallc.a(lib_a-printf.o) (__sfvwrite_small_dev)
/home/lheywang/intelFPGA_lite/18.1/nios2eds/bin/gnu/H-x86_64-pc-linux-gnu/bin/../lib/gcc/nios2-elf/5.3.0/../../../../../H-x86_64-pc-linux-gnu/nios2-elf/lib/libsmallc.a(lib_a-fvwrite_small_str.o)
                              /home/lheywang/intelFPGA_lite/18.1/nios2eds/bin/gnu/H-x86_64-pc-linux-gnu/bin/../lib/gcc/nios2-elf/5.3.0/../../../../../H-x86_64-pc-linux-gnu/nios2-elf/lib/libsmallc.a(lib_a-sprintf.o) (__sfvwrite_small_str)
/home/lheywang/intelFPGA_lite/18.1/nios2eds/bin/gnu/H-x86_64-pc-linux-gnu/bin/../lib/gcc/nios2-elf/5.3.0/../../../../../H-x86_64-pc-linux-gnu/nios2-elf/lib/libsmallc.a(lib_a-impure.o)
                              /home/lheywang/intelFPGA_lite/18.1/nios2eds/bin/gnu/H-x86_64-pc-linux-gnu/bin/../lib/gcc/nios2-elf/5.3.0/../../../../../H-x86_64-pc-linux-gnu/nios2-elf/lib/libsmallc.a(lib_a-printf.o) (_impure_ptr)
/home/lheywang/intelFPGA_lite/18.1/nios2eds/bin/gnu/H-x86_64-pc-linux-gnu/bin/../lib/gcc/nios2-elf/5.3.0/../../../../../H-x86_64-pc-linux-gnu/nios2-elf/lib/libsmallc.a(lib_a-memmove.o)
                              /home/lheywang/intelFPGA_lite/18.1/nios2eds/bin/gnu/H-x86_64-pc-linux-gnu/bin/../lib/gcc/nios2-elf/5.3.0/../../../../../H-x86_64-pc-linux-gnu/nios2-elf/lib/libsmallc.a(lib_a-fvwrite_small_str.o) (memmove)
/home/lheywang/intelFPGA_lite/18.1/nios2eds/bin/gnu/H-x86_64-pc-linux-gnu/bin/../lib/gcc/nios2-elf/5.3.0/../../../../../H-x86_64-pc-linux-gnu/nios2-elf/lib/libsmallc.a(lib_a-writer.o)
                              /home/lheywang/intelFPGA_lite/18.1/nios2eds/bin/gnu/H-x86_64-pc-linux-gnu/bin/../lib/gcc/nios2-elf/5.3.0/../../../../../H-x86_64-pc-linux-gnu/nios2-elf/lib/libsmallc.a(lib_a-fvwrite_small_dev.o) (_write_r)
/home/lheywang/intelFPGA_lite/18.1/nios2eds/bin/gnu/H-x86_64-pc-linux-gnu/bin/../lib/gcc/nios2-elf/5.3.0/../../../../../H-x86_64-pc-linux-gnu/nios2-elf/lib/libsmallc.a(lib_a-int_errno.o)
                              /home/lheywang/intelFPGA_lite/18.1/nios2eds/bin/gnu/H-x86_64-pc-linux-gnu/bin/../lib/gcc/nios2-elf/5.3.0/../../../../../H-x86_64-pc-linux-gnu/nios2-elf/lib/libsmallc.a(lib_a-writer.o) (errno)
/home/lheywang/intelFPGA_lite/18.1/nios2eds/bin/gnu/H-x86_64-pc-linux-gnu/bin/../lib/gcc/nios2-elf/5.3.0/libgcc.a(lib2-divmod.o)
                              /home/lheywang/intelFPGA_lite/18.1/nios2eds/bin/gnu/H-x86_64-pc-linux-gnu/bin/../lib/gcc/nios2-elf/5.3.0/../../../../../H-x86_64-pc-linux-gnu/nios2-elf/lib/libsmallc.a(lib_a-svfprintf.o) (__udivsi3)
../project_soft_bsp//libhal_bsp.a(alt_iic.o)
[...]
Memory Configuration

Name             Origin             Length             Attributes
reset            0x0000000000020000 0x0000000000000020
MEMOIRE_ONCHIP   0x0000000000020020 0x000000000001dfe0
*default*        0x0000000000000000 0xffffffffffffffff

Linker script and memory map

LOAD ../project_soft_bsp//obj/HAL/src/crt0.o
LOAD obj/default/ISR/timer1ms/timer1ms.o
LOAD obj/default/ISR/timer1s/timer1s.o
LOAD obj/default/buzzer/buzzer.o
LOAD obj/default/buzzer/songs/astronomia/astronomia.o
LOAD obj/default/buzzer/songs/baby-shark/baby-shark.o
LOAD obj/default/buzzer/songs/crazy-frog/crazy-frog.o
LOAD obj/default/buzzer/songs/elise/elise.o
LOAD obj/default/hello_world.o
LOAD obj/default/hex/hex.o
LOAD obj/default/init/init.o
LOAD obj/default/time/ptime.o
LOAD /home/lheywang/intelFPGA_lite/18.1/nios2eds/bin/gnu/H-x86_64-pc-linux-gnu/bin/../lib/gcc/nios2-elf/5.3.0/../../../../../H-x86_64-pc-linux-gnu/nios2-elf/lib/libstdc++.a
LOAD /home/lheywang/intelFPGA_lite/18.1/nios2eds/bin/gnu/H-x86_64-pc-linux-gnu/bin/../lib/gcc/nios2-elf/5.3.0/../../../../../H-x86_64-pc-linux-gnu/nios2-elf/lib/libm.a
LOAD /home/lheywang/intelFPGA_lite/18.1/nios2eds/bin/gnu/H-x86_64-pc-linux-gnu/bin/../lib/gcc/nios2-elf/5.3.0/libgcc.a
START GROUP
LOAD /home/lheywang/intelFPGA_lite/18.1/nios2eds/bin/gnu/H-x86_64-pc-linux-gnu/bin/../lib/gcc/nios2-elf/5.3.0/../../../../../H-x86_64-pc-linux-gnu/nios2-elf/lib/libsmallc.a
LOAD /home/lheywang/intelFPGA_lite/18.1/nios2eds/bin/gnu/H-x86_64-pc-linux-gnu/bin/../lib/gcc/nios2-elf/5.3.0/libgcc.a
LOAD ../project_soft_bsp//libhal_bsp.a
LOAD /home/lheywang/intelFPGA_lite/18.1/nios2eds/bin/gnu/H-x86_64-pc-linux-gnu/bin/../lib/gcc/nios2-elf/5.3.0/../../../../../H-x86_64-pc-linux-gnu/nios2-elf/lib/libm.a
END GROUP
LOAD /home/lheywang/intelFPGA_lite/18.1/nios2eds/bin/gnu/H-x86_64-pc-linux-gnu/bin/../lib/gcc/nios2-elf/5.3.0/libgcc.a
                0x0000000000020000                __alt_mem_MEMOIRE_ONCHIP = 0x20000

.entry          0x0000000000020000       0x20
 *(.entry)
 .entry         0x0000000000020000       0x20 ../project_soft_bsp//obj/HAL/src/crt0.o
                0x0000000000020000                __reset

.exceptions     0x0000000000020020      0x224
                0x0000000000020020                PROVIDE (__ram_exceptions_start, ABSOLUTE (.))
                0x0000000000020020                . = ALIGN (0x20)
 *(.irq)
 *(.exceptions.entry.label)
 .exceptions.entry.label
                0x0000000000020020        0x0 ../project_soft_bsp//libhal_bsp.a(alt_irq_entry.o)
                0x0000000000020020                alt_irq_entry
 .exceptions.entry.label
                0x0000000000020020        0x0 ../project_soft_bsp//libhal_bsp.a(alt_exception_entry.o)
                0x0000000000020020                alt_exception
 *(.exceptions.entry.user)
 *(.exceptions.entry.ecc_fatal)
 *(.exceptions.entry)
 .exceptions.entry
                0x0000000000020020       0x54 ../project_soft_bsp//libhal_bsp.a(alt_exception_entry.o)
 *(.exceptions.irqtest.user)
 *(.exceptions.irqtest)
 .exceptions.irqtest
                0x0000000000020074       0x10 ../project_soft_bsp//libhal_bsp.a(alt_irq_entry.o)
 *(.exceptions.irqhandler.user)
 *(.exceptions.irqhandler)
 .exceptions.irqhandler
                0x0000000000020084        0x4 ../project_soft_bsp//libhal_bsp.a(alt_irq_entry.o)
 *(.exceptions.irqreturn.user)
 *(.exceptions.irqreturn)
 .exceptions.irqreturn
                0x0000000000020088        0x4 ../project_soft_bsp//libhal_bsp.a(alt_irq_entry.o)
 *(.exceptions.notirq.label)
 .exceptions.notirq.label
                0x000000000002008c        0x0 ../project_soft_bsp//libhal_bsp.a(alt_irq_entry.o)
 *(.exceptions.notirq.user)
 *(.exceptions.notirq)
 .exceptions.notirq
                0x000000000002008c        0x8 ../project_soft_bsp//libhal_bsp.a(alt_exception_entry.o)
 *(.exceptions.soft.user)
 *(.exceptions.soft)
 *(.exceptions.unknown.user)
 *(.exceptions.unknown)
 .exceptions.unknown
                0x0000000000020094       0x14 ../project_soft_bsp//libhal_bsp.a(alt_exception_entry.o)
 *(.exceptions.exit.label)
 .exceptions.exit.label
                0x00000000000200a8        0x0 ../project_soft_bsp//libhal_bsp.a(alt_irq_entry.o)
 .exceptions.exit.label
                0x00000000000200a8        0x0 ../project_soft_bsp//libhal_bsp.a(alt_exception_entry.o)
 *(.exceptions.exit.user)
 *(.exceptions.exit)
 .exceptions.exit
                0x00000000000200a8       0x54 ../project_soft_bsp//libhal_bsp.a(alt_exception_entry.o)
 *(.exceptions)
 .exceptions    0x00000000000200fc       0xd4 ../project_soft_bsp//libhal_bsp.a(alt_irq_handler.o)
                0x00000000000200fc                alt_irq_handler
 .exceptions    0x00000000000201d0       0x74 ../project_soft_bsp//libhal_bsp.a(alt_instruction_exception_entry.o)
                0x00000000000201d0                alt_instruction_exception_entry
                0x0000000000020244                PROVIDE (__ram_exceptions_end, ABSOLUTE (.))
                0x0000000000020020                PROVIDE (__flash_exceptions_start, LOADADDR (.exceptions))

.text           0x0000000000020244     0x36c0
                [!provide]                        PROVIDE (stext, ABSOLUTE (.))
 *(.interp)
 *(.hash)
 *(.dynsym)
 *(.dynstr)
 *(.gnu.version)
 *(.gnu.version_d)
 *(.gnu.version_r)
 *(.rel.init)
 *(.rela.init)
 *(.rel.text .rel.text.* .rel.gnu.linkonce.t.*)
 *(.rela.text .rela.text.* .rela.gnu.linkonce.t.*)
 *(.rel.fini)
 *(.rela.fini)
 *(.rel.rodata .rel.rodata.* .rel.gnu.linkonce.r.*)
 *(.rela.rodata .rela.rodata.* .rela.gnu.linkonce.r.*)
 *(.rel.data .rel.data.* .rel.gnu.linkonce.d.*)
 *(.rela.data .rela.data.* .rela.gnu.linkonce.d.*)
 *(.rel.tdata .rel.tdata.* .rel.gnu.linkonce.td.*)
 *(.rela.tdata .rela.tdata.* .rela.gnu.linkonce.td.*)
 *(.rel.tbss .rel.tbss.* .rel.gnu.linkonce.tb.*)
 *(.rela.tbss .rela.tbss.* .rela.gnu.linkonce.tb.*)
 *(.rel.ctors)
 *(.rela.ctors)
 *(.rel.dtors)
 *(.rela.dtors)
 *(.rel.got)
 *(.rela.got)
 *(.rel.sdata .rel.sdata.* .rel.gnu.linkonce.s.*)
 *(.rela.sdata .rela.sdata.* .rela.gnu.linkonce.s.*)
 *(.rel.sbss .rel.sbss.* .rel.gnu.linkonce.sb.*)
 *(.rela.sbss .rela.sbss.* .rela.gnu.linkonce.sb.*)
 *(.rel.sdata2 .rel.sdata2.* .rel.gnu.linkonce.s2.*)
 *(.rela.sdata2 .rela.sdata2.* .rela.gnu.linkonce.s2.*)
 *(.rel.sbss2 .rel.sbss2.* .rel.gnu.linkonce.sb2.*)
 *(.rela.sbss2 .rela.sbss2.* .rela.gnu.linkonce.sb2.*)
 *(.rel.bss .rel.bss.* .rel.gnu.linkonce.b.*)
 *(.rela.bss .rela.bss.* .rela.gnu.linkonce.b.*)
 *(.rel.plt)
 *(.rela.plt)
 *(.rel.dyn)
 *(.init)
 *(.plt)
 *(.text .stub .text.* .gnu.linkonce.t.*)
 .text          0x0000000000020244       0x3c ../project_soft_bsp//obj/HAL/src/crt0.o
                0x0000000000020244                _start
 .text          0x0000000000020280        0x0 obj/default/ISR/timer1ms/timer1ms.o
 .text          0x0000000000020280        0x0 obj/default/ISR/timer1s/timer1s.o
 .text          0x0000000000020280      0x2e8 obj/default/buzzer/buzzer.o
                0x0000000000020280                buzzer_enable
                0x00000000000202a4                buzzer_disable
                0x00000000000202c0                buzzer_set_note
                0x00000000000202e8                buzzer_set_volume
                0x0000000000020328                buzzer_set_duration
                0x0000000000020368                buzzer_play
                0x000000000002046c                buzzer_play_song
                0x0000000000020544                buzzer_stop_song
 .text          0x0000000000020568        0x0 obj/default/buzzer/songs/astronomia/astronomia.o
 .text          0x0000000000020568        0x0 obj/default/buzzer/songs/baby-shark/baby-shark.o
 .text          0x0000000000020568        0x0 obj/default/buzzer/songs/crazy-frog/crazy-frog.o
 .text          0x0000000000020568        0x0 obj/default/buzzer/songs/elise/elise.o
 .text          0x0000000000020568      0x1a8 obj/default/hello_world.o
                0x0000000000020588                main
 .text          0x0000000000020710      0x400 obj/default/hex/hex.o
                0x0000000000020710                char27seg
                0x0000000000020958                hex_display
 .text          0x0000000000020b10       0xa0 obj/default/init/init.o
                0x0000000000020b10                init_timer1s
                0x0000000000020b60                init_timer1ms
 .text          0x0000000000020bb0      0x194 obj/default/time/ptime.o
                0x0000000000020bb0                time_increment
                0x0000000000020c1c                time_print
                0x0000000000020cd4                time_compare
 .text          0x0000000000020d44        0x0 /home/lheywang/intelFPGA_lite/18.1/nios2eds/bin/gnu/H-x86_64-pc-linux-gnu/bin/../lib/gcc/nios2-elf/5.3.0/../../../../../H-x86_64-pc-linux-gnu/nios2-elf/lib/libsmallc.a(lib_a-printf.o)
 .text._printf_r
                0x0000000000020d44       0x3c /home/lheywang/intelFPGA_lite/18.1/nios2eds/bin/gnu/H-x86_64-pc-linux-gnu/bin/../lib/gcc/nios2-elf/5.3.0/../../../../../H-x86_64-pc-linux-gnu/nios2-elf/lib/libsmallc.a(lib_a-printf.o)
                0x0000000000020d44                _printf_r
 .text.printf   0x0000000000020d80       0x4c /home/lheywang/intelFPGA_lite/18.1/nios2eds/bin/gnu/H-x86_64-pc-linux-gnu/bin/../lib/gcc/nios2-elf/5.3.0/../../../../../H-x86_64-pc-linux-gnu/nios2-elf/lib/libsmallc.a(lib_a-printf.o)
                0x0000000000020d80                printf
 .text          0x0000000000020dcc        0x0 /home/lheywang/intelFPGA_lite/18.1/nios2eds/bin/gnu/H-x86_64-pc-linux-gnu/bin/../lib/gcc/nios2-elf/5.3.0/../../../../../H-x86_64-pc-linux-gnu/nios2-elf/lib/libsmallc.a(lib_a-puts.o)
 .text._puts_r  0x0000000000020dcc       0x80 /home/lheywang/intelFPGA_lite/18.1/nios2eds/bin/gnu/H-x86_64-pc-linux-gnu/bin/../lib/gcc/nios2-elf/5.3.0/../../../../../H-x86_64-pc-linux-gnu/nios2-elf/lib/libsmallc.a(lib_a-puts.o)
                0x0000000000020dcc                _puts_r
 .text.puts     0x0000000000020e4c       0x14 /home/lheywang/intelFPGA_lite/18.1/nios2eds/bin/gnu/H-x86_64-pc-linux-gnu/bin/../lib/gcc/nios2-elf/5.3.0/../../../../../H-x86_64-pc-linux-gnu/nios2-elf/lib/libsmallc.a(lib_a-puts.o)
                0x0000000000020e4c                puts
 .text          0x0000000000020e60        0x0 /home/lheywang/intelFPGA_lite/18.1/nios2eds/bin/gnu/H-x86_64-pc-linux-gnu/bin/../lib/gcc/nios2-elf/5.3.0/../../../../../H-x86_64-pc-linux-gnu/nios2-elf/lib/libsmallc.a(lib_a-sprintf.o)
 .text._sprintf_r
                0x0000000000020e60       0x64 /home/lheywang/intelFPGA_lite/18.1/nios2eds/bin/gnu/H-x86_64-pc-linux-gnu/bin/../lib/gcc/nios2-elf/5.3.0/../../../../../H-x86_64-pc-linux-gnu/nios2-elf/lib/libsmallc.a(lib_a-sprintf.o)
                0x0000000000020e60                _sprintf_r
 .text.sprintf  0x0000000000020ec4       0x78 /home/lheywang/intelFPGA_lite/18.1/nios2eds/bin/gnu/H-x86_64-pc-linux-gnu/bin/../lib/gcc/nios2-elf/5.3.0/../../../../../H-x86_64-pc-linux-gnu/nios2-elf/lib/libsmallc.a(lib_a-sprintf.o)
                0x0000000000020ec4                sprintf
 .text          0x0000000000020f3c        0x0 /home/lheywang/intelFPGA_lite/18.1/nios2eds/bin/gnu/H-x86_64-pc-linux-gnu/bin/../lib/gcc/nios2-elf/5.3.0/../../../../../H-x86_64-pc-linux-gnu/nios2-elf/lib/libsmallc.a(lib_a-strlen.o)
 .text.strlen   0x0000000000020f3c       0x1c /home/lheywang/intelFPGA_lite/18.1/nios2eds/bin/gnu/H-x86_64-pc-linux-gnu/bin/../lib/gcc/nios2-elf/5.3.0/../../../../../H-x86_64-pc-linux-gnu/nios2-elf/lib/libsmallc.a(lib_a-strlen.o)
                0x0000000000020f3c                strlen
 .text          0x0000000000020f58        0x0 /home/lheywang/intelFPGA_lite/18.1/nios2eds/bin/gnu/H-x86_64-pc-linux-gnu/bin/../lib/gcc/nios2-elf/5.3.0/../../../../../H-x86_64-pc-linux-gnu/nios2-elf/lib/libsmallc.a(lib_a-svfprintf.o)
 .text.print_repeat
                0x0000000000020f58       0x6c /home/lheywang/intelFPGA_lite/18.1/nios2eds/bin/gnu/H-x86_64-pc-linux-gnu/bin/../lib/gcc/nios2-elf/5.3.0/../../../../../H-x86_64-pc-linux-gnu/nios2-elf/lib/libsmallc.a(lib_a-svfprintf.o)
 .text.___svfprintf_internal_r
                0x0000000000020fc4      0x524 /home/lheywang/intelFPGA_lite/18.1/nios2eds/bin/gnu/H-x86_64-pc-linux-gnu/bin/../lib/gcc/nios2-elf/5.3.0/../../../../../H-x86_64-pc-linux-gnu/nios2-elf/lib/libsmallc.a(lib_a-svfprintf.o)
                0x0000000000020fc4                ___svfprintf_internal_r
 .text.__vfprintf_internal_unused
                0x00000000000214e8       0x1c /home/lheywang/intelFPGA_lite/18.1/nios2eds/bin/gnu/H-x86_64-pc-linux-gnu/bin/../lib/gcc/nios2-elf/5.3.0/../../../../../H-x86_64-pc-linux-gnu/nios2-elf/lib/libsmallc.a(lib_a-svfprintf.o)
                0x00000000000214e8                __vfprintf_internal_unused
 .text          0x0000000000021504        0x0 /home/lheywang/intelFPGA_lite/18.1/nios2eds/bin/gnu/H-x86_64-pc-linux-gnu/bin/../lib/gcc/nios2-elf/5.3.0/../../../../../H-x86_64-pc-linux-gnu/nios2-elf/lib/libsmallc.a(lib_a-vfprintf.o)
 .text.print_repeat
                0x0000000000021504       0x6c /home/lheywang/intelFPGA_lite/18.1/nios2eds/bin/gnu/H-x86_64-pc-linux-gnu/bin/../lib/gcc/nios2-elf/5.3.0/../../../../../H-x86_64-pc-linux-gnu/nios2-elf/lib/libsmallc.a(lib_a-vfprintf.o)
 .text.___vfprintf_internal_r
                0x0000000000021570      0x524 /home/lheywang/intelFPGA_lite/18.1/nios2eds/bin/gnu/H-x86_64-pc-linux-gnu/bin/../lib/gcc/nios2-elf/5.3.0/../../../../../H-x86_64-pc-linux-gnu/nios2-elf/lib/libsmallc.a(lib_a-vfprintf.o)
                0x0000000000021570                ___vfprintf_internal_r
 .text.__vfprintf_internal
                0x0000000000021a94       0x1c /home/lheywang/intelFPGA_lite/18.1/nios2eds/bin/gnu/H-x86_64-pc-linux-gnu/bin/../lib/gcc/nios2-elf/5.3.0/../../../../../H-x86_64-pc-linux-gnu/nios2-elf/lib/libsmallc.a(lib_a-vfprintf.o)
                0x0000000000021a94                __vfprintf_internal
 .text          0x0000000000021ab0        0x0 /home/lheywang/intelFPGA_lite/18.1/nios2eds/bin/gnu/H-x86_64-pc-linux-gnu/bin/../lib/gcc/nios2-elf/5.3.0/../../../../../H-x86_64-pc-linux-gnu/nios2-elf/lib/libsmallc.a(lib_a-fvwrite_small_dev.o)
 .text.__sfvwrite_small_dev
                0x0000000000021ab0       0xb8 /home/lheywang/intelFPGA_lite/18.1/nios2eds/bin/gnu/H-x86_64-pc-linux-gnu/bin/../lib/gcc/nios2-elf/5.3.0/../../../../../H-x86_64-pc-linux-gnu/nios2-elf/lib/libsmallc.a(lib_a-fvwrite_small_dev.o)
                0x0000000000021ab0                __sfvwrite_small_dev
 .text          0x0000000000021b68        0x0 /home/lheywang/intelFPGA_lite/18.1/nios2eds/bin/gnu/H-x86_64-pc-linux-gnu/bin/../lib/gcc/nios2-elf/5.3.0/../../../../../H-x86_64-pc-linux-gnu/nios2-elf/lib/libsmallc.a(lib_a-fvwrite_small_str.o)
 .text.__sfvwrite_small_str
                0x0000000000021b68       0xa8 /home/lheywang/intelFPGA_lite/18.1/nios2eds/bin/gnu/H-x86_64-pc-linux-gnu/bin/../lib/gcc/nios2-elf/5.3.0/../../../../../H-x86_64-pc-linux-gnu/nios2-elf/lib/libsmallc.a(lib_a-fvwrite_small_str.o)
                0x0000000000021b68                __sfvwrite_small_str
 .text          0x0000000000021c10        0x0 /home/lheywang/intelFPGA_lite/18.1/nios2eds/bin/gnu/H-x86_64-pc-linux-gnu/bin/../lib/gcc/nios2-elf/5.3.0/../../../../../H-x86_64-pc-linux-gnu/nios2-elf/lib/libsmallc.a(lib_a-impure.o)
 .text          0x0000000000021c10        0x0 /home/lheywang/intelFPGA_lite/18.1/nios2eds/bin/gnu/H-x86_64-pc-linux-gnu/bin/../lib/gcc/nios2-elf/5.3.0/../../../../../H-x86_64-pc-linux-gnu/nios2-elf/lib/libsmallc.a(lib_a-memmove.o)
 .text.memmove  0x0000000000021c10       0x60 /home/lheywang/intelFPGA_lite/18.1/nios2eds/bin/gnu/H-x86_64-pc-linux-gnu/bin/../lib/gcc/nios2-elf/5.3.0/../../../../../H-x86_64-pc-linux-gnu/nios2-elf/lib/libsmallc.a(lib_a-memmove.o)
                0x0000000000021c10                memmove
 .text          0x0000000000021c70        0x0 /home/lheywang/intelFPGA_lite/18.1/nios2eds/bin/gnu/H-x86_64-pc-linux-gnu/bin/../lib/gcc/nios2-elf/5.3.0/../../../../../H-x86_64-pc-linux-gnu/nios2-elf/lib/libsmallc.a(lib_a-writer.o)
 .text._write_r
                0x0000000000021c70       0x58 /home/lheywang/intelFPGA_lite/18.1/nios2eds/bin/gnu/H-x86_64-pc-linux-gnu/bin/../lib/gcc/nios2-elf/5.3.0/../../../../../H-x86_64-pc-linux-gnu/nios2-elf/lib/libsmallc.a(lib_a-writer.o)
                0x0000000000021c70                _write_r
 .text          0x0000000000021cc8        0x0 /home/lheywang/intelFPGA_lite/18.1/nios2eds/bin/gnu/H-x86_64-pc-linux-gnu/bin/../lib/gcc/nios2-elf/5.3.0/../../../../../H-x86_64-pc-linux-gnu/nios2-elf/lib/libsmallc.a(lib_a-int_errno.o)
 .text          0x0000000000021cc8      0x1b4 /home/lheywang/intelFPGA_lite/18.1/nios2eds/bin/gnu/H-x86_64-pc-linux-gnu/bin/../lib/gcc/nios2-elf/5.3.0/libgcc.a(lib2-divmod.o)
                0x0000000000021cc8                __divsi3
                0x0000000000021d4c                __modsi3
                0x0000000000021dc0                __udivsi3
                0x0000000000021e24                __umodsi3
 .text          0x0000000000021e7c      0x1b0 ../project_soft_bsp//libhal_bsp.a(alt_iic.o)
                0x0000000000021e7c                alt_ic_isr_register
                0x0000000000021ecc                alt_ic_irq_enable
                0x0000000000021f54                alt_ic_irq_disable
                0x0000000000021fe0                alt_ic_irq_enabled
 .text          0x000000000002202c       0xf0 ../project_soft_bsp//libhal_bsp.a(alt_iic_isr_register.o)
                0x000000000002202c                alt_iic_isr_register
 .text          0x000000000002211c        0x0 ../project_soft_bsp//libhal_bsp.a(alt_irq_entry.o)
 .text          0x000000000002211c        0x0 ../project_soft_bsp//libhal_bsp.a(alt_irq_handler.o)
 .text          0x000000000002211c        0x0 ../project_soft_bsp//libhal_bsp.a(alt_irq_vars.o)
 .text          0x000000000002211c       0xec ../project_soft_bsp//libhal_bsp.a(alt_load.o)
                0x0000000000022184                alt_load
 .text          0x0000000000022208       0x7c ../project_soft_bsp//libhal_bsp.a(alt_main.o)
                0x0000000000022208                alt_main
 .text          0x0000000000022284       0x30 ../project_soft_bsp//libhal_bsp.a(alt_usleep.o)
                0x0000000000022284                usleep
 .text          0x00000000000222b4      0x134 ../project_soft_bsp//libhal_bsp.a(alt_write.o)
                0x00000000000222f0                write
 .text          0x00000000000223e8       0xbc ../project_soft_bsp//libhal_bsp.a(alt_sys_init.o)
                0x000000000002241c                alt_irq_init
                0x0000000000022454                alt_sys_init
 .text          0x00000000000224a4       0xc0 ../project_soft_bsp//libhal_bsp.a(altera_avalon_jtag_uart_fd.o)
                0x00000000000224a4                altera_avalon_jtag_uart_read_fd
                0x0000000000022504                altera_avalon_jtag_uart_write_fd
 .text          0x0000000000022564       0xec ../project_soft_bsp//libhal_bsp.a(altera_avalon_jtag_uart_read.o)
                0x0000000000022564                altera_avalon_jtag_uart_read
 .text          0x0000000000022650       0x94 ../project_soft_bsp//libhal_bsp.a(altera_avalon_jtag_uart_write.o)
                0x0000000000022650                altera_avalon_jtag_uart_write
 .text          0x00000000000226e4       0xf4 ../project_soft_bsp//libhal_bsp.a(altera_avalon_timer_sc.o)
                0x000000000002275c                alt_avalon_timer_sc_init
 .text          0x00000000000227d8      0x158 ../project_soft_bsp//libhal_bsp.a(alt_busy_sleep.o)
                0x00000000000227d8                alt_busy_sleep
 .text          0x0000000000022930      0x10c ../project_soft_bsp//libhal_bsp.a(alt_close.o)
                0x000000000002296c                close
 .text          0x0000000000022a3c       0x20 ../project_soft_bsp//libhal_bsp.a(alt_dcache_flush_all.o)
                0x0000000000022a3c                alt_dcache_flush_all
 .text          0x0000000000022a5c       0x2c ../project_soft_bsp//libhal_bsp.a(alt_dev.o)
 .text          0x0000000000022a88       0xe0 ../project_soft_bsp//libhal_bsp.a(alt_dev_llist_insert.o)
                0x0000000000022ac4                alt_dev_llist_insert
 .text          0x0000000000022b68       0x60 ../project_soft_bsp//libhal_bsp.a(alt_do_ctors.o)
                0x0000000000022b68                _do_ctors
 .text          0x0000000000022bc8       0x60 ../project_soft_bsp//libhal_bsp.a(alt_do_dtors.o)
                0x0000000000022bc8                _do_dtors
 .text          0x0000000000022c28        0x0 ../project_soft_bsp//libhal_bsp.a(alt_errno.o)
 .text          0x0000000000022c28        0x0 ../project_soft_bsp//libhal_bsp.a(alt_exception_entry.o)
 .text          0x0000000000022c28       0x34 ../project_soft_bsp//libhal_bsp.a(alt_icache_flush_all.o)
                0x0000000000022c28                alt_icache_flush_all
 .text          0x0000000000022c5c       0x9c ../project_soft_bsp//libhal_bsp.a(alt_instruction_exception_entry.o)
                0x0000000000022c5c                alt_exception_cause_generated_bad_addr
 .text          0x0000000000022cf8      0x140 ../project_soft_bsp//libhal_bsp.a(alt_io_redirect.o)
                0x0000000000022dbc                alt_io_redirect
 .text          0x0000000000022e38      0x254 ../project_soft_bsp//libhal_bsp.a(alt_open.o)
                0x0000000000022f38                open
 .text          0x000000000002308c       0x64 ../project_soft_bsp//libhal_bsp.a(alt_release_fd.o)
                0x000000000002308c                alt_release_fd
 .text          0x00000000000230f0      0x1a4 ../project_soft_bsp//libhal_bsp.a(alt_tick.o)
                0x00000000000230f0                alt_alarm_stop
                0x000000000002318c                alt_tick
 .text          0x0000000000023294       0x24 ../project_soft_bsp//libhal_bsp.a(altera_nios2_gen2_irq.o)
                0x0000000000023294                altera_nios2_gen2_irq_init
 .text          0x00000000000232b8       0x90 ../project_soft_bsp//libhal_bsp.a(alt_find_dev.o)
                0x00000000000232b8                alt_find_dev
 .text          0x0000000000023348      0x108 ../project_soft_bsp//libhal_bsp.a(alt_find_file.o)
                0x0000000000023348                alt_find_file
 .text          0x0000000000023450       0xa4 ../project_soft_bsp//libhal_bsp.a(alt_get_fd.o)
                0x0000000000023450                alt_get_fd
 .text          0x00000000000234f4       0x90 ../project_soft_bsp//libhal_bsp.a(alt_icache_flush.o)
                0x00000000000234f4                alt_icache_flush
 .text          0x0000000000023584        0x0 /home/lheywang/intelFPGA_lite/18.1/nios2eds/bin/gnu/H-x86_64-pc-linux-gnu/bin/../lib/gcc/nios2-elf/5.3.0/../../../../../H-x86_64-pc-linux-gnu/nios2-elf/lib/libsmallc.a(lib_a-atexit.o)
 .text.atexit   0x0000000000023584       0x14 /home/lheywang/intelFPGA_lite/18.1/nios2eds/bin/gnu/H-x86_64-pc-linux-gnu/bin/../lib/gcc/nios2-elf/5.3.0/../../../../../H-x86_64-pc-linux-gnu/nios2-elf/lib/libsmallc.a(lib_a-atexit.o)
                0x0000000000023584                atexit
 .text          0x0000000000023598        0x0 /home/lheywang/intelFPGA_lite/18.1/nios2eds/bin/gnu/H-x86_64-pc-linux-gnu/bin/../lib/gcc/nios2-elf/5.3.0/../../../../../H-x86_64-pc-linux-gnu/nios2-elf/lib/libsmallc.a(lib_a-exit.o)
 .text.exit     0x0000000000023598       0x20 /home/lheywang/intelFPGA_lite/18.1/nios2eds/bin/gnu/H-x86_64-pc-linux-gnu/bin/../lib/gcc/nios2-elf/5.3.0/../../../../../H-x86_64-pc-linux-gnu/nios2-elf/lib/libsmallc.a(lib_a-exit.o)
                0x0000000000023598                exit
 .text          0x00000000000235b8        0x0 /home/lheywang/intelFPGA_lite/18.1/nios2eds/bin/gnu/H-x86_64-pc-linux-gnu/bin/../lib/gcc/nios2-elf/5.3.0/../../../../../H-x86_64-pc-linux-gnu/nios2-elf/lib/libsmallc.a(lib_a-memcmp.o)
 .text.memcmp   0x00000000000235b8       0x30 /home/lheywang/intelFPGA_lite/18.1/nios2eds/bin/gnu/H-x86_64-pc-linux-gnu/bin/../lib/gcc/nios2-elf/5.3.0/../../../../../H-x86_64-pc-linux-gnu/nios2-elf/lib/libsmallc.a(lib_a-memcmp.o)
                0x00000000000235b8                memcmp
 .text          0x00000000000235e8        0x0 /home/lheywang/intelFPGA_lite/18.1/nios2eds/bin/gnu/H-x86_64-pc-linux-gnu/bin/../lib/gcc/nios2-elf/5.3.0/../../../../../H-x86_64-pc-linux-gnu/nios2-elf/lib/libsmallc.a(lib_a-__atexit.o)
 .text.__register_exitproc
                0x00000000000235e8      0x158 /home/lheywang/intelFPGA_lite/18.1/nios2eds/bin/gnu/H-x86_64-pc-linux-gnu/bin/../lib/gcc/nios2-elf/5.3.0/../../../../../H-x86_64-pc-linux-gnu/nios2-elf/lib/libsmallc.a(lib_a-__atexit.o)
                0x00000000000235e8                __register_exitproc
 .text          0x0000000000023740        0x0 /home/lheywang/intelFPGA_lite/18.1/nios2eds/bin/gnu/H-x86_64-pc-linux-gnu/bin/../lib/gcc/nios2-elf/5.3.0/../../../../../H-x86_64-pc-linux-gnu/nios2-elf/lib/libsmallc.a(lib_a-__call_atexit.o)
 .text.__call_exitprocs
                0x0000000000023740      0x190 /home/lheywang/intelFPGA_lite/18.1/nios2eds/bin/gnu/H-x86_64-pc-linux-gnu/bin/../lib/gcc/nios2-elf/5.3.0/../../../../../H-x86_64-pc-linux-gnu/nios2-elf/lib/libsmallc.a(lib_a-__call_atexit.o)
                0x0000000000023740                __call_exitprocs
 .text          0x00000000000238d0       0x34 ../project_soft_bsp//libhal_bsp.a(alt_exit.o)
                0x00000000000238d0                _exit
 *(.gnu.warning.*)
 *(.fini)
                [!provide]                        PROVIDE (__etext, ABSOLUTE (.))
                [!provide]                        PROVIDE (_etext, ABSOLUTE (.))
                [!provide]                        PROVIDE (etext, ABSOLUTE (.))
 *(.eh_frame_hdr)
                0x0000000000023904                . = ALIGN (0x4)
                [!provide]                        PROVIDE (__preinit_array_start, ABSOLUTE (.))
 *(.preinit_array)
                [!provide]                        PROVIDE (__preinit_array_end, ABSOLUTE (.))
                [!provide]                        PROVIDE (__init_array_start, ABSOLUTE (.))
 *(.init_array)
                [!provide]                        PROVIDE (__init_array_end, ABSOLUTE (.))
                [!provide]                        PROVIDE (__fini_array_start, ABSOLUTE (.))
 *(.fini_array)
                [!provide]                        PROVIDE (__fini_array_end, ABSOLUTE (.))
 *(.eh_frame)
 *(.gcc_except_table .gcc_except_table.*)
 *(.dynamic)
                0x0000000000023904                PROVIDE (__CTOR_LIST__, ABSOLUTE (.))
 *(.ctors)
 *(SORT(.ctors.*))
                0x0000000000023904                PROVIDE (__CTOR_END__, ABSOLUTE (.))
                0x0000000000023904                PROVIDE (__DTOR_LIST__, ABSOLUTE (.))
 *(.dtors)
 *(SORT(.dtors.*))
                0x0000000000023904                PROVIDE (__DTOR_END__, ABSOLUTE (.))
 *(.jcr)
                0x0000000000023904                . = ALIGN (0x4)

.rodata         0x0000000000023904      0xc3c
                0x0000000000023904                PROVIDE (__ram_rodata_start, ABSOLUTE (.))
                0x0000000000023904                . = ALIGN (0x4)
 *(.rodata .rodata.* .gnu.linkonce.r.*)
 .rodata        0x0000000000023904      0x260 obj/default/buzzer/songs/astronomia/astronomia.o
                0x0000000000023904                Astronomia
                0x000000000002392c                astronomia_data
 .rodata        0x0000000000023b64      0x410 obj/default/buzzer/songs/baby-shark/baby-shark.o
                0x0000000000023b64                BabyShark
                0x0000000000023b8c                baby_shark_data
 .rodata        0x0000000000023f74       0xfc obj/default/buzzer/songs/crazy-frog/crazy-frog.o
                0x0000000000023f74                CrazyFrog
                0x0000000000023f9c                crazy_frog_data
 .rodata        0x0000000000024070      0x3bc obj/default/buzzer/songs/elise/elise.o
                0x0000000000024070                Elise
                0x0000000000024098                elise_data
 .rodata.str1.4
                0x000000000002442c       0x77 obj/default/hello_world.o
                                         0x7a (size before relaxing)
 *fill*         0x00000000000244a3        0x1 
 .rodata        0x00000000000244a4       0x58 obj/default/hex/hex.o
 .rodata.str1.4
                0x00000000000244fc       0x10 obj/default/time/ptime.o
                                          0xd (size before relaxing)
 .rodata.str1.4
                0x000000000002450c        0x2 /home/lheywang/intelFPGA_lite/18.1/nios2eds/bin/gnu/H-x86_64-pc-linux-gnu/bin/../lib/gcc/nios2-elf/5.3.0/../../../../../H-x86_64-pc-linux-gnu/nios2-elf/lib/libsmallc.a(lib_a-puts.o)
 .rodata        0x000000000002450c       0x11 ../project_soft_bsp//libhal_bsp.a(alt_main.o)
 *fill*         0x000000000002451d        0x3 
 .rodata        0x0000000000024520       0x11 ../project_soft_bsp//libhal_bsp.a(alt_sys_init.o)
 *fill*         0x0000000000024531        0x3 
 .rodata        0x0000000000024534        0xa ../project_soft_bsp//libhal_bsp.a(alt_dev.o)
 *(.rodata1)
                0x0000000000024540                . = ALIGN (0x4)
 *fill*         0x000000000002453e        0x2 
                0x0000000000024540                PROVIDE (__ram_rodata_end, ABSOLUTE (.))
                0x0000000000023904                PROVIDE (__flash_rodata_start, LOADADDR (.rodata))

.rwdata         0x0000000000024540      0x2e0 load address 0x0000000000024820
                0x0000000000024540                PROVIDE (__ram_rwdata_start, ABSOLUTE (.))
                0x0000000000024540                . = ALIGN (0x4)
 *(.got.plt)
 *(.got)
 *(.data1)
 *(.data .data.* .gnu.linkonce.d.*)
 .data          0x0000000000024540        0x0 ../project_soft_bsp//obj/HAL/src/crt0.o
 .data          0x0000000000024540        0x0 obj/default/ISR/timer1ms/timer1ms.o
 .data          0x0000000000024540        0x0 obj/default/ISR/timer1s/timer1s.o
 .data          0x0000000000024540        0x0 obj/default/buzzer/buzzer.o
 .data          0x0000000000024540        0x0 obj/default/buzzer/songs/astronomia/astronomia.o
 .data          0x0000000000024540        0x0 obj/default/buzzer/songs/baby-shark/baby-shark.o
 .data          0x0000000000024540        0x0 obj/default/buzzer/songs/crazy-frog/crazy-frog.o
 .data          0x0000000000024540        0x0 obj/default/buzzer/songs/elise/elise.o
 .data          0x0000000000024540        0x0 obj/default/hello_world.o
 .data          0x0000000000024540        0x0 obj/default/hex/hex.o
 .data          0x0000000000024540        0x0 obj/default/init/init.o
 .data          0x0000000000024540        0x0 obj/default/time/ptime.o
 .data          0x0000000000024540        0x0 /home/lheywang/intelFPGA_lite/18.1/nios2eds/bin/gnu/H-x86_64-pc-linux-gnu/bin/../lib/gcc/nios2-elf/5.3.0/../../../../../H-x86_64-pc-linux-gnu/nios2-elf/lib/libsmallc.a(lib_a-printf.o)
 .data          0x0000000000024540        0x0 /home/lheywang/intelFPGA_lite/18.1/nios2eds/bin/gnu/H-x86_64-pc-linux-gnu/bin/../lib/gcc/nios2-elf/5.3.0/../../../../../H-x86_64-pc-linux-gnu/nios2-elf/lib/libsmallc.a(lib_a-puts.o)
 .data          0x0000000000024540        0x0 /home/lheywang/intelFPGA_lite/18.1/nios2eds/bin/gnu/H-x86_64-pc-linux-gnu/bin/../lib/gcc/nios2-elf/5.3.0/../../../../../H-x86_64-pc-linux-gnu/nios2-elf/lib/libsmallc.a(lib_a-sprintf.o)
 .data          0x0000000000024540        0x0 /home/lheywang/intelFPGA_lite/18.1/nios2eds/bin/gnu/H-x86_64-pc-linux-gnu/bin/../lib/gcc/nios2-elf/5.3.0/../../../../../H-x86_64-pc-linux-gnu/nios2-elf/lib/libsmallc.a(lib_a-strlen.o)
 .data          0x0000000000024540        0x0 /home/lheywang/intelFPGA_lite/18.1/nios2eds/bin/gnu/H-x86_64-pc-linux-gnu/bin/../lib/gcc/nios2-elf/5.3.0/../../../../../H-x86_64-pc-linux-gnu/nios2-elf/lib/libsmallc.a(lib_a-svfprintf.o)
 .data          0x0000000000024540        0x0 /home/lheywang/intelFPGA_lite/18.1/nios2eds/bin/gnu/H-x86_64-pc-linux-gnu/bin/../lib/gcc/nios2-elf/5.3.0/../../../../../H-x86_64-pc-linux-gnu/nios2-elf/lib/libsmallc.a(lib_a-vfprintf.o)
 .data          0x0000000000024540        0x0 /home/lheywang/intelFPGA_lite/18.1/nios2eds/bin/gnu/H-x86_64-pc-linux-gnu/bin/../lib/gcc/nios2-elf/5.3.0/../../../../../H-x86_64-pc-linux-gnu/nios2-elf/lib/libsmallc.a(lib_a-fvwrite_small_dev.o)
 .data          0x0000000000024540        0x0 /home/lheywang/intelFPGA_lite/18.1/nios2eds/bin/gnu/H-x86_64-pc-linux-gnu/bin/../lib/gcc/nios2-elf/5.3.0/../../../../../H-x86_64-pc-linux-gnu/nios2-elf/lib/libsmallc.a(lib_a-fvwrite_small_str.o)
 .data          0x0000000000024540        0x0 /home/lheywang/intelFPGA_lite/18.1/nios2eds/bin/gnu/H-x86_64-pc-linux-gnu/bin/../lib/gcc/nios2-elf/5.3.0/../../../../../H-x86_64-pc-linux-gnu/nios2-elf/lib/libsmallc.a(lib_a-impure.o)
 .data.impure_data
                0x0000000000024540       0xe0 /home/lheywang/intelFPGA_lite/18.1/nios2eds/bin/gnu/H-x86_64-pc-linux-gnu/bin/../lib/gcc/nios2-elf/5.3.0/../../../../../H-x86_64-pc-linux-gnu/nios2-elf/lib/libsmallc.a(lib_a-impure.o)
 .data          0x0000000000024620        0x0 /home/lheywang/intelFPGA_lite/18.1/nios2eds/bin/gnu/H-x86_64-pc-linux-gnu/bin/../lib/gcc/nios2-elf/5.3.0/../../../../../H-x86_64-pc-linux-gnu/nios2-elf/lib/libsmallc.a(lib_a-memmove.o)
 .data          0x0000000000024620        0x0 /home/lheywang/intelFPGA_lite/18.1/nios2eds/bin/gnu/H-x86_64-pc-linux-gnu/bin/../lib/gcc/nios2-elf/5.3.0/../../../../../H-x86_64-pc-linux-gnu/nios2-elf/lib/libsmallc.a(lib_a-writer.o)
 .data          0x0000000000024620        0x0 /home/lheywang/intelFPGA_lite/18.1/nios2eds/bin/gnu/H-x86_64-pc-linux-gnu/bin/../lib/gcc/nios2-elf/5.3.0/../../../../../H-x86_64-pc-linux-gnu/nios2-elf/lib/libsmallc.a(lib_a-int_errno.o)
 .data          0x0000000000024620        0x0 /home/lheywang/intelFPGA_lite/18.1/nios2eds/bin/gnu/H-x86_64-pc-linux-gnu/bin/../lib/gcc/nios2-elf/5.3.0/libgcc.a(lib2-divmod.o)
 .data          0x0000000000024620        0x0 ../project_soft_bsp//libhal_bsp.a(alt_iic.o)
 .data          0x0000000000024620        0x0 ../project_soft_bsp//libhal_bsp.a(alt_iic_isr_register.o)
 .data          0x0000000000024620        0x0 ../project_soft_bsp//libhal_bsp.a(alt_irq_entry.o)
 .data          0x0000000000024620        0x0 ../project_soft_bsp//libhal_bsp.a(alt_irq_handler.o)
 .data          0x0000000000024620        0x0 ../project_soft_bsp//libhal_bsp.a(alt_irq_vars.o)
 .data          0x0000000000024620        0x0 ../project_soft_bsp//libhal_bsp.a(alt_load.o)
 .data          0x0000000000024620        0x0 ../project_soft_bsp//libhal_bsp.a(alt_main.o)
 .data          0x0000000000024620        0x0 ../project_soft_bsp//libhal_bsp.a(alt_usleep.o)
 .data          0x0000000000024620        0x0 ../project_soft_bsp//libhal_bsp.a(alt_write.o)
 .data          0x0000000000024620       0x2c ../project_soft_bsp//libhal_bsp.a(alt_sys_init.o)
 .data          0x000000000002464c        0x0 ../project_soft_bsp//libhal_bsp.a(altera_avalon_jtag_uart_fd.o)
 .data          0x000000000002464c        0x0 ../project_soft_bsp//libhal_bsp.a(altera_avalon_jtag_uart_read.o)
 .data          0x000000000002464c        0x0 ../project_soft_bsp//libhal_bsp.a(altera_avalon_jtag_uart_write.o)
 .data          0x000000000002464c        0x0 ../project_soft_bsp//libhal_bsp.a(altera_avalon_timer_sc.o)
 .data          0x000000000002464c        0x0 ../project_soft_bsp//libhal_bsp.a(alt_busy_sleep.o)
 .data          0x000000000002464c        0x0 ../project_soft_bsp//libhal_bsp.a(alt_close.o)
 .data          0x000000000002464c        0x0 ../project_soft_bsp//libhal_bsp.a(alt_dcache_flush_all.o)
 .data          0x000000000002464c      0x1a8 ../project_soft_bsp//libhal_bsp.a(alt_dev.o)
                0x000000000002464c                alt_dev_null
                0x0000000000024674                alt_fd_list
 .data          0x00000000000247f4        0x0 ../project_soft_bsp//libhal_bsp.a(alt_dev_llist_insert.o)
 .data          0x00000000000247f4        0x0 ../project_soft_bsp//libhal_bsp.a(alt_do_ctors.o)
 .data          0x00000000000247f4        0x0 ../project_soft_bsp//libhal_bsp.a(alt_do_dtors.o)
 .data          0x00000000000247f4        0x0 ../project_soft_bsp//libhal_bsp.a(alt_errno.o)
 .data          0x00000000000247f4        0x0 ../project_soft_bsp//libhal_bsp.a(alt_exception_entry.o)
 .data          0x00000000000247f4        0x0 ../project_soft_bsp//libhal_bsp.a(alt_icache_flush_all.o)
 .data          0x00000000000247f4        0x0 ../project_soft_bsp//libhal_bsp.a(alt_instruction_exception_entry.o)
 .data          0x00000000000247f4        0x0 ../project_soft_bsp//libhal_bsp.a(alt_io_redirect.o)
 .data          0x00000000000247f4        0x0 ../project_soft_bsp//libhal_bsp.a(alt_open.o)
 .data          0x00000000000247f4        0x0 ../project_soft_bsp//libhal_bsp.a(alt_release_fd.o)
 .data          0x00000000000247f4        0x0 ../project_soft_bsp//libhal_bsp.a(alt_tick.o)
 .data          0x00000000000247f4        0x0 ../project_soft_bsp//libhal_bsp.a(altera_nios2_gen2_irq.o)
 .data          0x00000000000247f4        0x0 ../project_soft_bsp//libhal_bsp.a(alt_find_dev.o)
 .data          0x00000000000247f4        0x0 ../project_soft_bsp//libhal_bsp.a(alt_find_file.o)
 .data          0x00000000000247f4        0x0 ../project_soft_bsp//libhal_bsp.a(alt_get_fd.o)
 .data          0x00000000000247f4        0x0 ../project_soft_bsp//libhal_bsp.a(alt_icache_flush.o)
 .data          0x00000000000247f4        0x0 /home/lheywang/intelFPGA_lite/18.1/nios2eds/bin/gnu/H-x86_64-pc-linux-gnu/bin/../lib/gcc/nios2-elf/5.3.0/../../../../../H-x86_64-pc-linux-gnu/nios2-elf/lib/libsmallc.a(lib_a-atexit.o)
 .data          0x00000000000247f4        0x0 /home/lheywang/intelFPGA_lite/18.1/nios2eds/bin/gnu/H-x86_64-pc-linux-gnu/bin/../lib/gcc/nios2-elf/5.3.0/../../../../../H-x86_64-pc-linux-gnu/nios2-elf/lib/libsmallc.a(lib_a-exit.o)
 .data          0x00000000000247f4        0x0 /home/lheywang/intelFPGA_lite/18.1/nios2eds/bin/gnu/H-x86_64-pc-linux-gnu/bin/../lib/gcc/nios2-elf/5.3.0/../../../../../H-x86_64-pc-linux-gnu/nios2-elf/lib/libsmallc.a(lib_a-memcmp.o)
 .data          0x00000000000247f4        0x0 /home/lheywang/intelFPGA_lite/18.1/nios2eds/bin/gnu/H-x86_64-pc-linux-gnu/bin/../lib/gcc/nios2-elf/5.3.0/../../../../../H-x86_64-pc-linux-gnu/nios2-elf/lib/libsmallc.a(lib_a-__atexit.o)
 .data          0x00000000000247f4        0x0 /home/lheywang/intelFPGA_lite/18.1/nios2eds/bin/gnu/H-x86_64-pc-linux-gnu/bin/../lib/gcc/nios2-elf/5.3.0/../../../../../H-x86_64-pc-linux-gnu/nios2-elf/lib/libsmallc.a(lib_a-__call_atexit.o)
 .data          0x00000000000247f4        0x0 ../project_soft_bsp//libhal_bsp.a(alt_exit.o)
                0x000000000002c7f4                _gp = ABSOLUTE ((. + 0x8000))
                [!provide]                        PROVIDE (gp, _gp)
 *(.rwdata .rwdata.*)
 *(.sdata .sdata.* .gnu.linkonce.s.*)
 .sdata._global_impure_ptr
                0x00000000000247f4        0x4 /home/lheywang/intelFPGA_lite/18.1/nios2eds/bin/gnu/H-x86_64-pc-linux-gnu/bin/../lib/gcc/nios2-elf/5.3.0/../../../../../H-x86_64-pc-linux-gnu/nios2-elf/lib/libsmallc.a(lib_a-impure.o)
                0x00000000000247f4                _global_impure_ptr
 .sdata._impure_ptr
                0x00000000000247f8        0x4 /home/lheywang/intelFPGA_lite/18.1/nios2eds/bin/gnu/H-x86_64-pc-linux-gnu/bin/../lib/gcc/nios2-elf/5.3.0/../../../../../H-x86_64-pc-linux-gnu/nios2-elf/lib/libsmallc.a(lib_a-impure.o)
                0x00000000000247f8                _impure_ptr
 .sdata         0x00000000000247fc        0x4 ../project_soft_bsp//libhal_bsp.a(alt_irq_vars.o)
                0x00000000000247fc                alt_priority_mask
 .sdata         0x0000000000024800       0x14 ../project_soft_bsp//libhal_bsp.a(alt_dev.o)
                0x0000000000024800                alt_fs_list
                0x0000000000024808                alt_dev_list
                0x0000000000024810                alt_max_fd
 .sdata         0x0000000000024814        0x4 ../project_soft_bsp//libhal_bsp.a(alt_errno.o)
                0x0000000000024814                alt_errno
 .sdata         0x0000000000024818        0x8 ../project_soft_bsp//libhal_bsp.a(alt_tick.o)
                0x0000000000024818                alt_alarm_list
 *(.sdata2 .sdata2.* .gnu.linkonce.s2.*)
                0x0000000000024820                . = ALIGN (0x4)
                0x0000000000024820                _edata = ABSOLUTE (.)
                [!provide]                        PROVIDE (edata, ABSOLUTE (.))
                0x0000000000024820                PROVIDE (__ram_rwdata_end, ABSOLUTE (.))
                0x0000000000024820                PROVIDE (__flash_rwdata_start, LOADADDR (.rwdata))

.bss            0x0000000000024b00      0x158
                0x0000000000024b00                __bss_start = ABSOLUTE (.)
                [!provide]                        PROVIDE (__sbss_start, ABSOLUTE (.))
                [!provide]                        PROVIDE (___sbss_start, ABSOLUTE (.))
 *(.dynsbss)
 *(.sbss .sbss.* .gnu.linkonce.sb.*)
 .sbss          0x0000000000024b00       0x10 obj/default/buzzer/buzzer.o
 .sbss          0x0000000000024b10        0x4 /home/lheywang/intelFPGA_lite/18.1/nios2eds/bin/gnu/H-x86_64-pc-linux-gnu/bin/../lib/gcc/nios2-elf/5.3.0/../../../../../H-x86_64-pc-linux-gnu/nios2-elf/lib/libsmallc.a(lib_a-int_errno.o)
                0x0000000000024b10                errno
 .sbss          0x0000000000024b14        0x4 ../project_soft_bsp//libhal_bsp.a(alt_irq_vars.o)
                0x0000000000024b14                alt_irq_active
 .sbss          0x0000000000024b18        0xc ../project_soft_bsp//libhal_bsp.a(alt_main.o)
                0x0000000000024b18                alt_argc
                0x0000000000024b1c                alt_argv
                0x0000000000024b20                alt_envp
 .sbss          0x0000000000024b24        0x4 ../project_soft_bsp//libhal_bsp.a(alt_instruction_exception_entry.o)
                0x0000000000024b24                alt_instruction_exception_handler
 .sbss          0x0000000000024b28        0x8 ../project_soft_bsp//libhal_bsp.a(alt_tick.o)
                0x0000000000024b28                _alt_tick_rate
                0x0000000000024b2c                _alt_nticks
 *(.sbss2 .sbss2.* .gnu.linkonce.sb2.*)
 *(.scommon)
                [!provide]                        PROVIDE (__sbss_end, ABSOLUTE (.))
                [!provide]                        PROVIDE (___sbss_end, ABSOLUTE (.))
 *(.dynbss)
 *(.bss .bss.* .gnu.linkonce.b.*)
 .bss           0x0000000000024b30        0x0 ../project_soft_bsp//obj/HAL/src/crt0.o
 .bss           0x0000000000024b30        0x0 obj/default/ISR/timer1ms/timer1ms.o
 .bss           0x0000000000024b30        0x0 obj/default/ISR/timer1s/timer1s.o
 .bss           0x0000000000024b30        0x0 obj/default/buzzer/buzzer.o
 .bss           0x0000000000024b30        0x0 obj/default/buzzer/songs/astronomia/astronomia.o
 .bss           0x0000000000024b30        0x0 obj/default/buzzer/songs/baby-shark/baby-shark.o
 .bss           0x0000000000024b30        0x0 obj/default/buzzer/songs/crazy-frog/crazy-frog.o
 .bss           0x0000000000024b30        0x0 obj/default/buzzer/songs/elise/elise.o
 .bss           0x0000000000024b30        0x0 obj/default/hello_world.o
 .bss           0x0000000000024b30        0x0 obj/default/hex/hex.o
 .bss           0x0000000000024b30        0x0 obj/default/init/init.o
 .bss           0x0000000000024b30        0x0 obj/default/time/ptime.o
 .bss           0x0000000000024b30        0x0 /home/lheywang/intelFPGA_lite/18.1/nios2eds/bin/gnu/H-x86_64-pc-linux-gnu/bin/../lib/gcc/nios2-elf/5.3.0/../../../../../H-x86_64-pc-linux-gnu/nios2-elf/lib/libsmallc.a(lib_a-printf.o)
 .bss           0x0000000000024b30        0x0 /home/lheywang/intelFPGA_lite/18.1/nios2eds/bin/gnu/H-x86_64-pc-linux-gnu/bin/../lib/gcc/nios2-elf/5.3.0/../../../../../H-x86_64-pc-linux-gnu/nios2-elf/lib/libsmallc.a(lib_a-puts.o)
 .bss           0x0000000000024b30        0x0 /home/lheywang/intelFPGA_lite/18.1/nios2eds/bin/gnu/H-x86_64-pc-linux-gnu/bin/../lib/gcc/nios2-elf/5.3.0/../../../../../H-x86_64-pc-linux-gnu/nios2-elf/lib/libsmallc.a(lib_a-sprintf.o)
 .bss           0x0000000000024b30        0x0 /home/lheywang/intelFPGA_lite/18.1/nios2eds/bin/gnu/H-x86_64-pc-linux-gnu/bin/../lib/gcc/nios2-elf/5.3.0/../../../../../H-x86_64-pc-linux-gnu/nios2-elf/lib/libsmallc.a(lib_a-strlen.o)
 .bss           0x0000000000024b30        0x0 /home/lheywang/intelFPGA_lite/18.1/nios2eds/bin/gnu/H-x86_64-pc-linux-gnu/bin/../lib/gcc/nios2-elf/5.3.0/../../../../../H-x86_64-pc-linux-gnu/nios2-elf/lib/libsmallc.a(lib_a-svfprintf.o)
 .bss           0x0000000000024b30        0x0 /home/lheywang/intelFPGA_lite/18.1/nios2eds/bin/gnu/H-x86_64-pc-linux-gnu/bin/../lib/gcc/nios2-elf/5.3.0/../../../../../H-x86_64-pc-linux-gnu/nios2-elf/lib/libsmallc.a(lib_a-vfprintf.o)
 .bss           0x0000000000024b30        0x0 /home/lheywang/intelFPGA_lite/18.1/nios2eds/bin/gnu/H-x86_64-pc-linux-gnu/bin/../lib/gcc/nios2-elf/5.3.0/../../../../../H-x86_64-pc-linux-gnu/nios2-elf/lib/libsmallc.a(lib_a-fvwrite_small_dev.o)
 .bss           0x0000000000024b30        0x0 /home/lheywang/intelFPGA_lite/18.1/nios2eds/bin/gnu/H-x86_64-pc-linux-gnu/bin/../lib/gcc/nios2-elf/5.3.0/../../../../../H-x86_64-pc-linux-gnu/nios2-elf/lib/libsmallc.a(lib_a-fvwrite_small_str.o)
 .bss           0x0000000000024b30        0x0 /home/lheywang/intelFPGA_lite/18.1/nios2eds/bin/gnu/H-x86_64-pc-linux-gnu/bin/../lib/gcc/nios2-elf/5.3.0/../../../../../H-x86_64-pc-linux-gnu/nios2-elf/lib/libsmallc.a(lib_a-impure.o)
 .bss           0x0000000000024b30        0x0 /home/lheywang/intelFPGA_lite/18.1/nios2eds/bin/gnu/H-x86_64-pc-linux-gnu/bin/../lib/gcc/nios2-elf/5.3.0/../../../../../H-x86_64-pc-linux-gnu/nios2-elf/lib/libsmallc.a(lib_a-memmove.o)
 .bss           0x0000000000024b30        0x0 /home/lheywang/intelFPGA_lite/18.1/nios2eds/bin/gnu/H-x86_64-pc-linux-gnu/bin/../lib/gcc/nios2-elf/5.3.0/../../../../../H-x86_64-pc-linux-gnu/nios2-elf/lib/libsmallc.a(lib_a-writer.o)
 .bss           0x0000000000024b30        0x0 /home/lheywang/intelFPGA_lite/18.1/nios2eds/bin/gnu/H-x86_64-pc-linux-gnu/bin/../lib/gcc/nios2-elf/5.3.0/../../../../../H-x86_64-pc-linux-gnu/nios2-elf/lib/libsmallc.a(lib_a-int_errno.o)
 .bss           0x0000000000024b30        0x0 /home/lheywang/intelFPGA_lite/18.1/nios2eds/bin/gnu/H-x86_64-pc-linux-gnu/bin/../lib/gcc/nios2-elf/5.3.0/libgcc.a(lib2-divmod.o)
 .bss           0x0000000000024b30        0x0 ../project_soft_bsp//libhal_bsp.a(alt_iic.o)
 .bss           0x0000000000024b30        0x0 ../project_soft_bsp//libhal_bsp.a(alt_iic_isr_register.o)
 .bss           0x0000000000024b30        0x0 ../project_soft_bsp//libhal_bsp.a(alt_irq_entry.o)
 .bss           0x0000000000024b30        0x0 ../project_soft_bsp//libhal_bsp.a(alt_irq_handler.o)
 .bss           0x0000000000024b30        0x0 ../project_soft_bsp//libhal_bsp.a(alt_irq_vars.o)
 .bss           0x0000000000024b30        0x0 ../project_soft_bsp//libhal_bsp.a(alt_load.o)
 .bss           0x0000000000024b30        0x0 ../project_soft_bsp//libhal_bsp.a(alt_main.o)
 .bss           0x0000000000024b30        0x0 ../project_soft_bsp//libhal_bsp.a(alt_usleep.o)
 .bss           0x0000000000024b30        0x0 ../project_soft_bsp//libhal_bsp.a(alt_write.o)
 .bss           0x0000000000024b30        0x0 ../project_soft_bsp//libhal_bsp.a(alt_sys_init.o)
 .bss           0x0000000000024b30        0x0 ../project_soft_bsp//libhal_bsp.a(altera_avalon_jtag_uart_fd.o)
 .bss           0x0000000000024b30        0x0 ../project_soft_bsp//libhal_bsp.a(altera_avalon_jtag_uart_read.o)
 .bss           0x0000000000024b30        0x0 ../project_soft_bsp//libhal_bsp.a(altera_avalon_jtag_uart_write.o)
 .bss           0x0000000000024b30        0x0 ../project_soft_bsp//libhal_bsp.a(altera_avalon_timer_sc.o)
 .bss           0x0000000000024b30        0x0 ../project_soft_bsp//libhal_bsp.a(alt_busy_sleep.o)
 .bss           0x0000000000024b30        0x0 ../project_soft_bsp//libhal_bsp.a(alt_close.o)
 .bss           0x0000000000024b30        0x0 ../project_soft_bsp//libhal_bsp.a(alt_dcache_flush_all.o)
 .bss           0x0000000000024b30        0x0 ../project_soft_bsp//libhal_bsp.a(alt_dev.o)
 .bss           0x0000000000024b30        0x0 ../project_soft_bsp//libhal_bsp.a(alt_dev_llist_insert.o)
 .bss           0x0000000000024b30        0x0 ../project_soft_bsp//libhal_bsp.a(alt_do_ctors.o)
 .bss           0x0000000000024b30        0x0 ../project_soft_bsp//libhal_bsp.a(alt_do_dtors.o)
 .bss           0x0000000000024b30        0x0 ../project_soft_bsp//libhal_bsp.a(alt_errno.o)
 .bss           0x0000000000024b30        0x0 ../project_soft_bsp//libhal_bsp.a(alt_exception_entry.o)
 .bss           0x0000000000024b30        0x0 ../project_soft_bsp//libhal_bsp.a(alt_icache_flush_all.o)
 .bss           0x0000000000024b30        0x0 ../project_soft_bsp//libhal_bsp.a(alt_instruction_exception_entry.o)
 .bss           0x0000000000024b30        0x0 ../project_soft_bsp//libhal_bsp.a(alt_io_redirect.o)
 .bss           0x0000000000024b30        0x0 ../project_soft_bsp//libhal_bsp.a(alt_open.o)
 .bss           0x0000000000024b30        0x0 ../project_soft_bsp//libhal_bsp.a(alt_release_fd.o)
 .bss           0x0000000000024b30        0x0 ../project_soft_bsp//libhal_bsp.a(alt_tick.o)
 .bss           0x0000000000024b30        0x0 ../project_soft_bsp//libhal_bsp.a(altera_nios2_gen2_irq.o)
 .bss           0x0000000000024b30        0x0 ../project_soft_bsp//libhal_bsp.a(alt_find_dev.o)
 .bss           0x0000000000024b30        0x0 ../project_soft_bsp//libhal_bsp.a(alt_find_file.o)
 .bss           0x0000000000024b30        0x0 ../project_soft_bsp//libhal_bsp.a(alt_get_fd.o)
 .bss           0x0000000000024b30        0x0 ../project_soft_bsp//libhal_bsp.a(alt_icache_flush.o)
 .bss           0x0000000000024b30        0x0 /home/lheywang/intelFPGA_lite/18.1/nios2eds/bin/gnu/H-x86_64-pc-linux-gnu/bin/../lib/gcc/nios2-elf/5.3.0/../../../../../H-x86_64-pc-linux-gnu/nios2-elf/lib/libsmallc.a(lib_a-atexit.o)
 .bss           0x0000000000024b30        0x0 /home/lheywang/intelFPGA_lite/18.1/nios2eds/bin/gnu/H-x86_64-pc-linux-gnu/bin/../lib/gcc/nios2-elf/5.3.0/../../../../../H-x86_64-pc-linux-gnu/nios2-elf/lib/libsmallc.a(lib_a-exit.o)
 .bss           0x0000000000024b30        0x0 /home/lheywang/intelFPGA_lite/18.1/nios2eds/bin/gnu/H-x86_64-pc-linux-gnu/bin/../lib/gcc/nios2-elf/5.3.0/../../../../../H-x86_64-pc-linux-gnu/nios2-elf/lib/libsmallc.a(lib_a-memcmp.o)
 .bss           0x0000000000024b30        0x0 /home/lheywang/intelFPGA_lite/18.1/nios2eds/bin/gnu/H-x86_64-pc-linux-gnu/bin/../lib/gcc/nios2-elf/5.3.0/../../../../../H-x86_64-pc-linux-gnu/nios2-elf/lib/libsmallc.a(lib_a-__atexit.o)
 .bss           0x0000000000024b30        0x0 /home/lheywang/intelFPGA_lite/18.1/nios2eds/bin/gnu/H-x86_64-pc-linux-gnu/bin/../lib/gcc/nios2-elf/5.3.0/../../../../../H-x86_64-pc-linux-gnu/nios2-elf/lib/libsmallc.a(lib_a-__call_atexit.o)
 .bss           0x0000000000024b30        0x0 ../project_soft_bsp//libhal_bsp.a(alt_exit.o)
 *(COMMON)
 COMMON         0x0000000000024b30       0x28 obj/default/buzzer/buzzer.o
                0x0000000000024b30                defsong
 COMMON         0x0000000000024b58      0x100 ../project_soft_bsp//libhal_bsp.a(alt_irq_handler.o)
                0x0000000000024b58                alt_irq
                0x0000000000024c58                . = ALIGN (0x4)
                0x0000000000024c58                __bss_end = ABSOLUTE (.)

.MEMOIRE_ONCHIP
                0x0000000000024c58        0x0
                [!provide]                        PROVIDE (_alt_partition_MEMOIRE_ONCHIP_start, ABSOLUTE (.))
 *(.MEMOIRE_ONCHIP .MEMOIRE_ONCHIP. MEMOIRE_ONCHIP.*)
                0x0000000000024c58                . = ALIGN (0x4)
                [!provide]                        PROVIDE (_alt_partition_MEMOIRE_ONCHIP_end, ABSOLUTE (.))
                0x0000000000024c58                _end = ABSOLUTE (.)
                0x0000000000024c58                end = ABSOLUTE (.)
                0x0000000000024c58                __alt_stack_base = ABSOLUTE (.)
                [!provide]                        PROVIDE (_alt_partition_MEMOIRE_ONCHIP_load_addr, LOADADDR (.MEMOIRE_ONCHIP))

.stab
 *(.stab)

.stabstr
 *(.stabstr)

.stab.excl
 *(.stab.excl)

.stab.exclstr
 *(.stab.exclstr)

.stab.index
 *(.stab.index)

.stab.indexstr
 *(.stab.indexstr)

.comment        0x0000000000000000       0x23
 *(.comment)
 .comment       0x0000000000000000       0x23 obj/default/ISR/timer1ms/timer1ms.o
                                         0x24 (size before relaxing)
 .comment       0x0000000000000023       0x24 obj/default/ISR/timer1s/timer1s.o
 .comment       0x0000000000000023       0x24 obj/default/buzzer/buzzer.o
 .comment       0x0000000000000023       0x24 obj/default/buzzer/songs/astronomia/astronomia.o
 .comment       0x0000000000000023       0x24 obj/default/buzzer/songs/baby-shark/baby-shark.o
 .comment       0x0000000000000023       0x24 obj/default/buzzer/songs/crazy-frog/crazy-frog.o
 .comment       0x0000000000000023       0x24 obj/default/buzzer/songs/elise/elise.o
 .comment       0x0000000000000023       0x24 obj/default/hello_world.o
 .comment       0x0000000000000023       0x24 obj/default/hex/hex.o
 .comment       0x0000000000000023       0x24 obj/default/init/init.o
 .comment       0x0000000000000023       0x24 obj/default/time/ptime.o
 .comment       0x0000000000000023       0x24 /home/lheywang/intelFPGA_lite/18.1/nios2eds/bin/gnu/H-x86_64-pc-linux-gnu/bin/../lib/gcc/nios2-elf/5.3.0/../../../../../H-x86_64-pc-linux-gnu/nios2-elf/lib/libsmallc.a(lib_a-printf.o)
 .comment       0x0000000000000023       0x24 /home/lheywang/intelFPGA_lite/18.1/nios2eds/bin/gnu/H-x86_64-pc-linux-gnu/bin/../lib/gcc/nios2-elf/5.3.0/../../../../../H-x86_64-pc-linux-gnu/nios2-elf/lib/libsmallc.a(lib_a-puts.o)
 .comment       0x0000000000000023       0x24 /home/lheywang/intelFPGA_lite/18.1/nios2eds/bin/gnu/H-x86_64-pc-linux-gnu/bin/../lib/gcc/nios2-elf/5.3.0/../../../../../H-x86_64-pc-linux-gnu/nios2-elf/lib/libsmallc.a(lib_a-sprintf.o)
 .comment       0x0000000000000023       0x24 /home/lheywang/intelFPGA_lite/18.1/nios2eds/bin/gnu/H-x86_64-pc-linux-gnu/bin/../lib/gcc/nios2-elf/5.3.0/../../../../../H-x86_64-pc-linux-gnu/nios2-elf/lib/libsmallc.a(lib_a-strlen.o)
 .comment       0x0000000000000023       0x24 /home/lheywang/intelFPGA_lite/18.1/nios2eds/bin/gnu/H-x86_64-pc-linux-gnu/bin/../lib/gcc/nios2-elf/5.3.0/../../../../../H-x86_64-pc-linux-gnu/nios2-elf/lib/libsmallc.a(lib_a-svfprintf.o)
 .comment       0x0000000000000023       0x24 /home/lheywang/intelFPGA_lite/18.1/nios2eds/bin/gnu/H-x86_64-pc-linux-gnu/bin/../lib/gcc/nios2-elf/5.3.0/../../../../../H-x86_64-pc-linux-gnu/nios2-elf/lib/libsmallc.a(lib_a-vfprintf.o)
 .comment       0x0000000000000023       0x24 /home/lheywang/intelFPGA_lite/18.1/nios2eds/bin/gnu/H-x86_64-pc-linux-gnu/bin/../lib/gcc/nios2-elf/5.3.0/../../../../../H-x86_64-pc-linux-gnu/nios2-elf/lib/libsmallc.a(lib_a-fvwrite_small_dev.o)
 .comment       0x0000000000000023       0x24 /home/lheywang/intelFPGA_lite/18.1/nios2eds/bin/gnu/H-x86_64-pc-linux-gnu/bin/../lib/gcc/nios2-elf/5.3.0/../../../../../H-x86_64-pc-linux-gnu/nios2-elf/lib/libsmallc.a(lib_a-fvwrite_small_str.o)
 .comment       0x0000000000000023       0x24 /home/lheywang/intelFPGA_lite/18.1/nios2eds/bin/gnu/H-x86_64-pc-linux-gnu/bin/../lib/gcc/nios2-elf/5.3.0/../../../../../H-x86_64-pc-linux-gnu/nios2-elf/lib/libsmallc.a(lib_a-impure.o)
 .comment       0x0000000000000023       0x24 /home/lheywang/intelFPGA_lite/18.1/nios2eds/bin/gnu/H-x86_64-pc-linux-gnu/bin/../lib/gcc/nios2-elf/5.3.0/../../../../../H-x86_64-pc-linux-gnu/nios2-elf/lib/libsmallc.a(lib_a-memmove.o)
 .comment       0x0000000000000023       0x24 /home/lheywang/intelFPGA_lite/18.1/nios2eds/bin/gnu/H-x86_64-pc-linux-gnu/bin/../lib/gcc/nios2-elf/5.3.0/../../../../../H-x86_64-pc-linux-gnu/nios2-elf/lib/libsmallc.a(lib_a-writer.o)
 .comment       0x0000000000000023       0x24 /home/lheywang/intelFPGA_lite/18.1/nios2eds/bin/gnu/H-x86_64-pc-linux-gnu/bin/../lib/gcc/nios2-elf/5.3.0/../../../../../H-x86_64-pc-linux-gnu/nios2-elf/lib/libsmallc.a(lib_a-int_errno.o)
 .comment       0x0000000000000023       0x24 /home/lheywang/intelFPGA_lite/18.1/nios2eds/bin/gnu/H-x86_64-pc-linux-gnu/bin/../lib/gcc/nios2-elf/5.3.0/libgcc.a(lib2-divmod.o)
 .comment       0x0000000000000023       0x24 ../project_soft_bsp//libhal_bsp.a(alt_iic.o)
 .comment       0x0000000000000023       0x24 ../project_soft_bsp//libhal_bsp.a(alt_iic_isr_register.o)
 .comment       0x0000000000000023       0x24 ../project_soft_bsp//libhal_bsp.a(alt_irq_handler.o)
 .comment       0x0000000000000023       0x24 ../project_soft_bsp//libhal_bsp.a(alt_irq_vars.o)
 .comment       0x0000000000000023       0x24 ../project_soft_bsp//libhal_bsp.a(alt_load.o)
 .comment       0x0000000000000023       0x24 ../project_soft_bsp//libhal_bsp.a(alt_main.o)
 .comment       0x0000000000000023       0x24 ../project_soft_bsp//libhal_bsp.a(alt_usleep.o)
 .comment       0x0000000000000023       0x24 ../project_soft_bsp//libhal_bsp.a(alt_write.o)
 .comment       0x0000000000000023       0x24 ../project_soft_bsp//libhal_bsp.a(alt_sys_init.o)
 .comment       0x0000000000000023       0x24 ../project_soft_bsp//libhal_bsp.a(altera_avalon_jtag_uart_fd.o)
 .comment       0x0000000000000023       0x24 ../project_soft_bsp//libhal_bsp.a(altera_avalon_jtag_uart_read.o)
 .comment       0x0000000000000023       0x24 ../project_soft_bsp//libhal_bsp.a(altera_avalon_jtag_uart_write.o)
 .comment       0x0000000000000023       0x24 ../project_soft_bsp//libhal_bsp.a(altera_avalon_timer_sc.o)
 .comment       0x0000000000000023       0x24 ../project_soft_bsp//libhal_bsp.a(alt_busy_sleep.o)
 .comment       0x0000000000000023       0x24 ../project_soft_bsp//libhal_bsp.a(alt_close.o)
 .comment       0x0000000000000023       0x24 ../project_soft_bsp//libhal_bsp.a(alt_dcache_flush_all.o)
 .comment       0x0000000000000023       0x24 ../project_soft_bsp//libhal_bsp.a(alt_dev.o)
 .comment       0x0000000000000023       0x24 ../project_soft_bsp//libhal_bsp.a(alt_dev_llist_insert.o)
 .comment       0x0000000000000023       0x24 ../project_soft_bsp//libhal_bsp.a(alt_do_ctors.o)
 .comment       0x0000000000000023       0x24 ../project_soft_bsp//libhal_bsp.a(alt_do_dtors.o)
 .comment       0x0000000000000023       0x24 ../project_soft_bsp//libhal_bsp.a(alt_errno.o)
 .comment       0x0000000000000023       0x24 ../project_soft_bsp//libhal_bsp.a(alt_icache_flush_all.o)
 .comment       0x0000000000000023       0x24 ../project_soft_bsp//libhal_bsp.a(alt_instruction_exception_entry.o)
 .comment       0x0000000000000023       0x24 ../project_soft_bsp//libhal_bsp.a(alt_io_redirect.o)
 .comment       0x0000000000000023       0x24 ../project_soft_bsp//libhal_bsp.a(alt_open.o)
 .comment       0x0000000000000023       0x24 ../project_soft_bsp//libhal_bsp.a(alt_release_fd.o)
 .comment       0x0000000000000023       0x24 ../project_soft_bsp//libhal_bsp.a(alt_tick.o)
 .comment       0x0000000000000023       0x24 ../project_soft_bsp//libhal_bsp.a(altera_nios2_gen2_irq.o)
 .comment       0x0000000000000023       0x24 ../project_soft_bsp//libhal_bsp.a(alt_find_dev.o)
 .comment       0x0000000000000023       0x24 ../project_soft_bsp//libhal_bsp.a(alt_find_file.o)
 .comment       0x0000000000000023       0x24 ../project_soft_bsp//libhal_bsp.a(alt_get_fd.o)
 .comment       0x0000000000000023       0x24 ../project_soft_bsp//libhal_bsp.a(alt_icache_flush.o)
 .comment       0x0000000000000023       0x24 /home/lheywang/intelFPGA_lite/18.1/nios2eds/bin/gnu/H-x86_64-pc-linux-gnu/bin/../lib/gcc/nios2-elf/5.3.0/../../../../../H-x86_64-pc-linux-gnu/nios2-elf/lib/libsmallc.a(lib_a-atexit.o)
 .comment       0x0000000000000023       0x24 /home/lheywang/intelFPGA_lite/18.1/nios2eds/bin/gnu/H-x86_64-pc-linux-gnu/bin/../lib/gcc/nios2-elf/5.3.0/../../../../../H-x86_64-pc-linux-gnu/nios2-elf/lib/libsmallc.a(lib_a-exit.o)
 .comment       0x0000000000000023       0x24 /home/lheywang/intelFPGA_lite/18.1/nios2eds/bin/gnu/H-x86_64-pc-linux-gnu/bin/../lib/gcc/nios2-elf/5.3.0/../../../../../H-x86_64-pc-linux-gnu/nios2-elf/lib/libsmallc.a(lib_a-memcmp.o)
 .comment       0x0000000000000023       0x24 /home/lheywang/intelFPGA_lite/18.1/nios2eds/bin/gnu/H-x86_64-pc-linux-gnu/bin/../lib/gcc/nios2-elf/5.3.0/../../../../../H-x86_64-pc-linux-gnu/nios2-elf/lib/libsmallc.a(lib_a-__atexit.o)
 .comment       0x0000000000000023       0x24 /home/lheywang/intelFPGA_lite/18.1/nios2eds/bin/gnu/H-x86_64-pc-linux-gnu/bin/../lib/gcc/nios2-elf/5.3.0/../../../../../H-x86_64-pc-linux-gnu/nios2-elf/lib/libsmallc.a(lib_a-__call_atexit.o)
 .comment       0x0000000000000023       0x24 ../project_soft_bsp//libhal_bsp.a(alt_exit.o)

.debug
 *(.debug)

.line
 *(.line)

.debug_srcinfo
 *(.debug_srcinfo)

.debug_sfnames
 *(.debug_sfnames)

.debug_aranges  0x0000000000000000      0x828
 *(.debug_aranges)
 .debug_aranges
                0x0000000000000000       0x28 ../project_soft_bsp//obj/HAL/src/crt0.o
 .debug_aranges
                0x0000000000000028       0x18 obj/default/ISR/timer1s/timer1s.o
 .debug_aranges
                0x0000000000000040       0x20 obj/default/buzzer/buzzer.o
 .debug_aranges
                0x0000000000000060       0x18 obj/default/buzzer/songs/astronomia/astronomia.o
 .debug_aranges
                0x0000000000000078       0x18 obj/default/buzzer/songs/baby-shark/baby-shark.o
 .debug_aranges
                0x0000000000000090       0x18 obj/default/buzzer/songs/crazy-frog/crazy-frog.o
 .debug_aranges
                0x00000000000000a8       0x18 obj/default/buzzer/songs/elise/elise.o
 .debug_aranges
                0x00000000000000c0       0x20 obj/default/hello_world.o
 .debug_aranges
                0x00000000000000e0       0x20 obj/default/hex/hex.o
 .debug_aranges
                0x0000000000000100       0x20 obj/default/init/init.o
 .debug_aranges
                0x0000000000000120       0x20 obj/default/time/ptime.o
 .debug_aranges
                0x0000000000000140       0x28 /home/lheywang/intelFPGA_lite/18.1/nios2eds/bin/gnu/H-x86_64-pc-linux-gnu/bin/../lib/gcc/nios2-elf/5.3.0/../../../../../H-x86_64-pc-linux-gnu/nios2-elf/lib/libsmallc.a(lib_a-printf.o)
 .debug_aranges
                0x0000000000000168       0x28 /home/lheywang/intelFPGA_lite/18.1/nios2eds/bin/gnu/H-x86_64-pc-linux-gnu/bin/../lib/gcc/nios2-elf/5.3.0/../../../../../H-x86_64-pc-linux-gnu/nios2-elf/lib/libsmallc.a(lib_a-puts.o)
 .debug_aranges
                0x0000000000000190       0x28 /home/lheywang/intelFPGA_lite/18.1/nios2eds/bin/gnu/H-x86_64-pc-linux-gnu/bin/../lib/gcc/nios2-elf/5.3.0/../../../../../H-x86_64-pc-linux-gnu/nios2-elf/lib/libsmallc.a(lib_a-sprintf.o)
 .debug_aranges
                0x00000000000001b8       0x20 /home/lheywang/intelFPGA_lite/18.1/nios2eds/bin/gnu/H-x86_64-pc-linux-gnu/bin/../lib/gcc/nios2-elf/5.3.0/../../../../../H-x86_64-pc-linux-gnu/nios2-elf/lib/libsmallc.a(lib_a-strlen.o)
 .debug_aranges
                0x00000000000001d8       0x30 /home/lheywang/intelFPGA_lite/18.1/nios2eds/bin/gnu/H-x86_64-pc-linux-gnu/bin/../lib/gcc/nios2-elf/5.3.0/../../../../../H-x86_64-pc-linux-gnu/nios2-elf/lib/libsmallc.a(lib_a-svfprintf.o)
 .debug_aranges
                0x0000000000000208       0x30 /home/lheywang/intelFPGA_lite/18.1/nios2eds/bin/gnu/H-x86_64-pc-linux-gnu/bin/../lib/gcc/nios2-elf/5.3.0/../../../../../H-x86_64-pc-linux-gnu/nios2-elf/lib/libsmallc.a(lib_a-vfprintf.o)
 .debug_aranges
                0x0000000000000238       0x20 /home/lheywang/intelFPGA_lite/18.1/nios2eds/bin/gnu/H-x86_64-pc-linux-gnu/bin/../lib/gcc/nios2-elf/5.3.0/../../../../../H-x86_64-pc-linux-gnu/nios2-elf/lib/libsmallc.a(lib_a-fvwrite_small_dev.o)
 .debug_aranges
                0x0000000000000258       0x20 /home/lheywang/intelFPGA_lite/18.1/nios2eds/bin/gnu/H-x86_64-pc-linux-gnu/bin/../lib/gcc/nios2-elf/5.3.0/../../../../../H-x86_64-pc-linux-gnu/nios2-elf/lib/libsmallc.a(lib_a-fvwrite_small_str.o)
 .debug_aranges
                0x0000000000000278       0x18 /home/lheywang/intelFPGA_lite/18.1/nios2eds/bin/gnu/H-x86_64-pc-linux-gnu/bin/../lib/gcc/nios2-elf/5.3.0/../../../../../H-x86_64-pc-linux-gnu/nios2-elf/lib/libsmallc.a(lib_a-impure.o)
 .debug_aranges
                0x0000000000000290       0x20 /home/lheywang/intelFPGA_lite/18.1/nios2eds/bin/gnu/H-x86_64-pc-linux-gnu/bin/../lib/gcc/nios2-elf/5.3.0/../../../../../H-x86_64-pc-linux-gnu/nios2-elf/lib/libsmallc.a(lib_a-memmove.o)
 .debug_aranges
                0x00000000000002b0       0x20 /home/lheywang/intelFPGA_lite/18.1/nios2eds/bin/gnu/H-x86_64-pc-linux-gnu/bin/../lib/gcc/nios2-elf/5.3.0/../../../../../H-x86_64-pc-linux-gnu/nios2-elf/lib/libsmallc.a(lib_a-writer.o)
 .debug_aranges
                0x00000000000002d0       0x18 /home/lheywang/intelFPGA_lite/18.1/nios2eds/bin/gnu/H-x86_64-pc-linux-gnu/bin/../lib/gcc/nios2-elf/5.3.0/../../../../../H-x86_64-pc-linux-gnu/nios2-elf/lib/libsmallc.a(lib_a-int_errno.o)
 .debug_aranges
                0x00000000000002e8       0x20 /home/lheywang/intelFPGA_lite/18.1/nios2eds/bin/gnu/H-x86_64-pc-linux-gnu/bin/../lib/gcc/nios2-elf/5.3.0/libgcc.a(lib2-divmod.o)
 .debug_aranges
                0x0000000000000308       0x20 ../project_soft_bsp//libhal_bsp.a(alt_iic.o)
 .debug_aranges
                0x0000000000000328       0x20 ../project_soft_bsp//libhal_bsp.a(alt_iic_isr_register.o)
 .debug_aranges
                0x0000000000000348       0x30 ../project_soft_bsp//libhal_bsp.a(alt_irq_entry.o)
 .debug_aranges
                0x0000000000000378       0x20 ../project_soft_bsp//libhal_bsp.a(alt_irq_handler.o)
 .debug_aranges
                0x0000000000000398       0x18 ../project_soft_bsp//libhal_bsp.a(alt_irq_vars.o)
 .debug_aranges
                0x00000000000003b0       0x20 ../project_soft_bsp//libhal_bsp.a(alt_load.o)
 .debug_aranges
                0x00000000000003d0       0x20 ../project_soft_bsp//libhal_bsp.a(alt_main.o)
 .debug_aranges
                0x00000000000003f0       0x20 ../project_soft_bsp//libhal_bsp.a(alt_usleep.o)
 .debug_aranges
                0x0000000000000410       0x20 ../project_soft_bsp//libhal_bsp.a(alt_write.o)
 .debug_aranges
                0x0000000000000430       0x20 ../project_soft_bsp//libhal_bsp.a(alt_sys_init.o)
 .debug_aranges
                0x0000000000000450       0x20 ../project_soft_bsp//libhal_bsp.a(altera_avalon_jtag_uart_fd.o)
 .debug_aranges
                0x0000000000000470       0x20 ../project_soft_bsp//libhal_bsp.a(altera_avalon_jtag_uart_read.o)
 .debug_aranges
                0x0000000000000490       0x20 ../project_soft_bsp//libhal_bsp.a(altera_avalon_jtag_uart_write.o)
 .debug_aranges
                0x00000000000004b0       0x20 ../project_soft_bsp//libhal_bsp.a(altera_avalon_timer_sc.o)
 .debug_aranges
                0x00000000000004d0       0x20 ../project_soft_bsp//libhal_bsp.a(alt_busy_sleep.o)
 .debug_aranges
                0x00000000000004f0       0x20 ../project_soft_bsp//libhal_bsp.a(alt_close.o)
 .debug_aranges
                0x0000000000000510       0x20 ../project_soft_bsp//libhal_bsp.a(alt_dcache_flush_all.o)
 .debug_aranges
                0x0000000000000530       0x20 ../project_soft_bsp//libhal_bsp.a(alt_dev.o)
 .debug_aranges
                0x0000000000000550       0x20 ../project_soft_bsp//libhal_bsp.a(alt_dev_llist_insert.o)
 .debug_aranges
                0x0000000000000570       0x20 ../project_soft_bsp//libhal_bsp.a(alt_do_ctors.o)
 .debug_aranges
                0x0000000000000590       0x20 ../project_soft_bsp//libhal_bsp.a(alt_do_dtors.o)
 .debug_aranges
                0x00000000000005b0       0x18 ../project_soft_bsp//libhal_bsp.a(alt_errno.o)
 .debug_aranges
                0x00000000000005c8       0x38 ../project_soft_bsp//libhal_bsp.a(alt_exception_entry.o)
 .debug_aranges
                0x0000000000000600       0x20 ../project_soft_bsp//libhal_bsp.a(alt_icache_flush_all.o)
 .debug_aranges
                0x0000000000000620       0x28 ../project_soft_bsp//libhal_bsp.a(alt_instruction_exception_entry.o)
 .debug_aranges
                0x0000000000000648       0x20 ../project_soft_bsp//libhal_bsp.a(alt_io_redirect.o)
 .debug_aranges
                0x0000000000000668       0x20 ../project_soft_bsp//libhal_bsp.a(alt_open.o)
 .debug_aranges
                0x0000000000000688       0x20 ../project_soft_bsp//libhal_bsp.a(alt_release_fd.o)
 .debug_aranges
                0x00000000000006a8       0x20 ../project_soft_bsp//libhal_bsp.a(alt_tick.o)
 .debug_aranges
                0x00000000000006c8       0x20 ../project_soft_bsp//libhal_bsp.a(altera_nios2_gen2_irq.o)
 .debug_aranges
                0x00000000000006e8       0x20 ../project_soft_bsp//libhal_bsp.a(alt_find_dev.o)
 .debug_aranges
                0x0000000000000708       0x20 ../project_soft_bsp//libhal_bsp.a(alt_find_file.o)
 .debug_aranges
                0x0000000000000728       0x20 ../project_soft_bsp//libhal_bsp.a(alt_get_fd.o)
 .debug_aranges
                0x0000000000000748       0x20 ../project_soft_bsp//libhal_bsp.a(alt_icache_flush.o)
 .debug_aranges
                0x0000000000000768       0x20 /home/lheywang/intelFPGA_lite/18.1/nios2eds/bin/gnu/H-x86_64-pc-linux-gnu/bin/../lib/gcc/nios2-elf/5.3.0/../../../../../H-x86_64-pc-linux-gnu/nios2-elf/lib/libsmallc.a(lib_a-atexit.o)
 .debug_aranges
                0x0000000000000788       0x20 /home/lheywang/intelFPGA_lite/18.1/nios2eds/bin/gnu/H-x86_64-pc-linux-gnu/bin/../lib/gcc/nios2-elf/5.3.0/../../../../../H-x86_64-pc-linux-gnu/nios2-elf/lib/libsmallc.a(lib_a-exit.o)
 .debug_aranges
                0x00000000000007a8       0x20 /home/lheywang/intelFPGA_lite/18.1/nios2eds/bin/gnu/H-x86_64-pc-linux-gnu/bin/../lib/gcc/nios2-elf/5.3.0/../../../../../H-x86_64-pc-linux-gnu/nios2-elf/lib/libsmallc.a(lib_a-memcmp.o)
 .debug_aranges
                0x00000000000007c8       0x20 /home/lheywang/intelFPGA_lite/18.1/nios2eds/bin/gnu/H-x86_64-pc-linux-gnu/bin/../lib/gcc/nios2-elf/5.3.0/../../../../../H-x86_64-pc-linux-gnu/nios2-elf/lib/libsmallc.a(lib_a-__atexit.o)
 .debug_aranges
                0x00000000000007e8       0x20 /home/lheywang/intelFPGA_lite/18.1/nios2eds/bin/gnu/H-x86_64-pc-linux-gnu/bin/../lib/gcc/nios2-elf/5.3.0/../../../../../H-x86_64-pc-linux-gnu/nios2-elf/lib/libsmallc.a(lib_a-__call_atexit.o)
 .debug_aranges
                0x0000000000000808       0x20 ../project_soft_bsp//libhal_bsp.a(alt_exit.o)

.debug_pubnames
 *(.debug_pubnames)

.debug_info     0x0000000000000000     0xbadf
 *(.debug_info .gnu.linkonce.wi.*)
 .debug_info    0x0000000000000000       0x6e ../project_soft_bsp//obj/HAL/src/crt0.o
 .debug_info    0x000000000000006e       0x79 obj/default/ISR/timer1s/timer1s.o
 .debug_info    0x00000000000000e7      0x6dd obj/default/buzzer/buzzer.o
 .debug_info    0x00000000000007c4      0x33a obj/default/buzzer/songs/astronomia/astronomia.o
 .debug_info    0x0000000000000afe      0x33b obj/default/buzzer/songs/baby-shark/baby-shark.o
 .debug_info    0x0000000000000e39      0x33a obj/default/buzzer/songs/crazy-frog/crazy-frog.o
 .debug_info    0x0000000000001173      0x33b obj/default/buzzer/songs/elise/elise.o
 .debug_info    0x00000000000014ae      0x34a obj/default/hello_world.o
 .debug_info    0x00000000000017f8      0x209 obj/default/hex/hex.o
 .debug_info    0x0000000000001a01      0x12d obj/default/init/init.o
 .debug_info    0x0000000000001b2e      0x1d0 obj/default/time/ptime.o
 .debug_info    0x0000000000001cfe      0x699 /home/lheywang/intelFPGA_lite/18.1/nios2eds/bin/gnu/H-x86_64-pc-linux-gnu/bin/../lib/gcc/nios2-elf/5.3.0/../../../../../H-x86_64-pc-linux-gnu/nios2-elf/lib/libsmallc.a(lib_a-printf.o)
 .debug_info    0x0000000000002397      0x66d /home/lheywang/intelFPGA_lite/18.1/nios2eds/bin/gnu/H-x86_64-pc-linux-gnu/bin/../lib/gcc/nios2-elf/5.3.0/../../../../../H-x86_64-pc-linux-gnu/nios2-elf/lib/libsmallc.a(lib_a-puts.o)
 .debug_info    0x0000000000002a04      0x7d9 /home/lheywang/intelFPGA_lite/18.1/nios2eds/bin/gnu/H-x86_64-pc-linux-gnu/bin/../lib/gcc/nios2-elf/5.3.0/../../../../../H-x86_64-pc-linux-gnu/nios2-elf/lib/libsmallc.a(lib_a-sprintf.o)
 .debug_info    0x00000000000031dd       0xc9 /home/lheywang/intelFPGA_lite/18.1/nios2eds/bin/gnu/H-x86_64-pc-linux-gnu/bin/../lib/gcc/nios2-elf/5.3.0/../../../../../H-x86_64-pc-linux-gnu/nios2-elf/lib/libsmallc.a(lib_a-strlen.o)
 .debug_info    0x00000000000032a6      0xb2b /home/lheywang/intelFPGA_lite/18.1/nios2eds/bin/gnu/H-x86_64-pc-linux-gnu/bin/../lib/gcc/nios2-elf/5.3.0/../../../../../H-x86_64-pc-linux-gnu/nios2-elf/lib/libsmallc.a(lib_a-svfprintf.o)
 .debug_info    0x0000000000003dd1      0xb2b /home/lheywang/intelFPGA_lite/18.1/nios2eds/bin/gnu/H-x86_64-pc-linux-gnu/bin/../lib/gcc/nios2-elf/5.3.0/../../../../../H-x86_64-pc-linux-gnu/nios2-elf/lib/libsmallc.a(lib_a-vfprintf.o)
 .debug_info    0x00000000000048fc      0x62b /home/lheywang/intelFPGA_lite/18.1/nios2eds/bin/gnu/H-x86_64-pc-linux-gnu/bin/../lib/gcc/nios2-elf/5.3.0/../../../../../H-x86_64-pc-linux-gnu/nios2-elf/lib/libsmallc.a(lib_a-fvwrite_small_dev.o)
 .debug_info    0x0000000000004f27      0x700 /home/lheywang/intelFPGA_lite/18.1/nios2eds/bin/gnu/H-x86_64-pc-linux-gnu/bin/../lib/gcc/nios2-elf/5.3.0/../../../../../H-x86_64-pc-linux-gnu/nios2-elf/lib/libsmallc.a(lib_a-fvwrite_small_str.o)
 .debug_info    0x0000000000005627      0x5a9 /home/lheywang/intelFPGA_lite/18.1/nios2eds/bin/gnu/H-x86_64-pc-linux-gnu/bin/../lib/gcc/nios2-elf/5.3.0/../../../../../H-x86_64-pc-linux-gnu/nios2-elf/lib/libsmallc.a(lib_a-impure.o)
 .debug_info    0x0000000000005bd0      0x10b /home/lheywang/intelFPGA_lite/18.1/nios2eds/bin/gnu/H-x86_64-pc-linux-gnu/bin/../lib/gcc/nios2-elf/5.3.0/../../../../../H-x86_64-pc-linux-gnu/nios2-elf/lib/libsmallc.a(lib_a-memmove.o)
 .debug_info    0x0000000000005cdb      0x630 /home/lheywang/intelFPGA_lite/18.1/nios2eds/bin/gnu/H-x86_64-pc-linux-gnu/bin/../lib/gcc/nios2-elf/5.3.0/../../../../../H-x86_64-pc-linux-gnu/nios2-elf/lib/libsmallc.a(lib_a-writer.o)
 .debug_info    0x000000000000630b       0x8a /home/lheywang/intelFPGA_lite/18.1/nios2eds/bin/gnu/H-x86_64-pc-linux-gnu/bin/../lib/gcc/nios2-elf/5.3.0/../../../../../H-x86_64-pc-linux-gnu/nios2-elf/lib/libsmallc.a(lib_a-int_errno.o)
 .debug_info    0x0000000000006395      0x2c6 /home/lheywang/intelFPGA_lite/18.1/nios2eds/bin/gnu/H-x86_64-pc-linux-gnu/bin/../lib/gcc/nios2-elf/5.3.0/libgcc.a(lib2-divmod.o)
 .debug_info    0x000000000000665b      0x350 ../project_soft_bsp//libhal_bsp.a(alt_iic.o)
 .debug_info    0x00000000000069ab      0x1ef ../project_soft_bsp//libhal_bsp.a(alt_iic_isr_register.o)
 .debug_info    0x0000000000006b9a       0x77 ../project_soft_bsp//libhal_bsp.a(alt_irq_entry.o)
 .debug_info    0x0000000000006c11      0x187 ../project_soft_bsp//libhal_bsp.a(alt_irq_handler.o)
 .debug_info    0x0000000000006d98       0x88 ../project_soft_bsp//libhal_bsp.a(alt_irq_vars.o)
 .debug_info    0x0000000000006e20      0x145 ../project_soft_bsp//libhal_bsp.a(alt_load.o)
 .debug_info    0x0000000000006f65      0x131 ../project_soft_bsp//libhal_bsp.a(alt_main.o)
 .debug_info    0x0000000000007096       0xb0 ../project_soft_bsp//libhal_bsp.a(alt_usleep.o)
 .debug_info    0x0000000000007146      0x4b7 ../project_soft_bsp//libhal_bsp.a(alt_write.o)
 .debug_info    0x00000000000075fd      0x3df ../project_soft_bsp//libhal_bsp.a(alt_sys_init.o)
 .debug_info    0x00000000000079dc      0x3a7 ../project_soft_bsp//libhal_bsp.a(altera_avalon_jtag_uart_fd.o)
 .debug_info    0x0000000000007d83      0x1b2 ../project_soft_bsp//libhal_bsp.a(altera_avalon_jtag_uart_read.o)
 .debug_info    0x0000000000007f35      0x195 ../project_soft_bsp//libhal_bsp.a(altera_avalon_jtag_uart_write.o)
 .debug_info    0x00000000000080ca      0x226 ../project_soft_bsp//libhal_bsp.a(altera_avalon_timer_sc.o)
 .debug_info    0x00000000000082f0       0xd7 ../project_soft_bsp//libhal_bsp.a(alt_busy_sleep.o)
 .debug_info    0x00000000000083c7      0x321 ../project_soft_bsp//libhal_bsp.a(alt_close.o)
 .debug_info    0x00000000000086e8       0x92 ../project_soft_bsp//libhal_bsp.a(alt_dcache_flush_all.o)
 .debug_info    0x000000000000877a      0x49c ../project_soft_bsp//libhal_bsp.a(alt_dev.o)
 .debug_info    0x0000000000008c16      0x1a9 ../project_soft_bsp//libhal_bsp.a(alt_dev_llist_insert.o)
 .debug_info    0x0000000000008dbf       0x83 ../project_soft_bsp//libhal_bsp.a(alt_do_ctors.o)
 .debug_info    0x0000000000008e42       0x83 ../project_soft_bsp//libhal_bsp.a(alt_do_dtors.o)
 .debug_info    0x0000000000008ec5       0xa6 ../project_soft_bsp//libhal_bsp.a(alt_errno.o)
 .debug_info    0x0000000000008f6b       0x7d ../project_soft_bsp//libhal_bsp.a(alt_exception_entry.o)
 .debug_info    0x0000000000008fe8       0x92 ../project_soft_bsp//libhal_bsp.a(alt_icache_flush_all.o)
 .debug_info    0x000000000000907a      0x1e7 ../project_soft_bsp//libhal_bsp.a(alt_instruction_exception_entry.o)
 .debug_info    0x0000000000009261      0x4a5 ../project_soft_bsp//libhal_bsp.a(alt_io_redirect.o)
 .debug_info    0x0000000000009706      0x3bb ../project_soft_bsp//libhal_bsp.a(alt_open.o)
 .debug_info    0x0000000000009ac1      0x2b0 ../project_soft_bsp//libhal_bsp.a(alt_release_fd.o)
 .debug_info    0x0000000000009d71      0x299 ../project_soft_bsp//libhal_bsp.a(alt_tick.o)
 .debug_info    0x000000000000a00a       0x92 ../project_soft_bsp//libhal_bsp.a(altera_nios2_gen2_irq.o)
 .debug_info    0x000000000000a09c      0x2e9 ../project_soft_bsp//libhal_bsp.a(alt_find_dev.o)
 .debug_info    0x000000000000a385      0x2e6 ../project_soft_bsp//libhal_bsp.a(alt_find_file.o)
 .debug_info    0x000000000000a66b      0x310 ../project_soft_bsp//libhal_bsp.a(alt_get_fd.o)
 .debug_info    0x000000000000a97b       0xdc ../project_soft_bsp//libhal_bsp.a(alt_icache_flush.o)
 .debug_info    0x000000000000aa57       0xfe /home/lheywang/intelFPGA_lite/18.1/nios2eds/bin/gnu/H-x86_64-pc-linux-gnu/bin/../lib/gcc/nios2-elf/5.3.0/../../../../../H-x86_64-pc-linux-gnu/nios2-elf/lib/libsmallc.a(lib_a-atexit.o)
 .debug_info    0x000000000000ab55       0xe5 /home/lheywang/intelFPGA_lite/18.1/nios2eds/bin/gnu/H-x86_64-pc-linux-gnu/bin/../lib/gcc/nios2-elf/5.3.0/../../../../../H-x86_64-pc-linux-gnu/nios2-elf/lib/libsmallc.a(lib_a-exit.o)
 .debug_info    0x000000000000ac3a       0xf4 /home/lheywang/intelFPGA_lite/18.1/nios2eds/bin/gnu/H-x86_64-pc-linux-gnu/bin/../lib/gcc/nios2-elf/5.3.0/../../../../../H-x86_64-pc-linux-gnu/nios2-elf/lib/libsmallc.a(lib_a-memcmp.o)
 .debug_info    0x000000000000ad2e      0x64a /home/lheywang/intelFPGA_lite/18.1/nios2eds/bin/gnu/H-x86_64-pc-linux-gnu/bin/../lib/gcc/nios2-elf/5.3.0/../../../../../H-x86_64-pc-linux-gnu/nios2-elf/lib/libsmallc.a(lib_a-__atexit.o)
 .debug_info    0x000000000000b378      0x67b /home/lheywang/intelFPGA_lite/18.1/nios2eds/bin/gnu/H-x86_64-pc-linux-gnu/bin/../lib/gcc/nios2-elf/5.3.0/../../../../../H-x86_64-pc-linux-gnu/nios2-elf/lib/libsmallc.a(lib_a-__call_atexit.o)
 .debug_info    0x000000000000b9f3       0xec ../project_soft_bsp//libhal_bsp.a(alt_exit.o)

.debug_abbrev   0x0000000000000000     0x3d70
 *(.debug_abbrev)
 .debug_abbrev  0x0000000000000000       0x12 ../project_soft_bsp//obj/HAL/src/crt0.o
 .debug_abbrev  0x0000000000000012       0x26 obj/default/ISR/timer1s/timer1s.o
 .debug_abbrev  0x0000000000000038      0x1b4 obj/default/buzzer/buzzer.o
 .debug_abbrev  0x00000000000001ec       0xa9 obj/default/buzzer/songs/astronomia/astronomia.o
 .debug_abbrev  0x0000000000000295       0xba obj/default/buzzer/songs/baby-shark/baby-shark.o
 .debug_abbrev  0x000000000000034f       0xa9 obj/default/buzzer/songs/crazy-frog/crazy-frog.o
 .debug_abbrev  0x00000000000003f8       0xba obj/default/buzzer/songs/elise/elise.o
 .debug_abbrev  0x00000000000004b2      0x157 obj/default/hello_world.o
 .debug_abbrev  0x0000000000000609      0x109 obj/default/hex/hex.o
 .debug_abbrev  0x0000000000000712       0x91 obj/default/init/init.o
 .debug_abbrev  0x00000000000007a3       0xf4 obj/default/time/ptime.o
 .debug_abbrev  0x0000000000000897      0x1ee /home/lheywang/intelFPGA_lite/18.1/nios2eds/bin/gnu/H-x86_64-pc-linux-gnu/bin/../lib/gcc/nios2-elf/5.3.0/../../../../../H-x86_64-pc-linux-gnu/nios2-elf/lib/libsmallc.a(lib_a-printf.o)
 .debug_abbrev  0x0000000000000a85      0x1d6 /home/lheywang/intelFPGA_lite/18.1/nios2eds/bin/gnu/H-x86_64-pc-linux-gnu/bin/../lib/gcc/nios2-elf/5.3.0/../../../../../H-x86_64-pc-linux-gnu/nios2-elf/lib/libsmallc.a(lib_a-puts.o)
 .debug_abbrev  0x0000000000000c5b      0x1d8 /home/lheywang/intelFPGA_lite/18.1/nios2eds/bin/gnu/H-x86_64-pc-linux-gnu/bin/../lib/gcc/nios2-elf/5.3.0/../../../../../H-x86_64-pc-linux-gnu/nios2-elf/lib/libsmallc.a(lib_a-sprintf.o)
 .debug_abbrev  0x0000000000000e33       0x7f /home/lheywang/intelFPGA_lite/18.1/nios2eds/bin/gnu/H-x86_64-pc-linux-gnu/bin/../lib/gcc/nios2-elf/5.3.0/../../../../../H-x86_64-pc-linux-gnu/nios2-elf/lib/libsmallc.a(lib_a-strlen.o)
 .debug_abbrev  0x0000000000000eb2      0x2a1 /home/lheywang/intelFPGA_lite/18.1/nios2eds/bin/gnu/H-x86_64-pc-linux-gnu/bin/../lib/gcc/nios2-elf/5.3.0/../../../../../H-x86_64-pc-linux-gnu/nios2-elf/lib/libsmallc.a(lib_a-svfprintf.o)
 .debug_abbrev  0x0000000000001153      0x2a1 /home/lheywang/intelFPGA_lite/18.1/nios2eds/bin/gnu/H-x86_64-pc-linux-gnu/bin/../lib/gcc/nios2-elf/5.3.0/../../../../../H-x86_64-pc-linux-gnu/nios2-elf/lib/libsmallc.a(lib_a-vfprintf.o)
 .debug_abbrev  0x00000000000013f4      0x1bc /home/lheywang/intelFPGA_lite/18.1/nios2eds/bin/gnu/H-x86_64-pc-linux-gnu/bin/../lib/gcc/nios2-elf/5.3.0/../../../../../H-x86_64-pc-linux-gnu/nios2-elf/lib/libsmallc.a(lib_a-fvwrite_small_dev.o)
 .debug_abbrev  0x00000000000015b0      0x1b5 /home/lheywang/intelFPGA_lite/18.1/nios2eds/bin/gnu/H-x86_64-pc-linux-gnu/bin/../lib/gcc/nios2-elf/5.3.0/../../../../../H-x86_64-pc-linux-gnu/nios2-elf/lib/libsmallc.a(lib_a-fvwrite_small_str.o)
 .debug_abbrev  0x0000000000001765      0x14a /home/lheywang/intelFPGA_lite/18.1/nios2eds/bin/gnu/H-x86_64-pc-linux-gnu/bin/../lib/gcc/nios2-elf/5.3.0/../../../../../H-x86_64-pc-linux-gnu/nios2-elf/lib/libsmallc.a(lib_a-impure.o)
 .debug_abbrev  0x00000000000018af       0x8d /home/lheywang/intelFPGA_lite/18.1/nios2eds/bin/gnu/H-x86_64-pc-linux-gnu/bin/../lib/gcc/nios2-elf/5.3.0/../../../../../H-x86_64-pc-linux-gnu/nios2-elf/lib/libsmallc.a(lib_a-memmove.o)
 .debug_abbrev  0x000000000000193c      0x1a6 /home/lheywang/intelFPGA_lite/18.1/nios2eds/bin/gnu/H-x86_64-pc-linux-gnu/bin/../lib/gcc/nios2-elf/5.3.0/../../../../../H-x86_64-pc-linux-gnu/nios2-elf/lib/libsmallc.a(lib_a-writer.o)
 .debug_abbrev  0x0000000000001ae2       0x37 /home/lheywang/intelFPGA_lite/18.1/nios2eds/bin/gnu/H-x86_64-pc-linux-gnu/bin/../lib/gcc/nios2-elf/5.3.0/../../../../../H-x86_64-pc-linux-gnu/nios2-elf/lib/libsmallc.a(lib_a-int_errno.o)
 .debug_abbrev  0x0000000000001b19      0x10e /home/lheywang/intelFPGA_lite/18.1/nios2eds/bin/gnu/H-x86_64-pc-linux-gnu/bin/../lib/gcc/nios2-elf/5.3.0/libgcc.a(lib2-divmod.o)
 .debug_abbrev  0x0000000000001c27      0x163 ../project_soft_bsp//libhal_bsp.a(alt_iic.o)
 .debug_abbrev  0x0000000000001d8a      0x169 ../project_soft_bsp//libhal_bsp.a(alt_iic_isr_register.o)
 .debug_abbrev  0x0000000000001ef3       0x12 ../project_soft_bsp//libhal_bsp.a(alt_irq_entry.o)
 .debug_abbrev  0x0000000000001f05      0x122 ../project_soft_bsp//libhal_bsp.a(alt_irq_handler.o)
 .debug_abbrev  0x0000000000002027       0x40 ../project_soft_bsp//libhal_bsp.a(alt_irq_vars.o)
 .debug_abbrev  0x0000000000002067       0x9f ../project_soft_bsp//libhal_bsp.a(alt_load.o)
 .debug_abbrev  0x0000000000002106       0xba ../project_soft_bsp//libhal_bsp.a(alt_main.o)
 .debug_abbrev  0x00000000000021c0       0x60 ../project_soft_bsp//libhal_bsp.a(alt_usleep.o)
 .debug_abbrev  0x0000000000002220      0x133 ../project_soft_bsp//libhal_bsp.a(alt_write.o)
 .debug_abbrev  0x0000000000002353      0x157 ../project_soft_bsp//libhal_bsp.a(alt_sys_init.o)
 .debug_abbrev  0x00000000000024aa       0xf7 ../project_soft_bsp//libhal_bsp.a(altera_avalon_jtag_uart_fd.o)
 .debug_abbrev  0x00000000000025a1       0xd5 ../project_soft_bsp//libhal_bsp.a(altera_avalon_jtag_uart_read.o)
 .debug_abbrev  0x0000000000002676       0xd5 ../project_soft_bsp//libhal_bsp.a(altera_avalon_jtag_uart_write.o)
 .debug_abbrev  0x000000000000274b      0x155 ../project_soft_bsp//libhal_bsp.a(altera_avalon_timer_sc.o)
 .debug_abbrev  0x00000000000028a0       0x7e ../project_soft_bsp//libhal_bsp.a(alt_busy_sleep.o)
 .debug_abbrev  0x000000000000291e      0x11f ../project_soft_bsp//libhal_bsp.a(alt_close.o)
 .debug_abbrev  0x0000000000002a3d       0x42 ../project_soft_bsp//libhal_bsp.a(alt_dcache_flush_all.o)
 .debug_abbrev  0x0000000000002a7f       0xd9 ../project_soft_bsp//libhal_bsp.a(alt_dev.o)
 .debug_abbrev  0x0000000000002b58      0x114 ../project_soft_bsp//libhal_bsp.a(alt_dev_llist_insert.o)
 .debug_abbrev  0x0000000000002c6c       0x79 ../project_soft_bsp//libhal_bsp.a(alt_do_ctors.o)
 .debug_abbrev  0x0000000000002ce5       0x79 ../project_soft_bsp//libhal_bsp.a(alt_do_dtors.o)
 .debug_abbrev  0x0000000000002d5e       0x5a ../project_soft_bsp//libhal_bsp.a(alt_errno.o)
 .debug_abbrev  0x0000000000002db8       0x12 ../project_soft_bsp//libhal_bsp.a(alt_exception_entry.o)
 .debug_abbrev  0x0000000000002dca       0x42 ../project_soft_bsp//libhal_bsp.a(alt_icache_flush_all.o)
 .debug_abbrev  0x0000000000002e0c       0xdc ../project_soft_bsp//libhal_bsp.a(alt_instruction_exception_entry.o)
 .debug_abbrev  0x0000000000002ee8      0x114 ../project_soft_bsp//libhal_bsp.a(alt_io_redirect.o)
 .debug_abbrev  0x0000000000002ffc      0x148 ../project_soft_bsp//libhal_bsp.a(alt_open.o)
 .debug_abbrev  0x0000000000003144       0xde ../project_soft_bsp//libhal_bsp.a(alt_release_fd.o)
 .debug_abbrev  0x0000000000003222      0x15a ../project_soft_bsp//libhal_bsp.a(alt_tick.o)
 .debug_abbrev  0x000000000000337c       0x42 ../project_soft_bsp//libhal_bsp.a(altera_nios2_gen2_irq.o)
 .debug_abbrev  0x00000000000033be       0xf0 ../project_soft_bsp//libhal_bsp.a(alt_find_dev.o)
 .debug_abbrev  0x00000000000034ae       0xf0 ../project_soft_bsp//libhal_bsp.a(alt_find_file.o)
 .debug_abbrev  0x000000000000359e      0x10d ../project_soft_bsp//libhal_bsp.a(alt_get_fd.o)
 .debug_abbrev  0x00000000000036ab       0x8c ../project_soft_bsp//libhal_bsp.a(alt_icache_flush.o)
 .debug_abbrev  0x0000000000003737       0xaa /home/lheywang/intelFPGA_lite/18.1/nios2eds/bin/gnu/H-x86_64-pc-linux-gnu/bin/../lib/gcc/nios2-elf/5.3.0/../../../../../H-x86_64-pc-linux-gnu/nios2-elf/lib/libsmallc.a(lib_a-atexit.o)
 .debug_abbrev  0x00000000000037e1       0x8b /home/lheywang/intelFPGA_lite/18.1/nios2eds/bin/gnu/H-x86_64-pc-linux-gnu/bin/../lib/gcc/nios2-elf/5.3.0/../../../../../H-x86_64-pc-linux-gnu/nios2-elf/lib/libsmallc.a(lib_a-exit.o)
 .debug_abbrev  0x000000000000386c       0x7f /home/lheywang/intelFPGA_lite/18.1/nios2eds/bin/gnu/H-x86_64-pc-linux-gnu/bin/../lib/gcc/nios2-elf/5.3.0/../../../../../H-x86_64-pc-linux-gnu/nios2-elf/lib/libsmallc.a(lib_a-memcmp.o)
 .debug_abbrev  0x00000000000038eb      0x1e6 /home/lheywang/intelFPGA_lite/18.1/nios2eds/bin/gnu/H-x86_64-pc-linux-gnu/bin/../lib/gcc/nios2-elf/5.3.0/../../../../../H-x86_64-pc-linux-gnu/nios2-elf/lib/libsmallc.a(lib_a-__atexit.o)
 .debug_abbrev  0x0000000000003ad1      0x1f6 /home/lheywang/intelFPGA_lite/18.1/nios2eds/bin/gnu/H-x86_64-pc-linux-gnu/bin/../lib/gcc/nios2-elf/5.3.0/../../../../../H-x86_64-pc-linux-gnu/nios2-elf/lib/libsmallc.a(lib_a-__call_atexit.o)
 .debug_abbrev  0x0000000000003cc7       0xa9 ../project_soft_bsp//libhal_bsp.a(alt_exit.o)

.debug_line     0x0000000000000000     0x453c
 *(.debug_line)
 .debug_line    0x0000000000000000       0x6c ../project_soft_bsp//obj/HAL/src/crt0.o
 .debug_line    0x000000000000006c        0x0 obj/default/ISR/timer1ms/timer1ms.o
 .debug_line    0x000000000000006c       0x1d obj/default/ISR/timer1s/timer1s.o
 .debug_line    0x0000000000000089      0x26b obj/default/buzzer/buzzer.o
 .debug_line    0x00000000000002f4       0x93 obj/default/buzzer/songs/astronomia/astronomia.o
 .debug_line    0x0000000000000387       0x93 obj/default/buzzer/songs/baby-shark/baby-shark.o
 .debug_line    0x000000000000041a       0x93 obj/default/buzzer/songs/crazy-frog/crazy-frog.o
 .debug_line    0x00000000000004ad       0x7f obj/default/buzzer/songs/elise/elise.o
 .debug_line    0x000000000000052c      0x1f5 obj/default/hello_world.o
 .debug_line    0x0000000000000721      0x1a9 obj/default/hex/hex.o
 .debug_line    0x00000000000008ca       0xac obj/default/init/init.o
 .debug_line    0x0000000000000976       0xf5 obj/default/time/ptime.o
 .debug_line    0x0000000000000a6b      0x200 /home/lheywang/intelFPGA_lite/18.1/nios2eds/bin/gnu/H-x86_64-pc-linux-gnu/bin/../lib/gcc/nios2-elf/5.3.0/../../../../../H-x86_64-pc-linux-gnu/nios2-elf/lib/libsmallc.a(lib_a-printf.o)
 .debug_line    0x0000000000000c6b      0x203 /home/lheywang/intelFPGA_lite/18.1/nios2eds/bin/gnu/H-x86_64-pc-linux-gnu/bin/../lib/gcc/nios2-elf/5.3.0/../../../../../H-x86_64-pc-linux-gnu/nios2-elf/lib/libsmallc.a(lib_a-puts.o)
 .debug_line    0x0000000000000e6e      0x20d /home/lheywang/intelFPGA_lite/18.1/nios2eds/bin/gnu/H-x86_64-pc-linux-gnu/bin/../lib/gcc/nios2-elf/5.3.0/../../../../../H-x86_64-pc-linux-gnu/nios2-elf/lib/libsmallc.a(lib_a-sprintf.o)
 .debug_line    0x000000000000107b      0x159 /home/lheywang/intelFPGA_lite/18.1/nios2eds/bin/gnu/H-x86_64-pc-linux-gnu/bin/../lib/gcc/nios2-elf/5.3.0/../../../../../H-x86_64-pc-linux-gnu/nios2-elf/lib/libsmallc.a(lib_a-strlen.o)
 .debug_line    0x00000000000011d4      0x34f /home/lheywang/intelFPGA_lite/18.1/nios2eds/bin/gnu/H-x86_64-pc-linux-gnu/bin/../lib/gcc/nios2-elf/5.3.0/../../../../../H-x86_64-pc-linux-gnu/nios2-elf/lib/libsmallc.a(lib_a-svfprintf.o)
 .debug_line    0x0000000000001523      0x34f /home/lheywang/intelFPGA_lite/18.1/nios2eds/bin/gnu/H-x86_64-pc-linux-gnu/bin/../lib/gcc/nios2-elf/5.3.0/../../../../../H-x86_64-pc-linux-gnu/nios2-elf/lib/libsmallc.a(lib_a-vfprintf.o)
 .debug_line    0x0000000000001872      0x1ed /home/lheywang/intelFPGA_lite/18.1/nios2eds/bin/gnu/H-x86_64-pc-linux-gnu/bin/../lib/gcc/nios2-elf/5.3.0/../../../../../H-x86_64-pc-linux-gnu/nios2-elf/lib/libsmallc.a(lib_a-fvwrite_small_dev.o)
 .debug_line    0x0000000000001a5f      0x1fb /home/lheywang/intelFPGA_lite/18.1/nios2eds/bin/gnu/H-x86_64-pc-linux-gnu/bin/../lib/gcc/nios2-elf/5.3.0/../../../../../H-x86_64-pc-linux-gnu/nios2-elf/lib/libsmallc.a(lib_a-fvwrite_small_str.o)
 .debug_line    0x0000000000001c5a      0x153 /home/lheywang/intelFPGA_lite/18.1/nios2eds/bin/gnu/H-x86_64-pc-linux-gnu/bin/../lib/gcc/nios2-elf/5.3.0/../../../../../H-x86_64-pc-linux-gnu/nios2-elf/lib/libsmallc.a(lib_a-impure.o)
 .debug_line    0x0000000000001dad      0x168 /home/lheywang/intelFPGA_lite/18.1/nios2eds/bin/gnu/H-x86_64-pc-linux-gnu/bin/../lib/gcc/nios2-elf/5.3.0/../../../../../H-x86_64-pc-linux-gnu/nios2-elf/lib/libsmallc.a(lib_a-memmove.o)
 .debug_line    0x0000000000001f15      0x1ea /home/lheywang/intelFPGA_lite/18.1/nios2eds/bin/gnu/H-x86_64-pc-linux-gnu/bin/../lib/gcc/nios2-elf/5.3.0/../../../../../H-x86_64-pc-linux-gnu/nios2-elf/lib/libsmallc.a(lib_a-writer.o)
 .debug_line    0x00000000000020ff       0x5c /home/lheywang/intelFPGA_lite/18.1/nios2eds/bin/gnu/H-x86_64-pc-linux-gnu/bin/../lib/gcc/nios2-elf/5.3.0/../../../../../H-x86_64-pc-linux-gnu/nios2-elf/lib/libsmallc.a(lib_a-int_errno.o)
 .debug_line    0x000000000000215b      0x102 /home/lheywang/intelFPGA_lite/18.1/nios2eds/bin/gnu/H-x86_64-pc-linux-gnu/bin/../lib/gcc/nios2-elf/5.3.0/libgcc.a(lib2-divmod.o)
 .debug_line    0x000000000000225d       0xeb ../project_soft_bsp//libhal_bsp.a(alt_iic.o)
 .debug_line    0x0000000000002348       0xdb ../project_soft_bsp//libhal_bsp.a(alt_iic_isr_register.o)
 .debug_line    0x0000000000002423       0x6b ../project_soft_bsp//libhal_bsp.a(alt_irq_entry.o)
 .debug_line    0x000000000000248e       0xaa ../project_soft_bsp//libhal_bsp.a(alt_irq_handler.o)
 .debug_line    0x0000000000002538       0x50 ../project_soft_bsp//libhal_bsp.a(alt_irq_vars.o)
 .debug_line    0x0000000000002588       0x8e ../project_soft_bsp//libhal_bsp.a(alt_load.o)
 .debug_line    0x0000000000002616       0xa4 ../project_soft_bsp//libhal_bsp.a(alt_main.o)
 .debug_line    0x00000000000026ba       0xbe ../project_soft_bsp//libhal_bsp.a(alt_usleep.o)
 .debug_line    0x0000000000002778      0x1fd ../project_soft_bsp//libhal_bsp.a(alt_write.o)
 .debug_line    0x0000000000002975      0x142 ../project_soft_bsp//libhal_bsp.a(alt_sys_init.o)
 .debug_line    0x0000000000002ab7      0x112 ../project_soft_bsp//libhal_bsp.a(altera_avalon_jtag_uart_fd.o)
 .debug_line    0x0000000000002bc9       0xfd ../project_soft_bsp//libhal_bsp.a(altera_avalon_jtag_uart_read.o)
 .debug_line    0x0000000000002cc6       0xf4 ../project_soft_bsp//libhal_bsp.a(altera_avalon_jtag_uart_write.o)
 .debug_line    0x0000000000002dba       0xfd ../project_soft_bsp//libhal_bsp.a(altera_avalon_timer_sc.o)
 .debug_line    0x0000000000002eb7       0xa0 ../project_soft_bsp//libhal_bsp.a(alt_busy_sleep.o)
 .debug_line    0x0000000000002f57      0x176 ../project_soft_bsp//libhal_bsp.a(alt_close.o)
 .debug_line    0x00000000000030cd       0x51 ../project_soft_bsp//libhal_bsp.a(alt_dcache_flush_all.o)
 .debug_line    0x000000000000311e      0x109 ../project_soft_bsp//libhal_bsp.a(alt_dev.o)
 .debug_line    0x0000000000003227       0xcf ../project_soft_bsp//libhal_bsp.a(alt_dev_llist_insert.o)
 .debug_line    0x00000000000032f6       0x59 ../project_soft_bsp//libhal_bsp.a(alt_do_ctors.o)
 .debug_line    0x000000000000334f       0x59 ../project_soft_bsp//libhal_bsp.a(alt_do_dtors.o)
 .debug_line    0x00000000000033a8       0x51 ../project_soft_bsp//libhal_bsp.a(alt_errno.o)
 .debug_line    0x00000000000033f9       0xb3 ../project_soft_bsp//libhal_bsp.a(alt_exception_entry.o)
 .debug_line    0x00000000000034ac       0x50 ../project_soft_bsp//libhal_bsp.a(alt_icache_flush_all.o)
 .debug_line    0x00000000000034fc       0xba ../project_soft_bsp//libhal_bsp.a(alt_instruction_exception_entry.o)
 .debug_line    0x00000000000035b6      0x144 ../project_soft_bsp//libhal_bsp.a(alt_io_redirect.o)
 .debug_line    0x00000000000036fa      0x128 ../project_soft_bsp//libhal_bsp.a(alt_open.o)
 .debug_line    0x0000000000003822       0xae ../project_soft_bsp//libhal_bsp.a(alt_release_fd.o)
 .debug_line    0x00000000000038d0       0xff ../project_soft_bsp//libhal_bsp.a(alt_tick.o)
 .debug_line    0x00000000000039cf       0x51 ../project_soft_bsp//libhal_bsp.a(altera_nios2_gen2_irq.o)
 .debug_line    0x0000000000003a20       0xb5 ../project_soft_bsp//libhal_bsp.a(alt_find_dev.o)
 .debug_line    0x0000000000003ad5       0xd1 ../project_soft_bsp//libhal_bsp.a(alt_find_file.o)
 .debug_line    0x0000000000003ba6       0xd4 ../project_soft_bsp//libhal_bsp.a(alt_get_fd.o)